12
1771 99
8063 18890 12269 8537 59798 17035 15010 11530 22483 6020 8065 18229 8056 10026 23644 18404 7238 12082 14817 6213 18164 8011 13876 9693 8000 18200 12062 46942 12148 41751 12033 9180 8039 39062 38755 40200 18196 21656 9500 37066 21066 38758 41646 42027 39753 9536 21564 21223 39524 41323 36851 37440 13881 38914 7991 6265 41737 38753 36996 22140 39151 36968 18258 9473 9520 37565 38781 9323 38105 6301 39605 9213 21297 12035 38194 37562 39353 18168 21627 8064 9496 9210 37471 41380 7908 9516 8052 38889 12076 42049 38883 39221 18431 9125 12044 38771 39527 37485 39628 
505 96
8533 2990 768 1061 829 1184 46926 25547 12472 26835 27788 991 24592 21129 1131 24657 1031 32936 17397 30753 35767 33567 28404 31873 14982 33785 35409 22937 27933 1363 29877 29664 12085 33677 31376 22820 21009 24536 30404 31632 845 973 27416 29708 26384 16835 941 27748 22642 28930 22688 20786 26275 22660 27827 30229 26085 14707 27965 1482 14257 996 779 28767 812 17608 1379 14719 1370 20670 20888 22680 23063 990 1207 993 22602 31738 15111 28859 34996 30390 21946 1413 29444 1128 35673 33534 28787 1431 20795 24506 25923 1013 31606 16371 
1187 98
92084 23782 7236 6924 7092 41175 45507 36027 41644 44888 24681 30656 44943 25877 33186 44596 41193 41214 33796 28260 40670 40758 44561 32013 30243 44741 41339 44731 40665 44664 43760 40712 29986 44843 41100 28136 43643 44599 33072 30939 33782 28676 30874 34260 41359 34005 43640 29901 30024 29094 41153 44970 40691 44833 27769 43976 27401 43884 40940 45021 41097 41317 29161 41135 43825 29930 33896 32818 40678 40746 44878 41351 40903 43845 44896 32855 40907 40866 44914 29119 44757 32786 43846 34618 34094 44674 41349 44880 44852 35466 28811 45080 29610 43647 34059 27148 43384 40961 
1874 97
92705 29230 31026 1372 32799 2113 28858 31309 23715 15138 27403 22343 2525 34404 34082 1880 21300 13777 30861 12893 31709 31924 29704 8943 30235 374 34480 7640 31926 6372 24095 32290 22898 34474 22998 29430 32148 31261 12408 11029 135 31469 26088 30996 68 2419 33861 19238 8204 21359 47 28159 20213 32160 13228 13348 27040 24960 27871 394 29359 12184 19652 25693 31883 26502 3376 13485 21255 11464 12758 11155 31934 27075 4092 12836 11295 25589 31758 18784 4279 32223 3341 12631 26330 32209 31476 26990 11173 611 31881 4150 32232 12046 3357 24373 27942 
1811 100
30056 65310 1844 11882 2738 18829 9353 2400 9398 14323 2141 1745 1720 13795 9779 2530 9360 13605 9311 15416 14433 14293 13702 2209 13279 14467 1696 13805 2065 10404 9372 1923 9990 9181 14292 10176 13652 16469 2548 1943 15455 14320 10269 15585 14299 15618 10155 16268 16175 1722 9128 9028 16238 15709 10082 9219 16168 2354 15598 2413 1557 15469 9876 15739 14807 16214 2455 9103 2513 15625 15463 10152 17625 12559 16887 15716 2428 2438 16987 16638 14854 2411 9282 9316 9378 1698 12221 16544 17139 14316 9352 16187 13820 2423 9781 17108 15648 44899 2208 34929 
1315 100
22755 86194 33377 27055 28305 9002 27941 27924 42710 16474 5060 17299 46618 2632 1986 44822 47235 18662 16842 46055 46671 44559 20651 44721 15957 28838 19256 5542 46910 1796 17269 1611 2723 19347 48003 19252 27951 43598 16000 45926 42175 28003 3936 4859 3669 18956 943 27939 27937 3488 1520 16885 45619 3646 4190 28156 44365 47585 29384 1886 28099 2679 29716 45967 29595 643 27967 45517 43265 47578 16833 29613 15630 29344 1556 45984 18391 29618 28017 28023 29389 19495 46809 45499 675 1895 4807 45318 17277 18105 29331 2294 44575 28007 18303 42237 437 29376 46030 28040 
561 97
25879 61597 30666 22173 40196 18665 1647 32992 20063 37938 37097 44420 18659 43789 31678 42452 37448 37275 21360 21105 30192 1121 1036 30276 21212 1041 20579 32604 26046 3083 30213 21727 20111 18680 30482 46215 32868 1051 37523 18540 31949 22828 20502 25625 31646 46280 4563 30086 717 32766 25510 4183 23597 25705 37431 43542 18458 22704 22691 25912 45948 22563 36978 569 22731 32468 1386 20495 682 22607 25898 998 31150 33646 22591 29624 35929 20026 36899 4236 775 23220 38653 36890 33238 25099 168 21048 4646 20246 4492 928 3159 289 74 18707 360 
1623 99
6461 90291 9555 9152 43685 7476 38374 27542 11697 9041 35563 10445 7576 10494 36828 10486 36809 40079 30273 6732 18671 41654 7195 36808 19500 37130 24947 26768 36707 19088 9066 19044 24135 30411 36811 19037 20585 30245 9539 32671 9513 10522 36548 8044 26551 41169 18924 20987 26605 20163 32961 39135 6927 32618 37012 36662 30657 25283 30745 9501 36567 32948 3224 25386 6261 37566 26397 26908 7759 9457 41207 30706 4184 40144 40802 19173 5410 10503 6654 19129 40939 40799 40827 24397 20315 39820 18887 18885 37511 10487 20973 10492 36480 19055 40844 15821 18990 19795 18871 
1195 98
3290 12387 52772 23306 7651 23427 10698 6366 6673 7483 20687 8426 19049 21632 21877 18362 21725 22650 20159 17942 22565 443 10409 11735 14513 3453 22175 22622 6135 20358 8109 1622 954 3268 23036 5457 18067 9 22123 3639 8651 15764 18717 3727 12750 10831 7535 14568 3343 12470 14663 14476 12558 7409 6309 14611 8368 8417 17365 7926 22689 16024 20169 47069 36892 34978 39658 29499 67 20821 24186 42443 14381 38462 32101 33043 25345 43892 9433 35158 22625 44514 21535 20552 18625 754 32662 24965 25170 10343 12039 37625 7739 18124 39449 10374 40426 20540 
187 96
79480 6295 2470 4330 1797 2240 6189 6029 24134 35479 19855 25810 35770 13588 2057 7002 25571 1744 24299 15164 7243 23935 1551 2062 44512 27842 12579 29017 21518 15642 37590 14136 21432 16802 13912 7159 28574 18286 47597 18587 21528 40640 34314 35390 38927 24646 21475 41244 18471 33157 13739 6067 35724 1599 36615 24359 37796 18062 45531 12622 33458 28345 34145 13991 17533 1756 40657 46360 34186 25702 1572 1717 35539 12844 13243 45358 6017 25796 17158 33330 1988 34270 33382 28348 1707 24585 46583 36019 21599 43730 41645 45308 6068 16830 6621 41307 
1351 99
10076 91932 8157 47940 23466 18103 24680 7712 45600 5017 32608 1581 15943 29012 21869 45593 41127 24461 46446 8136 37482 33945 8407 25148 36198 27637 8680 21941 22133 1789 34325 1936 18170 22460 8224 8919 33729 14625 36709 13116 45649 39156 14592 7989 12174 12041 22281 46439 1883 8650 45219 29380 8196 22467 36181 7531 27744 12176 30794 28506 8846 45590 24933 25243 25222 36150 11569 46349 8140 14572 18128 8670 22191 24470 28194 31184 27846 36671 76 9619 1309 1526 12547 46298 38566 12088 91 46541 29887 9545 2544 25471 33862 33889 30607 24850 31614 1921 14574 
890 100
37079 4519 38825 38167 38124 37842 14652 38093 63892 14549 145 15087 37992 16836 37862 8293 38211 37959 38179 28474 15781 30507 16336 36352 11819 2440 34173 31380 17445 23717 16470 10971 7173 33687 32805 396 33304 9359 33427 38177 517 29534 30005 32937 10714 40185 2493 10274 16517 10277 47476 7385 33649 46653 20868 33886 11306 15322 39748 45782 36775 46090 22029 32414 46479 6424 33856 32896 47707 18692 28550 32522 47141 21302 44379 1139 38123 39487 36143 7164 11160 8017 16575 38104 1096 2268 43584 32835 45625 6374 19243 17181 8907 27365 16572 47589 15724 16081 59 6580 
