59
100 64
38077 16613 10594 11202 10842 23905 26441 22980 10900 30471 32854 10269 26927 293 20735 22855 33277 17612 41739 853 40261 28567 4474 31000 8491 23220 36198 8441 31374 38884 30450 5626 24288 10698 38906 9592 23213 41615 35945 17016 9333 19368 22388 20580 33460 27938 530 10943 26504 20006 5970 389 34690 30799 36207 8406 13495 10569 23750 34610 41971 32693 17482 17786 
219 18
12604 1810 10767 16699 36217 10701 113 10602 33509 4690 27000 2959 3169 20303 15264 12084 25051 32502 
52 0

5 0

104 0

13 0

1 0

76 0

156 0

87 0

61 0

81 0

51 0

213 0

198 0

188 0

118 0

231 0

182 0

141 0

116 0

94 0

31 0

9 0

170 0

169 0

95 0

93 0

84 0

49 0

187 0

165 0

150 0

123 0

80 0

64 0

216 0

208 0

203 0

196 0

176 0

121 0

110 0

47 0

173 0

97 0

72 0

71 0

46 0

40 0

200 0

174 0

138 0

125 0

66 0

25 0

24 0

227 0

225 0

