270
4328 159
47031 22678 14820 24433 59070 24802 50439 17545 29709 57461 66233 10586 30059 5520 16006 9275 68433 48209 13687 1203 13252 61082 17390 38841 69798 23308 28129 26753 50420 15793 15678 51453 7782 70025 28472 10443 56697 78471 6228 62903 57825 42841 76339 39156 26917 40808 15635 36353 45680 42573 77169 60209 39900 64647 65245 23290 29662 15995 44732 55873 20848 27737 15808 23028 28253 68704 20111 65935 37959 41203 2818 55893 7842 78258 71727 52982 28088 32059 74742 13694 18699 24894 45019 40990 17206 69561 55173 19530 63260 76599 63946 27678 13664 49311 5460 72193 25461 4044 67048 48141 26397 24421 33586 36388 49913 55475 26167 75667 47438 40240 20555 14406 55008 26923 45785 61714 78892 74984 27714 2976 19155 5237 72416 38701 74372 78919 47576 76660 56723 78056 15646 75376 71388 13632 45190 19382 39504 75474 70125 55760 24202 53652 71294 62402 6389 4097 41656 43010 18570 18430 75829 15744 64712 31431 36538 1550 29216 35779 24444 
5797 79
65551 58117 54908 68505 66683 69276 68802 43252 77183 13782 65953 33054 78292 69816 21984 35974 21982 56114 2785 40078 36725 17616 60313 31029 38382 38182 46669 54668 18429 53000 48575 68123 48143 50290 33275 33703 61820 70061 71325 33351 46798 50020 35819 32982 30309 19458 5867 40087 49945 62747 41128 69013 3311 75702 27436 50117 43049 68249 41608 60352 71419 27482 42067 74247 77298 1364 38105 34326 32462 61859 76378 63372 35027 41367 60709 27829 20368 35402 13526 
3943 22
25562 3128 53542 9678 71972 39106 15792 28504 35344 65387 13322 49704 949 59109 19359 16870 73709 32922 9383 5818 40933 2124 
89 2
75767 11373 
2609 3
55623 61931 70820 
1861 0

5185 0

5780 0

163 0

6211 0

6290 0

6050 0

4987 0

2850 0

2603 0

3800 0

3544 0

5297 0

3494 0

2856 0

1088 0

4988 0

4582 0

2097 0

1158 0

928 0

417 0

3521 0

1881 0

1647 0

1377 0

1181 0

4299 0

3011 0

2674 0

2639 0

1651 0

1367 0

1210 0

6234 0

5854 0

5815 0

5265 0

4184 0

4023 0

3626 0

3223 0

3009 0

2336 0

1785 0

1596 0

1577 0

1295 0

263 0

155 0

5961 0

5748 0

5245 0

5183 0

4889 0

4615 0

4310 0

4306 0

4175 0

3601 0

3403 0

3005 0

2955 0

2469 0

1740 0

1652 0

1231 0

918 0

413 0

231 0

6212 0

6057 0

6036 0

5659 0

5176 0

4756 0

4386 0

4374 0

4221 0

3459 0

3341 0

3167 0

3070 0

2987 0

2552 0

2379 0

2268 0

1535 0

1534 0

604 0

205 0

158 0

6273 0

5982 0

5940 0

5887 0

5828 0

5765 0

5664 0

5661 0

5383 0

5381 0

5326 0

5221 0

4829 0

4574 0

4569 0

4458 0

4319 0

3948 0

3737 0

3705 0

3646 0

3631 0

3629 0

3050 0

3012 0

2588 0

1984 0

1973 0

1902 0

1900 0

1614 0

1448 0

1160 0

1146 0

869 0

804 0

507 0

403 0

397 0

330 0

320 0

6175 0

6151 0

5983 0

5577 0

5548 0

5520 0

5504 0

5498 0

5441 0

5405 0

5396 0

5375 0

5337 0

5172 0

5029 0

5019 0

4794 0

4771 0

4754 0

4738 0

4215 0

4070 0

3949 0

3697 0

3592 0

3248 0

3131 0

2845 0

2727 0

2669 0

2637 0

2521 0

2409 0

2384 0

2226 0

2184 0

2072 0

2021 0

2007 0

1813 0

1500 0

1182 0

1092 0

1090 0

841 0

839 0

768 0

663 0

416 0

390 0

36 0

6105 0

6096 0

6016 0

5937 0

5892 0

5840 0

5717 0

5591 0

5368 0

5259 0

5124 0

5089 0

5080 0

5013 0

4820 0

4739 0

4548 0

4446 0

4377 0

4205 0

4188 0

4187 0

4117 0

4101 0

4054 0

4025 0

4003 0

3891 0

3854 0

3823 0

3805 0

3797 0

3658 0

3572 0

3569 0

3532 0

3485 0

3470 0

3202 0

3115 0

2487 0

2436 0

2413 0

2352 0

2348 0

2225 0

2203 0

2195 0

2179 0

2121 0

2022 0

1991 0

1917 0

1911 0

1809 0

1659 0

1454 0

1419 0

1244 0

1222 0

1115 0

632 0

481 0

462 0

461 0

170 0

133 0

58 0

6146 0

6086 0

6073 0

5960 0

5883 0

5867 0

5738 0

5679 0

5663 0

5654 0

5400 0

5382 0

5311 0

