252
977 160
80110 124 40519 22407 21480 74534 54434 86228 65183 10742 3932 60878 33537 75007 62934 34101 46342 72798 25822 441 24839 63621 97189 26080 79109 45171 19524 68864 64439 17314 39312 44315 82760 88192 82226 35336 77957 27854 32331 97344 73640 80767 75969 85720 6917 92305 3697 16058 17754 35233 81144 24770 83778 77409 40668 54319 65757 66172 6811 9936 43162 40143 92914 41226 72682 31601 96846 34136 14628 14553 48652 74058 4147 75177 52523 31549 44673 85432 18371 44850 5295 62828 73099 4667 83558 61589 80595 81281 44158 49634 22962 50453 49514 45622 25592 98625 14359 71142 59832 55348 8178 66632 38102 50898 11599 28900 9751 12272 19268 93062 62200 16390 1601 94020 94099 108 98630 59160 57810 99324 1351 54790 88005 46946 37139 43412 63516 26883 76238 44602 91961 29054 55293 84428 12202 33796 27651 8585 56119 36220 65855 88047 86407 96852 15371 49854 14940 91136 85993 20173 91022 48408 62020 58239 51881 36247 66501 65380 56318 19287 
1487 67
86034 40956 27343 38182 16798 67529 33785 66189 94286 93525 41471 85176 96342 74495 14540 80364 41675 81583 35142 78301 85466 28106 36195 87778 49108 78797 86702 31396 96434 21598 96117 21969 24024 59710 16304 95127 60201 515 71834 43401 17115 60218 97923 83220 28573 12467 37686 25255 59532 74519 25253 28703 75707 39947 70939 2001 1826 44765 46330 53002 96225 35765 80131 63946 63456 7474 72948 
1148 19
27662 87996 66497 89983 11014 3205 48511 14263 93750 26382 16588 80967 91525 98224 75535 73401 3473 15805 35962 
4249 1
47242 
4160 0

3007 1
78836 
4715 0

3275 0

4353 0

3744 0

2869 0

2184 0

958 0

4656 0

4250 0

3061 0

2677 0

2570 0

2467 0

2140 0

1963 0

1933 0

1709 0

1065 0

4162 0

3630 0

3254 0

3005 0

2519 0

1662 0

1447 0

1250 0

868 0

503 0

4624 0

4517 0

4208 0

4197 0

3303 0

3161 0

3060 0

2983 0

2930 0

2620 0

2619 0

2381 0

2357 0

2248 0

1684 0

1632 0

1605 0

1496 0

1062 0

680 0

601 0

562 0

335 0

224 0

148 0

121 0

104 0

90 0

43 0

4116 0

3969 0

3784 0

3555 0

3554 0

2946 0

2931 0

2750 0

2627 0

2502 0

2390 0

2255 0

2231 0

2214 0

2121 0

2044 0

2002 0

1921 0

1522 0

1345 0

1144 0

1031 0

970 0

927 0

906 0

904 0

724 0

674 0

370 0

54 0

3 0

4680 0

4602 0

4578 0

4577 0

4258 0

4236 0

3689 0

3249 0

3110 0

2673 0

2657 0

2633 0

2607 0

2516 0

2501 0

2492 0

2452 0

2384 0

2306 0

2056 0

1832 0

1827 0

1814 0

1793 0

1752 0

1550 0

1384 0

1157 0

897 0

883 0

798 0

750 0

729 0

701 0

618 0

483 0

417 0

272 0

233 0

178 0

72 0

4691 0

4620 0

4484 0

4430 0

4299 0

4163 0

4027 0

3887 0

3731 0

3585 0

3523 0

3070 0

3025 0

2749 0

2651 0

2623 0

2562 0

2524 0

2324 0

2302 0

2261 0

2030 0

1978 0

1959 0

1920 0

1723 0

1437 0

1372 0

1369 0

1328 0

1324 0

1290 0

1280 0

1138 0

1128 0

885 0

880 0

645 0

635 0

570 0

566 0

560 0

405 0

346 0

329 0

238 0

96 0

86 0

64 0

4654 0

4648 0

4423 0

4287 0

4225 0

4106 0

4043 0

4032 0

4006 0

3837 0

3627 0

3612 0

3512 0

3260 0

3259 0

3176 0

3145 0

3068 0

3027 0

2944 0

2849 0

2835 0

2815 0

2810 0

2762 0

2688 0

2672 0

2602 0

2576 0

2450 0

2329 0

2320 0

2287 0

2219 0

2171 0

2157 0

2059 0

1955 0

1934 0

1891 0

1696 0

1694 0

1644 0

1622 0

1601 0

1552 0

1519 0

1444 0

1422 0

1403 0

1292 0

1124 0

1066 0

1046 0

989 0

876 0

875 0

826 0

790 0

748 0

726 0

715 0

702 0

698 0

687 0

642 0

627 0

621 0

