198
389 250
78197 26643 12499 49645 8329 69207 27384 33603 494 53731 770 26186 76903 45967 2291 40844 76451 25894 60552 1510 41067 21156 66841 8186 80039 51288 62504 43711 35412 76782 45977 29397 19416 11629 73933 26040 34421 7456 72684 16716 47364 14734 23984 52447 80838 68452 46374 78130 75884 40323 67895 6253 64552 34330 34299 58039 19086 50018 81147 28812 44062 22799 23467 18646 72768 57325 73713 25181 23736 4364 42397 70545 6464 34017 54543 7078 44089 20666 50815 54310 38311 74320 57995 17229 54853 36603 72876 47475 17584 68673 10163 43402 67882 56591 57206 15209 71978 21166 28663 34776 21084 14628 70268 62648 28379 65613 25532 80525 43162 80702 16869 44142 34202 3108 43518 60126 42787 80221 33585 52974 67890 902 41179 43230 78232 56870 35130 8354 5213 13018 49400 16737 53642 27011 81382 27795 1466 35550 65898 17608 68091 18396 42235 48248 11215 77082 43912 2674 62021 56577 37993 62011 38235 80415 9135 18859 10640 33878 77179 40539 41600 73715 57727 67737 62372 18030 21355 186 899 15114 4551 46762 48111 21631 76270 24209 10349 24140 76550 67110 74413 8473 64072 72896 41719 39020 14860 44658 42522 35293 50489 24256 51243 47339 37363 69515 52572 59911 75799 60832 77210 60008 64458 1486 13849 54106 39134 73276 27611 17998 31420 39387 5616 23594 60974 13879 9141 62937 71829 21753 14829 6974 43047 36883 27212 67012 26435 12167 19756 15873 54126 53807 11472 21443 14121 66915 13974 42372 34963 35654 64327 27167 51803 31805 35102 50667 36688 8393 32693 62481 
2067 38
6300 78664 15221 31590 39453 28030 60911 9389 20382 22632 77591 1686 28814 1825 2326 38538 23680 48353 14426 17850 40086 31566 77188 68747 59407 19336 45966 29003 56212 13366 56500 3887 52150 53027 30756 9408 27376 7618 
1523 0

3674 0

2942 0

580 0

1351 0

971 0

2644 0

3493 0

3319 0

2841 0

3295 0

1763 0

1053 0

1539 0

2087 0

1706 0

2748 0

2465 0

3855 0

3694 0

1506 0

1461 0

1173 0

415 0

3904 0

1409 0

3270 0

2845 0

290 0

2684 0

1130 0

1687 0

1349 0

3560 0

3886 0

3528 0

2131 0

1139 0

744 0

729 0

613 0

3659 0

3481 0

3426 0

1665 0

3874 0

3568 0

3496 0

3018 0

2657 0

2321 0

604 0

320 0

3474 0

1809 0

1607 0

2305 0

1703 0

1343 0

1255 0

1006 0

929 0

376 0

303 0

2479 0

1988 0

1413 0

1229 0

754 0

141 0

3646 0

2715 0

2638 0

2594 0

2476 0

2370 0

1971 0

1810 0

1421 0

22 0

3894 0

3826 0

2711 0

2260 0

1519 0

674 0

423 0

3679 0

3613 0

1626 0

1059 0

455 0

3578 0

2424 0

1757 0

1358 0

869 0

3485 0

3436 0

3161 0

2256 0

3728 0

2288 0

2208 0

1678 0

1283 0

3732 0

3303 0

3219 0

2293 0

2223 0

1707 0

1179 0

797 0

461 0

276 0

136 0

116 0

3968 0

3116 0

2047 0

2044 0

1710 0

1662 0

760 0

522 0

317 0

3486 0

3469 0

2132 0

1998 0

1907 0

1604 0

1584 0

1446 0

1304 0

1278 0

638 0

3966 0

3403 0

3349 0

2998 0

2791 0

2700 0

2656 0

2172 0

2061 0

1730 0

1663 0

770 0

279 0

3924 0

3917 0

3880 0

3838 0

3543 0

3379 0

3210 0

3072 0

2226 0

2182 0

1817 0

1577 0

1194 0

932 0

767 0

561 0

500 0

292 0

177 0

2562 0

2148 0

2106 0

1920 0

1248 0

1208 0

1166 0

919 0

710 0

380 0

369 0

35 0

3958 0

3890 0

3870 0

3722 0

3665 0

3594 0

3328 0

3067 0

2884 0

2768 0

2654 0

2519 0

2410 0

2178 0

