250
6574 94
78764 70839 12022 52834 55899 90760 51366 12680 5496 31733 46911 33742 60626 26401 49707 14254 79965 13243 5871 58584 71026 30240 15852 90494 1456 14426 89281 39065 84459 29337 97052 76360 91253 54261 34774 78019 73444 88824 15024 35675 36697 53424 27281 2809 67781 22893 2254 64378 16595 4504 14806 78367 27919 95349 65591 16333 33630 41751 16315 10618 80379 64397 8549 49989 43171 64210 34397 9811 70469 62505 66805 7742 47717 36302 73437 54765 72769 28077 19682 73565 57905 21607 59814 52343 83430 21086 21583 7142 94775 41319 55922 81677 15671 70167 
1750 87
65537 35382 8356 59234 47173 46327 70991 45187 83432 3457 13386 70154 16893 47486 66027 13811 81767 92449 97873 25052 75984 55500 83723 11634 9967 51028 50952 45309 99348 14710 49586 58575 6337 66198 95477 84411 72771 62487 86525 93323 71534 75242 65423 97122 70720 90221 39269 98500 95548 26210 86082 90239 37897 11526 37128 8236 33028 30471 17613 13225 61893 9694 4082 93905 35124 87142 27621 31500 97375 41292 56287 45262 49005 41702 64683 78045 11458 63913 72785 58472 14648 64789 17608 68571 24032 26462 11938 
5479 82
95763 56647 50065 53673 1948 79317 5148 32974 27969 38687 93166 14727 91195 66411 90956 28809 25328 17100 62098 25859 52498 37924 17939 83683 39074 46537 71162 14212 48019 717 63206 22667 39917 19795 23097 40867 84053 31775 12114 85790 11089 15153 42029 70503 78461 97190 16497 73197 83439 77058 40954 68791 43960 71215 89517 22240 53128 20855 98461 95430 75889 88074 66922 96242 41600 66938 72333 95559 10050 27492 975 78470 61466 40162 69582 66171 1877 99247 20336 23060 4921 11783 
3245 73
67172 30718 3494 72965 1323 31495 7643 48217 81472 414 5988 22161 59772 7199 88028 89961 17294 15039 72147 60583 99695 49995 99698 69140 1670 1606 69470 40238 35848 81970 2953 22378 44452 2838 12352 34804 4351 70114 4155 37579 73890 12096 85587 58245 42122 4077 91802 92459 77208 81498 11303 54464 16157 45010 51044 20421 78219 51996 67275 19686 76766 87867 52749 61446 44038 27780 52436 84675 93111 18755 66545 10694 27240 
563 65
87911 41588 80889 37767 43800 88380 69304 28603 96223 81191 29080 94197 69229 93099 39878 17778 49633 67011 50856 69556 54720 50704 82394 36150 53731 68493 86351 25601 99985 79699 30592 68607 76540 18418 63384 41905 90511 93546 63863 50746 67822 41471 85017 32594 89099 47456 17454 81793 92703 89340 22337 44664 64690 49945 98525 66055 40627 16280 32301 59083 95425 45933 76368 99775 58821 
7969 60
84014 7650 96570 78358 10106 87209 85992 17930 40424 1185 42719 86773 74693 4439 30584 12990 74574 80763 26045 8999 87690 20416 77973 7374 43248 84358 99143 16244 9486 9569 39351 13755 13969 30831 21802 84687 13656 50314 36946 92598 34533 11382 37799 10316 63210 41663 20920 19052 10890 60471 45763 35907 70712 33619 72071 58101 51925 57000 16034 98981 
983 47
78778 19050 77893 74417 34667 93280 59894 65276 58830 49250 44613 2210 32325 14023 88464 46489 83154 25552 5558 17666 30038 96503 58425 57708 29863 96387 30896 25139 50711 53725 33238 82871 63381 19936 48904 30635 80482 61779 73666 97628 196 93639 99545 51388 79353 8569 53318 
1793 52
40944 65003 85014 94644 1688 9388 13695 87008 69580 60690 82403 52222 4713 69253 74349 50401 74756 8502 89411 55799 91027 14787 14847 91550 13405 47555 18839 89567 32233 94364 21330 2450 95895 24414 1826 17363 93251 46389 77024 58485 539 66017 80346 42791 69289 32905 21757 50090 71045 51866 36896 29343 
3514 36
87870 81025 76643 26491 25962 25811 65767 41565 82873 88344 66934 27660 50087 9131 6667 58679 85423 96439 15803 3941 40906 90572 36460 76251 7338 63468 81460 98363 61636 52165 24122 27504 80595 96941 27737 9849 
9664 34
91030 4453 69843 73632 34047 51225 75205 91386 10021 3538 9139 86801 19333 79194 64273 96937 64148 3821 39874 67872 59962 68419 49325 97829 81149 20670 37757 12413 14343 62664 76105 9889 38430 91887 
9373 29
4606 67323 39290 15829 57688 95054 84360 90788 31452 41598 15936 42008 23257 74205 21074 12054 89016 67387 53574 85055 6188 69702 36801 57344 2060 56405 62796 56337 36536 
5901 23
89446 50326 27267 99916 15028 57204 42002 2623 82187 84049 26896 95611 55337 19384 79924 85693 14645 58953 66731 11582 93940 81129 1232 
2980 20
6692 3533 83722 46340 35708 19983 23467 19545 71031 34373 96972 76268 87526 2260 67529 47102 72097 93198 58041 78949 
2694 22
1951 56999 72119 66247 32067 36569 76008 86029 646 75578 10122 87562 63935 64902 89075 53479 78859 3905 24969 3842 54344 13975 
7270 16
69809 25389 1427 70086 45252 78709 11880 96336 63255 89721 54648 36633 774 99852 3255 14064 
565 13
19312 78059 55744 73954 67310 63487 60648 24031 91202 54110 56558 94609 7923 
5645 15
15602 22217 97762 35520 67454 57164 18278 28326 37735 49691 26109 47492 67436 95602 89291 
9790 7
64587 99098 46754 15192 84046 54994 67236 
6077 7
31959 81582 3836 20181 80040 19082 6870 
6129 4
32742 39926 18307 10613 
2987 1
2220 
8322 0

7484 0

1988 0

420 1
89507 
9299 0

2523 0

4178 0

1389 0

8204 2
84942 14470 
6419 0

2153 0

6538 0

3893 0

7440 0

5949 0

4729 0

1410 0

8152 0

4747 0

1684 0

763 0

7276 0

4246 1
5386 
1239 0

7010 0

6154 0

4013 0

2285 0

555 0

9255 0

8211 0

2710 0

1977 0

1775 0

8930 0

6913 0

5124 0

2299 0

9600 0

9584 0

8219 0

6795 0

4959 0

4955 0

4119 0

9186 0

7560 0

5725 0

5425 0

5313 0

2634 0

2101 0

1858 0

856 0

7575 0

6092 0

5348 0

4798 0

4150 0

2107 0

1960 0

700 0

9795 0

9030 0

6687 0

6416 0

5058 0

1743 0

12 0

9505 0

7163 0

5964 0

5543 0

5130 0

4774 0

4478 0

4291 0

2313 0

1497 0

1220 0

858 0

8415 0

6311 0

6302 0

6179 0

5886 0

5554 0

5027 0

3080 0

2938 0

2841 0

1978 0

1426 0

1248 0

1054 0

557 0

9118 0

7626 0

7296 0

6608 0

6447 0

5823 0

5486 0

5411 0

5367 0

5287 0

5060 0

3495 0

3379 0

2986 0

2578 0

2193 0

1429 0

85 0

9287 0

8713 0

7739 0

6669 0

6428 0

5570 0

5074 0

4070 0

3849 0

3620 0

3491 0

3435 0

3294 0

3219 0

1940 0

1394 0

989 0

854 0

407 0

364 0

243 0

8969 0

8827 0

8521 0

8133 0

7317 0

6793 0

4347 0

4177 0

3861 0

3577 0

3170 0

2999 0

1946 0

1736 0

1196 0

1051 0

865 0

173 0

48 0

35 0

9652 0

9607 0

9226 0

8164 0

7608 0

7417 0

6106 0

6066 0

5745 0

5371 0

3844 0

3809 0

3763 0

3166 0

2864 0

2855 0

2811 0

2293 0

2038 0

1902 0

1774 0

1306 0

849 0

221 0

14 0

9647 0

9137 0

8948 0

8571 0

8227 0

7574 0

7071 0

6582 0

6234 0

5945 0

5916 0

4172 0

3347 0

3018 0

2780 0

2616 0

2071 0

1883 0

255 0

9349 0

8533 0

7473 0

7104 0

6988 0

6975 0

6303 0

5806 0

5135 0

4702 0

4565 0

4510 0

3753 0

3610 0

3588 0

2920 0

1655 0

1459 0

1458 0

1432 0

1423 0

1006 0

985 0

569 0

510 0

505 0

101 0

9535 0

9436 0

9288 0

