112
1946 112
60030 75675 11545 21688 33335 17796 30342 5867 3566 48680 59758 17316 75086 28699 44725 76103 66325 12729 80599 28217 28793 53952 13197 40920 65173 26147 20489 27261 11596 11841 25187 6847 16366 30061 78665 25117 63834 86972 59855 84401 48480 34310 43943 69091 29625 32311 62536 32018 83624 5887 4257 11056 80986 58101 51383 47486 5318 63904 25875 41056 81870 42153 30517 6809 46492 12988 83549 6053 25593 30443 82113 6956 48572 29168 15217 35130 56616 26602 46640 83871 37653 80543 16252 81951 67980 9572 33467 59684 74928 20698 84005 55771 76759 30326 8248 50954 29054 86701 68230 58772 19919 75597 1792 65313 67965 17617 18446 28042 18377 2046 56300 54792 
2920 16
12073 32708 30485 57306 71265 54669 34726 39879 82272 46184 24898 21606 73787 17637 33964 12635 
6696 0

6573 0

3495 0

8878 0

8547 0

8268 0

5384 0

5267 0

5064 0

3084 0

2622 0

8897 0

8437 0

8302 0

8076 0

7946 0

7310 0

7267 0

6416 0

6234 0

6206 0

6141 0

5976 0

5953 0

5633 0

5517 0

5423 0

5051 0

4276 0

4050 0

3172 0

2991 0

2893 0

2140 0

1987 0

1953 0

1779 0

1730 0

1083 0

755 0

593 0

8931 0

8825 0

8790 0

8709 0

8544 0

8494 0

8473 0

8409 0

7958 0

7769 0

7565 0

7454 0

7375 0

7210 0

7079 0

6777 0

6723 0

6592 0

6507 0

6069 0

5913 0

5788 0

5778 0

5765 0

5653 0

5111 0

4671 0

4101 0

3658 0

3582 0

3543 0

3466 0

1891 0

1316 0

622 0

591 0

476 0

82 0

14 0

8919 0

8861 0

8851 0

8788 0

8764 0

8747 0

8740 0

8717 0

8644 0

8643 0

8641 0

8625 0

8617 0

8564 0

8560 0

8551 0

8511 0

8488 0

8454 0

8403 0

8369 0

8357 0

8353 0

8318 0

8315 0

8314 0

8234 0

8232 0

8230 0

8223 0

