285
1389 11
96212 6155 11382 38189 85096 43612 25495 97059 12311 63719 10512 
447 11
68074 69796 82105 93616 49541 23578 31281 51897 47566 35277 88171 
412 11
18572 7106 21688 80975 8278 70532 96510 74744 2259 1921 59848 
4604 11
36044 66363 11825 17444 41630 91846 41609 12064 84734 1135 89537 
1864 11
96152 22741 1188 88430 90254 53028 45562 99815 82509 64909 68847 
6644 11
43079 77589 32313 45543 34671 22644 95339 44147 18893 87627 73073 
6787 11
92015 63595 69778 12186 90608 8386 41197 35393 73184 45955 2247 
7661 11
16905 42295 40299 65782 4581 29623 98836 91531 94440 59232 85157 
5853 11
39541 2694 54566 42575 15070 23861 96343 68776 59618 28518 98143 
7316 11
87137 6715 52287 97312 69741 74495 70905 52974 22804 94757 64916 
6902 11
24529 70003 83377 21236 70671 64248 14772 70860 19243 10968 30235 
4152 10
61285 71185 33942 14576 71568 86435 51866 98652 15707 61079 
6625 11
88302 17734 21570 26073 87313 55232 93996 32360 23053 19269 43226 
394 10
91233 8855 46688 71870 41347 45742 67400 72940 65626 36029 
7327 10
29006 64754 47623 61324 5044 25396 89772 24556 86609 53677 
1175 11
85727 45981 74017 26805 52584 42972 59402 74783 5305 8229 11852 
4973 10
50325 80645 98191 18139 30798 11317 4326 14740 90405 49697 
5693 10
87815 69470 14677 19317 89107 17405 73999 62364 29984 46362 
7029 11
19579 78416 7037 84059 51076 42172 98735 1203 19850 33520 7134 
660 10
7826 69472 20636 6522 75965 78620 45502 85148 3915 67895 
2148 10
18076 14370 36532 64505 83175 28264 21335 18116 53704 57041 
6840 10
80109 81147 80226 7950 83022 28481 5868 61758 41329 44060 
6649 9
66756 27859 49244 56854 93903 36493 16618 29892 47205 
376 9
14020 95243 88186 47949 21562 98934 753 65044 23460 
3518 10
10404 60797 96963 5924 20928 57218 23174 77474 79687 90878 
4752 8
55638 53703 92138 42198 59641 80572 66229 70340 
7139 9
29934 21049 25692 10853 14372 50089 71328 10097 51550 
4982 8
91626 71638 89211 23734 62552 36060 62041 45678 
4932 8
12471 72289 78004 88141 49158 58213 41092 23900 
3693 8
14006 75340 23984 41403 48626 10459 10974 71398 
7400 8
74827 39631 67349 35667 59791 77085 46494 34557 
3605 7
15233 47223 21955 56700 78683 55064 48440 
7985 8
9566 81614 26718 14579 32593 80017 8090 82268 
6502 6
26834 97569 21357 94898 53044 61284 
7079 7
52006 20355 27185 2194 12126 5450 90509 
4740 7
82160 95315 49101 7214 13163 31951 82307 
7357 8
29696 33902 74591 91748 87840 41188 7350 14425 
6508 6
27344 75516 10355 67523 93380 81290 
3001 6
61974 66252 61425 5326 61840 4420 
5407 6
33634 48064 97980 57995 42138 29819 
3386 5
17005 20594 57374 47752 13295 
1001 6
8975 61903 28312 66757 25469 46429 
7328 5
52706 64415 51467 84043 17197 
6123 4
55835 24721 79559 14533 
4788 4
8295 66912 5600 66753 
4874 4
18075 9254 27546 68563 
5731 5
28050 35887 43655 29713 29753 
3635 5
17497 64788 17167 7763 18601 
5797 4
17254 73025 43728 44402 
1582 3
50789 89726 47176 
5747 3
56006 71663 37762 
4692 3
93123 80174 12605 
4884 3
90228 55859 44824 
4703 2
22787 4380 
4859 2
90090 25389 
5929 0

2400 0

2173 0

42 0

8481 0

8429 0

8395 0

8376 0

8311 1
6967 
8170 0

7862 0

7790 0

7708 0

7663 0

7646 0

7589 0

7492 0

7481 0

7467 0

7347 0

7320 0

7247 0

7155 0

7150 0

7121 0

7119 0

7098 0

7061 0

7007 0

6991 0

6561 0

6412 0

6384 0

6366 0

6193 0

6182 0

6167 0

6160 0

6151 0

6087 0

6083 0

6071 0

6068 0

5867 0

5848 0

5729 0

5682 0

5681 0

5410 0

5260 0

5248 0

5235 0

5189 0

5112 0

4998 0

4848 0

4737 0

4654 0

4629 0

4616 0

4534 0

4530 0

4516 0

4491 0

4299 0

4199 0

4166 0

4127 0

4126 0

4091 0

4028 0

3981 0

3896 0

3846 0

3793 0

3748 0

3737 0

3607 0

3533 0

3402 0

3380 0

3310 0

3309 0

3184 0

2952 0

2946 0

2821 0

2803 0

2724 0

2570 0

2562 0

2557 0

2452 0

2420 0

2283 1
35337 
2213 0

2162 0

2098 0

2071 0

1899 0

1848 0

1728 0

1703 0

1637 0

1612 0

1583 0

1476 0

1446 0

1232 0

1172 0

1038 0

1029 0

971 0

909 0

767 0

760 0

731 0

682 0

636 0

521 0

519 0

467 0

448 0

436 0

342 0

338 0

333 0

251 0

214 0

205 0

192 0

189 0

8503 0

8502 0

8497 0

8494 0

8490 0

8489 0

8474 0

8473 0

8470 0

8469 0

8455 0

8446 0

8443 0

8442 0

8439 0

8438 0

8437 0

8433 0

8424 0

8423 0

8422 0

8408 0

8400 0

8394 0

8391 0

8372 0

8371 0

8368 0

8367 0

8366 0

8363 0

8355 0

8349 0

8344 0

8333 0

8328 0

8323 0

8310 0

8306 0

8302 0

8300 0

8298 0

8297 0

8293 0

8288 0

8287 0

8281 0

8274 0

8269 0

8261 0

8256 0

8255 0

8249 0

8248 0

8247 0

8244 0

8243 0

8242 0

8241 0

8237 0

8235 0

8233 0

8232 0

8230 0

8217 0

8216 0

8210 0

8204 0

8189 0

8177 0

8149 0

8147 0

8134 0

8133 0

8132 0

8131 0

8127 0

8122 0

8121 0

8114 0

8106 0

8096 0

8082 0

8080 0

8075 0

8073 0

8059 0

8056 0

8055 0

8044 0

8043 0

8041 0

8038 0

8032 0

8025 0

8024 0

8021 0

8011 0

