1096
6829 108
17570 69624 590 58277 42335 15879 85025 45331 76915 30516 20259 51309 33890 24180 58055 14227 79546 7623 4782 17112 33925 90486 99000 91479 78094 45256 5262 77685 76487 56355 81954 38332 50663 30497 30106 49538 46137 95003 14798 27703 4013 63236 91032 57984 57447 7154 39895 77627 3252 54113 41614 45899 47000 19836 98516 95781 40374 67734 52405 41085 1739 10537 47683 23086 38303 45207 78136 63424 55914 98012 98102 11288 7126 2622 14354 16247 65104 15162 67771 18992 56641 30494 21207 38306 74488 40694 97817 72179 61728 30115 4050 98694 26264 89646 68444 14382 8252 46094 88413 94620 65290 60337 74689 48983 65161 59853 70332 5535 
7309 100
13758 27406 90132 42404 73409 35917 11952 19134 76976 93096 57281 65710 25579 91543 52321 15497 26891 3240 54795 30885 34844 73618 4638 28771 29744 88150 57479 93052 41190 98161 22070 86123 36755 35901 22208 54034 61137 65845 16288 37409 65480 55405 15528 37214 9466 48789 20628 64669 79384 11729 25241 79411 885 25530 43878 53421 22625 35742 40106 98729 73280 57921 34529 29302 94181 88654 4676 45655 71328 86194 26629 95205 41937 53499 71462 47068 21494 76931 19935 84427 67105 58637 81944 5137 36576 13674 49873 15251 45323 92872 46593 97776 97649 82276 59155 1420 96245 24994 41547 26785 
8740 86
50360 84135 51523 75461 52851 37523 48699 66449 56184 44438 99526 34230 91715 88358 84289 29488 23378 33610 53657 23066 25915 81990 98638 79923 83011 95288 85073 44540 73576 95250 48479 71593 52310 25553 9450 41143 62378 76477 84224 8954 67944 20520 10120 11861 27107 6206 34355 25321 21458 92604 25655 74400 71395 72303 18404 97359 18436 84875 12652 27498 36856 98855 65229 7557 14053 27334 10415 67730 38737 23389 81551 32278 10972 65147 48366 65403 13350 48477 78957 38733 19918 40954 69962 84861 76974 96083 
4778 81
24835 38408 50490 13493 32894 29803 46821 45396 15881 91785 38520 68885 43018 47772 92519 84154 31995 87464 92910 34491 46095 85415 97886 76455 29917 47599 26402 53778 90738 53740 15351 3964 49851 89987 18578 19797 83959 22695 67604 66288 88787 78420 54491 87341 99391 56516 4426 7779 78753 18938 13070 46749 2142 6260 39410 36410 63887 40847 44572 60945 52844 86346 94119 71038 78395 91789 53097 55816 94366 40024 40604 84594 31486 97975 89946 43192 75560 85227 34765 51433 85395 
4957 65
99940 89052 70032 93084 95679 97917 65053 98082 37638 60355 27720 45554 88160 7162 47651 67942 51624 81146 88503 88644 45123 17082 9662 50095 48473 11845 10137 40520 8739 7476 60938 85770 57812 5658 13531 15146 2842 13119 36812 9330 27697 70942 79433 36979 21854 1569 28026 93701 67664 42423 46446 1037 5581 44192 37564 9234 16203 68966 58679 11598 30444 35858 40449 43693 13984 
3611 56
10635 15863 11193 46552 12081 84312 81103 70304 41074 28278 17220 55966 40356 76576 40561 30796 49660 85572 10655 83071 54797 74527 71509 36928 46015 70083 16665 70753 51477 82794 54821 90304 82017 68093 38499 91463 86373 4965 26025 70058 40132 30183 87491 80507 45793 99491 32148 36064 73980 48965 60609 93342 72987 86412 15695 82273 
6897 53
57391 20128 87301 86361 86869 8236 85881 44345 85040 32233 73743 46395 35227 28183 61412 86124 68318 21465 87275 96249 95733 9109 73276 18528 73332 90988 25695 69402 84350 15641 70003 44583 4595 11010 34642 90517 31553 47389 89128 71740 53711 13227 68364 64444 62021 94266 53027 54006 17419 97345 92254 13324 92495 
8987 42
50125 95511 96670 28867 37659 20603 61146 14684 50300 6996 52067 72245 34749 4131 67809 37960 59845 84642 21846 55454 25106 56293 71032 24295 77974 88925 34167 61334 69265 48936 49664 45346 51210 27081 12265 22546 52170 46435 10200 85695 46439 95259 
462 34
40499 97335 29902 5199 62758 27585 64963 86871 49735 9855 99510 83000 25072 74056 86647 18939 21469 19676 45368 73228 25880 97039 44303 16774 29118 38632 68844 26032 62334 5514 67341 43675 67583 4882 
618 28
72989 31800 45412 84810 41835 82320 23930 28937 40730 17680 72689 46573 76832 86316 57476 42420 65473 73495 91784 30806 75166 44853 50551 81041 35861 17358 20687 64472 
7474 23
94876 6350 89196 36359 82928 30963 83489 18245 93943 36998 51326 44723 22168 37723 70510 87932 81197 78123 61716 7998 63976 19037 28231 
147 17
35985 53963 86785 79982 58075 57838 8788 86978 77438 98015 90897 12640 7715 13276 49740 76032 8004 
5287 16
94946 29708 41395 3283 30838 2182 76727 98879 77178 17579 28440 5832 84311 52268 54316 8780 
7655 11
74500 56020 88128 79673 37880 6542 23731 42349 98304 50215 17230 
5030 7
50080 21525 62019 44514 27124 30861 98791 
5923 5
35487 83517 48958 87941 24633 
1069 4
86397 14383 58390 66402 
1377 0

1659 0

7928 0

6695 0

7076 0

6281 0

4325 0

7591 0

5295 0

2587 0

1099 0

5919 0

4236 0

1753 0

1725 0

4815 0

729 0

7844 0

6759 0

5192 0

4369 0

4229 0

5816 0

3535 0

597 0

7270 0

5393 0

4895 0

3860 0

2679 0

2023 0

9207 0

9103 0

8320 0

6090 0

5365 0

4242 0

7315 0

4705 0

3895 0

3696 0

8410 0

7215 0

4598 0

7464 0

6798 0

3352 0

1821 0

1293 0

155 0

8614 0

5360 0

3066 0

1814 0

1115 0

922 0

518 0

3607 0

7779 0

7560 0

4994 0

2154 0

1937 0

1875 0

1675 0

1574 0

1263 0

8388 0

2984 0

9111 0

8515 0

7744 0

4676 0

4487 0

3156 0

1093 0

4422 0

5410 0

5095 0

3638 0

3544 0

3473 0

2781 0

2193 0

1744 0

387 0

6792 0

4917 0

432 0

8600 0

8505 0

7594 0

6616 0

6259 0

6106 0

5257 0

3106 0

3062 0

2977 0

2713 0

544 0

220 0

7910 0

5195 0

3565 0

3403 0

2464 0

9182 0

8332 0

8229 0

8153 0

7175 0

6936 0

6261 0

5565 0

5289 0

5208 0

4428 0

3422 0

2723 0

2653 0

2288 0

275 0

264 0

7768 0

7073 0

4873 0

3864 0

3744 0

2374 0

8260 0

8139 0

7869 0

7552 0

6820 0

6296 0

5781 0

5757 0

5645 0

4839 0

4596 0

4473 0

3945 0

3315 0

3211 0

2893 0

2367 0

1276 0

527 0

8783 0

7305 0

7129 0

4000 0

3571 0

2880 0

909 0

252 0

192 0

9210 0

8934 0

8729 0

8722 0

8387 0

8057 0

7497 0

5981 0

5337 0

4614 0

4521 0

4382 0

4174 0

4070 0

2738 0

1882 0

1685 0

1354 0

233 0

198 0

8348 0

7551 0

7128 0

6671 0

6518 0

5229 0

4881 0

3853 0

3301 0

2449 0

602 0

9011 0

8995 0

8979 0

7817 0

7052 0

6990 0

6700 0

6354 0

6337 0

5670 0

5164 0

5123 0

4047 0

4043 0

3355 0

2581 0

2311 0

1896 0

1670 0

1141 0

8678 0

8580 0

8531 0

7909 0

7755 0

6169 0

5457 0

5135 0

5075 0

2788 0

2118 0

1980 0

1719 0

1519 0

1495 0

1165 0

1043 0

998 0

697 0

669 0

9069 0

8963 0

8825 0

8594 0

8230 0

8137 0

7943 0

7927 0

6763 0

6696 0

6492 0

6425 0

6312 0

6030 0

5203 0

5128 0

4954 0

4519 0

4159 0

4117 0

3648 0

3400 0

3324 0

3120 0

3086 0

3072 0

2815 0

1936 0

1825 0

1712 0

1414 0

1240 0

1157 0

1151 0

1124 0

1008 0

696 0

665 0

376 0

8951 0

8613 0

8336 0

7481 0

7346 0

7095 0

6725 0

5988 0

5918 0

5309 0

4552 0

4375 0

3903 0

2461 0

2189 0

2183 0

2173 0

1953 0

641 0

217 0

93 0

9259 0

9244 0

8526 0

8232 0

8200 0

8196 0

8094 0

8007 0

7901 0

7766 0

7763 0

7446 0

7389 0

7164 0

6881 0

6856 0

6622 0

6393 0

6224 0

5844 0

5733 0

5616 0

4809 0

4765 0

4524 0

3877 0

3739 0

3623 0

3561 0

3382 0

2885 0

2806 0

2742 0

1935 0

1149 0

900 0

692 0

365 0

56 0

26 0

0 0

8909 0

8209 0

8097 0

7856 0

7839 0

7664 0

7640 0

7550 0

7386 0

5499 0

5286 0

5278 0

4887 0

4639 0

4632 0

4450 0

4219 0

3485 0

3387 0

3160 0

2829 0

2811 0

2795 0

2766 0

2513 0

2316 0

2279 0

2075 0

1738 0

639 0

622 0

215 0

8541 0

8373 0

7812 0

7265 0

6944 0

6409 0

5648 0

5443 0

4884 0

4750 0

4034 0

3953 0

3806 0

3784 0

3327 0

3282 0

3155 0

2772 0

2473 0

2346 0

2058 0

2056 0

2021 0

1640 0

1509 0

1484 0

1167 0

974 0

624 0

488 0

457 0

200 0

8866 0

7895 0

7518 0

7202 0

6993 0

6918 0

6868 0

6835 0

6579 0

6233 0

5929 0

5894 0

5791 0

5620 0

5478 0

4882 0

4678 0

4504 0

4347 0

4193 0

3008 0

2492 0

2435 0

1990 0

1900 0

1731 0

1009 0

918 0

659 0

642 0

439 0

423 0

9229 0

9112 0

9100 0

8677 0

8409 0

7963 0

7623 0

7153 0

6482 0

6388 0

6333 0

6320 0

6025 0

5861 0

5640 0

5197 0

4975 0

4673 0

4660 0

4545 0

4355 0

4158 0

4151 0

4052 0

4040 0

3775 0

3713 0

3429 0

2946 0

2843 0

2762 0

2599 0

2389 0

2064 0

1251 0

845 0

367 0

8491 0

7652 0

7074 0

6483 0

5961 0

5420 0

5249 0

4759 0

4566 0

4169 0

3810 0

2965 0

2768 0

2690 0

2532 0

2318 0

1790 0

1470 0

1363 0

1077 0

995 0

633 0

600 0

72 0

9200 0

8794 0

8785 0

8420 0

8311 0

7880 0

7745 0

7525 0

7517 0

7516 0

7406 0

7329 0

7242 0

7019 0

6749 0

6535 0

6241 0

5921 0

5747 0

5415 0

5335 0

4920 0

4910 0

4681 0

4477 0

4284 0

4164 0

3842 0

3601 0

3428 0

3234 0

2991 0

2951 0

2784 0

2541 0

2366 0

1893 0

1762 0

1113 0

1101 0

859 0

809 0

554 0

115 0

45 0

9158 0

9067 0

8448 0

8303 0

8185 0

7957 0

7955 0

7724 0

7471 0

7290 0

6912 0

6465 0

6148 0

6016 0

5967 0

5236 0

4175 0

3736 0

3353 0

3258 0

2867 0

2358 0

2306 0

1983 0

1923 0

615 0

411 0

39 0

8806 0

8773 0

8506 0

8455 0

8444 0

8224 0

8096 0

7954 0

7604 0

7540 0

7478 0

7434 0

7248 0

7159 0

7051 0

7029 0

6971 0

6771 0

6669 0

6605 0

6591 0

6589 0

6487 0

6466 0

6384 0

6286 0

6206 0

6119 0

6071 0

5843 0

5637 0

5311 0

5251 0

4868 0

4810 0

4615 0

4503 0

4454 0

4126 0

3920 0

3765 0

3302 0

3267 0

3022 0

2925 0

2712 0

2624 0

2525 0

2219 0

2158 0

2112 0

2037 0

1970 0

1960 0

1868 0

1630 0

1441 0

1220 0

1193 0

950 0

824 0

350 0

345 0

9014 0

8684 0

8468 0

8366 0

8269 0

8134 0

8067 0

7917 0

7845 0

7562 0

7452 0

7291 0

7219 0

7087 0

6953 0

6836 0

5879 0

5727 0

5563 0

5506 0

5308 0

4556 0

4267 0

4253 0

4178 0

3454 0

3010 0

2703 0

2336 0

2081 0

1691 0

1231 0

842 0

532 0

362 0

82 0

9028 0

8874 0

8810 0

8477 0

8470 0

8129 0

8106 0

8008 0

7785 0

7233 0

7119 0

6906 0

6866 0

6680 0

6588 0

6473 0

6462 0

6351 0

6330 0

6269 0

6099 0

5765 0

5258 0

5060 0

4903 0

4829 0

4807 0

4669 0

4623 0

4588 0

4568 0

4510 0

4434 0

4339 0

4202 0

4149 0

4133 0

3929 0

3826 0

3545 0

3493 0

3338 0

3130 0

3034 0

2864 0

2840 0

2414 0

2390 0

2188 0

2057 0

1951 0

1807 0

1793 0

1761 0

1625 0

1573 0

1376 0

1299 0

1274 0

1266 0

1196 0

1180 0

1162 0

1138 0

958 0

727 0

587 0

448 0

197 0

69 0

9277 0

9046 0

9035 0

8927 0

8904 0

8803 0

8391 0

8271 0

7676 0

7598 0

7524 0

6869 0

6799 0

6736 0

6536 0

6529 0

6527 0

6215 0

6201 0

6080 0

5304 0

4977 0

4644 0

4594 0

4513 0

4494 0

4080 0

3665 0

3476 0

3413 0

2789 0

2717 0

2689 0

2467 0

2387 0

2335 0

2125 0

1895 0

1380 0

1078 0

943 0

916 0

755 0

750 0

735 0

395 0

278 0

174 0

3 0

9267 0

9265 0

9238 0

9073 0

8969 0

8968 0

8940 0

8590 0

8569 0

8217 0

8063 0

8049 0

7628 0

7254 0

7035 0

6998 0

6516 0

6511 0

6266 0

6265 0

6199 0

6126 0

6008 0

5853 0

5667 0

5388 0

5345 0

5032 0

4901 0

4870 0

4792 0

4536 0

4486 0

4420 0

4405 0

4280 0

4119 0

3871 0

3841 0

3621 0

3514 0

3437 0

3401 0

3168 0

2999 0

2940 0

2754 0

2733 0

2343 0

2289 0

2202 0

2155 0

1922 0

1529 0

1116 0

899 0

827 0

815 0

722 0

625 0

613 0

178 0

8275 0

7970 0

7968 0

7931 0

7855 0

7823 0

7704 0

7030 0

7001 0

6941 0

6402 0

6389 0

6315 0

5904 0

5779 0

5379 0

3933 0

3869 0

3756 0

2990 0

2865 0

2726 0

2284 0

1665 0

1361 0

1328 0

1310 0

1255 0

1172 0

403 0

383 0

129 0

9248 0

9183 0

8944 0

8325 0

8207 0

8033 0

7115 0

6681 0

6444 0

6331 0

6041 0

5842 0

5812 0

5745 0

5742 0

5710 0

5700 0

5355 0

5294 0

5274 0

5065 0

5010 0

4679 0

4415 0

4378 0

4366 0

4318 0

4261 0

4096 0

4035 0

4010 0

3572 0

3543 0

3507 0

3434 0

3433 0

3248 0

3157 0

3064 0

3057 0

2819 0

2643 0

2589 0

2453 0

2280 0

2096 0

2032 0

2027 0

1902 0

1833 0

1759 0

1709 0

1688 0

1553 0

1503 0

1340 0

1320 0

1261 0

1227 0

1186 0

894 0

891 0

880 0

764 0

648 0

502 0

481 0

477 0

460 0

328 0

319 0

270 0

84 0

9102 0

8994 0

8719 0

8476 0

7997 0

7966 0

7179 0

7060 0

6956 0

6699 0

6615 0

6498 0

6434 0

6338 0

5598 0

5556 0

5451 0

4860 0

4808 0

4684 0

4661 0

4621 0

3979 0

3792 0

3727 0

3723 0

3047 0

2915 0

2812 0

2561 0

2505 0

2419 0

2218 0

2113 0

1839 0

1556 0

1464 0

1308 0

1270 0

1080 0

793 0

525 0

504 0

370 0

141 0

95 0

9093 0

9092 0

8990 0

8953 0

8667 0

8640 0

8533 0

8403 0

8061 0

8040 0

7918 0

7565 0

7458 0

7411 0

7311 0

7299 0

7295 0

7239 0

7141 0

7032 0

6651 0

6646 0

6508 0

6359 0

6332 0

6288 0

6177 0

6110 0

6094 0

5938 0

5570 0

5540 0

5455 0

5323 0

5186 0

5150 0

5077 0

4933 0

4713 0

4670 0

4630 0

4582 0

4565 0

4539 0

4398 0

4304 0

4260 0

4235 0

4187 0

4181 0

4137 0

4092 0

3989 0

3770 0

3557 0

3444 0

3323 0

3053 0

3006 0

2936 0

2273 0

2128 0

2103 0

1957 0

1866 0

1862 0

1624 0

1531 0

1527 0

1348 0

1214 0

1132 0

1012 0

966 0

814 0

608 0

569 0

269 0

267 0

112 0

98 0

9186 0

9180 0

9178 0

8714 0

8619 0

8479 0

8467 0

