503
2691 128
28213 67595 28864 38495 88376 3047 45844 4908 95039 94022 15392 96331 63175 21289 95727 20110 79114 61062 76389 12410 9402 50496 65464 3049 48908 85085 18341 9646 36606 42042 16137 61985 99847 61436 23679 69423 70790 42091 46318 12 88080 376 31759 44121 46215 92256 76155 96193 49224 36303 76580 38011 95305 51876 79693 14897 5243 86438 69851 11531 3503 17197 38399 83572 1149 47823 64423 68515 57164 11874 84964 76343 22478 34793 71600 30745 58018 61795 94525 20429 88889 43951 37986 57336 76248 60342 41608 32106 2658 34586 33178 34535 97877 78249 7633 17373 48169 45999 48021 78301 96653 69226 85876 3533 94622 2107 49340 63945 80149 90860 37968 6682 67923 91090 18802 36421 6506 86553 57590 66686 33692 42133 36982 71671 3803 5105 54486 1047 
2864 112
81288 91466 64183 99354 82320 17336 14436 11652 49371 16973 77131 98420 45075 30271 72909 70421 63891 29592 70474 33687 54470 25771 80685 66025 49600 96191 73408 35404 5951 68240 2266 75271 19045 65576 37483 95066 34635 17370 10452 81076 28182 77683 23558 59305 7584 55952 50984 55471 67839 65624 35816 75426 78759 14125 96531 86791 31969 29626 99174 74019 6522 33234 41493 34197 76916 38355 18658 39076 86236 55810 93276 79350 16250 24474 59884 82876 14491 14322 26609 85836 795 1659 24346 29453 75574 99839 2492 82271 61768 90628 91754 91855 72012 71589 68434 52512 90422 97660 88961 70783 40479 41188 44787 70880 28878 16029 78953 75664 6379 7446 16844 4830 
6094 102
59744 82739 32977 8432 38675 13619 24241 47508 94556 17915 75065 41236 11793 20113 91281 79682 80724 56004 98817 95473 81992 45810 59381 52462 29528 96009 89537 78118 30983 9080 87903 41744 82659 8118 44982 13767 70871 33342 21334 81203 12913 61008 31931 29889 51203 40853 48652 24643 4588 79412 4939 69273 88541 99834 19461 92943 54967 92712 64381 69375 31936 82695 86240 27538 31744 68180 93647 46534 86157 74333 35136 16566 58440 6709 1885 93208 91395 87583 99440 60423 59859 52840 24984 25395 6889 67998 56250 67153 50357 13389 755 38772 32786 35315 22903 49930 17933 34162 76132 54493 98747 75055 
1703 83
46723 32547 48959 62795 91601 30522 61574 66964 24170 61554 98726 81160 2181 12936 10008 58151 36038 39499 77866 67392 16612 42257 3967 20413 84055 94295 34326 8668 55270 95492 3648 44558 86861 55767 59961 69894 8035 47780 10848 63273 82368 140 5169 2122 4855 46645 68644 95983 53488 4602 20748 67399 66631 56768 96262 22135 26268 89275 15714 69018 3679 62433 5848 88835 17763 80361 34477 91827 98112 17569 98065 94971 60517 47692 95142 99188 26026 52016 2071 80869 58730 78195 4078 
2893 70
30026 34930 74983 29808 54505 83886 93930 23590 86979 65596 52338 27446 82467 37801 61106 77609 69209 96660 74139 74763 92328 82340 60803 9752 67074 9201 57560 58795 31933 33373 42271 4582 35158 15617 6784 61238 77054 1966 87621 64567 22244 94607 48860 5787 18926 67262 13301 79399 45741 71851 91853 18599 41304 75886 3083 95778 67179 77945 1071 39966 7191 75425 16145 94983 94446 11657 15283 2401 10863 45927 
1434 51
40139 69564 7339 34539 7707 5029 66591 82142 45772 80530 72016 47517 31509 59865 7848 73002 30705 95729 67319 20475 96943 23337 1185 12264 61390 64366 63592 56216 57058 52180 61438 24898 13099 41895 61819 43835 54329 98147 96958 3714 79083 88755 30467 9123 56491 58273 56708 26651 58022 23702 14246 
1570 43
55487 72260 86342 60678 85446 3780 41084 44255 54355 82620 69101 12326 39829 96221 11689 92638 40504 65014 49938 6655 53520 7116 13203 41282 30235 83704 15047 25773 18729 72421 51285 776 53193 6647 21790 90673 87848 99994 18364 80729 63629 65402 51334 
759 32
5513 90670 59127 57974 27083 36523 19362 42737 14801 32157 87462 70597 2924 47138 19522 95118 56651 48501 3241 48076 20828 75142 76957 8582 48401 86118 75846 79250 48060 81911 93755 30948 
767 28
17487 99344 7168 10157 53752 29641 61290 47656 98047 86217 73694 65995 40495 62686 32644 93811 457 76527 56214 73151 58403 69854 48517 79736 78934 25182 2269 54026 
1756 21
31674 27723 91641 44909 51154 60136 68361 88094 23581 35287 31120 35656 79298 48279 98457 83044 83937 31608 3767 29603 50231 
3786 13
50366 2009 32583 98256 83309 84014 65011 45572 19606 65479 51004 24503 97876 
6567 10
7915 35000 33086 79122 70868 65082 75023 36976 92873 66789 
5753 9
76231 89934 92860 41465 92801 63102 48765 51549 8156 
7154 3
28009 30835 45950 
255 0

1452 0

933 0

4166 0

2492 0

1477 1
1411 
2313 0

1175 1
58999 
5133 0

3016 0

518 0

3250 0

2763 0

1735 0

3672 0

6571 0

5251 0

2196 0

1276 0

4681 0

2184 0

2096 0

4754 0

1759 0

668 0

6041 0

4843 0

2268 0

1743 0

3635 0

1741 0

974 0

7110 0

6017 0

2073 0

293 0

201 0

7752 0

6855 0

4872 0

7596 0

1396 0

4059 0

2995 0

851 0

323 0

7557 0

4624 0

4203 0

7777 0

5995 0

4836 0

2438 0

7569 0

6666 0

6002 0

5555 0

2134 0

1607 0

7040 0

5938 0

4692 0

4290 0

4198 0

3636 0

1935 0

838 0

7146 0

6410 0

5916 0

4556 0

3286 0

3258 0

2921 0

2162 0

1572 0

0 0

7089 0

6947 0

6204 0

5390 0

4520 0

1047 0

7561 0

7518 0

6706 0

3399 0

2722 0

7272 0

6475 0

5207 0

5121 0

4547 0

3554 0

7733 0

7543 0

6761 0

6108 0

6003 0

5368 0

3217 0

2936 0

2246 0

1336 0

7785 0

7723 0

7522 0

7079 0

7044 0

6076 0

5350 0

5186 0

1496 0

1163 0

866 0

857 0

479 0

5319 0

5307 0

4944 0

3059 0

2149 0

1625 0

7485 0

7478 0

7263 0

6787 0

6314 0

6065 0

5954 0

2856 0

2734 0

2018 0

7412 0

7178 0

5154 0

4561 0

3629 0

3578 0

3524 0

3489 0

3104 0

2436 0

1730 0

1351 0

613 0

87 0

7652 0

6099 0

5596 0

4370 0

4069 0

3882 0

1770 0

618 0

6534 0

6397 0

6098 0

5968 0

5593 0

4210 0

4204 0

4155 0

3686 0

3139 0

3103 0

1623 0

1089 0

581 0

207 0

7735 0

7244 0

6538 0

6156 0

4787 0

3143 0

2752 0

2119 0

591 0

6830 0

6764 0

6758 0

6324 0

6184 0

5434 0

4738 0

4095 0

4022 0

3466 0

3281 0

2735 0

2066 0

1691 0

1655 0

940 0

348 0

7595 0

7590 0

7327 0

6992 0

5790 0

5556 0

5003 0

4594 0

3584 0

2642 0

2229 0

1263 0

737 0

373 0

7705 0

7580 0

7475 0

7021 0

6452 0

6114 0

6090 0

6051 0

5736 0

5461 0

5285 0

5199 0

4904 0

3893 0

2901 0

1636 0

1304 0

7699 0

7641 0

7115 0

7097 0

6913 0

6579 0

5601 0

5309 0

5077 0

5042 0

5026 0

4676 0

4406 0

4399 0

3846 0

3746 0

3737 0

1766 0

1765 0

1585 0

1115 0

55 0

7721 0

7476 0

7114 0

6791 0

6636 0

6266 0

6193 0

6134 0

5448 0

5130 0

5092 0

4891 0

2289 0

7687 0

7451 0

6990 0

6641 0

6212 0

5842 0

5758 0

5517 0

5437 0

4873 0

4452 0

4159 0

4137 0

4035 0

3760 0

3698 0

3464 0

2645 0

2559 0

2534 0

2368 0

2348 0

2291 0

2276 0

165 0

156 0

7629 0

7499 0

6886 0

6551 0

6322 0

6037 0

5674 0

5412 0

4989 0

4161 0

4145 0

4010 0

3862 0

3675 0

3492 0

2791 0

2587 0

1788 0

1616 0

1314 0

1029 0

266 0

190 0

7460 0

7298 0

7238 0

6953 0

6937 0

6573 0

6254 0

5822 0

4962 0

4372 0

4266 0

4189 0

4140 0

4004 0

3946 0

3818 0

3764 0

3738 0

3632 0

3606 0

3510 0

3426 0

3127 0

2363 0

1838 0

1820 0

1319 0

1201 0

948 0

513 0

506 0

416 0

228 0

7728 0

6738 0

6627 0

6446 0

6283 0

5902 0

5881 0

5832 0

5306 0

4748 0

3958 0

3790 0

3662 0

2804 0

2749 0

2513 0

2273 0

1514 0

747 0

509 0

7653 0

7558 0

6864 0

6356 0

5917 0

5407 0

5257 0

5128 0

4883 0

4473 0

4403 0

3194 0

2627 0

1624 0

1549 0

1540 0

1535 0

589 0

573 0

407 0

17 0

14 0

7602 0

7427 0

7254 0

6808 0

6423 0

5887 0

5825 0

4711 0

4299 0

4139 0

4097 0

4086 0

3832 0

3829 0

3814 0

3450 0

3235 0

3123 0

3099 0

2978 0

2867 0

2829 0

2410 0

2283 0

1948 0

1589 0

1557 0

1358 0

1231 0

715 0

605 0

210 0

7415 0

7225 0

7202 0

6762 0

6385 0

6159 0

5971 0

5719 0

5040 0

4600 0

4562 0

4040 0

3886 0

3505 0

2635 0

2129 0

2045 0

1737 0

1665 0

1411 0

1233 0

1138 0

1109 0

949 0

536 0

467 0

292 0

7650 0

7608 0

7547 0

7504 0

6841 0

6685 0

5845 0

5491 0

5425 0

5088 0

5048 0

5035 0

5025 0

4616 0

4522 0

3912 0

2912 0

2743 0

2644 0

2576 0

2035 0

1991 0

1832 0

1546 0

1449 0

1446 0

951 0

579 0

538 0

145 0

7778 0

6909 0

6195 0

6039 0

5267 0

5175 0

4782 0

4753 0

4458 0

3930 0

3106 0

2922 0

2733 0

2452 0

