83
2687 39
69556 52976 30822 37328 15340 87573 72885 60328 70404 78545 57839 33769 55556 31941 74897 28983 67310 28276 29381 87522 45269 96954 73368 47792 33671 30895 39053 92491 62862 6286 86196 29585 65961 65597 9194 49006 40798 79773 14134 
3232 35
75847 93315 79955 25124 76121 4259 87311 93140 98741 16359 56551 44920 78489 99370 59104 97908 2705 10466 12960 21173 13136 7689 11023 32557 42245 26951 65747 88024 60766 82426 28675 12765 87725 69322 26028 
1237 33
34645 77240 69814 48621 51358 84435 74167 45537 79823 7868 21053 73456 67267 24357 89073 93154 25568 478 24729 64179 15245 57510 7373 67808 37511 8445 9494 18164 86549 4074 75562 87872 61953 
5898 19
75065 75392 25771 86420 43730 56829 70579 25045 72110 18899 73092 55703 4708 28975 89622 80417 28393 28964 33822 
5238 17
48332 75084 6409 42405 27293 84855 23080 40951 3912 32850 7745 6643 55196 68198 26543 99435 89918 
3590 12
56753 24051 79439 57834 31521 39666 53630 1598 13837 85948 33355 30686 
6194 8
76824 95414 70084 51403 44109 33400 63595 38569 
5484 3
1034 63987 98046 
8499 0

7798 1
91913 
7044 0

6410 1
72853 
6283 1
9968 
6095 0

5069 0

4694 0

3665 0

3494 0

2019 0

1247 0

996 0

862 0

8733 0

8719 0

8709 0

8678 0

8452 0

8402 0

8268 0

8172 0

8157 0

8078 0

8036 0

7997 0

7988 0

7948 0

7878 0

7855 0

7842 0

7687 0

7541 0

7510 0

7486 0

7477 0

7444 0

7274 0

7249 0

7145 0

7016 0

6973 0

6875 0

6829 0

6718 0

6711 0

6637 0

6599 0

6525 0

6513 0

6503 0

6492 0

6385 0

6376 0

6331 0

6309 0

6303 0

6281 0

6249 0

6192 0

6092 0

6045 0

6029 0

5824 0

5766 0

5762 0

5754 0

5681 0

5645 0

5641 0

5608 0

5566 0

5523 0

5432 0

5414 0

