221
1856 114
14377 13876 2185 39113 75146 43733 41484 34014 34587 88841 782 53175 22076 82604 60918 71769 15733 40206 49573 3535 77789 44645 7324 45467 72698 22231 88123 23420 73761 8656 6034 17826 46825 24586 21883 32227 77885 9687 62263 50426 52593 65281 61264 23005 80563 55980 28789 66336 88804 58457 44767 64319 20561 5961 6674 44480 88619 1606 53582 18736 31465 90620 23451 25858 31260 9103 51911 47288 56081 45104 41631 17957 12027 37713 31542 46200 41822 18817 57923 10872 23848 86567 25960 13139 38559 26634 1071 77911 82274 50886 90330 40566 65154 32925 30955 69383 15991 46292 50020 43217 29203 43143 90566 9588 4394 64913 81350 27587 53415 39944 4275 8387 66639 71253 
1999 92
56520 81506 23890 1204 53498 50582 90148 65207 52494 19852 47563 80015 23501 54973 88552 79685 17332 90773 36035 61335 77599 60425 29857 87935 5271 52771 31517 47065 15160 16538 35580 46634 16813 13393 60721 79152 31942 40354 8612 44227 84212 10265 491 55711 21948 26570 71034 16723 69327 11895 66899 6508 10496 28518 50773 68276 74476 33814 23747 12207 65368 7780 87808 22731 70170 4441 23519 86995 30997 5781 10089 62279 88443 20903 47855 76063 57712 74742 83839 50825 60243 32975 41336 89616 62647 13031 86818 61446 7706 65251 6197 20174 
5084 61
18017 11409 8901 30442 42129 91179 6027 24395 83681 10506 13669 22645 55890 15310 83902 25287 14726 42168 64978 2037 46723 36288 26574 11629 31661 72528 1387 84540 90767 22911 17067 65838 1875 77192 83647 32286 49843 52679 65896 35941 37656 63800 11 78235 79714 68402 54410 40867 625 2854 22877 77722 83157 49551 39885 60000 6286 22760 25714 85451 54298 
5666 41
37600 78499 47192 39473 50941 71647 89911 32790 47371 72935 68314 91032 58799 88359 19877 32016 84847 3544 38944 78994 48202 17262 20157 90435 76309 28552 62088 58274 15247 48804 23160 69087 38283 29778 73142 37690 42195 65424 2724 42909 11118 
5027 28
25505 81964 5064 14092 80632 38250 11685 19610 40793 6055 75501 70998 44542 47407 35068 70500 88702 42716 17172 67218 30357 64098 76825 41793 63479 28887 25349 16096 
281 18
4536 77902 41247 9519 2792 67659 44620 52074 45855 90246 10513 49627 50579 51391 15525 112 27801 56005 
5204 9
36282 44289 73074 31229 6194 31572 52510 69255 55506 
5480 1
23523 
7492 0

7435 0

6281 0

6187 0

4408 0

3435 0

3232 0

1748 0

8462 0

8400 0

8356 0

7960 0

7789 0

7729 0

6646 0

6540 0

6198 0

5746 0

5683 0

5376 0

5188 0

5001 0

4985 0

4601 0

4413 0

4228 0

4050 0

3766 0

3225 0

2782 0

1838 0

1333 0

905 0

576 0

459 0

8764 0

8458 0

8289 0

8235 0

8213 0

7543 0

7319 0

7197 0

7168 0

7119 0

7092 0

6936 0

6748 0

6690 0

6621 0

6582 0

6535 0

6483 0

6479 0

6433 0

6019 0

5989 0

5868 0

5520 0

5442 0

5395 0

5181 0

5114 0

4860 0

4480 0

4476 0

4237 0

4195 0

4142 0

4058 0

3893 0

3888 0

3879 0

3813 0

3809 0

3584 0

3475 0

3402 0

3355 0

3294 0

2873 0

2793 0

2695 0

2677 0

2621 0

2478 0

2447 0

2420 0

2394 0

2370 0

2255 0

2210 0

2152 0

2141 0

2107 0

2056 0

1989 0

1876 0

1861 0

1775 0

1337 0

1298 0

1280 0

1208 0

968 0

907 0

786 0

657 0

537 0

52 0

8737 0

8673 0

8649 0

8609 0

8588 0

8067 0

7981 0

7887 0

7876 0

7842 0

7761 0

7663 0

7493 0

7449 0

7421 0

7398 0

7371 0

7350 0

7348 0

7181 0

7125 0

7037 0

7011 0

7008 0

6788 0

6737 0

6732 0

6524 0

6404 0

6329 0

6218 0

6163 0

6158 0

6012 0

5834 0

5655 0

5616 0

5581 0

5331 0

5323 0

5312 0

5289 0

5239 0

5194 0

5182 0

5141 0

5047 0

4940 0

4695 0

4683 0

4677 0

4608 0

4602 0

4394 0

4383 0

4345 0

4312 0

4234 0

4166 0

4104 0

4072 0

4019 0

3990 0

3955 0

3938 0

3914 0

3905 0

3795 0

3690 0

3672 0

3624 0

3592 0

3538 0

3497 0

3480 0

3462 0

3228 0

3102 0

3092 0

3081 0

3045 0

2929 0

2804 0

2787 0

2735 0

2705 0

2662 0

2577 0

2544 0

2523 0

2514 0

2482 0

2367 0

2366 0

2341 0

2233 0

2136 0

2114 0

2105 0

2100 0

2063 0

1998 0

1859 0

