361
3239 113
99147 42813 99940 93899 13231 27459 86121 55891 28970 69402 23541 19049 5477 87902 97590 11601 34079 55810 57765 10860 51570 83191 73619 47375 85761 68050 70889 29337 73420 24819 32499 29078 43094 22984 29246 27291 17188 37576 65580 48043 52124 2974 97604 84020 90786 51106 88044 65690 8601 76490 7867 45610 67914 54449 4806 67879 65773 32789 32087 58618 12751 17126 41211 46120 9939 9768 37645 86404 63181 55223 97177 84591 3 17729 51485 92763 70176 82811 2688 14265 21808 65897 63557 1870 82273 39795 60030 64926 89972 42111 33738 62209 71318 91326 31148 25073 17332 71824 92805 30940 86512 42318 10818 51187 87079 6156 68539 66454 30409 71814 57116 30391 4944 
8655 98
54437 39488 52089 15605 78281 70239 10021 55104 13653 18903 63929 60265 19594 35818 67200 94157 10830 74207 7533 94109 52111 50989 78203 52769 67680 40845 15451 55820 81408 7127 57932 24651 69256 22416 55259 23794 83956 66581 35330 24561 25221 75905 48456 52752 57294 66597 67215 95636 87311 9995 35913 65288 34479 20467 41313 4493 55079 81119 53662 49932 88614 7691 91050 86834 49386 55426 10962 222 75627 22822 83050 84114 87885 55471 18754 68225 94921 67800 18573 45232 69673 63897 71320 48533 2771 88238 68305 23890 36684 22821 20920 38626 63094 56267 88342 26698 49998 86918 
1487 80
14248 12705 10624 39723 52793 76817 66908 45909 54605 43305 97837 61440 61079 55669 41287 16269 83480 76554 5242 63342 96640 79110 67784 71743 74131 36054 19985 10023 90986 71078 98729 36452 48980 157 78784 8958 90073 33227 10952 80169 85817 47702 60101 79251 74588 55477 50999 10740 93316 7546 84278 53775 68074 1130 11973 26257 6031 8267 55340 78349 23817 97769 98335 99597 15363 45787 62473 4006 46581 17037 14718 40911 17600 39485 43333 2442 7731 78872 98222 65796 
3543 62
14795 37302 38416 67678 58311 13229 11475 5214 18974 40932 74785 60508 99310 4580 71465 69759 79580 87559 54219 82267 73069 71530 80108 62016 34067 98759 92160 89996 39017 47603 20738 73523 67986 29350 3066 22402 38770 8768 57487 29438 94148 57990 67820 98273 38251 92971 70116 62780 17870 34848 60936 99983 19161 49030 16007 69781 84608 80092 58626 60214 50488 42498 
7284 43
52132 60154 73025 49882 58395 95040 64807 54120 79098 97359 49840 76113 32566 90476 99409 47579 27769 45234 64022 89525 61100 93313 41218 46130 8743 6279 77126 99347 19502 79676 5219 82855 47789 36623 9066 87905 97858 84817 30019 57839 23256 57023 96018 
2259 30
93759 92302 72401 17283 1813 38100 24266 45871 39210 47010 18496 55256 6994 60591 25485 42521 88800 13288 41045 7560 34231 50875 78283 82622 96084 30618 60744 37408 27372 76614 
7709 28
538 94545 83034 5792 53177 52352 80802 55462 96283 59383 89184 74052 17649 5505 89570 86613 96250 55355 49384 88806 32122 63850 96724 59397 32444 68507 41605 79393 
921 19
18054 92339 25245 36361 67129 27077 20115 7216 55920 6922 65349 74087 30050 38320 58687 16778 2437 46554 36496 
3837 16
19925 48653 74249 39517 64949 34500 89364 2461 60340 72920 62896 23261 72488 2284 90652 57211 
665 6
93705 73321 30889 28574 6587 69009 
1572 2
66938 35530 
4986 0

7854 0

6432 0

3195 1
68356 
3017 0

8663 0

8158 0

3934 0

1639 0

951 0

253 0

8105 0

6543 0

4764 0

4512 0

4436 0

3279 0

1400 0

304 0

7253 0

7128 0

7081 0

5983 0

5209 0

5193 0

5007 0

3840 0

3824 0

2360 0

889 0

8819 0

8552 0

8117 0

7758 0

7740 0

7185 0

6834 0

6829 0

6781 0

6279 0

6164 0

6142 0

5964 0

5899 0

5278 0

5217 0

4914 0

4896 0

4375 0

3849 0

3806 0

3780 0

3756 0

3013 0

2500 0

1789 0

1727 0

1595 0

1515 0

1408 0

1249 0

1088 0

946 0

7917 0

7640 0

7621 0

7440 0

7362 0

7329 0

6674 0

5982 0

5792 0

5736 0

5409 0

5361 0

5357 0

5332 0

5181 0

5093 0

4740 0

4337 0

4085 0

4048 0

4034 0

3909 0

3765 0

3258 0

3102 0

3048 0

2792 0

2364 0

2314 0

2261 0

2047 0

1719 0

1673 0

1578 0

1298 0

1283 0

876 0

813 0

785 0

667 0

633 0

599 0

287 0

177 0

8737 0

8448 0

8443 0

8268 0

8120 0

8005 0

7976 0

7972 0

7107 0

6847 0

6797 0

6725 0

6483 0

6454 0

6404 0

6371 0

5831 0

5731 0

5715 0

5434 0

5202 0

5201 0

5028 0

4887 0

4640 0

4525 0

4262 0

4103 0

3894 0

3791 0

3179 0

3156 0

2991 0

2956 0

2563 0

2403 0

2363 0

2288 0

2134 0

2070 0

2065 0

1643 0

1363 0

1217 0

1002 0

570 0

522 0

513 0

491 0

449 0

414 0

398 0

343 0

138 0

8822 0

8741 0

8643 0

8642 0

8631 0

8575 0

8519 0

8449 0

8364 0

8350 0

8207 0

8178 0

7826 0

7763 0

7699 0

7689 0

7585 0

7511 0

7406 0

7378 0

7307 0

6862 0

6842 0

6447 0

6345 0

6313 0

6112 0

6093 0

5958 0

5946 0

5863 0

5607 0

5606 0

5492 0

5419 0

5300 0

5285 0

4944 0

4823 0

4749 0

4673 0

4596 0

4449 0

4417 0

4414 0

4356 0

4308 0

4276 0

4235 0

4138 0

4036 0

3971 0

3815 0

3688 0

3626 0

3615 0

3602 0

3506 0

3499 0

3353 0

3310 0

3244 0

3240 0

2946 0

2918 0

2910 0

2756 0

2685 0

2511 0

2418 0

2305 0

2125 0

2100 0

2035 0

1995 0

1928 0

1851 0

1637 0

1577 0

1565 0

1458 0

1377 0

1144 0

974 0

947 0

755 0

657 0

655 0

322 0

96 0

8565 0

8478 0

8431 0

8266 0

8240 0

8231 0

8218 0

8187 0

8062 0

8056 0

7969 0

7901 0

7861 0

7828 0

7809 0

7795 0

7784 0

7783 0

7768 0

7446 0

7382 0

7354 0

7321 0

7287 0

7247 0

7205 0

7189 0

7077 0

6970 0

6879 0

6865 0

6762 0

6671 0

6649 0

6611 0

6607 0

6527 0

6524 0

6518 0

6435 0

6408 0

6347 0

6292 0

6242 0

5912 0

5893 0

5865 0

5854 0

5846 0

5837 0

5833 0

5756 0

5554 0

5477 0

5347 0

4994 0

4959 0

4844 0

4746 0

4641 0

4610 0

4601 0

4544 0

4452 0

4383 0

4373 0

4348 0

4315 0

4243 0

4026 0

3860 0

3832 0

3646 0

3508 0

3234 0

3173 0

3143 0

3141 0

3023 0

3007 0

2925 0

2769 0

2649 0

2549 0

2496 0

2469 0

2355 0

2233 0

2205 0

2197 0

2168 0

2151 0

1866 0

1588 0

1562 0

1512 0

1495 0

1288 0

1177 0

