692
1731 10
56343 48560 38720 60890 12327 3419 45223 64471 95203 77576 
3436 10
36867 90958 81552 45819 45468 46185 94387 21970 58862 41751 
11844 9
3844 61737 2179 40663 37635 16988 59239 92908 27870 
1999 10
51236 61793 68379 53990 12165 70422 12736 3149 59190 28716 
6035 10
17256 48185 85665 77960 78121 85144 65852 71620 10901 33727 
5717 9
46223 33365 23827 34404 71190 828 29378 61661 37602 
4077 10
85611 61256 16310 48995 5035 42404 27019 7393 91196 78376 
16895 9
47242 56444 49002 16875 17972 6586 42424 59294 49391 
4955 10
80534 90295 82655 41881 11233 19194 9672 68643 12454 42531 
16207 9
51553 68558 53345 75001 32662 32577 40659 15962 3011 
21327 9
36305 52584 81031 29766 45433 54275 63452 12467 84030 
23336 9
15071 21053 2416 24639 11917 29467 9746 89027 77880 
546 10
28231 79977 33071 93319 68342 65352 8169 46136 92121 9060 
1246 9
47834 15283 15846 64923 72379 64607 64534 12040 91906 
3925 10
21491 15548 62627 54366 41002 16668 25684 79719 46889 90049 
6202 10
20031 57478 43415 19443 52789 41740 11183 27616 58607 63741 
25259 9
39497 11136 58970 86974 59336 95759 89764 32227 12059 
1730 9
5741 86396 56099 43951 72791 35677 48224 32532 5388 
5007 10
37299 33121 25136 67789 94996 7229 68974 77666 18026 81590 
13049 8
39273 38334 53316 63042 32354 3793 4398 19582 
13951 9
60815 24065 33569 84850 85153 82773 50815 95583 88249 
6128 9
43062 57144 75426 68769 18696 22672 22477 42998 58775 
12778 8
31663 32692 1192 68240 49765 26090 44162 49877 
28378 8
76032 51715 82387 64393 61241 41528 38974 19684 
259 9
69074 53068 26164 50198 45335 68540 80798 59120 35448 
7877 8
37289 6109 15193 10150 11639 63909 34419 87747 
7237 9
29185 55933 54895 63061 54958 27378 53850 53780 34578 
22475 9
88166 49579 85816 67995 23629 17707 4673 3610 68103 
1326 8
20476 5584 85566 16440 86322 44790 7944 11784 
7081 9
41064 57786 77018 13515 80823 49956 35377 62977 89454 
29155 9
81057 72610 80452 47975 15171 73550 84437 70115 21005 
160 9
18352 7367 8385 88064 35441 12706 66186 20844 32398 
1487 9
86641 23217 54583 55254 41305 31792 93918 42113 77378 
188 9
24370 90506 83776 89055 76180 13154 47830 37277 83924 
12952 8
84544 53509 89197 20703 81034 77400 76479 34703 
8809 8
69959 51873 76956 2177 18091 71502 22330 82448 
13963 8
29348 16141 70704 17820 11704 68371 52751 77797 
20648 7
83261 28344 25868 23152 92428 12807 65202 
7410 8
90885 39697 5241 9232 70118 89511 92384 1071 
5685 8
51344 52694 96603 94908 78771 46820 94793 96260 
2084 9
87144 54707 84979 87839 10206 16140 73735 31393 82396 
27940 8
21242 76649 95793 45630 4760 68649 60903 25571 
14664 8
41340 78283 53284 3251 18561 36640 55544 72200 
7123 7
80871 7759 81980 50042 74372 49832 95177 
4798 7
31441 42821 53804 19460 66960 22490 3641 
16863 7
45744 69096 71838 65094 21078 44752 32100 
17786 8
86099 94060 69825 70980 16104 44414 27638 89518 
27049 7
2838 32648 42950 34094 73507 66451 20006 
7045 8
78123 58286 13272 71071 79080 44720 79572 58243 
14535 7
44234 75757 42572 47915 29454 93076 5798 
772 8
49476 35470 93290 84866 71154 58158 65651 16360 
10370 8
96552 89245 42957 30533 84560 4142 32429 84577 
6790 7
16257 8513 30043 15752 84466 62000 19646 
576 8
76142 75164 29471 60423 41616 93871 24390 46128 
2625 8
18248 93128 76177 642 52043 12531 25669 62091 
4294 9
55543 39468 13703 67708 29063 57587 24904 36175 25910 
16946 8
54658 89784 94224 37054 89758 2827 63883 13157 
5835 9
54261 90493 15145 21343 48843 48373 77282 85735 11734 
6561 8
52900 95887 71288 6798 69459 24323 27639 78791 
17005 6
44749 52531 25938 28226 86566 53730 
20679 7
1400 79159 82426 56430 56425 72463 89727 
25898 7
62604 87357 18401 25378 58608 1415 39359 
16938 7
21918 87548 49890 88949 39545 86838 73374 
5881 6
5867 51327 9708 95358 64216 10274 
11369 7
9713 53033 60389 70989 78708 44646 43052 
14843 6
86030 74586 65644 12587 77446 76275 
6745 7
25334 17250 70959 89667 62370 56904 20586 
821 7
54599 19739 64650 92860 7967 18467 1639 
19243 8
77411 38546 90380 54739 5329 53560 46578 86304 
6499 5
4984 84819 62252 35439 91901 
25631 8
88708 95285 66057 52299 74733 10414 64029 46496 
19237 5
54862 69597 69383 84119 44433 
24467 5
66736 28260 43732 17338 68121 
7924 6
51703 40869 65 95267 14048 71906 
21572 5
73205 94521 37011 57828 73313 
4558 7
57688 51520 43504 59314 31546 72780 25187 
217 8
21405 52265 93235 56536 78524 47003 25873 42739 
28564 5
64683 88784 30789 3484 78068 
10079 4
68995 92440 90387 49407 
24453 5
85900 41524 6777 65613 56750 
21625 3
32070 36992 58486 
6453 6
82970 65797 47101 62186 19023 42012 
2241 5
43342 69301 5750 43862 92847 
2021 4
73578 12203 29818 73474 
27240 4
48050 27146 86466 28388 
14305 4
1016 42100 22146 22278 
20040 5
10773 2963 94250 83456 58710 
20863 6
39602 35777 88864 65795 55606 65660 
6380 7
79146 94382 63318 8734 86280 92778 41672 
28643 4
45443 95214 46632 57625 
28332 3
66991 83031 14974 
13563 3
90419 41983 91265 
3598 5
23407 62359 57414 72486 13255 
1652 4
36824 58429 19320 81223 
28837 5
20509 84393 263 52954 89053 
11921 4
9681 62905 6729 40592 
16769 4
6932 4353 19093 61768 
6325 5
20278 62163 45458 11944 53469 
25417 3
68866 40640 29341 
2622 4
14622 11117 4658 18869 
2417 4
4567 8034 18797 62134 
17907 3
30538 83475 6567 
22480 4
11416 63320 49591 20633 
15066 4
53315 78754 87951 17076 
23985 2
26077 41453 
27153 3
16109 57631 10340 
12548 2
39689 26557 
5619 0

5579 0

5512 1
10190 
4822 0

29283 0

29271 2
82966 54957 
29249 1
51019 
29190 0

29126 1
919 
29083 2
48081 49659 
29042 3
81242 34680 16838 
29034 2
48904 93011 
29013 3
88715 42816 74789 
29003 1
57231 
28974 1
19117 
28918 0

28901 2
89841 57209 
28900 0

28895 1
54010 
28850 1
3480 
28842 1
65228 
28838 1
73155 
28836 0

28821 3
58037 70483 29105 
28817 0

28761 2
70175 39759 
28747 1
91069 
28740 0

28608 1
32319 
28594 1
48327 
28568 2
85405 87460 
28557 0

28473 2
95561 78551 
28456 3
52277 94109 42686 
28391 2
9825 78100 
28375 2
84924 29714 
28354 0

28318 0

28313 0

28279 2
25419 18899 
28273 2
19942 66727 
28199 2
16966 22566 
28032 0

28009 1
45984 
27947 0

27931 1
25624 
27928 0

27844 2
39132 75384 
27841 1
47247 
27772 1
70193 
27722 0

27605 1
45627 
27594 1
87149 
27589 0

27573 0

27455 0

27350 1
64633 
27344 1
65982 
27241 0

27182 1
77825 
27177 1
63147 
27175 1
30482 
27113 0

27111 0

27057 0

27042 3
27983 9942 55891 
27041 0

27032 1
24090 
26998 0

26938 0

26908 0

26836 1
56097 
26794 1
37901 
26764 1
57741 
26646 2
17803 18421 
26639 0

26609 2
83352 42028 
26580 0

26544 1
81160 
26524 0

26494 1
25262 
26460 0

26454 2
28604 3537 
26438 0

26431 0

26420 0

26415 0

26336 2
46928 81832 
26314 1
35536 
26296 1
59210 
26289 0

26276 3
21794 15861 78808 
26238 0

26214 0

26213 0

26173 0

26164 0

26095 2
22079 65240 
26033 0

26023 0

25929 0

25911 0

25893 1
81285 
25870 1
82041 
25841 0

25825 0

25755 0

25693 2
86666 35797 
25617 2
33717 65909 
25484 0

25448 0

25445 1
24263 
25374 0

25316 0

25262 1
32642 
25261 0

25208 1
83060 
25174 0

25144 1
56244 
25114 0

25110 0

25076 0

25070 1
48022 
25051 1
34546 
24969 1
72166 
24906 0

24862 2
28241 24245 
24837 1
68466 
24715 0

24646 0

24592 1
53672 
24584 2
32397 34981 
24558 1
30738 
24528 0

24507 2
15229 80600 
24477 0

24469 1
76311 
24425 0

24412 0

24411 3
65887 48280 17961 
24405 0

24400 0

24373 0

24340 0

24324 0

24305 1
36884 
24283 0

24281 0

24274 0

24263 1
80880 
24197 0

24139 0

24136 1
94896 
24081 1
93749 
24064 0

24059 1
67426 
23999 0

23990 0

23943 0

23928 0

23927 0

23920 0

23859 0

23838 1
13105 
23812 0

23806 0

23800 1
94957 
23789 1
13452 
23757 0

23754 0

23750 0

23631 0

23617 0

23603 0

23561 0

23549 0

23467 0

23362 1
40844 
23333 1
74905 
23317 2
35744 47404 
23273 0

23270 0

23189 0

23077 1
77679 
22988 0

22926 1
8637 
22903 0

22890 1
11019 
22878 1
39172 
22851 1
5962 
22846 0

22811 0

22783 0

22675 0

22653 1
53716 
22636 0

22571 0

22566 0

22557 0

22487 1
78841 
22483 0

22454 0

22411 0

22377 1
67701 
22305 1
11623 
22290 0

22273 0

22245 0

22233 0

22156 0

22142 0

22139 1
88612 
22133 0

22126 0

22030 1
30820 
22016 1
3072 
21996 0

21987 1
8689 
21973 0

21968 0

21962 0

21927 0

21855 0

21844 0

21827 0

21776 0

21737 1
71737 
21658 0

21592 0

21579 0

21501 0

21293 0

21194 0

21180 1
90658 
21166 0

21088 0

21071 0

21058 0

21021 0

20951 0

20846 0

20793 0

20764 0

20743 0

20735 0

20698 0

20683 0

20674 0

20667 0

20613 1
42431 
20612 0

20570 1
91685 
20518 1
80220 
20488 1
77593 
20475 0

20463 0

20456 0

20430 0

20401 1
37483 
20393 0

20391 0

20336 1
11281 
20289 0

20250 0

20214 0

20155 0

20116 0

20056 0

19972 1
9341 
19965 0

19932 0

19912 0

19890 0

19807 0

19767 1
18638 
19715 0

19696 1
90456 
19674 0

19633 0

19607 0

19594 0

19577 0

19525 1
13140 
19398 0

19397 0

19255 0

19225 0

19209 0

19188 0

19134 0

19125 0

19090 0

19014 0

18999 0

18959 1
37189 
18915 0

18842 0

18828 0

18821 0

18816 0

18801 0

18789 0

18774 0

18741 0

18684 0

18677 0

18668 0

18644 0

18627 0

18619 0

18596 0

18450 0

18410 1
57511 
18338 0

18263 2
6974 42008 
18262 0

18246 0

18216 0

18204 0

18091 0

18074 0

18013 0

17997 0

17975 0

17965 0

17950 0

17930 0

17891 1
71989 
17887 0

17874 0

17829 0

17815 0

17808 0

17791 0

17761 0

17711 0

17667 0

17590 0

17586 0

17585 0

17579 0

17558 0

17456 0

17449 0

17444 0

17423 0

17417 0

17346 0

17288 0

17267 0

17249 0

17229 0

17116 0

17061 0

17032 0

17030 0

17019 0

17000 0

16978 0

16965 0

16887 0

16855 0

16788 0

16778 0

16753 0

16744 0

16735 0

16731 0

16657 0

16540 0

16461 0

16442 0

16412 0

16351 0

16332 0

16245 0

16206 0

16150 0

16118 0

15964 0

15894 0

15855 0

15767 0

15758 0

15688 0

15652 0

15583 0

15515 0

15487 0

15454 0

15442 0

15400 0

15391 0

15354 0

15297 0

15263 0

15242 0

15216 0

15164 0

15145 0

15142 0

15134 0

15110 0

15100 0

15043 0

15011 0

15000 0

14964 0

14931 0

14864 0

14842 0

14801 0

14748 0

14650 0

14649 0

14618 0

14533 0

14517 0

14493 0

14445 0

14434 0

14410 0

14377 0

14353 0

14313 0

14306 0

14303 0

14222 0

14167 0

14138 0

14105 0

14047 0

14019 0

13997 0

13889 0

13784 0

13761 0

13669 0

13639 0

13623 0

13595 0

13511 0

13507 0

13499 0

13476 0

13472 0

13446 0

13427 0

13362 0

13361 0

13226 0

13220 0

13210 0

13086 0

13005 0

12993 0

12960 0

12942 0

12912 0

12852 0

12764 0

12757 1
16152 
12662 0

12579 0

12533 0

12525 0

12500 0

12451 0

12438 0

12436 0

12245 0

12177 0

12154 0

12149 0

11930 0

11918 0

11911 0

11902 0

11901 0

11898 0

11893 0

11880 0

11875 0

11870 0

11868 0

11862 0

11846 1
43175 
11806 0

11656 0

11641 0

11624 0

11596 0

11589 0

11471 0

11395 0

11350 0

11317 0

11316 0

11261 0

11179 0

11174 0

11156 0

11104 0

11084 0

11078 0

11069 0

11044 0

11016 0

11006 0

11005 0

10978 0

10950 0

10831 0

10778 0

10741 0

10645 0

10632 0

10629 0

10625 0

10613 0

10599 0

10576 0

10551 0

10544 0

10281 0

10259 0

10117 0

10116 0

10113 0

10105 0

10101 0

10075 0

10066 0

9986 0

9949 0

9849 0

9824 0

9821 0

9794 0

9758 0

9747 0

9706 0

9669 0

9613 0

9455 0

9442 0

9403 0

9399 0

9364 0

9338 0

9321 0

9316 0

9310 0

9268 0

9239 0

9187 0

9129 0

8970 0

8962 0

8943 0

8932 0

8905 0

8899 0

8866 0

8865 0

8810 0

8807 0

8719 0

8695 0

8645 0

8468 0

8384 0

8342 0

8322 0

8305 0

8293 0

8289 0

8250 0

8206 0

8134 0

8122 0

8091 0

8040 0

8023 0

7996 0

