37
2447 30
92830 85314 60468 57612 40790 32005 70806 7797 31396 87205 42599 95342 13449 34792 65635 19399 65283 58966 68921 99838 61424 38481 4430 54647 60466 16961 91756 89331 51453 84970 
1204 30
98533 58642 26573 43252 13845 96690 10713 71797 7522 19622 55220 34962 37276 64020 9499 73023 76908 42448 23460 67749 2655 70836 64219 42161 28835 44198 56014 24907 33884 8610 
4022 30
8269 84365 36777 49785 10513 76233 99640 56165 48732 87364 80746 77261 71928 46982 11266 57419 98674 34185 37070 19750 96187 35732 61694 69451 72245 75004 11567 70883 73430 50277 
3911 28
26672 89394 72039 78273 19886 80537 4961 94898 28051 53485 97397 21904 90413 83665 77878 26728 20529 82680 23024 31143 98868 17511 17311 68315 74969 47209 94719 16387 
14 28
11556 41067 83271 95920 74121 92876 82201 4634 31040 380 9329 90950 49342 32559 71401 91331 65958 97088 95901 8716 51835 82596 21104 93710 89568 25820 21549 1730 
3586 29
7518 57978 72843 88227 76286 8712 22361 10832 81325 82174 60989 45058 79146 4499 85138 69650 29685 35147 74992 70938 56997 3611 30692 12727 11513 42430 94740 73572 66170 
226 28
34817 84711 57194 29895 30006 40183 10165 85635 38374 93505 84013 4233 57868 69582 85760 35450 69832 55142 29459 34352 91025 38792 39446 90988 90541 60542 49651 46532 
702 27
21036 69552 67878 71864 70355 87836 25422 37600 14695 71868 4801 85605 13680 58323 17664 83548 40280 37119 75572 72768 51936 24807 26765 44399 51765 7258 52474 
1402 27
6498 55743 80901 77501 85469 11089 39128 7607 72953 28386 49388 75010 20420 18583 73009 54803 36402 56654 40110 62371 21033 40923 24711 98412 34492 48961 74739 
3267 27
30814 3710 33737 29305 37454 75928 98134 69955 19233 96368 43966 51722 91039 37582 47928 72176 98570 64585 11258 29676 30431 32891 35672 21140 39996 89867 37715 
3850 26
7179 40312 11505 11289 95653 28477 94384 39477 24439 34720 32750 1975 6731 86996 79009 16010 24128 90002 85981 35891 12378 59229 31745 21212 6513 76036 
2970 26
65462 95017 15055 88294 37428 3519 71473 83065 68779 97447 11891 48335 76558 15031 28020 13328 97419 69247 58712 86928 27230 67597 97572 65318 24289 64038 
856 22
8050 13514 61545 40443 78187 78659 55191 83800 76998 475 2563 80048 44211 72657 99816 24624 32385 2126 56447 78656 50196 46703 
5014 24
93797 5629 97113 19141 28773 22724 56791 46276 39219 13346 30127 82242 29847 44158 35784 75160 24071 84479 30048 71562 86608 20924 49339 63123 
2102 22
69608 97591 98298 79734 15339 53829 62176 98896 505 44326 31491 56464 49758 97219 55624 50989 92934 76709 98913 7326 87100 2690 
1207 19
62316 60507 74159 76555 91653 88621 11380 48580 56252 44990 64658 33594 60628 61776 9388 44800 17917 13939 59733 
5754 18
28469 43890 26423 50315 45168 9885 94054 41885 39261 72093 34251 25313 19527 12655 94378 90768 89722 24035 
3504 18
16753 45430 15309 97943 79551 10560 15863 43341 32760 68417 63716 31081 94595 39194 25532 30536 49314 17497 
2956 18
36037 59005 97022 9134 66382 97842 68739 57185 29632 84301 59039 15858 21262 86894 20952 7495 40287 91019 
621 20
12888 48792 66687 40406 98536 93415 385 43667 36693 95219 62385 28183 25581 68766 73317 70317 14627 70219 1544 60405 
2380 19
63680 12850 4319 25834 27112 71178 60020 12932 98830 39772 40732 34545 32460 58868 25887 39890 89680 52701 54506 
4274 16
62372 20047 48256 10947 7193 42746 26913 23509 21430 19728 75803 59638 92905 91998 40605 77758 
4973 15
30506 1233 53833 65522 24238 45286 89748 91001 59034 79375 54174 78389 81660 727 97910 
1392 15
59283 55643 50967 29503 25966 34871 87127 37649 33231 12546 22145 58579 75114 70609 47551 
5436 17
76487 89267 71209 46390 72279 38139 76468 96776 95988 13065 61714 37000 11246 60048 37810 47151 33009 
36 17
34374 57600 9556 18508 34319 66052 13355 50217 14718 18932 18211 46601 20939 88535 83226 55772 17536 
1801 12
49194 71355 70177 34888 7537 54674 42259 83201 9047 41369 32362 37414 
2670 15
5661 59085 63769 18060 63083 70677 77305 10129 40354 5039 92632 75590 92714 2975 63579 
4042 14
90282 84564 77197 94453 3636 67577 14177 28708 63012 66697 54396 10133 50583 36554 
6114 10
88609 84853 78727 8340 64324 52587 78828 65911 15913 73310 
632 11
70258 92942 21902 61691 37583 75466 43941 69018 53343 98150 33755 
1099 9
47889 51229 1699 73371 94560 42287 72983 67337 33990 
1820 11
79178 45713 12680 7542 97542 74115 83269 90470 62520 24240 28285 
1359 9
75163 26056 96499 41741 48839 44186 52129 87871 71279 
2429 8
81843 86510 84912 1789 8035 9309 91804 45887 
496 11
31157 54849 52380 38829 46202 34472 73992 74603 21106 1472 97363 
451 9
12524 52206 44787 77108 67652 99239 58118 74848 99144 
