308
1063 126
88650 99771 34187 66909 14754 26974 47006 44716 39885 99074 34293 82314 70053 6134 19859 74817 80805 29311 71484 29918 79902 81749 71264 4339 29078 13967 35679 39456 75417 25412 28763 78507 29189 8291 89073 88055 68891 11950 61123 73636 27579 87138 97655 55246 46241 73577 47188 61112 98164 97055 73370 59049 40773 19735 18882 61973 90906 37493 99920 96025 31129 60701 43785 40635 90174 95430 86250 66045 67482 24159 48115 46733 55021 69099 7642 76580 79221 93837 64968 39981 33103 77093 54391 75704 41072 81849 47045 51276 14185 31950 96608 46436 30122 63241 57843 73539 63383 36767 52417 94980 4081 48512 9104 88285 20256 35944 58976 84614 51392 45820 50177 56130 68492 36410 45410 25916 34301 64871 27964 67913 38651 1119 14864 21318 82259 62054 
179 111
55606 89574 75115 49989 23322 13011 22118 61634 70617 7372 46000 90860 97121 34640 24949 83809 87216 64558 84194 97012 20602 86209 18607 15636 38314 26893 16535 14772 23031 84324 48787 14764 33362 9138 63 86403 28842 42387 92504 55285 37191 71864 13220 28889 60655 68618 16750 79417 25283 85999 76500 26865 32965 59463 479 58038 89998 63451 84659 35228 13038 65717 83706 62359 46734 23303 64409 36337 84287 81754 80420 35160 36303 81123 96807 95048 30555 71933 72777 86993 56677 52187 45085 96021 32089 82610 24764 94259 68031 43248 54400 3372 89587 67930 69827 8800 59872 88642 82026 8592 58576 30426 29750 17090 41936 95677 21180 17558 69200 57022 80103 
2882 85
77553 17512 10437 77984 22973 49676 915 43514 4289 77952 40809 71328 42048 63287 36617 18414 11761 13050 63572 25414 13136 14635 52168 13637 82346 82447 52207 87290 7395 95426 84991 6254 12590 8380 71786 84564 82097 83362 4851 39683 68447 74714 42231 79652 29454 17639 95050 59605 17084 95299 29416 79359 14838 82829 43699 59172 63995 33245 98880 57922 36693 77943 51387 12223 57199 24144 18443 26888 78351 34259 10465 86997 63943 32483 82639 93471 56898 84942 73040 95591 14197 76411 94071 13072 92517 
4925 58
41107 39601 79017 94442 6027 6997 95874 90440 41897 96260 17497 85589 47589 36010 28560 42737 42828 52244 13080 55766 9738 48784 39681 94315 37938 12696 23930 72610 17155 8758 93913 83956 57108 16915 55170 14921 7610 83385 29173 92764 78724 53651 62210 65870 26761 81475 71121 65255 39035 55788 22197 18261 14349 12653 25926 5298 12654 36285 
5240 44
56305 97471 34470 85650 52297 90190 27934 55253 48641 49660 45013 87414 56163 3682 82406 65364 77873 37516 40393 92325 39708 64552 800 34990 63815 88689 45868 95123 37910 86122 67584 61081 70667 59269 96084 39171 874 23000 14874 26820 86085 45785 13271 72369 
1691 34
43875 81953 88881 48914 400 79194 88714 71298 52057 75946 88808 28418 470 73614 67146 23082 25100 37969 97458 71073 16099 3014 71103 27926 59756 56962 97348 11989 68865 80633 78185 63315 74673 38545 
2979 26
13308 409 78791 57750 37422 46723 38487 31868 19370 57733 71685 59722 22434 83805 63013 66620 24591 28029 3979 72393 13120 36147 84187 59620 78996 4617 
871 19
15201 61802 21527 11166 96268 94617 77920 14732 38363 46056 63051 83092 78197 91500 79872 76245 58832 11374 46467 
461 9
56449 63130 85702 24614 43929 13649 61142 35333 56100 
6834 6
7621 82746 18583 99721 50063 20473 
5101 1
22687 
3267 1
38373 
5991 0

2228 0

4189 0

3001 1
41768 
2443 1
77915 
1763 0

7349 0

6653 0

6628 0

5258 0

5226 0

4726 0

3880 0

3829 0

2781 0

1880 0

1201 0

942 0

888 0

7689 0

6948 0

6841 0

6773 0

6208 0

6107 0

5594 0

5349 0

5087 0

5080 0

5077 0

4969 0

2928 0

2250 0

2060 0

1297 0

996 0

5509 0

4374 0

4351 0

2590 0

2553 0

1982 0

1543 0

1521 0

1219 0

1167 0

541 0

514 0

249 0

42 0

7716 0

7545 0

7468 0

7447 0

7404 0

7198 0

7112 0

7095 0

7086 0

6615 0

6403 0

6216 0

6142 0

6086 0

5765 0

5620 0

5547 0

5475 0

5446 0

4802 0

4660 0

4582 0

4555 0

4400 0

4263 0

4136 0

3907 0

3866 0

3726 0

3554 0

3467 0

3270 0

3226 0

3053 0

2736 0

2435 0

2318 0

2047 0

1938 0

1881 0

1836 0

1829 0

1532 0

969 0

963 0

745 0

418 0

385 0

351 0

7798 0

7795 0

7654 0

7645 0

7603 0

7369 0

7212 0

6793 0

6707 0

6103 0

6060 0

6012 0

5957 0

5907 0

5894 0

5732 0

5694 0

5686 0

5487 0

5435 0

5348 0

5238 0

5216 0

5205 0

5201 0

5150 0

5146 0

5079 0

4920 0

4861 0

4624 0

4586 0

4549 0

4390 0

4077 0

4014 0

3854 0

3807 0

3786 0

3772 0

3691 0

3475 0

3452 0

3438 0

3381 0

3263 0

3169 0

3139 0

3123 0

3071 0

2978 0

2867 0

2837 0

2797 0

2467 0

1860 0

1841 0

1475 0

1312 0

1129 0

1103 0

1065 0

585 0

456 0

431 0

309 0

201 0

137 0

94 0

7937 0

7720 0

7541 0

7301 0

7131 0

7037 0

6970 0

6933 0

6925 0

6911 0

6893 0

6821 0

6783 0

6765 0

6731 0

6700 0

6608 0

6582 0

6327 0

6168 0

6162 0

6029 0

5856 0

5853 0

5795 0

5703 0

5611 0

5606 0

5599 0

5579 0

5486 0

5028 0

5024 0

4945 0

4896 0

4835 0

4446 0

4336 0

4194 0

3989 0

3976 0

3964 0

3939 0

3915 0

3864 0

3855 0

3791 0

3777 0

3739 0

3658 0

3573 0

3503 0

3399 0

3325 0

3220 0

2937 0

2801 0

2799 0

2728 0

2721 0

2608 0

2460 0

2412 0

2402 0

2344 0

2329 0

2056 0

2040 0

1936 0

1921 0

1826 0

1719 0

1704 0

1636 0

1462 0

1238 0

1228 0

1180 0

1179 0

1149 0

1138 0

1102 0

1047 0

905 0

904 0

858 0

810 0

672 0

618 0

606 0

509 0

477 0

471 0

455 0

327 0

267 0

256 0

190 0

96 0

6 0

7874 0

7853 0

7844 0

7819 0

7752 0

7696 0

7671 0

7633 0

7609 0

7571 0

7551 0

7522 0

7509 0

7442 0

7441 0

7405 0

7357 0

7326 0

7311 0

7297 0

7249 0

7161 0

7057 0

7038 0

7031 0

7003 0

6920 0

6847 0

