253
3969 17
33995 73464 15213 67019 19890 63505 61486 61196 5459 64384 89268 59696 7391 34684 38616 39764 19529 
6227 17
25405 97567 11972 55095 52214 14049 97483 96566 50643 62047 7394 36738 23204 35149 75755 1243 17198 
3496 16
42169 97170 28676 67028 51285 86762 16270 36959 67033 72296 30301 48081 39214 70289 87769 91979 
2140 17
32369 32587 4041 92400 41490 91692 56703 3981 34569 26318 42282 71167 32379 41771 50832 8659 40398 
4951 17
18054 14907 71422 81619 448 16231 5279 40193 24536 56417 63778 47730 18841 18911 36363 42281 16259 
2153 17
79845 13665 2493 31424 56320 50724 31430 59513 98499 31106 43122 14752 46325 49943 61102 69579 47717 
70 17
7180 50827 46646 3860 8196 6181 62751 52013 35716 82230 21587 77225 32483 36417 79495 59419 23586 
4380 16
93327 7515 93640 32220 55519 70174 5479 14050 22204 18378 3928 21506 76366 7575 26430 68935 
7907 17
3264 7379 39922 42100 21128 11322 86537 97332 20133 58746 46406 75303 27074 5829 31149 53601 93476 
2524 15
27601 26903 33873 79330 1099 79228 90600 41063 6575 34624 30160 15470 30149 13015 80510 
4328 15
45886 49545 72920 2285 36808 27813 35385 90390 81267 63918 75082 74065 59977 24140 40694 
2795 16
51171 34107 4631 49615 7706 5638 25550 74207 54841 84868 18410 86043 93178 4613 70575 69859 
7721 14
16528 44861 50011 93371 98753 16178 71307 21265 15773 92352 76479 15325 54934 51329 
3380 14
12886 78144 53903 19605 69068 54694 38777 68174 76862 29660 98084 7818 51740 86695 
4595 15
21710 89894 32541 5466 19209 61480 10259 35996 43158 39226 79893 72580 29085 49298 47553 
8935 15
86050 98020 87866 24470 38947 92491 55260 75128 48315 46333 91916 84280 84717 59461 59308 
2186 14
86964 1070 30523 43903 52116 36661 9328 15855 32994 10302 13046 56909 80981 47986 
2938 13
94135 27265 43944 11020 86550 2452 67541 51634 30090 33965 18111 72203 55951 
2674 13
29072 90433 62600 30188 40794 77183 16529 8451 23414 93109 32032 74327 77172 
4165 13
8007 52177 4600 49191 57771 60144 39799 8224 15313 38526 23186 61444 4730 
7381 12
8709 44657 97158 63659 42523 22163 31244 63456 44658 59016 60803 22034 
4726 11
48338 95167 77962 2203 56082 68026 68273 86528 45624 48350 73817 
1591 10
56338 64659 88019 38893 70475 58414 96900 28446 53715 79804 
1631 12
90411 70202 98504 50120 93451 94624 52490 34229 59067 66909 51873 76723 
9487 13
55177 28688 2758 59420 92232 26818 63728 50156 44429 61543 69850 88994 87344 
6405 10
29976 69179 80989 3724 95537 98710 79641 94884 58374 90752 
7029 11
9785 74893 6667 30736 94875 26265 67191 51556 82523 6255 44338 
4367 9
73438 66997 67142 39282 85734 29546 44474 22284 80554 
6493 9
60361 75590 66652 80242 75497 29525 75197 3479 40533 
3362 9
89603 41045 11351 24577 64968 61708 245 4778 87324 
2443 8
67199 32543 57236 78902 25964 66153 77569 18274 
7576 8
12559 13468 87743 84212 7813 37564 3030 91868 
2951 8
76819 12599 11910 83092 57216 20804 37554 32103 
7442 7
10069 88098 29108 1952 773 68526 17762 
3713 6
17472 63290 81737 76328 77103 88059 
8663 7
83950 74898 27682 81052 40810 32192 14435 
527 8
61281 8278 88650 50501 2603 96454 39535 25501 
8942 5
40629 36630 61163 74578 64430 
2346 5
17975 9865 12035 6337 32958 
9801 6
20548 81775 17216 18599 3502 19898 
6484 4
60044 84637 35003 13274 
443 4
80572 61722 96052 59202 
3402 5
19437 40423 36485 63959 66273 
7211 4
9871 21693 76673 38403 
1701 5
53106 91107 81587 32898 35178 
6871 3
68503 28100 22903 
6126 4
57954 45685 94260 28336 
4346 2
4669 35602 
313 1
6937 
9456 0

9641 0

8460 0

7418 0

7079 0

6985 0

6847 0

6667 0

6132 0

5370 0

2429 0

1565 0

1280 0

199 0

156 0

10101 1
64003 
10076 1
91804 
10043 0

9981 0

9975 0

9925 0

9910 0

9888 0

9752 0

9751 0

9736 0

9702 0

9638 0

9634 0

9608 0

9605 0

9572 0

9549 0

9522 0

9397 0

9335 0

9190 0

9149 0

9095 0

8969 0

8915 0

8871 0

8759 0

8620 1
22091 
8619 0

8487 0

8478 0

8217 0

8171 0

8145 0

8141 0

8118 1
59022 
7884 0

7796 0

7751 0

7749 0

7718 0

7707 0

7579 0

7578 0

7545 0

7500 0

7498 0

7489 0

7459 0

7448 0

7354 0

7346 0

7296 0

6991 0

6797 0

6782 0

6675 0

6531 0

6377 0

6344 0

6229 0

6201 0

6172 0

6128 0

6098 0

6024 0

5894 1
45928 
5798 0

5618 0

5567 0

5490 0

5462 0

5448 0

5361 0

5357 0

5162 0

5139 0

5088 0

4976 0

4897 0

4867 0

4850 0

4649 0

4621 0

4615 0

4546 0

4455 0

4444 0

4404 0

4339 0

4302 0

4269 0

4244 1
27268 
4205 0

4159 0

4141 0

4136 0

4070 0

4047 0

3991 0

3942 0

3939 0

3832 0

3828 0

3822 0

3795 0

3638 0

3597 0

3391 0

3310 0

3177 0

3165 0

3069 0

3065 0

2889 0

2876 0

2842 0

2675 0

2508 0

2498 0

2402 0

2392 0

2334 0

2281 0

2163 0

2127 0

2071 0

2032 0

2010 0

1921 0

1756 0

1748 0

1633 0

1509 0

1503 0

1476 0

1450 0

1313 0

1244 0

1222 0

1171 0

1093 0

997 0

985 0

923 0

898 0

802 0

712 0

693 0

619 0

605 0

562 0

559 0

532 0

507 0

405 0

289 0

261 0

152 0

147 0

10181 0

10180 0

10166 0

10147 0

10132 0

10125 0

10123 0

10121 0

10099 0

10078 0

10044 0

10031 0

10023 0

10012 0

10002 0

9997 0

9988 0

9948 0

9937 0

9900 0

9897 0

9896 0

9891 0

9889 0

9881 0

9847 0

9836 0

9826 0

