141
1075 17
51512 38656 86258 34081 43072 55787 87863 3785 97689 61518 99497 9522 23211 76035 25146 66825 21383 
305 16
50410 92420 20647 41302 2319 82402 129 87387 77699 65617 47766 63855 23946 96098 63521 17496 
1227 17
66820 18306 5806 78870 24420 71625 72226 18409 15327 19126 71123 73643 4455 75922 63622 45709 24481 
4985 15
63694 71594 19915 24208 32491 34762 49646 12128 95361 42800 35905 84697 54793 3837 91237 
4082 16
18009 75651 68775 71611 78784 59313 4018 86833 4593 22443 4812 6812 97974 32272 28594 28026 
3961 16
60750 23032 72621 87582 38637 71648 80605 78839 49044 34341 82213 29277 82365 36520 69270 34626 
722 15
79708 59372 70046 3221 16409 61634 32379 21154 17516 51175 80781 75444 9562 87902 47264 
672 15
7827 55474 93020 44323 90345 50056 40433 77052 81016 988 82200 51273 34427 45433 60904 
1631 16
19238 26564 84308 72684 15978 58456 7734 42569 21199 11789 63616 60386 80701 14211 77537 2568 
6742 13
97397 83709 80273 63005 98095 13303 69724 19536 56110 56975 95893 55354 17634 
1268 15
63113 36957 5138 82419 77141 20242 52623 36676 80356 86636 14676 37486 16532 6094 8083 
2164 12
92337 60598 28461 21989 62039 20671 57943 54357 2731 78027 21151 24111 
3545 12
3806 39855 98382 29113 96744 80577 93510 62063 63374 61044 41529 43835 
2231 14
57430 5544 67249 3280 8523 49569 40364 4834 59834 47287 95051 75649 37095 60840 
6533 14
5869 32414 73338 19040 29150 30039 43042 40470 31029 81944 51775 1250 2763 34855 
1165 14
15319 85656 42891 78780 88717 79041 96498 14124 39935 98465 74674 60713 27884 50886 
2553 13
67551 41597 22464 94861 7909 13811 15413 3512 60849 97004 82130 68543 39776 
325 11
94595 64356 92718 74097 28361 20612 6176 83832 39747 58317 26637 
1290 11
72872 56915 79965 3060 59241 74937 32001 22437 92540 43494 3312 
4807 11
56332 42093 43520 16931 47485 5328 15972 71651 75025 84063 59852 
3251 12
22889 58271 17357 45572 9283 45378 22871 92802 15836 72481 22594 54854 
1194 12
68155 13305 35743 27003 71888 37336 58347 71827 72483 50602 1227 11505 
2095 10
44060 4825 7854 37452 29614 31738 16980 30279 66013 26043 
430 10
48039 83536 62125 88431 3451 18551 75241 598 62369 79191 
65 7
29318 50043 27694 66634 49329 22294 67696 
5124 7
52965 47886 20702 80462 86323 84356 99997 
1898 8
37605 46432 90848 69950 50821 22170 6428 83495 
5663 8
50836 79813 36958 49214 7900 48992 71587 68302 
1558 8
53862 86438 83172 29367 34166 84828 69160 52467 
4869 6
73292 46358 75912 65705 34755 85683 
2911 7
95900 79320 54979 487 67190 45530 71230 
715 5
55218 59630 32933 231 45048 
1208 6
62783 53463 31423 75279 74505 72587 
3445 6
81731 9769 87486 3741 74761 79604 
4075 4
9552 8911 45501 67258 
4304 3
22508 16636 43653 
1237 5
32320 71169 53407 60735 16667 
835 3
7670 53244 25109 
1495 3
60981 9389 54734 
584 4
34252 94605 87834 71400 
3912 1
6032 
6033 1
11701 
5472 0

4451 0

4193 1
60759 
4039 0

4003 1
82156 
3369 0

1855 0

1759 0

1549 4
68443 87210 65929 27359 
524 0

390 0

259 0

204 1
65652 
6772 0

6768 1
30982 
6706 2
88070 96552 
6644 0

6615 0

6595 1
60406 
6544 0

6530 1
13775 
6526 0

6518 1
85322 
6514 0

6513 0

6479 0

6472 0

6452 0

6411 1
78364 
6394 0

6391 0

6340 1
69968 
6329 0

6313 1
61536 
6302 0

6281 0

6212 0

6158 1
28116 
6098 0

6097 0

6052 1
81974 
6050 0

6029 0

6021 0

5977 0

5965 0

5927 1
59252 
5907 0

5890 0

5880 0

5841 0

5805 0

5772 0

5743 0

5731 0

5724 0

5654 0

5625 0

5618 0

5557 0

5539 0

5522 0

5510 0

5507 0

5468 0

5442 0

5384 0

5383 0

5374 0

5354 0

5311 0

5299 0

5257 0

5216 0

5212 0

5201 0

5184 0

5156 0

5152 0

5135 0

5132 0

5126 0

5103 0

5097 0

5092 0

5083 0

5080 0

5053 0

5045 0

5003 0

5001 0

4960 0

4948 0

4922 0

4898 0

4897 0

4890 0

4888 0

4871 0

