251
3764 124
28654 28375 39527 1022 37755 26742 52546 35740 24356 33607 14694 37608 54150 22304 29307 36345 42023 26928 26747 33383 54115 20232 9814 16585 50131 50920 52075 12651 123 32559 36067 21577 29156 51316 14649 38210 39464 27982 44791 8883 21854 8447 17924 53792 42300 40815 24086 15675 53237 23073 15958 50627 1627 30225 33271 12802 52437 52339 51259 29816 42325 5538 25008 13650 47481 45505 39528 13018 2416 7163 20254 35076 2795 4395 46813 6661 48304 10142 1985 43018 23531 17213 40230 10144 48491 28481 41453 24011 15375 43785 53555 24343 45700 10620 31576 52229 32331 53328 27949 18174 54642 28581 20815 17254 6095 3226 53636 33949 29464 13029 8156 8169 21422 12784 53285 55176 20827 30224 24956 28121 41425 25808 32846 22757 
2716 43
36577 53833 54342 7733 30891 54448 15110 35426 26333 4355 21798 44717 35813 46565 34994 33292 13161 41619 34566 14232 5999 8763 40848 46274 28888 16874 16136 5699 45163 12492 36946 34176 4358 5294 47287 48294 24300 19997 21566 6044 3138 27648 41319 
7681 5
20607 21190 2111 35035 6872 
2498 0

7512 0

5640 0

372 0

1763 0

1436 0

5417 0

4496 0

475 0

7951 0

7567 0

7519 0

6026 0

4849 0

3576 0

2884 0

2789 0

2631 0

2377 0

775 0

333 0

68 0

8001 0

6959 0

6744 0

2013 0

869 0

400 0

313 0

311 0

7799 0

7300 0

7109 0

6654 0

6491 0

6168 0

6137 0

6030 0

5962 0

5942 0

5870 0

5690 0

5518 0

5474 0

5280 0

5066 0

4324 0

4319 0

3898 0

3836 0

3043 0

2993 0

2328 0

2157 0

393 0

388 0

216 0

7982 0

7155 0

6798 0

6477 0

5988 0

5916 0

5548 0

5232 0

5213 0

4443 0

4103 0

3971 0

3960 0

3205 0

3174 0

3120 0

3119 0

2978 0

2901 0

2858 0

2717 0

2375 0

2322 0

2094 0

2077 0

1875 0

1137 0

1089 0

1068 0

499 0

200 0

7815 0

7805 0

7739 0

7588 0

7581 0

7506 0

7223 0

6457 0

6372 0

6358 0

6192 0

5864 0

4722 0

4604 0

4451 0

4338 0

4162 0

4069 0

4013 0

3982 0

3533 0

3442 0

3208 0

3009 0

2642 0

2453 0

2236 0

2134 0

2129 0

2062 0

1780 0

1697 0

1600 0

1103 0

777 0

175 0

7948 0

7850 0

7773 0

7756 0

7513 0

7496 0

7407 0

7103 0

7003 0

6988 0

6984 0

6937 0

6750 0

6630 0

6595 0

6562 0

5715 0

5082 0

4642 0

4608 0

4441 0

4373 0

4165 0

4057 0

3511 0

3457 0

3151 0

2750 0

2638 0

2565 0

2446 0

1845 0

1737 0

1301 0

1288 0

1221 0

1146 0

884 0

704 0

410 0

231 0

7986 0

7956 0

7744 0

7628 0

7505 0

7493 0

7476 0

7431 0

7292 0

7140 0

7046 0

7036 0

6961 0

6578 0

6363 0

6354 0

6323 0

6203 0

5956 0

5835 0

5829 0

5808 0

5789 0

5726 0

5694 0

5680 0

5653 0

5632 0

5540 0

5016 0

4594 0

4444 0

4359 0

4237 0

4160 0

3976 0

3879 0

3860 0

3571 0

3548 0

3181 0

3135 0

3057 0

3050 0

2974 0

2945 0

2806 0

2732 0

2695 0

2470 0

2264 0

2263 0

2217 0

2110 0

2037 0

1809 0

1796 0

1685 0

1561 0

1291 0

1102 0

934 0

733 0

617 0

575 0

390 0

371 0

212 0

140 0

131 0

73 0

7998 0

7913 0

7836 0

7791 0

7621 0

7573 0

7483 0

7455 0

7369 0

7340 0

7112 0

7064 0

