395
3558 102
39289 48112 45482 67331 25924 51832 82575 44955 3182 12143 5806 39494 33619 10965 82536 52490 63335 32306 59706 77761 41099 50728 59558 8584 41967 61819 54968 48978 63979 13292 2435 83555 41232 83798 40975 76336 37992 81839 15065 68458 45961 31046 71025 27462 11307 48557 42785 67552 50735 26333 11263 85807 72426 71398 20792 76501 21655 39775 57825 49624 9308 87874 48084 85470 64734 59414 33458 84717 49017 70201 17995 35910 21970 34646 24396 13503 2281 6663 29823 952 31428 76633 65840 32971 37397 11239 66988 5162 67369 80904 32143 4399 16952 7082 16912 28282 88903 84178 38294 23350 78982 25446 
6355 69
21218 25865 25728 73377 41620 12160 55087 19641 36566 34995 51801 47456 41204 47651 13583 36552 39472 62548 29413 9143 14793 81443 48722 35771 52090 86696 38481 10000 88143 77152 19570 13988 84907 85794 40473 51274 54956 14246 61142 48130 17295 46156 29891 10451 15863 13547 79740 4842 71878 55290 38821 5749 69231 693 63305 60793 50945 60046 44839 22875 2464 67655 25977 13363 28826 7622 88862 48872 63658 
5102 45
68810 49056 24259 69442 24840 15357 39838 82296 57064 4506 38463 49163 9990 87125 1841 47267 1036 2418 77986 41701 63597 20135 69996 57442 40729 5548 1587 12876 43013 59314 64486 3742 19773 8337 79680 80729 61823 59365 65420 8744 55994 56951 82909 71723 46223 
3508 27
10980 69159 50808 87207 20278 7807 75909 22251 10128 56702 15127 27097 56889 81383 28259 49928 27038 5898 30834 83035 9498 9729 61403 21246 66710 13635 81483 
6033 11
50533 50963 39423 56183 18657 1078 52252 23173 50320 21338 22081 
6217 4
49154 66465 32131 44922 
1737 0

581 0

1762 0

421 0

5991 0

4623 0

3965 0

1745 0

1060 0

6832 0

6278 0

5487 0

3291 0

3270 0

2573 0

1968 0

843 0

6860 0

6512 0

5717 0

5524 0

4633 0

4600 0

4436 0

4306 0

3854 0

3539 0

3138 0

2938 0

2803 0

2709 0

1980 0

1863 0

1493 0

1383 0

1237 0

1041 0

976 0

370 0

354 0

332 0

6716 0

6678 0

6606 0

6440 0

6393 0

6148 0

6100 0

6042 0

5955 0

5817 0

5203 0

4776 0

4505 0

4489 0

3900 0

3753 0

3649 0

3625 0

3494 0

3437 0

3139 0

3058 0

2995 0

2980 0

2838 0

2660 0

2396 0

2333 0

1656 0

1573 0

1486 0

1426 0

1309 0

1177 0

1129 0

1098 0

857 0

711 0

700 0

480 0

409 0

391 0

6924 0

6835 0

6816 0

6800 0

6793 0

6684 0

6648 0

6608 0

6321 0

6315 0

6209 0

6133 0

5916 0

5822 0

5804 0

5798 0

5755 0

5565 0

5226 0

5138 0

5026 0

5006 0

4932 0

4836 0

4725 0

4669 0

4454 0

4352 0

4348 0

4270 0

4242 0

4197 0

4171 0

4009 0

3930 0

3917 0

3857 0

3804 0

3770 0

3655 0

3643 0

3562 0

3500 0

3497 0

3394 0

3365 0

3290 0

3248 0

3193 0

3167 0

3151 0

2993 0

2954 0

2913 0

2802 0

2304 0

2236 0

2201 0

2086 0

2035 0

2016 0

1994 0

1923 0

1869 0

1867 0

1819 0

1817 0

1752 0

1730 0

1646 0

1643 0

1307 0

1222 0

1097 0

1038 0

962 0

899 0

882 0

864 0

834 0

577 0

388 0

175 0

133 0

119 0

87 0

12 0

6882 0

6849 0

6843 0

6822 0

6726 0

6657 0

6625 0

6620 0

6568 0

6545 0

6532 0

6463 0

6342 0

6273 0

6267 0

6220 0

6140 0

6087 0

6012 0

5967 0

5870 0

5859 0

5826 0

5604 0

5438 0

5351 0

5261 0

5252 0

5115 0

5053 0

5003 0

4976 0

4970 0

4877 0

4809 0

4746 0

4639 0

4636 0

4549 0

4533 0

4503 0

4425 0

4400 0

4301 0

4265 0

4249 0

4195 0

4170 0

4139 0

4046 0

3996 0

3980 0

3906 0

3801 0

3698 0

3679 0

3666 0

3657 0

3629 0

3613 0

3569 0

3507 0

3496 0

3369 0

3342 0

3313 0

3303 0

3106 0

3087 0

3076 0

3059 0

3044 0

2972 0

2929 0

2840 0

2828 0

2799 0

2731 0

2727 0

2714 0

2635 0

2632 0

2608 0

2581 0

2542 0

2532 0

2481 0

2459 0

2401 0

2264 0

2255 0

2239 0

2209 0

2148 0

2147 0

2129 0

2108 0

2020 0

1998 0

1975 0

1948 0

1942 0

1908 0

1877 0

1793 0

1668 0

1653 0

1580 0

1578 0

1438 0

1429 0

1280 0

1273 0

1242 0

1226 0

1170 0

1087 0

1062 0

1053 0

949 0

914 0

870 0

813 0

754 0

542 0

534 0

502 0

475 0

474 0

466 0

465 0

427 0

415 0

348 0

122 0

49 0

31 0

6920 0

6759 0

6729 0

6699 0

6665 0

6630 0

6615 0

6598 0

6597 0

6519 0

6360 0

6286 0

6181 0

6150 0

6135 0

6070 0

6029 0

6019 0

6011 0

5986 0

5920 0

5873 0

5862 0

5848 0

5832 0

5812 0

5795 0

5767 0

5754 0

5753 0

5746 0

5709 0

5693 0

5643 0

5612 0

5589 0

5582 0

5448 0

5421 0

5413 0

5396 0

5395 0

5374 0

5309 0

5308 0

5277 0

5244 0

5241 0

5140 0

5139 0

5120 0

5113 0

5024 0

4982 0

4968 0

4945 0

4925 0

4922 0

4921 0

4914 0

4896 0

4835 0

4826 0

4790 0

4775 0

4767 0

4750 0

4748 0

4724 0

4701 0

4558 0

4552 0

4527 0

4522 0

4521 0

4391 0

4366 0

4360 0

4314 0

4278 0

4269 0

4200 0

