359
1263 10
39847 15211 16753 451 74302 41247 378 91004 63139 33681 
279 10
3590 19990 39521 87108 9870 46444 29464 74797 21154 18336 
1200 10
9650 47465 18189 48123 49659 26182 13368 28084 45507 74626 
350 10
39641 3886 89259 38988 68031 74680 45787 25149 61247 72611 
200 10
68053 75215 15566 9716 23199 67914 31128 22914 94940 55703 
1058 10
41895 48694 38104 78426 59595 10575 82319 37752 25785 31403 
1315 9
93265 70546 9176 21319 80067 42500 70809 25432 8776 
472 10
53537 16006 86424 15248 15235 13964 60216 35405 38667 62232 
68 10
33385 73485 15485 6413 91304 64926 80858 34208 22431 4804 
726 10
28835 22647 12848 38396 54747 16884 44672 58366 56648 34939 
970 9
77221 6617 65780 35915 23328 93458 19514 78576 65798 
3596 9
15507 77156 36465 92542 29035 42515 88638 32491 53436 
1066 9
84861 23175 33777 33998 2517 4826 73496 67392 42562 
21 9
8453 91429 18635 21702 81574 76614 78460 82639 77327 
1761 9
70491 55260 50472 22334 79196 19225 83900 28773 27256 
1237 9
52634 75602 80027 59620 26435 95141 9542 46191 44291 
271 9
65302 5068 60723 94985 58391 10741 60780 12431 48496 
5321 9
68456 12570 52787 52960 19611 54490 4834 67275 21570 
1191 9
50898 12820 43754 65761 1139 52238 18872 69308 94315 
4523 8
8042 11198 34492 39735 74585 152 18891 35584 
1256 8
38484 59422 23125 4684 8658 24840 89637 39131 
6575 8
70714 57980 55911 82248 62086 13113 94916 17774 
4903 8
51068 63106 41349 45344 89433 51074 5582 49366 
6701 8
26379 83217 4207 60303 87685 93331 35559 55716 
1967 8
24169 80471 82977 26549 88396 29331 8372 86177 
5819 7
8798 1122 31680 83786 72388 24249 12047 
451 7
36740 93483 14323 9969 82522 49046 64232 
4351 6
76870 12679 44767 83969 39859 86977 
1991 6
55100 83351 14302 55209 45739 57692 
2832 6
53169 41416 69876 49222 26707 32954 
1222 6
79697 297 62608 35523 25611 18057 
469 6
8297 32175 54782 76924 68006 71929 
1923 6
48448 31281 65251 63648 24808 67706 
896 4
72603 45007 28805 46667 
1550 5
65155 52196 91465 54424 93390 
2915 4
1447 49981 51046 22761 
5724 4
38834 50856 24618 34947 
1168 3
80085 26336 93962 
4241 3
74665 90657 14297 
6589 3
72720 87942 24862 
1490 3
41805 43828 14855 
3743 2
77261 78173 
4498 0

3932 0

3846 0

1440 0

1062 0

1003 0

629 0

202 0

79 0

6842 0

6786 0

6670 0

6602 0

6586 0

6564 0

6521 0

6520 0

6486 0

6477 0

6445 0

6428 0

6419 0

6415 0

6364 0

6353 0

6343 0

6337 0

6317 0

6305 0

6260 0

6244 0

6175 0

6136 0

6111 0

6110 0

6066 0

6056 0

6043 0

6035 0

6011 0

5962 0

5901 0

5865 0

5805 0

5775 0

5774 0

5738 0

5698 0

5597 0

5580 0

5533 0

5493 0

5476 0

5431 0

5341 0

5326 0

5295 0

5281 0

5265 0

5163 0

5152 0

5109 0

5108 0

5092 0

5076 0

5026 0

5018 0

4975 0

4845 0

4812 0

4786 0

4784 0

4749 0

4726 0

4674 0

4656 0

4644 0

4568 0

4559 0

4554 0

4542 0

4517 0

4474 0

4445 0

4376 0

4374 0

4361 0

4318 0

4250 0

4227 0

4176 0

4166 0

4143 0

4125 0

4094 0

4089 0

4079 0

4045 0

3987 0

3944 0

3918 0

3868 0

3834 0

3773 0

3735 0

3715 0

3705 0

3638 0

3616 0

3557 0

3521 0

3502 0

3501 0

3447 0

3425 0

3404 0

3295 0

3291 0

3261 0

3259 0

3256 0

3245 0

3136 0

3117 0

3085 0

3081 0

3052 0

3047 0

3044 0

3023 0

2952 0

2913 0

2816 0

2782 0

2749 0

2725 0

2706 0

2686 0

2675 0

2569 0

2514 0

2478 0

2457 0

2435 0

2417 0

2405 0

2401 0

2342 0

2334 0

2322 0

2300 0

2290 0

2282 0

2268 0

2255 0

2243 0

2223 0

2216 0

2214 0

2129 0

2122 0

2060 0

2018 0

2005 0

1958 0

1954 0

1921 0

1868 0

1814 0

1796 0

1772 0

1747 0

1732 0

1622 0

1621 0

1596 0

1535 0

1493 0

1486 0

1467 0

1451 0

1411 0

1355 0

1309 0

1295 0

1257 0

1241 0

1205 0

1188 0

1177 0

1128 0

1127 0

1047 0

996 0

959 0

956 0

950 0

933 0

927 0

856 0

846 0

809 0

804 0

786 0

760 0

747 0

721 0

682 0

677 0

575 0

572 0

565 0

530 0

435 0

430 0

390 0

381 0

342 0

317 0

316 0

283 0

280 0

278 0

272 0

239 0

232 0

225 0

180 0

140 0

131 0

97 0

57 0

6873 0

6872 0

6862 0

6860 0

6851 0

6849 0

6848 0

6846 0

6844 0

6841 0

6840 0

6838 0

6831 0

6829 0

6828 0

6826 0

6818 0

6816 0

6813 0

6811 0

6810 0

6808 0

6800 0

6799 0

6798 0

6797 0

6795 0

6792 0

6789 0

6788 0

6785 0

6776 0

6764 0

6762 0

6761 0

6757 0

6754 0

6746 0

6745 0

6737 0

6726 0

6721 0

6720 0

6719 0

6715 0

6714 0

6713 0

6702 0

6699 0

6695 0

6692 0

6691 0

6690 0

6687 0

6683 0

6677 0

6676 0

6675 0

6671 0

6668 0

6662 0

6661 0

6660 0

6658 0

6655 0

6651 0

6647 0

6644 0

6642 0

6641 0

6636 0

6632 0

6628 0

6626 0

6625 0

6622 0

6615 0

6613 0

6609 0

6605 0

6603 0

6600 0

6599 0

6593 0

6581 0

