344
902 10
22881 31244 14224 27614 74107 64307 93782 59693 4154 2414 
306 10
45827 75910 16488 28017 33838 30395 20750 41573 8497 26540 
426 10
4001 57384 27421 86248 86745 72320 12221 49221 42867 4761 
4162 9
22235 473 70701 36821 8432 86358 940 32443 38866 
7169 9
7564 24737 19011 54391 87080 92460 20803 85692 73994 
8519 9
64763 41171 80046 13048 78078 42632 83869 5668 71153 
20212 9
78819 12678 74923 43537 26778 27579 78945 31791 41741 
13135 9
53813 88619 87161 22268 26218 57993 4972 94062 71755 
5664 9
601 75841 68291 17356 636 31988 65890 92957 50461 
13291 9
59640 35593 23514 66433 47428 92763 83756 92486 62978 
10603 9
64181 37293 29653 77071 75813 36968 32841 90822 59647 
637 10
6552 62491 1495 88566 84404 57403 36017 50007 2812 3821 
372 10
57506 92600 34022 50657 69697 53518 59207 91533 78177 69308 
21512 9
44464 7156 89894 41257 12345 22810 14519 83909 53043 
7847 9
66819 22214 30564 83936 15170 62374 34911 80333 4136 
10992 9
11028 74777 42428 90269 64920 73629 37268 89507 8613 
522 10
4503 43205 37913 25 70454 78952 78018 82385 71833 61928 
608 10
46339 74208 31938 91182 12464 23119 47873 30279 45776 36362 
589 10
53125 73801 85361 64425 52259 14019 26577 44341 81620 21042 
16688 9
24291 72744 92177 89759 36482 59689 48839 65823 7634 
482 10
52134 66410 17720 91025 7790 31257 26912 9340 44502 10816 
17654 9
72572 69477 48504 14792 19448 53513 62890 41096 44965 
11857 9
64315 73079 64903 59817 26257 73640 56887 71849 71835 
10503 9
5483 68771 73958 6128 41902 71300 4222 50380 38818 
12372 9
50210 40731 50816 46088 37601 13521 79759 3366 53346 
3649 9
91282 19149 35284 25117 78809 39575 82625 67739 34987 
24898 9
34472 2611 21408 23255 17390 10817 19277 89712 60913 
6102 9
9585 59780 72118 93909 7380 54610 90969 36963 16751 
2850 9
25939 42335 57106 46624 2122 64437 53178 64582 80955 
5278 9
81424 49736 43158 13101 19245 52423 14532 28905 26452 
17033 9
72361 53845 61867 59230 83748 74402 44065 58069 92106 
17086 9
42543 60307 92482 15271 88100 655 10612 20849 46243 
2928 9
66527 90744 69123 40955 8529 46101 44692 12823 41737 
2610 8
27684 38405 86030 13536 44339 57810 47909 14979 
6080 8
63291 18918 19587 8997 2799 31113 90475 62070 
2523 8
68977 3381 63200 48731 34431 64924 90488 20747 
16081 9
34158 61479 13469 76950 52687 71437 3007 57014 89736 
693 8
53004 26982 52492 35225 46262 63642 90439 48216 
3719 9
12153 59762 13226 80278 79338 387 49467 72848 2512 
212 8
5609 43407 76456 48998 39910 89262 86470 89024 
18637 8
23275 74423 28657 34754 75380 86989 65052 6695 
14586 8
84048 45982 18353 4845 39444 36420 94081 69909 
19472 8
54442 53148 6659 90009 73061 12726 38295 63332 
7443 7
4266 89897 30667 57248 23139 61860 48810 
8841 7
25006 69764 47101 79899 38731 5852 44697 
18498 8
64447 40959 82606 40336 76732 70292 91087 71397 
23148 6
18110 83670 21559 38049 42015 70740 
11808 7
32782 57921 87679 69487 40964 37178 30794 
8210 7
78030 31500 11333 43089 41555 93685 94260 
6417 7
37661 10187 58575 49097 93448 15487 17270 
19915 7
91536 68400 33933 26293 24043 89414 37938 
10668 6
72550 28179 52682 95272 81864 43510 
9381 7
5851 8182 95158 36634 55270 57996 36041 
9633 6
28295 38465 28090 72768 33628 8278 
22693 7
80743 60787 24780 29956 55599 11036 93383 
4103 5
68511 47878 88820 81251 26789 
20100 6
21919 17918 94049 13434 67965 23092 
3980 5
89114 88401 80666 68962 65797 
18633 5
85865 58513 92620 44475 20357 
3124 5
339 6315 67276 29827 61608 
3095 7
21763 8237 51606 23494 4398 54045 83089 
8366 4
63273 91301 32159 43865 
1028 6
42547 44997 66380 93411 29625 42301 
11526 5
33875 48515 20266 92672 42040 
23985 4
19611 52287 21702 79382 
15302 5
58382 51708 87884 80435 4648 
13625 5
21786 86001 53921 81250 26904 
2464 5
64261 2068 11422 42903 37329 
11355 3
26866 77177 68431 
22834 5
37409 27923 48152 75853 7989 
13318 4
94002 75132 95171 26163 
23619 4
41193 58349 49734 49627 
2878 4
28283 16141 78476 56890 
1286 3
66458 25242 74502 
6638 4
7290 92319 51252 36385 
7631 3
34996 64913 32137 
888 3
17864 95221 20717 
7868 3
18444 5156 44016 
22573 2
1386 60112 
22522 2
53438 29621 
24202 2
8581 48055 
6596 2
44602 4897 
16145 0

11275 0

10983 0

8990 0

8310 0

4365 0

1707 0

1526 0

24798 0

24656 0

24613 0

24593 0

24537 0

24423 0

24419 0

24413 0

24377 0

24371 0

24369 0

24301 0

24296 0

24289 0

24285 0

24223 0

24191 0

24182 0

24167 0

24144 0

24126 0

24070 0

24063 0

24031 0

23981 0

23974 0

23950 0

23944 0

23942 0

23854 0

23846 0

23833 0

23805 0

23783 0

23768 0

23682 1
31787 
23681 0

23626 0

23596 0

23583 0

23557 0

23506 0

23431 0

23421 0

23382 0

23364 0

23341 0

23336 0

23293 0

23276 0

23229 0

23203 0

23193 0

23190 0

23171 0

23157 0

23143 0

23117 0

23108 0

23106 0

23038 0

22974 0

22955 0

22932 0

22922 0

22908 0

22889 0

22848 0

22773 0

22770 0

22767 0

22749 0

22716 0

22712 0

22627 0

22583 0

22452 0

22449 0

22369 0

22340 0

22307 0

22299 0

22292 0

22222 0

22214 0

22151 0

22138 0

22120 0

22114 1
86431 
22079 0

22075 0

22019 0

22011 0

21919 0

21918 0

21905 0

21872 0

21868 0

21790 0

21738 0

21725 0

21688 0

21682 0

21647 0

21529 0

21501 0

21442 0

21437 0

21425 0

21416 0

21403 0

21386 0

21358 0

21271 0

21268 0

21253 0

21195 0

21059 0

21027 0

21016 0

20994 0

20979 0

20954 0

20947 0

20930 0

20853 0

20833 0

20830 0

20807 0

20783 0

20703 0

20702 0

20692 0

20664 0

20620 0

20601 0

20569 0

20563 0

20496 0

20472 0

20457 0

20432 0

20410 0

20389 0

20370 0

20369 0

20351 0

20349 0

20337 0

20330 0

20320 0

20313 0

20306 0

20295 0

20244 0

20226 0

20184 0

20177 0

20172 0

20163 0

20029 0

20014 0

19970 0

19919 0

19900 0

19885 0

19884 0

19839 0

19688 0

19672 0

19635 0

19510 0

19508 0

19492 0

19477 0

19461 0

19456 0

19421 0

19383 0

19362 0

19324 0

19265 0

19263 0

19233 0

19210 0

19162 0

19124 0

19060 0

19045 0

18889 0

18768 0

18737 0

18706 0

18674 0

18621 0

18573 0

18500 0

18490 0

18489 0

18458 0

18455 0

18426 0

18421 0

18416 0

18350 0

18342 0

18340 0

18328 0

18320 0

18268 0

18266 0

18219 0

18206 0

18193 0

18171 0

18160 0

18158 0

18157 0

18076 0

18042 0

17968 0

17943 0

17838 0

17825 0

17792 0

17710 0

17698 0

17649 0

17634 0

17615 0

17599 0

17593 0

17549 0

17491 0

17490 0

17470 0

17341 0

17324 0

17286 0

17229 0

17215 0

17204 0

17182 0

17177 0

17159 0

17054 0

17005 0

16977 0

16971 0

16917 0

16835 0

16821 0

16820 0

16810 0

