191
1123 18
50696 1318 202 41316 6533 25531 2957 5692 10781 49102 22109 43015 14297 38519 33976 37140 60858 20704 
989 18
55654 26296 58863 61192 49577 5245 53708 28692 1309 37132 55480 45260 25124 27978 6883 52802 3462 22010 
2163 16
47143 9296 2071 45578 18142 4050 33958 49170 10990 22987 36177 49387 3814 37407 29440 29988 
1668 17
36887 25067 48519 23463 58486 38489 3631 41733 13178 61106 60752 21436 1075 53802 11071 28283 3498 
3392 17
55017 36989 12169 12995 37378 37663 32689 44206 36541 7532 4737 50776 28415 57272 49123 9729 25915 
2348 16
30386 30168 32450 51924 2200 44225 59075 19067 22337 51568 41096 13142 60340 36345 2880 7431 
2762 14
23127 36144 25250 28375 20583 43992 42450 27523 28605 59468 46411 26674 45090 23581 
3770 13
39715 13265 45514 11656 12119 12809 35768 13570 42561 51700 38242 35935 33918 
2122 13
48481 21933 21195 13937 21850 37409 5813 2739 50375 59242 9826 10967 15593 
1525 15
13965 42620 41952 15755 21167 22117 33473 19222 15875 29284 57256 1859 55389 43242 41954 
329 11
54750 47269 17300 17138 36625 6191 57231 44553 26082 45368 37284 
351 11
30128 25938 22336 25849 3178 53591 29336 48741 44459 52141 36399 
678 10
53056 44655 37269 55873 46954 31039 3518 40855 42081 35669 
1537 10
25979 5033 30684 20844 5928 38880 44741 6099 14339 2660 
4898 10
58491 55823 1379 49832 36779 3212 6140 21496 34877 36167 
5897 8
16391 2297 27849 5426 60596 32478 30317 1080 
3622 6
36737 31515 42867 41723 33831 40271 
4339 8
3481 7917 45575 51463 42041 23443 33194 52080 
1347 6
15510 53312 32749 14243 22544 279 
680 4
56324 60289 15091 30159 
6711 5
43803 28031 52285 55772 23544 
144 2
59658 21210 
5265 0

4681 1
46643 
3527 0

6571 3
20527 19464 54945 
6497 2
51414 44930 
6460 0

6431 2
583 27421 
6377 1
57906 
6371 0

6251 0

6246 1
39219 
6211 2
29013 4822 
5817 0

5747 0

5701 3
16523 60102 14955 
5635 1
39597 
5625 0

5624 0

5604 0

5597 0

5531 0

5476 0

5262 0

5249 0

5225 0

5122 0

5084 1
20480 
4980 0

4925 0

4814 0

4772 1
30924 
4734 0

4722 0

4696 0

4614 0

4461 0

4190 0

4140 0

4080 0

4027 0

3826 0

3779 0

3747 0

3709 1
55943 
3611 0

3587 0

3520 0

3217 0

3179 0

3080 0

3013 0

2883 0

2806 0

2687 0

2650 0

2570 0

2554 0

2288 0

2223 0

2212 0

2173 0

2123 0

2064 0

2036 0

1883 0

1782 0

1663 0

1248 0

1247 0

1196 0

1193 0

1178 0

1098 0

967 0

846 0

673 0

597 0

545 1
6016 
527 0

516 0

482 0

433 0

301 0

221 0

158 0

51 0

41 0

6771 0

6723 0

6710 0

6685 0

6680 0

6659 0

6607 0

6605 0

6598 0

6588 0

6578 0

6565 0

6551 0

6535 0

6510 0

6508 0

6465 0

6450 0

6433 0

6425 0

6419 0

6328 0

6318 0

6282 0

6276 0

6265 0

6260 0

6241 0

6227 0

6212 0

6207 0

6206 0

6196 0

6189 0

6188 0

6152 0

6139 0

6129 0

6105 0

6086 0

6076 0

6065 0

6054 0

6041 0

6028 0

6027 0

5995 0

5989 0

5979 0

5899 0

5898 0

5895 0

5891 0

5819 0

5818 0

5815 0

5808 0

5806 0

5796 0

5780 0

5743 0

5722 0

5659 0

5657 0

5651 0

5647 0

5611 0

5572 0

5571 0

5556 0

5535 0

5532 0

5529 0

5525 0

5520 0

5507 0

5506 0

5502 0

5466 0

5463 0

5454 0

5445 0

