129
6360 106
22105 20045 30734 1834 6819 25698 14519 194 27706 19626 15836 4905 21922 31559 11833 43646 37873 5324 25958 33781 40772 41728 30054 13366 44918 10059 23878 46226 35652 11369 36713 23305 27795 22325 6192 22147 7628 24377 14550 7757 34946 19022 37292 43744 24118 23021 19678 32050 39570 33386 27926 16348 25732 19146 27194 24916 31813 41721 40466 19820 41685 16733 11145 9840 35927 15606 38834 17274 23540 22570 23670 37684 21453 4421 11978 16539 25259 29006 42558 41627 21579 28791 26291 11767 21460 10008 519 28710 32345 45894 40102 7664 40501 5455 22311 42761 42583 38754 40117 43017 19263 29522 22277 18572 1805 10885 
4135 39
29062 33969 5773 2454 15314 22244 19512 22917 5708 43554 17907 28922 17082 18215 40809 31080 30389 46396 45915 9357 34711 41087 19202 42445 30167 3270 9224 38272 23474 2757 29068 24339 39293 401 30117 32536 34881 2304 28628 
4106 3
16801 39156 15466 
774 1
42169 
266 1
6444 
2208 0

133 0

5618 0

5551 0

2219 0

2913 0

6177 0

4860 0

3914 0

1395 0

5463 0

3640 0

3495 0

3020 0

1923 0

4989 0

4075 0

715 0

5913 0

5703 0

5057 0

1373 0

6729 0

5320 0

4216 0

3572 0

1557 0

332 0

3285 0

2836 0

2735 0

2311 0

6169 0

5376 0

4113 0

6997 0

5121 0

3740 0

3317 0

2811 0

6750 0

6409 0

1210 0

6678 0

5737 0

4174 0

2638 0

6867 0

5391 0

3343 0

1858 0

1286 0

366 0

6723 0

5045 0

4336 0

3876 0

3036 0

6241 0

6181 0

5565 0

4549 0

3930 0

3145 0

2389 0

1789 0

1066 0

448 0

6002 0

4519 0

4080 0

3783 0

3112 0

3081 0

2491 0

2390 0

2035 0

1352 0

1334 0

628 0

150 0

6480 0

3923 0

3890 0

2855 0

395 0

6103 0

3929 0

3242 0

1636 0

222 0

6865 0

5892 0

5704 0

5140 0

4559 0

4236 0

4183 0

3841 0

3551 0

2513 0

2019 0

1901 0

1149 0

158 0

66 0

5957 0

5129 0

3602 0

3601 0

2830 0

2637 0

1938 0

1860 0

303 0

6663 0

6201 0

6039 0

4476 0

4322 0

3985 0

3639 0

2892 0

2650 0

