112
419 16
2448 6381 35358 4792 34366 7244 24084 39749 22595 19075 42135 18312 23407 50678 10374 7810 
260 16
48196 3013 27514 9908 29225 28447 26669 37685 33992 27166 38128 37032 1082 15305 27526 20559 
590 16
16381 48613 35550 6229 14878 40527 20651 6924 39403 31280 19009 7069 32710 42588 14212 10144 
1609 15
38243 29667 7826 6858 40933 14846 50812 25387 14560 15654 27591 41209 14988 44930 21185 
11516 15
31614 3882 45827 24709 49550 23767 30318 6383 52182 9004 9257 42741 28214 13678 41332 
1989 15
34628 12680 12070 48562 17584 4444 6 33228 13917 17718 23909 49626 36701 2282 8248 
1451 14
41943 45548 14137 10949 12120 36064 8605 18543 29005 32289 16494 37427 26533 42980 
9732 13
7696 12576 25918 5990 10845 47374 17675 28099 22332 24683 47472 17346 40565 
12948 12
47299 8735 24974 16434 39797 14354 40520 48774 18833 26548 7285 38564 
3720 12
19223 27914 34206 51268 5715 5881 16466 40689 31650 40698 21263 27590 
9985 14
39398 48534 5947 3833 36560 7484 10486 51125 30542 20198 40371 39589 47818 17864 
6251 11
31344 599 49234 52172 11032 29061 19392 20360 9087 35139 20165 
3246 10
50890 16334 27729 18541 32774 29339 15797 41472 27146 44195 
10121 10
40716 803 46640 35471 39007 11200 42553 50059 47958 39761 
825 7
37550 16161 13684 19871 37023 2624 40496 
816 7
3442 6339 52180 10015 37479 27279 49950 
669 7
47925 6021 889 15326 18706 11605 25152 
8764 5
3404 49092 33842 34683 12456 
666 6
29443 10635 20200 16081 24529 19512 
7176 4
43290 11908 47551 3254 
5615 2
3549 12438 
12771 0

10797 0

10338 0

7210 0

6206 0

6016 0

5467 1
3199 
4342 0

3546 0

3068 0

2360 1
19601 
1303 0

1222 0

721 0

274 0

13193 0

13191 0

13170 0

13168 0

13161 0

13128 0

13123 0

13103 0

13102 0

13092 0

13088 0

13087 0

13086 0

13077 0

13063 0

13060 0

13027 0

13018 0

13014 0

13002 0

12990 0

12940 0

12931 0

12887 0

12881 0

12878 0

12863 0

12847 0

12766 0

12763 0

12759 0

12742 0

12739 0

12726 0

12715 0

12706 0

12705 0

12692 0

12678 0

12677 0

12671 0

12645 0

12632 0

12618 0

12613 0

12533 0

12530 0

12522 0

12521 0

12491 0

12480 0

12478 0

12474 0

12400 0

12391 0

12388 0

12382 0

12377 0

12369 0

12368 0

12359 0

12354 0

12348 0

12342 0

12323 0

12321 0

12317 0

12313 0

12305 0

12289 0

12268 0

12234 0

12231 0

12213 0

12200 0

12192 0

