437
1032 197
20840 20808 18796 5638 30902 61783 18074 72868 77289 45909 27083 58833 53285 25283 17526 99991 1717 31288 36725 37423 61453 32822 26281 69207 68959 55823 60457 87703 62744 10336 52965 39072 99726 81905 85479 2224 5616 25906 72024 56379 45959 51242 76385 19376 8086 8461 3097 82933 56035 94971 77743 63222 37935 46628 57035 59465 70622 19796 55937 51063 87119 98387 72659 16696 95139 76366 95275 68932 9755 36038 77641 9403 40712 66290 28971 89742 76341 39348 28789 18496 95283 70572 60991 79382 535 88550 13757 22673 76537 46242 47317 95530 23936 20019 79333 78619 63962 19856 76309 97062 76337 61403 29017 29895 32540 77725 9744 39237 4041 27073 46497 81389 8625 2597 86315 70044 49223 54650 22543 47974 68281 88012 2571 60442 87088 22271 11475 23171 437 34416 58146 88483 39762 27900 40917 98631 25699 65574 65220 43335 61320 47099 50204 24181 45712 39347 61648 7204 46553 96082 35314 74639 68968 57623 42261 79308 56181 80317 83827 21753 53736 98831 74574 40120 96017 61201 52268 52434 56068 81087 16154 25921 40446 63369 11842 43994 29717 29294 76284 6712 56902 66211 97830 75633 78251 68645 7453 19775 71663 19344 26402 76032 19221 53766 6665 14231 7751 
1061 128
41153 32201 67449 59495 45779 4914 80604 79692 24549 18509 48644 4864 24482 98384 29894 69392 66941 77561 77526 94296 32831 54416 97616 99210 62156 797 98936 13999 90865 6266 94857 35137 90456 50565 27462 79524 23835 9190 60654 14534 85599 12480 68975 4593 39721 96883 56579 98276 22462 14465 89695 56587 32931 64441 93190 57524 61914 58808 3835 32069 6534 34770 19604 66274 57808 60382 74742 23790 67153 41679 29334 67847 56193 50085 53220 75184 27297 34934 12482 13960 31417 51386 86340 48075 47119 90068 84018 38893 42372 63958 11040 10131 88778 94523 29156 11198 43500 87972 80929 18940 77053 88347 59490 91748 53165 12674 73451 48755 15418 14078 26524 57782 58171 54445 68821 28431 98493 33584 57416 52998 72650 91086 45518 80680 48398 52319 75656 43232 
1344 78
90243 43618 18886 93285 16990 28523 8933 22628 3394 36751 43948 34407 34530 28037 52052 31677 53906 69873 4313 60759 67586 67915 16654 11887 67512 22210 19971 26577 87501 88595 31879 54671 76660 19454 23990 28087 46828 29561 63851 95148 17326 56771 46674 4355 86238 82168 98160 63364 75104 53606 51620 39187 68623 39579 57746 12312 33282 10468 22818 69056 81879 91284 67714 27707 27155 78462 32406 19244 25116 47694 97652 17232 33997 59745 83007 53960 84226 80444 
2441 45
34359 10024 88654 42663 38563 97673 14865 97024 66832 18873 66990 99740 34282 75672 40425 22649 56054 28511 5408 29651 993 72 27610 97418 57896 25769 72807 79427 14834 53548 79128 74479 34970 34011 21186 65127 14906 33451 66767 48595 40011 59003 90989 3015 82894 
2116 22
45668 76008 70304 20885 56874 9552 7715 26989 71967 59421 56994 25146 38205 77214 43745 74428 11893 96095 20333 89716 19335 49882 
1849 7
87477 44272 3874 81915 31823 81869 14224 
420 0

3285 0

2407 0

4886 0

2367 0

4290 0

1404 0

863 0

4261 0

2598 0

1173 0

815 0

4188 0

2730 0

4633 0

4402 0

2741 0

2660 0

720 0

3976 0

2790 0

2351 0

410 0

5061 0

4316 0

2272 0

2207 0

1637 0

4741 0

4635 0

3690 0

2767 0

2196 0

1633 0

405 0

63 0

3583 0

1432 0

4228 0

1411 0

4883 0

4105 0

3940 0

3555 0

3137 0

2804 0

1082 0

3132 0

2243 0

1970 0

1763 0

1722 0

1190 0

697 0

69 0

3909 0

3337 0

2867 0

2247 0

1157 0

726 0

319 0

4438 0

3458 0

2254 0

1645 0

1266 0

1249 0

4644 0

3995 0

3684 0

2970 0

1947 0

230 0

4376 0

4337 0

4255 0

3904 0

3442 0

3367 0

3340 0

2940 0

2700 0

2669 0

2305 0

2121 0

1610 0

807 0

4573 0

4460 0

3908 0

3734 0

3277 0

2893 0

2459 0

1492 0

713 0

636 0

629 0

234 0

106 0

4275 0

4203 0

3580 0

3052 0

2814 0

1806 0

778 0

4797 0

4586 0

4037 0

3342 0

3291 0

3264 0

2759 0

2543 0

2470 0

2442 0

2343 0

2198 0

2127 0

1809 0

1242 0

129 0

5044 0

5027 0

4731 0

4589 0

4536 0

4506 0

4277 0

4235 0

3620 0

2382 0

2036 0

1728 0

1319 0

1148 0

654 0

632 0

590 0

4939 0

4698 0

4662 0

4434 0

4289 0

4110 0

3955 0

3852 0

3435 0

3106 0

2884 0

2778 0

2155 0

2097 0

1655 0

1629 0

876 0

727 0

454 0

5018 0

4940 0

4659 0

4658 0

4455 0

4145 0

3889 0

3421 0

3327 0

3029 0

2824 0

2281 0

1778 0

1701 0

1678 0

1424 0

1050 0

658 0

575 0

412 0

154 0

97 0

4794 0

4373 0

4217 0

4207 0

3711 0

3600 0

3431 0

3064 0

3043 0

2304 0

2279 0

2034 0

1974 0

1869 0

1703 0

1546 0

1371 0

1256 0

970 0

892 0

760 0

733 0

616 0

345 0

274 0

46 0

5000 0

4124 0

4088 0

4047 0

3942 0

3938 0

3804 0

3656 0

3519 0

3480 0

3428 0

3115 0

3111 0

3101 0

2818 0

2633 0

2600 0

2553 0

2491 0

2449 0

2185 0

1925 0

1525 0

1401 0

820 0

567 0

301 0

137 0

44 0

5079 0

4999 0

4925 0

4733 0

4724 0

4695 0

4628 0

4250 0

4025 0

3825 0

3719 0

3672 0

3631 0

3385 0

3178 0

2768 0

2719 0

2601 0

2440 0

2394 0

2333 0

2288 0

2022 0

1810 0

1638 0

1538 0

1501 0

1464 0

950 0

899 0

737 0

520 0

349 0

347 0

325 0

255 0

4979 0

4956 0

4820 0

4799 0

4427 0

4133 0

4058 0

3953 0

3761 0

3759 0

3713 0

3610 0

3524 0

3379 0

3295 0

3058 0

2870 0

2729 0

2635 0

2606 0

2568 0

2369 0

2105 0

1585 0

1449 0

1236 0

1149 0

1083 0

584 0

417 0

110 0

72 0

4690 0

4672 0

4660 0

4375 0

3736 0

3451 0

3174 0

3008 0

2912 0

2784 0

2178 0

2005 0

1988 0

1890 0

1853 0

1811 0

1732 0

1658 0

1653 0

1513 0

1394 0

1383 0

1264 0

958 0

920 0

891 0

864 0

533 0

524 0

397 0

223 0

87 0

11 0

4 0

5019 0

5013 0

4983 0

4791 0

4665 0

4624 0

3952 0

3932 0

3931 0

3916 0

3890 0

3822 0

3635 0

3618 0

3424 0

3072 0

2932 0

2726 0

2709 0

2688 0

2608 0

2494 0

1712 0

1689 0

1453 0

1421 0

1347 0

1323 0

1261 0

1079 0

687 0

426 0

418 0

374 0

130 0

5039 0

4950 0

4946 0

4865 0

4696 0

4565 0

4559 0

4534 0

4515 0

4430 0

4271 0

4164 0

4147 0

3986 0

3958 0

3556 0

3548 0

3530 0

3387 0

3383 0

3358 0

3284 0

3181 0

3166 0

3076 0

3007 0

2949 0

2901 0

2897 0

2864 0

2844 0

2750 0

2686 0

2664 0

2612 0

2226 0

2148 0

2110 0

1891 0

1665 0

1539 0

1368 0

1292 0

1224 0

1117 0

887 0

649 0

494 0

320 0

283 0

142 0

58 0

5016 0

4847 0

4770 0

4616 0

4580 0

