237
40 167
57632 69536 77133 94403 76665 52339 11211 98626 15954 32788 1235 46537 23630 91078 44930 31804 20877 19886 49612 42676 92424 73170 96437 25372 77204 14090 59441 60439 54764 81519 77964 29105 47097 27627 84322 81438 90071 22699 28456 9764 19096 76617 75884 10770 17940 84805 69446 56303 32149 99447 23988 87432 96102 29010 40764 15967 12611 93747 38781 82057 59844 43276 71093 616 78249 80836 91779 84657 61052 78139 20810 91958 67094 15121 46687 77011 3773 70646 71402 83702 13713 43031 87144 97004 14733 59346 86170 86423 79870 54094 12690 13750 85645 51195 32541 84311 6090 52524 17879 84418 49956 20049 86972 87615 67182 43044 37146 54770 26257 38020 73925 59434 51014 46795 49870 21170 82704 3566 49816 74547 24175 25514 96313 8597 16141 94076 43339 23375 7039 4398 87504 46558 70865 84676 50134 9986 98350 67487 31426 63717 20265 12602 8223 43681 7000 1985 26981 35980 96176 32502 79566 1493 88268 46401 82591 31791 20926 42851 23027 44041 51986 85354 33509 25829 96491 66030 41107 
997 123
68255 43869 79670 58670 16265 7963 32510 46103 43904 82534 77756 98920 64207 8356 92411 97243 96063 77105 30432 37066 3505 13329 58780 15205 94082 13577 92080 22056 23940 37800 38868 35300 5670 47512 45601 19156 49879 46972 28492 92832 35677 23891 4018 65742 91975 58935 52052 41011 62562 55707 27015 10466 85683 26288 93542 30674 54544 56936 75029 63762 99191 46670 42171 13424 91553 49266 80826 59900 29971 90620 715 81766 59121 19354 95531 57856 98545 5496 20339 318 31707 34897 10286 37947 14571 76947 96365 76509 64190 10616 662 53706 54014 91814 27256 93123 83799 78880 85879 5061 70557 78717 90791 35944 24668 36956 33702 87043 91365 78744 68975 64012 8916 26823 71049 78224 49725 5910 59314 23854 68064 88570 6446 
4514 80
34078 47386 93284 34728 20043 51984 99249 84263 84072 23836 97826 23669 86565 68666 73332 6073 46244 77858 83089 83140 19263 84411 97865 22562 76198 80861 18259 88230 31497 86000 99002 68740 56773 4774 20125 58128 22282 43621 72593 12953 50731 99482 51251 71223 27524 28488 44476 1401 56152 11736 15132 47985 8489 71520 39861 36681 67618 73822 42875 89772 89706 20544 85019 80593 80421 18456 68760 972 18700 8095 72241 96355 37116 73951 83682 60534 19212 14906 84827 18552 
59 54
11431 19241 95121 29920 31253 19104 16216 9391 33133 54071 52915 75995 87605 54349 14878 95899 61998 18937 94492 91812 42918 82564 85377 96315 48218 47786 65224 87776 2498 18880 85237 37327 32496 23446 41736 52564 50037 49547 60866 2760 3674 40157 15740 9727 18044 90875 16404 45027 41267 95748 35339 94676 83652 99215 
622 29
25846 10564 94871 93297 95297 14975 78818 48609 14803 48009 25410 58666 31015 94601 82850 34499 55764 33303 45155 40542 82379 96607 72510 63339 63225 71300 19441 50168 74846 
328 16
19967 95546 97443 75323 24996 91223 14429 63027 27839 13855 72662 45744 20045 39987 60312 42172 
887 7
50294 91334 78473 11316 60177 81038 37635 
2781 1
17331 
1425 0

5253 0

4213 0

1808 0

4048 0

2768 0

541 0

4454 0

1197 0

5279 0

4444 0

4577 0

4559 0

5019 0

4041 0

1994 0

2644 0

569 0

4882 0

3006 0

4437 0

3871 0

5065 0

643 0

5448 0

2534 0

2448 0

1546 0

2141 0

3143 0

1741 0

2234 0

1253 0

3943 0

2085 0

922 0

1474 0

1959 0

2336 0

5726 0

5983 0

5185 0

1458 0

5571 0

3049 0

4497 0

3396 0

3162 0

2393 0

879 0

4324 0

682 0

5170 0

4203 0

1261 0

858 0

3461 0

5051 0

4780 0

3270 0

1820 0

1380 0

5694 0

5653 0

3417 0

846 0

1887 0

4763 0

2133 0

5196 0

4969 0

2589 0

4358 0

2466 0

3895 0

1560 0

92 0

2058 0

5485 0

2818 0

5801 0

5470 0

5368 0

4834 0

3707 0

2277 0

1750 0

4490 0

5552 0

2606 0

2095 0

1622 0

4515 0

4097 0

1169 0

3828 0

5859 0

4131 0

5810 0

3135 0

3062 0

1329 0

937 0

5769 0

3520 0

2841 0

4093 0

2618 0

2340 0

1354 0

2412 0

2213 0

5238 0

5093 0

4026 0

3804 0

3779 0

3556 0

2989 0

1587 0

5207 0

4245 0

3494 0

2906 0

1235 0

5438 0

5131 0

4187 0

675 0

80 0

4721 0

2433 0

1100 0

86 0

5918 0

3966 0

4949 0

4181 0

4168 0

2624 0

510 0

4333 0

1895 0

1298 0

90 0

4596 0

2265 0

1096 0

1009 0

5112 0

4689 0

4291 0

3400 0

2635 0

5333 0

1311 0

464 0

5273 0

5073 0

4285 0

3286 0

2953 0

2732 0

1886 0

1856 0

1763 0

5849 0

3540 0

5993 0

5747 0

2081 0

1988 0

1374 0

1049 0

3559 0

2763 0

1190 0

5988 0

2832 0

2222 0

1217 0

1075 0

993 0

3737 0

2024 0

5219 0

2605 0

316 0

5979 0

1705 0

1260 0

1084 0

833 0

5870 0

3324 0

1157 0

552 0

3473 0

4854 0

2767 0

1972 0

790 0

5080 0

3267 0

94 0

5026 0

4833 0

4576 0

3292 0

2486 0

2442 0

2376 0

1613 0

9 0

3625 0

1667 0

854 0

5435 0

4653 0

2978 0

2718 0

2010 0

1920 0

1172 0

5824 0

4729 0

1030 0

419 0

4874 0

