145
5496 10
66606 32710 71943 81635 3589 42637 72258 70024 44749 18445 
512 10
30390 78999 16082 9078 11092 79673 28538 41312 22188 34483 
14073 9
62487 82743 81317 83710 79843 73513 18889 47259 35554 
1430 10
52927 48397 52525 4824 52831 57156 77550 68353 63667 20364 
6087 10
14669 46999 35100 31035 24019 16258 12147 16896 6880 16601 
10195 9
67282 13002 33030 8796 71306 32061 29144 81426 52771 
4582 10
48039 66284 74497 31589 2192 54969 41695 85148 11868 58163 
1267 10
34824 75427 61172 77687 62766 76762 8523 84012 83696 69691 
372 10
1996 34273 33332 44176 25746 47416 34218 13969 40298 30953 
2736 9
71988 58603 84489 15605 17162 73858 31416 14156 24254 
10793 9
47887 83582 44804 71185 35549 75542 8812 60831 45652 
876 8
24949 46621 73239 1271 26898 60447 67573 10360 
3398 9
58595 39427 26803 34834 58390 56909 47269 43454 76923 
2769 10
33280 52486 11734 51752 46855 18947 5286 41633 78898 83549 
1991 8
21994 33275 16815 71310 39909 63065 15429 52517 
3517 9
1728 67745 12152 81687 1932 55045 11990 28605 79378 
416 10
14443 34404 44956 1699 61130 76615 32644 76053 5705 78945 
7663 8
24756 55545 48987 72609 82301 79012 8449 32048 
9381 9
8402 26600 75965 56873 71771 52011 7325 23375 69961 
10943 8
19481 77344 34203 42287 34193 61287 37731 83345 
9219 8
77726 69394 68820 66043 7735 6099 37784 47549 
1935 8
30931 70523 48881 53111 66129 41207 74543 9233 
3660 5
76675 47229 81005 21675 10968 
2531 10
28592 62821 6176 43286 46067 30194 74762 38899 72795 39942 
13513 8
45115 7710 70303 71427 28129 28543 70420 26341 
1815 8
5094 66150 22677 77650 78272 72377 63493 81486 
7297 7
58685 76934 12654 42914 83347 29159 35997 
3486 8
42274 6714 39081 43464 34482 13775 44905 3114 
1968 8
80396 28177 26825 52133 61766 7541 32378 1184 
2597 9
209 82576 906 1919 59690 31152 35065 78555 16345 
14830 9
57011 12966 40866 5740 11730 73801 37467 15149 7787 
9558 7
57209 33658 68399 77400 10415 18295 64224 
11150 7
47074 49126 43637 48945 13496 70181 68463 
2037 6
27744 75652 51839 21510 25843 8259 
6229 6
53993 51303 53107 48084 43760 1905 
9304 5
16762 53361 65715 68566 12132 
520 6
15112 10200 63106 80404 22145 4376 
5113 8
59869 74990 20104 46891 45167 30046 58819 65327 
5273 4
303 48773 54607 39184 
4643 6
5288 84529 43411 42388 31075 82046 
3428 3
3833 75014 47568 
6200 7
16391 70337 33854 7487 79612 14143 58657 
3156 7
41982 24664 42073 71861 47322 48419 19063 
4586 5
24896 21109 57837 3009 60754 
5408 7
72407 63409 81454 65499 14531 52285 34743 
5207 4
81114 21311 75487 56248 
1385 4
74944 54833 10476 41716 
5378 3
33203 39021 54158 
152 4
46460 49858 73203 85076 
11422 5
18748 46710 6143 6145 6867 
13121 3
39662 58959 10889 
8556 4
68341 43282 28914 49370 
10996 3
21462 72709 81102 
4493 2
49724 11067 
11101 1
25933 
3293 0

14922 0

14768 1
25051 
14674 0

14528 1
10349 
14418 0

14333 0

14173 1
79678 
13941 1
19164 
13728 2
84593 20850 
13688 0

13109 0

12977 2
19871 52820 
12927 1
43444 
12813 0

12774 0

12694 1
57446 
12586 1
73387 
12582 0

12519 0

12346 0

12155 0

11738 0

11600 0

11357 2
18914 3330 
11338 2
3132 49635 
11205 1
38115 
11010 0

10904 0

10850 0

10762 0

10732 0

10691 0

10250 0

10180 1
44215 
10176 0

10058 0

9782 0

9672 0

9612 0

9591 0

9552 0

9321 0

9227 1
41478 
8979 0

8925 0

8897 0

8809 0

7978 0

7971 0

7791 0

7743 1
85154 
7365 1
77216 
7333 0

7114 1
37517 
7092 0

7082 0

6988 1
14881 
6680 0

6430 0

6295 0

6290 1
59804 
6188 0

6113 2
38408 77203 
6109 0

6108 1
65620 
6101 1
11579 
6094 0

5964 0

5766 1
60977 
5717 1
17064 
5658 0

5635 0

5555 0

5517 0

5487 1
48542 
5262 0

5038 0

4930 0

4819 0

4736 0

4574 0

4441 1
79772 
4416 0

4319 2
83898 34285 
4234 1
59473 
4182 0

4110 0

3973 0

3925 1
23298 
