139
1125 106
59448 86024 36897 83484 41969 95665 64028 52101 86211 48485 99346 74671 46441 290 77339 14981 77979 42975 33627 73570 59931 86890 37066 190 70170 91364 1283 45340 82016 29802 25158 78363 74122 9433 80174 82336 63434 19820 35814 80518 14803 56786 22408 72627 18017 48363 85311 84242 15869 67729 68211 86342 93528 36270 61715 69894 64250 36727 28173 53755 51264 62072 47214 78929 59728 29427 68004 42273 39118 11244 64242 64940 62857 16010 11506 78204 88391 48828 24582 70332 79277 65703 75103 19683 25581 67474 32157 72105 20607 45898 9457 57760 10489 85806 97846 25747 57692 68066 3211 25210 38516 70741 13440 747 56247 52509 
6651 66
67495 79901 60789 83397 74284 20295 87221 78291 84519 80547 31488 97090 84948 73676 36071 73962 75663 95051 74513 45118 80434 70156 31041 26318 35529 54576 18293 64266 48334 30294 17912 10475 38442 38458 55817 33442 57698 98486 79935 93531 71553 21081 98013 89286 69551 96988 11697 52790 72952 69577 27242 34775 83168 65118 33505 5727 11018 68343 31698 29824 94124 53778 92246 79147 28297 53914 
50 40
20551 29987 82464 21672 27341 17732 10742 87916 85990 52559 81159 93970 68923 74131 22423 38581 65541 61002 45519 74788 66909 60083 8064 79962 41765 12174 5086 33389 74487 74044 34503 59923 88350 86712 34536 59044 80777 64774 36074 7216 
5165 19
332 78486 31736 6103 6204 77713 3889 93822 17075 81252 87672 94752 45446 59957 69188 77577 52036 96512 87508 
1474 4
58933 9612 71844 66047 
4138 0

6861 0

6262 0

6168 0

5431 0

5128 0

3865 0

3845 0

3290 0

3040 0

958 0

7049 0

6862 0

6684 0

6490 0

6129 0

6031 0

5957 0

5935 0

5925 0

5696 0

5579 0

5377 0

5334 0

5271 0

5181 0

4909 0

4569 0

4490 0

3945 0

3942 0

3531 0

3332 0

3304 0

2584 0

2477 0

2435 0

2074 0

2062 0

1933 0

1663 0

1608 0

1583 0

1502 0

1262 0

982 0

941 0

868 0

838 0

763 0

711 0

576 0

308 0

7245 0

7191 0

7089 0

7082 0

6967 0

6763 0

6679 0

6392 0

6333 0

6328 0

6230 0

6183 0

6120 0

6019 0

6009 0

5996 0

5967 0

5835 0

5741 0

5690 0

5665 0

5653 0

5645 0

5488 0

5426 0

5327 0

5316 0

5237 0

5209 0

5198 0

5009 0

4976 0

4897 0

4853 0

4796 0

4697 0

4681 0

4680 0

4622 0

4389 0

4368 0

4226 0

4153 0

4149 0

4130 0

3987 0

3972 0

3946 0

3871 0

3836 0

3797 0

3745 0

3743 0

3619 0

3581 0

3496 0

3420 0

3310 0

3184 0

3161 0

3045 0

2978 0

2955 0

2949 0

2845 0

2609 0

2466 0

2395 0

2366 0

2351 0

2251 0

2131 0

2077 0

2075 0

1978 0

1966 0

1907 0

1831 0

1603 0

1545 0

1454 0

