186
792 107
89833 54646 98530 24095 63588 66503 56492 97881 96893 28656 22018 87386 54501 81434 17483 96953 20535 14650 48317 27981 3623 10921 42113 65297 75316 71400 4179 75694 11953 50810 36899 12685 363 81546 70508 23820 87825 77981 48288 35398 63529 9679 20911 48575 32706 72095 8952 23631 61287 94970 95658 14005 34167 4139 1370 40587 15901 82578 2968 3087 30057 56142 63289 40555 6325 85303 50105 34863 5240 28786 75982 70533 31932 1748 51343 989 65684 85078 42723 47264 18016 30376 49734 24060 88306 82210 44741 96802 78544 88483 40042 36804 34550 76539 83407 23443 46327 26814 67082 53319 46177 27425 52963 67742 20664 78731 39693 
6965 97
15158 10641 40262 48387 39139 49377 27088 37087 67031 94370 93843 67022 62346 65156 11191 44578 29213 15570 58602 36463 14276 9998 12824 56057 36194 32262 51984 7093 18365 65271 16914 43205 70571 80265 24162 57800 65046 72913 77062 66521 31371 99555 40198 98173 18996 50600 47141 7 74299 84899 76734 45022 25753 22008 93678 30079 73397 61875 52561 32684 9752 30744 44271 50010 60045 58359 37239 15575 31487 30037 29601 8502 75567 31032 85930 63268 93827 93983 9754 11281 17832 45183 12334 13963 93705 25059 15861 65097 27686 14490 65001 12880 11577 33995 85885 80180 76940 
338 91
72805 6102 6062 40320 97263 13261 78876 7519 19065 91123 97311 53440 61546 99979 38179 81109 63308 11985 93704 85865 57922 39873 48683 74666 76956 45276 70944 54453 44896 82508 72196 15212 24543 50094 89982 60700 6531 99799 89764 6084 75972 48583 41920 97712 31379 86454 50280 87103 91647 49560 65225 74778 63821 14809 87853 31205 86751 91478 48505 76211 88763 46722 73627 76589 85294 11145 52221 34027 60188 76861 97549 78590 23011 72269 42895 98455 31897 2723 73365 44366 22470 40414 39500 49068 33477 96671 25804 80363 85782 53637 87274 
1450 80
54349 74285 94438 46001 69731 80441 6479 24337 87573 49040 59891 92332 13133 6868 17086 4300 57518 74715 39757 76162 96700 53409 35341 19302 31016 57486 48098 30915 22709 8499 71698 78869 71293 52445 90078 66441 16995 38893 5448 51482 30055 15331 2704 59328 5379 62433 24251 88050 13207 33883 27589 85477 17010 81738 96029 67699 20437 23663 98872 65747 34414 66979 2358 87678 50005 23033 58147 46961 22242 520 86825 38621 84697 17835 60809 7260 23812 75646 49316 91017 
6194 74
8628 46929 31842 14920 87160 10988 56303 69994 38617 64175 63044 267 43472 50141 30435 87198 55179 52914 21641 26596 43466 11259 41990 81837 36242 79978 66562 87254 66644 47437 68813 9122 28691 73546 88785 47511 78860 41936 74949 65576 22864 29337 99838 42651 86495 46764 95926 70137 99588 26867 9565 21649 92518 69421 14158 36286 63651 69277 35837 96276 41518 22707 60214 86092 6186 7690 2575 41184 63829 13792 56962 89559 57414 60173 
7584 62
32677 1533 96388 90505 88067 12025 56271 56618 8239 26183 93891 25531 45623 70236 73285 43299 88283 71054 70011 9327 97663 66732 77644 29215 60886 52139 81720 29674 80923 33851 64940 68369 98630 48549 23984 21546 13316 56180 87978 13390 80879 98500 23490 4800 94499 14071 55844 8746 4775 59970 48118 99991 38329 99036 5023 15753 94264 24281 5447 56680 91533 44783 
6316 56
49988 98179 75376 18626 19607 57961 38654 55067 92981 41565 24947 54306 8426 26906 44116 20732 82377 95974 47811 77712 33371 57273 3236 636 74535 85661 71815 69793 42260 8733 33875 26910 98906 20285 34503 63138 19132 9623 9434 68092 56879 1777 65253 25189 91564 92209 67839 94795 65228 56090 87285 92639 71310 30796 74635 8381 
5551 47
89676 39208 42997 35607 52319 25103 25007 26449 32072 44662 86040 48222 36683 66988 28420 84826 407 43686 98964 73708 22215 10547 14956 85678 68641 37457 79848 31096 82073 35997 41088 44854 41471 75467 34835 74463 80072 30836 6851 90312 34619 99521 77277 47176 66343 69886 58749 
2834 44
490 59387 91241 95084 18053 84183 30474 15612 33716 46705 65093 97628 71148 54038 39478 64749 37897 4431 67692 75185 78646 91413 61586 35528 45404 3428 56366 81113 93365 64234 72960 63944 10290 18231 81598 65269 38692 55849 6514 20112 2952 5500 22175 64290 
8522 36
63709 29870 30514 68343 8282 7837 4943 39296 45552 8991 52898 13982 34687 13030 48078 33954 93276 55228 32298 42046 41790 48161 63586 59012 50193 50894 46987 76834 26802 70280 47661 83909 99999 9914 25619 82958 
1788 31
9803 9739 62721 45347 93865 685 78454 27832 42227 7750 27911 57156 15277 98253 92534 57669 22800 72352 19119 64867 15233 94597 71435 47166 34471 30292 95435 11115 41157 18264 52086 
8439 25
93222 23300 31314 85371 77804 9001 655 83191 55007 24188 17435 34825 36788 80384 71066 88601 80443 48133 51797 80789 56859 5397 88820 60310 38585 
6511 20
77860 75195 66958 28968 39904 58108 14546 18687 63274 14794 63301 36545 3865 12404 29438 90735 78252 54404 373 73824 
6108 17
34400 46452 63461 13140 50637 68153 93255 57317 23039 42183 32452 40212 2852 81874 86286 504 61805 
4766 14
39546 33676 92781 14007 89115 25144 1562 71563 78406 68449 94557 82316 49350 4056 
6607 9
34521 82305 98205 72635 47478 75416 15963 75537 63910 
7096 8
5875 69775 8281 59821 9675 39104 29339 14565 
1471 6
75500 10696 17005 32009 26364 67851 
2575 4
98952 75062 33534 87229 
2606 0

1263 0

9235 0

8517 0

7924 0

5108 0

3075 0

2875 0

2726 0

2306 0

9352 0

8463 0

8115 0

7953 0

7889 0

7322 0

6436 0

6315 0

6281 0

5469 0

5402 0

5235 0

5020 0

3810 0

3693 0

2800 0

2755 0

2350 0

1636 0

1506 0

8820 0

8792 0

8061 0

7813 0

7515 0

7435 0

7325 0

7315 0

7208 0

7203 0

6838 0

6814 0

6638 0

6192 0

6087 0

5773 0

5770 0

5648 0

5149 0

5039 0

4985 0

4631 0

4623 0

4533 0

4496 0

4171 0

4158 0

3643 0

3389 0

3084 0

2887 0

2870 0

2853 0

2295 0

2172 0

2049 0

2046 0

1896 0

1891 0

1615 0

1397 0

1386 0

1236 0

1029 0

752 0

620 0

614 0

553 0

535 0

441 0

390 0

216 0

9405 0

9332 0

9264 0

9193 0

9174 0

9079 0

8932 0

8917 0

8769 0

8740 0

8736 0

8659 0

8609 0

8583 0

8490 0

8337 0

8207 0

8185 0

8107 0

8094 0

8071 0

7943 0

7936 0

7868 0

7820 0

7817 0

7775 0

7712 0

7703 0

7695 0

7681 0

7626 0

7558 0

7481 0

7436 0

7405 0

7346 0

7312 0

7279 0

7246 0

7206 0

7036 0

6951 0

6943 0

6914 0

6885 0

6762 0

6741 0

6721 0

6561 0

6493 0

6441 0

6421 0

6342 0

6334 0

6260 0

6212 0

6143 0

6107 0

6101 0

6097 0

5996 0

5975 0

5926 0

5775 0

5749 0

5746 0

5732 0

5723 0

5719 0

5523 0

5461 0

5338 0

5256 0

5246 0

5081 0

5048 0

5000 0

4867 0

4794 0

4790 0

4646 0

4644 0

4520 0

4487 0

