877
2585 132
5534 2581 57245 72290 11480 30901 97968 30072 28845 12666 80462 52520 73813 92969 28654 45909 87051 44557 42273 14506 65065 7924 87687 6946 62043 62981 65199 4633 52191 19868 18293 92520 52534 56663 89359 55126 57520 47076 6967 47861 97831 74450 97327 76711 13844 8963 33818 83092 98878 17856 32222 69412 28655 41 52081 33826 31837 71024 73236 54142 12457 45364 88003 45764 18163 69679 83512 79589 69910 17009 14936 59711 67995 99257 66973 14362 56699 87185 94941 38919 15850 93724 93649 96499 756 590 13465 38945 86540 70218 60503 71079 2577 51873 59480 91220 24823 92774 18082 84119 11917 26621 1779 78642 49662 18517 73132 63696 21396 16768 52465 75674 54646 54667 39670 21916 23141 70249 78259 40454 3543 80026 66498 49134 12891 59494 64848 25981 1142 2669 70052 24799 
405 112
26341 44392 87751 4643 31908 72120 72486 48178 22323 82447 40434 81829 12325 60610 86875 53274 24474 36663 1842 80765 63060 65920 61832 31875 75915 66319 46860 39461 53515 10329 66381 3836 76745 96319 41854 49214 83945 32936 67045 93983 87781 44875 21864 83239 95106 37108 54579 15035 68756 42198 62057 94140 40190 91254 12861 97959 1931 18900 17018 77659 52567 30838 46407 62762 95947 86460 46775 63765 1486 87838 32191 96809 78244 88090 83316 16371 3796 44132 30947 33425 83788 51431 22365 88035 5880 59255 8579 28324 71778 46467 48296 7126 5647 39722 23340 11758 88096 92749 2335 86757 24094 87907 11819 42714 14599 32645 87248 33278 84876 32795 95791 51075 
2750 92
69088 81453 47877 28927 43303 32226 86324 74577 85519 76170 98207 16290 62481 709 39403 10798 30821 28997 10427 29633 90156 64452 27046 33114 70679 1032 54379 40692 3911 15703 14663 98605 27764 31267 38323 31443 32880 49453 54526 72286 23279 10773 71725 49815 68068 22931 50859 24940 90858 86691 58370 59526 35584 60244 63495 42846 4838 64689 85657 46496 49297 51309 1197 73079 25584 39245 16535 7789 54410 52487 5074 8884 59422 85726 91577 17712 61348 94824 29293 82714 13202 34773 29187 16612 97989 72964 54222 25715 19839 31486 70892 97024 
1856 78
21848 27238 44078 22658 32304 24797 16259 37014 42352 54932 25941 95125 93709 13473 45131 9002 94727 70252 4100 6473 1192 944 44478 85880 21798 5904 59661 24179 17986 10396 8695 10026 22598 31550 37742 58054 94573 83543 5657 42109 26243 29948 40617 59800 66501 42586 50152 15014 50375 74694 32209 15676 26808 93702 71097 51240 87113 74421 56404 38167 10743 72457 2762 30577 2600 99670 43559 33381 93008 80249 77750 39602 97046 74371 650 97855 74829 91923 
603 55
21789 88061 33453 56417 76386 54568 13291 29275 56517 535 50411 16550 97868 36393 4204 69330 56975 33277 69394 60646 61108 2970 31211 43123 24914 49377 65193 75165 92654 20617 38727 51855 80603 59539 21606 70138 69986 57089 74464 13879 27786 40476 42327 13472 48979 68229 72443 59634 27734 93776 45365 91457 49840 95040 13662 
831 46
66336 92411 128 90526 66247 43330 12489 21377 83740 85227 39354 810 48354 33605 52456 10639 74761 69019 8778 60821 47838 1130 82654 27066 60224 1423 3844 80430 11532 2894 8170 78557 37045 92385 37474 84868 73973 53604 3939 8436 49780 21378 46988 19670 71535 42497 
450 26
85520 97442 33772 59978 75836 21655 83387 45064 49569 86660 36473 19185 15515 1604 34152 9346 3807 93997 57530 9141 84480 17693 97358 92260 11511 17811 
2360 29
64599 10970 40857 68377 85674 75826 49666 51392 91395 73565 98927 97352 3657 55349 88213 6184 54040 58637 64008 46550 2155 55239 96633 72258 33099 58324 52756 81587 6051 
3267 20
7451 57270 66905 42721 14422 11261 85994 52020 56847 69058 74385 27230 93694 26398 16939 23869 40743 26680 61913 43866 
3955 10
22944 77515 49265 21423 71202 88377 34894 21067 57862 78662 
2943 7
77940 41118 91934 79793 75549 8447 54458 
2106 0

1294 1
47002 
3436 1
40796 
3699 1
99628 
1880 1
63787 
2188 0

2749 0

2508 0

796 0

782 1
13396 
3830 0

3364 0

2976 0

1910 0

1149 0

224 0

3706 0

1028 0

2000 1
87098 
3569 0

2369 0

1685 0

1054 0

1765 0

1571 0

1687 0

658 0

1043 0

2509 0

1808 0

44 0

3233 0

2993 0

2392 0

1991 0

1171 0

3371 0

2889 0

2757 0

602 0

3660 0

2049 0

1770 0

1480 0

1357 0

880 0

874 0

862 0

351 0

185 0

2849 0

3626 0

3360 0

2363 0

2011 0

1866 0

1148 0

544 0

3843 0

3803 0

3797 0

1860 0

1182 0

1027 0

948 0

83 0

3927 0

3252 0

3097 0

2878 0

2320 0

627 0

574 0

207 0

3916 0

3630 0

3329 0

2766 0

2068 0

2028 0

1675 0

868 0

528 0

3748 0

3150 0

256 0

3615 0

2391 0

1815 0

1424 0

636 0

489 0

3744 0

3619 0

3545 0

3300 0

2940 0

2799 0

2730 0

1753 0

1709 0

1371 0

1239 0

763 0

685 0

245 0

243 0

178 0

60 0

3721 0

2658 0

2471 0

2217 0

2210 0

2147 0

1456 0

1315 0

1184 0

799 0

297 0

244 0

238 0

25 0

3978 0

3790 0

3286 0

3218 0

2882 0

1941 0

1546 0

1304 0

1162 0

953 0

936 0

637 0

3430 0

2220 0

2196 0

1883 0

1810 0

1729 0

1633 0

1570 0

857 0

661 0

190 0

3362 0

3099 0

2600 0

2329 0

1667 0

1188 0

1017 0

995 0

704 0

573 0

308 0

67 0

4092 0

3921 0

3798 0

3574 0

3438 0

3345 0

2810 0

2597 0

2438 0

2385 0

2019 0

1994 0

1940 0

1611 0

1316 0

972 0

643 0

479 0

259 0

141 0

98 0

89 0

3705 0

3599 0

3386 0

2952 0

2343 0

2096 0

1970 0

1969 0

1801 0

1047 0

923 0

833 0

769 0

471 0

429 0

4055 0

3783 0

3492 0

3418 0

2837 0

2813 0

2761 0

2167 0

1952 0

1904 0

1458 0

916 0

346 0

4054 0

4013 0

3961 0

3423 0

3245 0

2871 0

2701 0

2691 0

2281 0

2054 0

1984 0

1975 0

1726 0

1593 0

1280 0

832 0

687 0

667 0

539 0

474 0

222 0

106 0

3717 0

3637 0

3257 0

3198 0

3100 0

2836 0

2649 0

2529 0

2044 0

1746 0

1243 0

781 0

777 0

756 0

501 0

241 0

3948 0

3825 0

3366 0

3287 0

3256 0

2897 0

2782 0

2728 0

2718 0

2501 0

2175 0

2070 0

1840 0

1497 0

1200 0

980 0

714 0

3477 0

3419 0

3232 0

3213 0

3155 0

2558 0

2552 0

2456 0

2201 0

2198 0

2091 0

1467 0

1217 0

1095 0

731 0

594 0

36 0

11 0

3384 0

3349 0

3184 0

3088 0

2715 0

2548 0

1992 0

1800 0

1682 0

1116 0

1048 0

919 0

274 0

52 0

4094 0

3957 0

3873 0

3760 0

3317 0

3225 0

3166 0

3041 0

2908 0

2792 0

2587 0

2419 0

2370 0

2297 0

2094 0

1622 0

1477 0

1251 0

1161 0

1157 0

1129 0

743 0

614 0

572 0

478 0

404 0

304 0

269 0

4052 0

3909 0

3042 0

2577 0

2568 0

2528 0

2475 0

2469 0

2368 0

1908 0

1894 0

1425 0

1352 0

1336 0

1325 0

1224 0

1006 0

807 0

710 0

701 0

672 0

669 0

659 0

591 0

547 0

324 0

56 0

8 0

3851 0

3491 0

3487 0

3483 0

3422 0

3135 0

3018 0

2933 0

2814 0

2772 0

2648 0

2449 0

1922 0

1909 0

1878 0

1511 0

1368 0

1120 0

1090 0

1084 0

1082 0

1055 0

765 0

444 0

396 0

360 0

180 0

4084 0

4035 0

3822 0

3724 0

3595 0

3478 0

3331 0

3299 0

2983 0

2891 0

2865 0

2852 0

2553 0

2403 0

2126 0

1899 0

1850 0

1797 0

1792 0

1678 0

1618 0

1495 0

1314 0

934 0

386 0

142 0

76 0

4034 0

3708 0

3652 0

3128 0

2963 0

2928 0

2850 0

2440 0

2344 0

2061 0

2014 0

1965 0

1919 0

1587 0

1416 0

1298 0

1282 0

1204 0

1001 0

883 0

686 0

416 0

282 0

3854 0

3711 0

3565 0

3517 0

3502 0

3475 0

3355 0

2791 0

2756 0

2688 0

2676 0

2666 0

2566 0

2541 0

2432 0

2371 0

2016 0

2004 0

1931 0

1740 0

1738 0

1398 0

1191 0

1031 0

922 0

890 0

611 0

329 0

74 0

10 0

4000 0

3881 0

3833 0

3647 0

3237 0

3127 0

3079 0

3062 0

2812 0

2644 0

2612 0

2463 0

2453 0

2342 0

2207 0

2200 0

2002 0

1972 0

1835 0

1620 0

1488 0

1354 0

1333 0

1156 0

999 0

536 0

523 0

289 0

175 0

90 0

17 0

3743 0

3683 0

3667 0

3651 0

3648 0

3454 0

3378 0

3318 0

3308 0

3240 0

3217 0

2936 0

2788 0

2627 0

2424 0

2397 0

2395 0

2291 0

2199 0

1819 0

1663 0

1603 0

1449 0

1405 0

1272 0

878 0

533 0

492 0

1 0

3876 0

3701 0

3642 0

3577 0

3456 0

3407 0

3385 0

3123 0

3095 0

2815 0

2793 0

2740 0

2355 0

1957 0

1907 0

1805 0

1576 0

1565 0

1532 0

1309 0

1303 0

1288 0

1010 0

984 0

876 0

855 0

829 0

646 0

590 0

535 0

339 0

206 0

120 0

48 0

4026 0

3965 0

3930 0

3665 0

3622 0

3452 0

3019 0

3017 0

2978 0

2816 0

2588 0

2523 0

2507 0

2506 0

2429 0

2239 0

2208 0

2072 0

1831 0

1789 0

1520 0

1492 0

1196 0

1136 0

875 0

795 0

639 0

588 0

560 0

542 0

538 0

391 0

3994 0

3702 0

3567 0

3402 0

3304 0

3210 0

2544 0

2498 0

2409 0

2259 0

2190 0

2020 0

1948 0

1844 0

1826 0

1645 0

1642 0

1413 0

1226 0

1197 0

869 0

545 0

359 0

325 0

88 0

3922 0

3893 0

3877 0

3671 0

3594 0

3542 0

3439 0

3273 0

2641 0

2586 0

2265 0

2143 0

2129 0

1881 0

1875 0

1867 0

1783 0

1763 0

1641 0

1638 0

1589 0

1475 0

1407 0

1397 0

1195 0

1042 0

821 0

780 0

713 0

630 0

621 0

601 0

600 0

537 0

534 0

462 0

417 0

408 0

239 0

101 0

68 0

21 0

3938 0

3824 0

3704 0

3597 0

3214 0

3193 0

3178 0

3146 0

3069 0

2969 0

2949 0

2883 0

2834 0

2739 0

2705 0

2321 0

2227 0

2209 0

1935 0

1891 0

1744 0

1735 0

1567 0

1361 0

1356 0

1173 0

1073 0

1058 0

1049 0

443 0

385 0

169 0

133 0

107 0

94 0

4010 0

3863 0

3819 0

3788 0

3778 0

3752 0

3623 0

3548 0

3513 0

3328 0

3301 0

3005 0

2929 0

2869 0

2765 0

2533 0

2500 0

2493 0

2476 0

2339 0

2317 0

2255 0

2039 0

2010 0

1967 0

1946 0

1917 0

1718 0

1432 0

1404 0

1175 0

1063 0

886 0

792 0

786 0

583 0

559 0

485 0

389 0

366 0

236 0

202 0

59 0

3988 0

3850 0

3777 0

3679 0

3649 0

3526 0

3306 0

3174 0

3016 0

2945 0

2903 0

2720 0

2657 0

2492 0

2389 0

2246 0

1807 0

1628 0

1318 0

928 0

905 0

812 0

753 0

721 0

712 0

655 0

579 0

525 0

344 0

113 0

4023 0

3910 0

3908 0

3848 0

3763 0

3740 0

3735 0

3707 0

3672 0

3638 0

3575 0

3544 0

3455 0

3412 0

3351 0

3141 0

3111 0

2998 0

2844 0

2790 0

2716 0

2709 0

2412 0

2160 0

2125 0

1956 0

1843 0

1784 0

1543 0

1312 0

1223 0

1160 0

1137 0

1124 0

1050 0

970 0

929 0

863 0

656 0

486 0

468 0

456 0

361 0

298 0

3995 0

3984 0

3979 0

3950 0

3802 0

3759 0

3321 0

3314 0

3255 0

3215 0

3071 0

2962 0

2873 0

2802 0

2773 0

2770 0

2698 0

2670 0

2660 0

2356 0

2279 0

2174 0

2111 0

2107 0

2063 0

2062 0

1996 0

1798 0

1731 0

1697 0

1674 0

1582 0

1523 0

1377 0

1274 0

1159 0

1041 0

967 0

909 0

773 0

629 0

613 0

463 0

452 0

380 0

317 0

108 0

41 0

18 0

4086 0

4053 0

3837 0

3809 0

3737 0

3646 0

3568 0

3539 0

3266 0

3250 0

3081 0

3063 0

2926 0

2838 0

