374
38 173
35854 38176 74623 9048 77214 50550 40306 28457 12602 21926 56396 52247 40564 24676 5560 80633 38947 41587 15172 20650 9908 40546 17785 60175 31436 21781 66848 24898 71360 83176 75574 58172 13905 39669 45870 12224 19824 81060 45700 52315 48953 32140 54 84726 8902 43420 43376 36691 21491 55295 13886 2928 54469 45101 84828 8253 67126 34581 79436 71880 53034 5945 38906 15365 11898 49373 63684 16624 67481 38387 737 47110 78965 57273 77172 43606 78170 35970 73332 69019 7631 31696 65608 44361 7072 58432 64913 13744 75161 86703 58533 77646 63707 58026 8951 18669 48548 20690 75078 75147 51998 70894 27884 40269 75704 29639 27579 20793 61445 16393 53779 77310 81852 27701 11 40240 47314 47202 16507 84654 52077 45523 45425 82334 18205 13595 35987 84064 39479 27187 16784 74838 59730 82780 65176 81447 63044 81576 20151 57295 53636 69728 80384 8444 14923 60797 37950 50597 745 11102 41215 13047 17819 68960 1879 6007 35683 53244 1698 17040 27776 34706 47906 7959 70477 11040 34605 80835 63886 15768 85492 25137 54157 
164 75
40048 47285 31325 7337 21257 54562 77831 5083 55825 47531 86430 17335 80687 77197 81067 50990 79543 17194 66623 71294 45951 69894 50406 53847 41976 10824 3408 17185 62953 74620 31845 29311 18250 76468 41726 17076 52721 63983 75189 51454 43251 56375 68561 72993 60582 81663 31342 42223 30954 80062 32010 44499 866 37450 11809 82699 85584 66818 74449 68487 16786 53703 3162 30424 77281 65567 47592 18155 71662 71568 28915 62069 73231 85606 12149 
3452 24
46692 20662 64208 44379 39844 71513 64622 14605 17146 36506 63851 80786 1358 51335 70715 63875 69830 15345 64315 42925 80647 45453 36468 40310 
3901 6
2526 44439 76011 9799 48744 58265 
4848 0

4562 0

4175 0

2848 0

4334 0

2425 0

1210 0

1177 0

4201 0

2949 0

1555 0

1106 0

664 0

74 0

3455 0

368 0

5357 0

3801 0

3646 0

3382 0

3263 0

1801 0

2761 0

2392 0

1049 0

920 0

5148 0

3773 0

2113 0

1712 0

1348 0

1028 0

407 0

298 0

5113 0

4349 0

3815 0

3127 0

3047 0

628 0

503 0

186 0

5336 0

4925 0

4793 0

4571 0

4252 0

2831 0

2805 0

2752 0

1866 0

1631 0

1592 0

1222 0

862 0

660 0

482 0

4690 0

4590 0

4488 0

4374 0

3552 0

3528 0

3198 0

2668 0

2608 0

2568 0

2388 0

2378 0

2078 0

1836 0

1042 0

737 0

617 0

427 0

81 0

5205 0

5140 0

5029 0

4624 0

4576 0

4455 0

4431 0

4064 0

3664 0

3405 0

3392 0

3313 0

3096 0

3064 0

3044 0

2853 0

2525 0

2239 0

2203 0

1498 0

1268 0

1253 0

1114 0

530 0

4611 0

4548 0

3488 0

3248 0

2772 0

2747 0

2685 0

2655 0

2267 0

2247 0

2157 0

1282 0

603 0

474 0

5236 0

5177 0

5058 0

4751 0

4682 0

3702 0

3612 0

3563 0

3331 0

3328 0

3275 0

2730 0

2412 0

2272 0

2227 0

2049 0

2001 0

1861 0

1744 0

1731 0

1473 0

1324 0

1128 0

1120 0

787 0

515 0

145 0

4974 0

4930 0

4882 0

4837 0

4824 0

4569 0

3686 0

3671 0

3599 0

3508 0

3013 0

2808 0

2800 0

2345 0

2007 0

1999 0

1531 0

1506 0

857 0

649 0

448 0

329 0

102 0

5108 0

4951 0

4681 0

4413 0

3703 0

3233 0

3186 0

3075 0

2976 0

2965 0

2849 0

2829 0

2537 0

2073 0

1992 0

1630 0

1586 0

1510 0

1169 0

1147 0

992 0

945 0

796 0

749 0

728 0

671 0

553 0

532 0

216 0

139 0

5392 0

5373 0

4950 0

4746 0

4734 0

4594 0

4137 0

4097 0

4065 0

3825 0

3673 0

3582 0

3469 0

3231 0

3083 0

3026 0

2865 0

2640 0

2414 0

2288 0

2009 0

1972 0

1839 0

1699 0

1660 0

1579 0

1220 0

1126 0

699 0

601 0

564 0

456 0

5251 0

5149 0

4931 0

4927 0

4593 0

4397 0

4382 0

4359 0

4313 0

4242 0

4089 0

4069 0

4042 0

4015 0

3740 0

3428 0

3391 0

3222 0

3167 0

3161 0

2677 0

2597 0

2530 0

2321 0

2235 0

2221 0

2209 0

2088 0

1682 0

1370 0

1315 0

1261 0

1193 0

918 0

667 0

332 0

310 0

249 0

211 0

5413 0

5385 0

5209 0

5153 0

5097 0

5085 0

5008 0

4915 0

4876 0

4843 0

4796 0

4736 0

4677 0

4628 0

4452 0

4427 0

4398 0

4348 0

4214 0

4124 0

4107 0

4066 0

3940 0

3729 0

3679 0

3456 0

3408 0

3151 0

3148 0

2836 0

2821 0

2786 0

2711 0

2601 0

2505 0

2353 0

2334 0

2322 0

2261 0

2060 0

2000 0

1767 0

1680 0

1480 0

1405 0

1286 0

1226 0

1034 0

786 0

545 0

392 0

291 0

289 0

187 0

153 0

5433 0

5425 0

5408 0

5272 0

5220 0

5144 0

5133 0

5125 0

5122 0

5070 0

4857 0

4835 0

4816 0

4806 0

4687 0

4631 0

4515 0

4491 0

4394 0

4320 0

4113 0

4091 0

4085 0

4068 0

4036 0

4012 0

3814 0

3810 0

3517 0

3512 0

3386 0

3259 0

3211 0

3193 0

3187 0

3155 0

3123 0

3100 0

3052 0

2886 0

2574 0

2535 0

2323 0

2284 0

2266 0

2182 0

2172 0

1995 0

1970 0

1882 0

