16
18 38
0 3 6 11 18 20 21 24 25 29 31 32 33 35 36 37 39 41 44 53 55 59 62 63 71 79 82 85 87 89 90 91 92 95 99 100 101 103 
2 36
1 5 8 9 12 15 22 23 28 38 40 46 49 51 54 64 66 69 73 75 86 93 94 106 107 110 121 122 132 142 145 146 150 152 162 163 
3 34
2 7 10 17 26 27 34 50 52 70 72 76 83 84 96 102 108 109 118 133 144 159 182 186 194 195 204 215 225 228 238 240 242 253 
8 32
43 56 57 61 77 80 97 127 141 156 158 165 169 181 184 189 192 193 239 250 252 271 276 292 297 306 353 368 391 403 431 432 
14 30
4 16 42 78 81 88 104 128 160 185 210 216 248 286 333 340 341 349 373 392 394 439 474 481 482 499 502 505 511 516 
16 28
13 65 112 115 136 172 177 200 218 229 249 257 267 301 321 325 363 364 386 473 477 496 519 557 560 572 636 638 
13 26
19 47 58 60 74 138 232 293 304 350 366 389 471 480 486 539 541 642 735 847 944 965 1051 1093 1167 1187 
9 22
45 111 154 196 201 223 281 354 382 452 603 656 746 1005 1060 1076 1209 1258 1298 1308 1392 1433 
4 18
30 67 119 130 137 202 515 594 600 769 770 1092 1139 1191 1240 1404 1405 1437 
11 12
98 197 222 233 244 356 433 861 875 1231 1287 1362 
7 5
558 704 938 970 1103 
10 4
183 868 1194 1294 
1 4
48 712 784 1376 
15 2
332 1292 
0 2
243 1423 
12 1
915 
