13
43 26
12537 55834 15923 19453 12545 13726 19905 29600 5706 19242 27975 32683 23684 18890 26882 26836 1960 29815 371 14516 27617 6677 38502 33569 41311 12776 
244 24
61868 33372 11819 18435 7993 11202 11685 11284 276 9 479 2416 11138 8838 11236 6163 3479 4288 4909 1020 11334 4105 11332 2892 
511 22
73150 45091 42580 39917 32491 40650 32323 39893 39435 28384 39564 39495 39919 30458 32163 28517 40572 31565 44848 31900 28786 40585 
506 20
6669 97936 45582 21574 38368 40813 41094 47785 200 45923 41114 38520 3746 5086 41216 57 392 951 49132 2602 
168 18
7753 47790 48510 21787 34062 18635 14981 35058 46847 12701 48662 1852 12858 33553 48399 32539 13034 32639 
457 16
83654 15934 940 15781 38763 10694 48749 16991 47278 17530 10461 15687 48103 47778 47537 47726 
181 14
50201 9685 30038 33421 11926 34390 37394 12509 27927 11424 22429 36909 49964 33577 
317 12
40324 34618 75462 30142 46518 28469 37681 46257 35762 28307 31657 38843 
207 10
69867 16297 49021 39500 6189 627 40330 43337 842 588 
523 8
96788 39425 5018 22586 18051 11488 1949 13671 
533 6
23102 26146 45209 46482 36151 46464 
475 4
59613 49230 22078 14876 
67 2
69447 20682 
