79
41 158
6 14 24 28 30 37 44 56 63 98 99 102 125 136 141 180 192 195 211 271 293 301 303 344 421 424 445 477 481 484 504 508 546 547 563 574 575 576 580 585 589 601 604 611 623 649 650 651 681 682 698 710 719 745 767 769 772 775 820 826 828 829 841 856 868 875 878 881 906 911 940 958 976 980 988 993 1001 1023 1024 1030 1042 1081 1088 1098 1121 1123 1124 1127 1129 1136 1138 1140 1143 1150 1152 1167 1181 1185 1192 1209 1212 1240 1286 1295 1311 1313 1328 1334 1350 1361 1380 1388 1392 1395 1410 1414 1416 1443 1450 1458 1464 1481 1485 1505 1513 1516 1550 1551 1587 1593 1598 1600 1602 1611 1648 1679 1680 1682 1690 1708 1710 1744 1758 1767 1783 1801 1827 1833 1837 1838 1840 1883 1890 1899 1907 1917 1923 1940 
35 156
7 8 19 40 45 54 80 92 134 147 152 174 178 184 231 232 265 285 305 314 316 333 337 354 357 404 415 417 422 440 441 444 450 472 473 479 489 500 501 503 517 523 535 560 603 610 632 642 643 647 656 694 749 759 780 805 807 839 846 855 857 876 886 898 901 917 921 935 938 950 970 975 977 998 1000 1011 1012 1015 1021 1034 1037 1046 1047 1057 1067 1074 1075 1096 1146 1215 1234 1237 1246 1249 1270 1274 1279 1315 1346 1363 1376 1400 1401 1428 1440 1449 1477 1493 1509 1511 1520 1526 1534 1546 1554 1557 1559 1562 1591 1595 1603 1647 1657 1670 1677 1678 1709 1722 1734 1748 1749 1765 1768 1776 1797 1803 1809 1810 1841 1856 1864 1878 1891 1900 1914 1921 1926 1932 1951 1967 1979 1989 1996 1997 2004 2010 
61 154
11 12 18 23 27 38 41 48 76 94 170 183 208 209 214 221 225 238 246 248 252 253 267 302 321 339 352 355 370 372 377 394 395 411 412 418 449 456 457 462 469 495 506 533 541 543 552 559 564 578 596 599 607 612 633 635 639 644 654 662 665 678 680 693 707 720 723 724 739 746 766 787 792 795 799 823 825 845 852 860 864 870 879 895 919 960 965 972 984 999 1006 1007 1013 1048 1059 1066 1097 1109 1112 1137 1145 1147 1158 1161 1175 1197 1198 1205 1229 1232 1236 1265 1321 1335 1357 1368 1377 1407 1446 1456 1475 1504 1518 1561 1575 1576 1605 1613 1629 1637 1643 1649 1674 1688 1718 1719 1725 1737 1751 1756 1774 1788 1814 1855 1881 1886 1916 1934 1956 1971 2034 2044 2045 2069 
15 152
3 9 51 93 95 104 113 126 133 146 172 222 235 236 240 242 243 244 247 254 260 264 283 295 308 309 317 328 381 388 391 398 408 430 459 470 507 532 586 597 624 625 628 640 657 721 731 764 765 784 791 815 835 853 862 866 880 905 907 922 928 929 932 945 963 981 1050 1058 1064 1084 1089 1099 1119 1120 1141 1180 1183 1189 1217 1224 1242 1244 1248 1261 1275 1302 1303 1305 1325 1331 1352 1353 1358 1389 1402 1403 1406 1425 1452 1472 1492 1498 1499 1529 1547 1558 1582 1585 1596 1606 1609 1631 1636 1639 1703 1704 1712 1732 1742 1779 1786 1794 1860 1861 1865 1871 1887 1909 1928 1944 1959 1986 1995 2009 2018 2072 2084 2088 2106 2129 2143 2146 2167 2210 2224 2225 2226 2253 2255 2281 2322 2326 
53 150
1 32 117 119 127 151 181 196 215 239 269 273 290 294 351 359 367 373 436 442 466 467 480 521 524 539 567 571 581 584 595 609 664 702 732 776 800 817 822 834 838 859 867 873 912 913 920 943 953 971 973 997 1028 1035 1038 1049 1073 1101 1135 1164 1171 1172 1173 1207 1208 1214 1226 1227 1273 1281 1289 1329 1364 1381 1394 1409 1429 1432 1438 1512 1572 1579 1594 1640 1653 1663 1669 1686 1698 1721 1738 1745 1750 1785 1800 1811 1812 1822 1839 1858 1875 1888 1920 1929 1949 1960 1970 1998 2008 2014 2042 2061 2086 2113 2114 2133 2158 2162 2179 2185 2190 2199 2214 2263 2264 2273 2300 2309 2318 2337 2346 2360 2377 2382 2387 2394 2438 2441 2469 2526 2534 2538 2554 2578 2584 2603 2636 2656 2679 2681 
78 148
0 26 55 66 112 115 118 130 148 205 226 229 266 300 318 322 327 338 345 384 401 409 427 458 475 510 511 515 537 577 605 659 671 672 677 722 730 763 816 851 869 923 924 925 939 942 959 962 994 1025 1039 1106 1126 1139 1165 1190 1191 1211 1266 1278 1283 1294 1322 1327 1339 1351 1360 1371 1436 1445 1486 1501 1507 1510 1533 1544 1549 1590 1592 1599 1607 1646 1650 1652 1659 1681 1771 1799 1806 1817 1825 1826 1828 1846 1849 1885 1896 1903 1924 2021 2024 2025 2031 2046 2053 2071 2103 2118 2141 2171 2195 2203 2208 2209 2223 2235 2252 2294 2298 2352 2369 2379 2380 2392 2400 2444 2447 2448 2457 2465 2466 2473 2502 2512 2517 2529 2551 2560 2561 2564 2618 2626 2674 2684 2721 2722 2726 2753 
62 146
22 33 35 75 79 84 89 111 123 143 255 272 277 278 282 284 297 307 320 416 420 452 518 519 530 557 565 629 645 692 714 728 760 779 788 802 837 877 899 927 931 969 978 983 1002 1019 1061 1116 1148 1160 1162 1168 1201 1233 1287 1292 1299 1344 1347 1355 1362 1412 1418 1447 1468 1476 1494 1503 1553 1581 1610 1645 1651 1654 1666 1695 1697 1702 1707 1715 1729 1740 1743 1754 1784 1792 1836 1850 1854 1877 1884 1913 1931 1942 2013 2035 2047 2055 2067 2081 2089 2095 2172 2173 2230 2232 2236 2246 2251 2287 2312 2338 2358 2370 2386 2410 2428 2437 2453 2462 2496 2508 2518 2520 2531 2550 2559 2592 2628 2629 2630 2634 2672 2696 2711 2717 2740 2751 2775 2779 2811 2812 2823 2854 2865 2943 
20 144
25 78 103 124 228 230 237 241 270 291 331 385 402 437 468 483 494 534 554 558 568 583 591 614 627 653 687 691 697 706 748 781 782 783 785 824 832 863 900 949 990 1045 1068 1090 1118 1131 1156 1176 1186 1196 1213 1251 1258 1263 1288 1306 1320 1340 1343 1387 1397 1421 1502 1506 1515 1522 1563 1569 1597 1614 1623 1634 1638 1644 1685 1692 1700 1731 1746 1770 1781 1821 1823 1843 1853 1868 1973 1981 1984 2007 2050 2051 2091 2149 2155 2168 2181 2189 2212 2218 2240 2243 2250 2280 2286 2343 2357 2363 2395 2416 2495 2571 2621 2645 2657 2663 2688 2713 2723 2767 2793 2804 2833 2846 2855 2875 2895 2937 2949 2980 3022 3036 3069 3082 3115 3130 3148 3169 3185 3194 3202 3256 3279 3286 
2 142
4 5 62 72 131 138 142 167 207 245 258 262 304 323 335 349 360 366 400 513 520 536 538 540 606 616 670 703 773 777 809 850 888 937 987 1003 1008 1027 1031 1032 1040 1043 1069 1076 1082 1095 1133 1174 1177 1193 1309 1369 1383 1460 1491 1495 1525 1531 1538 1552 1612 1622 1714 1733 1760 1802 1808 1834 1848 1857 1862 1874 1894 1902 1974 1990 1994 2012 2020 2076 2094 2161 2254 2278 2284 2319 2373 2384 2427 2445 2484 2500 2504 2523 2558 2562 2583 2632 2714 2733 2764 2765 2770 2776 2807 2828 2849 2867 2869 2873 2989 3025 3027 3081 3094 3160 3164 3167 3199 3208 3211 3219 3231 3241 3265 3272 3294 3298 3304 3324 3331 3362 3390 3416 3418 3479 3509 3520 3527 3580 3589 3606 
40 140
13 29 39 43 71 100 110 120 154 185 188 190 249 280 296 348 390 407 419 429 438 463 465 474 512 522 544 613 673 695 696 725 733 737 812 818 819 830 843 944 952 966 1020 1055 1083 1144 1166 1203 1220 1247 1259 1280 1296 1304 1373 1384 1417 1426 1439 1451 1461 1479 1537 1568 1583 1588 1617 1628 1642 1667 1693 1728 1755 1791 1805 1819 1832 1835 1851 1880 1906 1919 1927 1941 1958 2002 2019 2027 2130 2138 2200 2233 2248 2270 2277 2289 2291 2313 2317 2323 2340 2356 2397 2461 2494 2497 2539 2567 2622 2637 2652 2697 2718 2750 2785 2844 2856 2919 2945 3055 3058 3062 3097 3103 3144 3163 3175 3179 3189 3200 3247 3283 3376 3377 3379 3411 3465 3469 3512 3548 
18 138
31 42 46 74 77 82 139 153 163 177 189 201 251 261 263 310 375 378 487 493 551 566 618 634 708 715 726 842 872 893 909 910 1018 1071 1134 1142 1225 1252 1253 1271 1314 1319 1330 1349 1365 1375 1379 1399 1434 1530 1543 1548 1566 1625 1633 1635 1717 1747 1772 1773 1813 1815 1910 2016 2022 2033 2038 2131 2144 2152 2176 2227 2276 2374 2391 2425 2429 2440 2460 2475 2549 2595 2598 2698 2701 2712 2806 2813 2834 2862 2876 2896 2908 2910 2942 2952 2997 3026 3039 3100 3120 3137 3155 3159 3259 3300 3356 3446 3461 3464 3481 3489 3521 3522 3578 3584 3596 3642 3682 3751 3791 3807 3811 3812 3822 3880 3885 3925 3947 4008 4011 4088 4089 4091 4120 4121 4157 4210 
39 136
15 34 65 73 81 90 101 202 268 299 326 386 410 455 516 593 619 660 699 700 727 741 754 758 796 831 951 956 996 1004 1026 1094 1178 1260 1284 1333 1390 1444 1457 1463 1470 1500 1540 1577 1641 1701 1706 1713 1764 1780 1842 1901 1933 1966 2064 2132 2165 2175 2274 2421 2446 2556 2588 2597 2623 2704 2748 2829 2853 2900 2903 2970 2983 3056 3061 3233 3236 3251 3269 3285 3290 3345 3420 3424 3473 3513 3517 3564 3631 3708 3725 3732 3746 3804 3836 3883 3991 4003 4055 4081 4094 4111 4128 4193 4323 4354 4355 4370 4415 4417 4457 4478 4480 4492 4529 4543 4595 4612 4706 4773 4777 4781 4815 4855 4858 4887 4907 4934 4972 4993 5019 5059 5123 5135 5142 5214 
14 134
16 83 87 155 176 186 187 227 275 362 379 383 396 414 486 548 572 676 688 744 801 804 821 840 848 947 1033 1041 1051 1079 1092 1105 1113 1235 1245 1277 1338 1342 1370 1435 1437 1487 1556 1604 1620 1627 1664 1724 1831 1939 2062 2070 2078 2108 2142 2163 2228 2296 2321 2327 2362 2408 2478 2480 2525 2609 2650 2653 2658 2662 2669 2725 2727 2778 2801 2912 2994 3004 3021 3037 3119 3121 3209 3210 3318 3336 3338 3342 3348 3423 3437 3458 3462 3493 3503 3507 3532 3533 3556 3680 3728 3758 3782 3783 3882 3909 3926 3943 3953 3959 3972 4060 4110 4135 4253 4303 4339 4381 4437 4456 4467 4520 4535 4568 4592 4597 4665 4674 4802 4811 4816 4882 4888 4913 
45 132
2 53 140 193 199 224 350 423 432 526 549 594 620 689 750 858 915 961 1044 1052 1054 1062 1070 1130 1169 1262 1415 1521 1523 1726 1798 1818 1873 1889 1893 1912 1930 1988 2090 2111 2159 2169 2177 2222 2242 2245 2282 2348 2390 2399 2458 2506 2516 2544 2575 2611 2661 2792 2877 2913 2956 3024 3029 3073 3083 3105 3147 3287 3389 3425 3492 3593 3601 3698 3768 3781 3865 3934 3950 4029 4066 4130 4192 4197 4200 4232 4406 4408 4412 4458 4476 4483 4485 4642 4731 4745 4820 4898 4984 5028 5048 5130 5131 5151 5183 5208 5236 5237 5283 5315 5327 5335 5435 5486 5534 5624 5728 5739 5852 5875 5911 5919 6023 6083 6205 6250 6284 6324 6338 6382 6384 6447 
76 130
60 150 204 220 363 525 582 590 615 646 713 736 762 768 798 861 930 1005 1014 1060 1063 1072 1182 1221 1241 1291 1317 1473 1478 1541 1567 1615 1626 1630 1830 1847 1904 1977 2005 2041 2098 2107 2182 2187 2303 2417 2418 2451 2515 2607 2685 2692 2780 2838 2850 2859 2885 2948 2966 2972 2973 3054 3057 3065 3255 3275 3281 3293 3323 3347 3400 3544 3597 3610 3704 3831 3845 3982 4022 4093 4106 4151 4211 4291 4315 4425 4432 4503 4562 4673 4818 5008 5047 5160 5166 5193 5218 5341 5381 5390 5407 5414 5523 5536 5568 5615 5633 5641 5831 5835 5947 5986 6036 6040 6066 6072 6073 6075 6094 6111 6245 6309 6527 6546 6585 6757 6765 6808 6812 6842 
13 128
69 129 233 256 279 332 376 433 476 588 637 648 655 685 716 778 934 948 955 1029 1110 1132 1310 1366 1430 1489 1730 1793 1845 1905 2003 2037 2063 2066 2085 2097 2170 2197 2207 2256 2283 2336 2347 2414 2442 2464 2470 2482 2483 2501 2546 2606 2659 2694 2784 2880 2926 2932 2934 3052 3077 3093 3128 3174 3204 3250 3273 3314 3316 3327 3355 3388 3563 3567 3599 3625 3644 3651 3719 3774 3780 3955 3995 4012 4016 4108 4109 4235 4274 4284 4314 4419 4447 4448 4477 4542 4561 4652 4667 4725 4771 4789 4814 4874 4890 4924 4960 4976 4998 5116 5126 5162 5209 5322 5478 5491 5505 5565 5743 5770 5839 5881 5921 6079 6114 6201 6225 6231 
16 126
122 132 234 368 389 502 570 752 786 874 903 957 979 1017 1111 1210 1348 1441 1454 1564 1655 1672 1699 1790 1852 1943 1946 2116 2160 2211 2301 2316 2398 2424 2474 2507 2543 2545 2624 2633 2644 2744 2758 2759 2825 2878 2879 3096 3166 3184 3222 3244 3252 3364 3407 3435 3488 3491 3529 3569 3583 3595 3615 3618 3697 3714 3806 3857 3958 4017 4084 4166 4167 4203 4240 4259 4273 4279 4283 4285 4294 4298 4326 4353 4390 4499 4528 4636 4775 4837 4905 4944 5143 5145 5155 5241 5260 5267 5398 5502 5543 5571 5574 5718 5847 5879 5935 6048 6052 6092 6180 6276 6299 6339 6416 6515 6609 6644 6647 6662 6741 6803 6828 6912 7119 7170 
64 124
107 116 162 197 206 292 315 358 393 397 413 448 464 545 592 774 803 806 811 865 892 946 967 1087 1104 1128 1188 1200 1297 1318 1411 1427 1453 1483 1689 1720 1735 1820 1945 2039 2079 2184 2186 2288 2471 2479 2532 2535 2795 2819 2861 2987 3124 3193 3206 3216 3257 3352 3431 3444 3482 3495 3518 3545 3550 3608 3633 3777 3788 3881 4073 4347 4481 4691 4705 4782 5002 5103 5104 5117 5134 5215 5216 5219 5221 5247 5347 5356 5369 5515 5529 5558 5628 5689 5736 5859 5922 5994 6105 6236 6366 6386 6388 6438 6496 6529 6537 6603 6722 6752 6782 6902 7029 7082 7085 7166 7217 7342 7344 7371 7416 7491 7518 7545 
25 122
97 108 213 306 313 324 329 334 406 460 701 747 771 889 982 1114 1122 1159 1195 1206 1354 1386 1413 1471 1480 1535 1565 1571 1584 1775 1777 1870 1879 1947 2026 2059 2134 2136 2140 2220 2267 2269 2285 2335 2407 2586 2699 2705 2707 2709 2766 2892 2906 2911 2946 3195 3223 3237 3303 3339 3366 3621 3636 3664 3710 3888 4007 4033 4143 4185 4215 4257 4373 4400 4424 4427 4506 4599 4730 4862 4886 4899 4929 5006 5036 5069 5189 5291 5350 5352 5658 5735 5788 5874 6053 6054 6215 6385 6506 6542 6550 6584 6623 6625 6780 6847 6948 6972 7010 7042 7062 7144 7150 7155 7164 7178 7253 7274 7277 7379 7384 7458 
46 120
17 36 49 223 361 382 434 454 482 492 505 608 617 631 669 684 705 738 814 885 964 995 1065 1170 1269 1285 1312 1324 1336 1621 1716 1804 1937 1965 1991 1992 2023 2056 2093 2180 2244 2266 2311 2320 2378 2615 2755 2774 2802 2824 2915 2938 2976 3003 3032 3170 3182 3240 3262 3343 3346 3526 3557 3623 3705 3754 3866 3906 3998 4050 4163 4221 4316 4770 4784 4952 5039 5044 5175 5521 5556 5951 5955 6032 6062 6182 6235 6325 6381 6426 6435 6474 6488 6587 6861 6915 6942 7047 7066 7106 7275 7341 7422 7488 7574 7861 8134 8176 8315 8623 8682 8871 8882 8938 9051 9144 9189 9203 9255 9309 
77 118
179 212 216 276 356 405 555 638 668 675 709 793 797 884 1056 1117 1153 1254 1448 1496 1508 1536 1807 1863 1882 2120 2123 2234 2402 2530 2553 2563 2893 2924 2962 3234 3335 3341 3468 3474 3508 3531 3855 3876 3923 4014 4021 4087 4104 4161 4170 4205 4338 4549 4703 4915 4945 5060 5284 5427 5431 5446 5512 5516 5549 5695 5720 5976 5982 6039 6070 6074 6084 6279 6286 6291 6341 6355 6371 6497 6535 6596 6605 7007 7202 7427 7512 7517 7613 7656 7687 7792 7963 8023 8027 8036 8075 8263 8362 8556 8571 8589 8644 8771 8957 8972 8994 9472 9595 9750 9828 9887 9909 10024 10062 10190 10191 10234 
3 116
20 114 218 287 346 403 435 531 553 561 661 756 844 1009 1085 1103 1154 1179 1202 1405 1419 1589 1691 1757 1898 1925 2164 2304 2616 2640 2763 2796 2931 3123 3126 3225 3299 3308 3460 3483 3588 3748 4009 4099 4219 4230 4288 4297 4405 4407 4531 4604 5070 5074 5083 5098 5157 5202 5210 5213 5227 5382 5528 5704 5712 5737 5797 5861 5896 5912 5956 6080 6492 6600 6943 6954 7071 7368 7425 7439 7647 8026 8029 8031 8043 8198 8213 8321 8341 8376 8414 8453 8733 8772 8799 8892 8905 8980 9133 9152 9171 9246 9260 9290 9424 9457 9686 9799 9972 10020 10178 10218 10441 10482 10503 10801 
7 114
145 387 761 813 833 882 891 1016 1199 1332 1345 1560 1975 1982 2257 2297 2350 2351 2366 2426 2489 2541 2574 2591 2594 2643 2887 3066 3357 3547 3573 3749 3752 3839 3854 3918 4122 4249 4261 4656 4710 4822 4939 5027 5279 5309 5333 5337 5423 5776 5871 5888 6561 6579 6634 6821 6858 6934 6959 7088 7158 7180 7245 7311 7429 7528 7557 7706 7746 7817 7862 7896 8164 8301 8338 8397 8437 8639 8801 8821 9105 9163 9299 9398 9534 9567 9609 9728 9743 9790 9805 9965 10085 10272 10356 10386 10492 10534 10654 10791 10946 10968 11104 11113 11185 11227 11530 11582 11737 11739 11979 12005 12019 12230 
17 112
144 182 210 347 587 626 871 902 1022 1431 1467 1527 1528 1671 1761 1867 1895 1908 1980 2148 2219 2385 2490 2585 2660 3229 3353 3395 3560 3579 3727 3737 3921 3961 4030 4132 4171 4236 4367 4439 4442 4449 4563 4724 4733 5167 5263 5280 5355 5361 5370 5511 5548 5676 5711 5732 5876 5903 5967 6064 6069 6293 6311 6364 6446 6448 6628 6733 6735 6966 7044 7074 7130 7252 7281 7288 7461 7641 7816 7847 7900 7916 8021 8217 8237 8261 8427 8520 8584 8611 8677 9015 9033 9068 9442 9499 9642 9789 9934 9940 10018 10436 10459 10608 10718 10763 10792 10869 10903 10986 11035 11123 
29 110
88 106 156 200 288 319 365 569 621 729 789 890 1093 1341 1488 1660 1796 1972 2112 2150 2153 2157 2306 2328 2432 2600 2735 2953 3274 3496 3515 3594 4079 4123 4202 4340 4380 4610 4635 4732 4986 5001 5095 5124 5195 5294 5300 5422 5517 5596 5742 5867 5870 6123 6347 6349 6530 6604 6766 6906 6991 7561 7697 7701 7747 7766 7767 7806 8145 8331 8346 8422 8539 8800 8804 8856 8890 8955 9018 9065 9087 9093 9161 9385 9501 9538 9646 9762 9893 10029 10132 10313 10395 10466 10710 10971 10991 11034 11153 11175 11178 11207 11341 11367 11466 11990 12045 12086 12104 12416 
69 108
68 171 173 399 428 461 734 743 916 1036 1372 1542 1619 1741 1753 1872 1993 2127 2295 2314 2639 2665 2706 2739 2803 2904 3476 3683 4105 4231 4243 4364 4413 4574 4751 5129 5154 5306 5572 5637 5680 5825 5833 6419 6453 6484 6533 6743 6813 6940 6956 7026 7231 7632 7675 7729 7831 7946 7954 7970 7983 8115 8151 8358 8443 8492 8580 8694 8747 8911 9111 9250 9375 9509 9627 9684 9775 9903 10198 10288 10354 10591 10596 10692 10768 11111 11163 11290 11502 11557 11886 11921 11927 12156 12197 12365 12469 12549 12627 12991 13017 13207 13215 13540 13550 13675 13778 13844 
63 106
50 58 289 431 447 674 1125 1293 1385 1391 1484 1517 1524 2620 2641 2642 2771 3047 3085 3168 3349 3447 3622 3992 4178 4182 4337 4357 4623 4712 4878 4906 4954 4970 5066 5122 5181 5331 5483 5555 5787 5808 5928 6127 6164 6383 6412 6512 6672 6818 7173 7204 7229 7268 7309 7343 7360 7489 7549 7601 8135 8163 8178 8245 8345 8381 8387 8525 8716 8829 8836 8993 9420 9526 9542 9869 10275 10289 10363 10530 10952 11133 11213 11248 11270 11287 11399 11415 11442 11498 11616 11619 11654 11727 12054 12223 12374 12917 13171 13259 13292 13344 13396 13437 13475 13546 
27 104
61 86 380 485 527 887 904 954 989 1359 1608 1705 1824 1844 1892 1922 2011 2194 2365 2389 2396 2491 2513 2789 2831 2839 3439 3445 3524 3671 3842 4010 4100 4190 4234 4307 4430 5004 5073 5349 5961 6145 6224 6313 6531 6553 6641 6663 6697 6774 6825 6860 6947 7031 7731 7790 8067 8277 8429 8497 8534 8642 8714 8784 8842 8873 8910 8939 9073 9754 9802 9809 9843 9870 9901 9924 10089 10099 10131 10518 11215 11274 11913 12051 12055 12167 12408 12412 12419 12655 12676 12987 13013 13024 13067 13169 13219 13573 13700 13702 13787 13871 14147 14409 
22 102
59 161 175 341 369 451 453 490 529 751 836 894 908 933 1243 1459 1727 1915 1983 2206 2299 2730 2899 2930 3053 3581 3690 3750 3956 3969 3970 4057 4216 4306 4362 4461 4512 4716 4884 4999 5220 5325 5476 5577 5786 5805 5998 6514 6521 6680 6920 6980 7041 7063 7064 7236 7568 7629 7650 7667 7676 7692 8191 8206 8239 8258 8385 8447 8531 8538 8680 8721 8819 8831 9005 9247 9370 9384 9564 9834 9939 10071 10113 10230 10245 10348 10563 10764 10865 10866 10874 10918 11027 11164 11241 11500 11626 11631 11632 11682 11776 11920 
24 100
274 364 666 683 808 897 1102 1184 1194 1282 1326 1752 1964 2122 2239 2419 2430 2649 2683 2790 2851 2874 2883 3060 3075 3398 3438 3600 3742 3824 3844 4329 4335 4378 4452 4475 4508 4681 4699 4875 5501 5581 5625 5748 5944 6187 6196 6345 6482 6548 6816 7039 7214 7305 7605 7652 8177 8576 8591 8630 8780 9174 9212 9515 9612 9645 9659 9858 9918 10287 10298 10300 10385 10500 10520 10565 10605 10724 10726 10734 10736 10800 10820 10832 10889 10983 11080 11371 11377 11387 11434 11437 11515 11647 12094 12139 12427 12483 12682 12769 
11 98
194 298 371 810 1264 1272 1374 1466 1859 1911 1950 2101 2265 2488 2577 2757 3157 4189 4238 4349 4550 4876 5090 5148 5255 5329 5367 5444 5664 5960 6184 6192 6777 6829 6910 6913 6976 6988 7048 7205 7212 7581 7596 7773 7953 8091 8909 9089 9267 9302 9315 9392 9929 10401 10448 10586 10813 11076 11142 11247 11389 11456 11555 11669 11681 11876 11994 12160 12321 12342 12656 12678 12686 12925 12938 13326 13400 13454 13935 14062 14231 14249 14413 14649 14946 14982 15052 15155 15360 15380 15430 15641 15707 16094 16136 16312 16584 16612 
55 96
21 159 164 330 446 488 491 497 1077 1238 1422 1574 1656 1766 1787 2237 2435 2777 2791 2847 2918 3038 3404 3703 3793 4045 4184 4224 4226 4830 5107 5340 5685 5865 5990 6543 6712 7005 7023 7038 7059 7168 7293 7306 7460 7547 7627 7651 7733 7791 7979 8042 8202 8350 8364 8535 8655 9413 9466 9565 9727 9971 10243 10255 10266 10316 10443 10666 10742 10780 10828 10841 10875 10993 11032 11195 11217 11267 11299 11378 11620 11642 11651 11859 12012 12083 12123 12170 12234 12307 12633 12965 13208 13323 13528 13584 
0 94
67 753 1356 1393 1424 1469 1573 1676 2229 2355 2604 2635 2664 2745 2951 3288 3540 3890 4090 4558 4765 4783 5258 5268 5311 5860 6141 6185 6194 6200 6427 6946 6996 7337 7372 7397 7471 7564 7707 7739 7860 7867 7933 8002 8432 8732 8811 8816 8849 8954 9675 9783 10236 10303 10413 10590 10624 10695 10836 10838 10957 11161 11364 11628 11810 11976 12215 12647 12689 12760 12858 13183 13687 13727 13782 13833 13888 14296 14716 14732 14808 14911 14950 14999 15067 15112 15215 16178 16653 16655 16739 17004 17193 17417 
73 92
149 556 686 1539 1683 1952 2001 2060 2065 2191 2201 2420 2568 2580 2587 2680 2769 2870 3043 3116 3238 3702 3709 3816 4429 4704 4726 5115 5312 5495 5880 5918 5933 6028 6179 6466 7400 7673 8007 8282 8409 8502 8560 8590 8781 8793 9037 9158 9491 9576 9796 9821 10104 10310 10361 10365 10526 10545 10920 11060 11323 11436 11955 12202 12352 12527 12551 13018 13089 13250 13351 13768 13972 14038 14692 14780 15219 15562 15660 15909 16508 16509 16652 16747 16872 17214 17377 17628 17699 18485 18619 18676 
70 90
47 374 443 974 1204 1519 1687 1694 1829 1869 1935 1938 2499 2582 2805 2958 3136 3365 3486 3530 3566 3772 3911 3951 4172 4702 5012 5169 5455 5785 5834 6208 6327 6344 6788 6971 7081 7350 7396 7454 8099 8527 8825 9296 10033 10407 10411 10449 11594 11607 11705 11769 11771 11866 12757 12795 12835 12963 12992 13016 13043 13371 13485 13726 13812 13958 14005 14270 14369 14415 14707 14774 15024 15166 15249 15266 15345 15676 15765 15853 15914 16006 16315 16723 16790 17676 17688 18009 18031 18113 
60 88
137 198 312 790 926 1601 1963 1978 2000 2006 2125 2443 3084 3612 3677 3745 3964 4040 4041 4071 5203 5238 5272 5429 5458 5980 6253 6302 6405 6487 6661 7952 8283 8507 8516 8658 8710 8866 8875 8921 9230 9352 9523 9555 10038 10665 11029 11510 11598 11625 11653 11853 12357 12523 12605 12644 12846 13037 13092 13492 14042 14478 14659 15061 15116 15125 15709 15845 15890 16055 16146 16610 16677 16784 17133 17379 17854 18426 18554 18561 19455 19583 20034 20093 20273 20533 20570 20626 
33 86
550 636 652 1782 2192 2557 2599 3243 3426 3448 3504 4445 4865 4946 5051 5120 5274 5330 5600 5817 6278 6297 6312 6510 6588 6837 7053 7298 7340 7551 7745 7873 9166 9176 9274 9550 9753 10015 10485 10686 10931 11120 11143 12244 12733 12985 13079 13287 13422 13552 13743 13904 14189 14481 14760 14856 15405 15467 15710 15939 15940 16012 16092 16578 16786 17033 17088 17267 17492 17524 17755 18161 18755 18922 19271 19566 19582 19695 19984 20017 20257 20644 20964 21198 21542 21556 
56 84
70 135 471 1673 2536 2547 2678 3129 3655 3766 3838 3984 4117 4276 4371 4491 4880 5149 5358 5520 5713 5958 5968 6924 7079 7327 7793 7835 7881 7910 8017 8199 8281 9359 9512 9535 9622 9760 9997 10152 10778 10847 10963 11061 11088 11736 12018 12191 12404 12539 12695 13245 13443 13671 13691 13947 13971 14159 14195 14217 14223 14344 14348 14392 14831 14860 15547 15774 16354 16687 16735 16884 17071 17330 17340 17395 17904 18432 18952 18975 19013 19403 19492 19500 
30 82
52 711 1155 1257 1423 1433 1580 1969 1976 2032 2555 3031 3051 3086 3419 4039 4168 4180 4248 4539 4871 5364 5609 6122 6162 6234 6365 7014 7239 7644 7698 7849 7877 8379 9090 9210 9293 9882 10055 10280 11011 11263 11381 11694 12301 12347 12766 12934 13086 13174 13214 13493 13705 13813 13918 13945 15351 17933 18374 18501 18662 19018 20003 20289 20489 20955 21010 21028 21055 21398 22406 22927 23229 23600 23642 23643 23809 24266 24710 24809 25206 25825 
51 80
392 496 562 742 847 1256 1307 1763 2422 2975 3172 3253 3295 3306 3771 3826 5032 5206 5323 5763 5930 5985 6004 6337 6695 7032 7541 8411 8662 8722 8920 9063 9165 9193 9312 9351 9418 9481 9556 10250 10330 10737 11276 11568 12212 12238 13271 13409 14188 14452 14487 14637 14892 14945 15416 15437 15592 15980 16265 16476 17296 17550 17681 17724 17925 18591 19300 19549 19766 19917 20246 20348 21753 22383 22923 22984 23152 23153 23366 24007 
71 78
109 160 191 918 1230 1378 1570 1665 1736 2036 3133 3326 3380 3609 4228 4393 4527 4717 4868 4903 5159 5389 5437 5751 5849 6128 6783 7011 7446 7778 7915 7984 9011 9031 9874 10271 10652 10704 10965 11110 11396 11432 11629 12559 13102 13432 13660 13850 13940 14114 14119 14323 14391 14568 15229 15456 15466 15833 16292 16408 16491 16692 16893 17179 17627 17709 17843 18092 18220 19102 19599 20007 20089 20317 20391 20815 20852 20954 
54 76
165 286 325 499 509 679 1115 1816 1955 3546 3776 3867 4346 4410 4687 4867 5773 6298 6629 7012 7496 7832 7992 8417 8809 9407 9712 9832 9983 10105 10908 10998 11438 11883 12127 12311 12947 13160 13653 13672 13707 14008 14410 14553 14687 14723 15012 15050 15294 15752 15834 15871 16443 16836 16993 17057 17663 18452 18762 18944 19733 20878 21352 21371 21606 22339 22379 22423 23159 23758 24068 24386 24557 25102 25251 25348 
49 74
105 542 1228 3162 3173 3333 3441 3502 3562 4587 4901 5259 6817 7141 8004 8196 8247 8314 8395 8978 9132 9601 10382 11430 11605 11835 12092 12231 12447 13105 13379 14088 14598 14822 15150 15397 15982 16621 16650 16947 17106 17173 17416 17667 17729 18097 18404 18406 18974 19029 19335 19514 19971 20215 20247 20363 20654 20864 21051 21745 22036 22159 22452 22498 22864 22998 23185 23378 23699 24220 24883 25136 25723 25841 
72 72
755 827 985 1086 1108 3213 3227 3402 3449 3570 4394 4398 4834 5158 5172 5266 5379 6525 6618 7006 7325 7501 8130 8305 8401 8491 9415 10119 10554 10685 10990 11478 11664 12257 12937 13007 13761 13939 15048 15320 15342 15795 15876 16078 16698 16800 16817 16839 17049 17604 17899 18474 18518 18794 19230 19338 19497 19741 19951 20100 20187 20191 20752 20855 21159 21229 21232 21918 21946 22352 22366 22555 
74 70
96 704 1497 1578 2476 2510 2581 3012 3654 3903 4501 4629 4813 5231 6390 6423 6501 6925 7712 8396 8728 9057 9229 11202 11372 11419 11492 11743 11860 12169 12346 12358 12405 13118 13124 13216 13603 14455 14697 15022 15472 15488 15756 16013 16042 16081 16485 17043 17148 17369 17619 17982 18136 18141 18327 18345 18443 18639 19238 19545 20284 20614 21334 22682 23113 23563 24057 24096 24173 24514 
36 68
1053 1080 1223 1396 1474 1616 3434 3475 3639 3809 3893 4035 4421 4718 4849 4918 5683 5818 6163 6572 6707 7037 7273 7297 7606 7999 8103 8278 8300 8894 8917 10082 10604 10683 10930 10975 11062 11181 11779 11998 12057 12571 12904 14056 14428 15403 15696 15779 16704 17342 17431 17734 19246 19558 19676 19847 19900 20667 21083 21413 21657 22265 22499 22504 22539 22707 23541 23637 
28 66
342 896 1555 1632 1876 2261 2344 2498 2666 2693 3315 3334 3932 3967 4798 5453 5965 6281 6428 6729 6764 7515 7902 8342 8386 8523 8604 8880 9485 9767 9974 10002 10167 10473 10648 10774 11869 14610 14696 15310 15465 15711 16120 16398 16552 16833 17210 17958 18631 18841 18883 19325 19408 20381 20530 20540 20993 21061 21454 21573 21765 22433 22529 22894 23104 24076 
75 64
217 667 883 1091 1187 1532 1968 2579 2961 3016 3551 4377 4594 4696 5793 5914 6012 7579 7631 7753 8006 8423 8433 8545 9591 10559 11282 11565 12402 13591 13840 14035 14578 14581 15384 16380 17026 17702 17907 19921 20661 20912 20953 20997 21287 22114 22156 23923 24044 24393 25209 25218 25602 25868 26021 26124 26272 26682 26941 26958 27165 27218 28056 29178 
58 62
169 991 1216 1769 2965 3263 3484 3613 3968 4840 5484 5542 6379 7087 7385 7499 7893 8039 8182 8661 9219 9913 9916 10091 10446 11177 11285 11951 12441 12618 13094 13478 13780 13786 14333 14929 15128 15597 16233 16860 18114 18948 19143 19223 19372 20447 22170 22584 23334 23444 23694 23850 24825 26310 26483 26840 27629 28444 28499 29017 29059 29198 
44 60
259 439 600 602 1382 3718 4486 5106 5387 5554 5882 5892 6410 6575 7478 7554 7889 7908 8424 8519 8543 8617 9757 10402 10477 11320 11373 11935 12354 12399 12467 13384 13503 14847 15560 15949 16053 16208 16393 16999 17903 18059 19460 19463 20629 20877 20968 21080 21297 21658 21738 22755 24227 24580 25108 25533 25558 27098 27570 27830 
42 58
757 1222 1267 1408 2188 2566 2939 3383 3801 3914 4366 5363 5580 6044 6874 8243 8528 8621 8794 9664 10268 13703 13728 14756 14953 15670 15816 16379 16430 16806 17095 17726 17784 17994 18035 18682 19523 20132 20410 21328 21404 21785 21829 22132 22532 23898 23901 24543 24659 25945 26041 27102 27403 27468 27506 27747 28401 28717 
68 56
1795 1918 2198 2372 2667 2947 3149 3643 3851 4426 4848 6444 6742 7018 9106 9116 9691 9787 10237 10468 11824 12888 13071 14081 14320 15585 15704 15849 16051 17037 17528 17654 17894 17942 18214 18352 18900 19113 20741 20796 21252 22247 22481 22632 22706 22934 24201 25754 26138 26738 26852 27088 27614 27776 28417 28983 
31 54
64 1290 1545 1696 1961 2467 2998 3432 3586 3803 4544 4560 4690 6274 7722 7757 8707 9506 9584 9631 9798 11589 12128 12350 12615 13058 14395 14466 15429 15773 15799 16215 17044 17072 17154 19284 19461 19674 19908 20558 21146 21165 22736 22837 23543 24346 24513 25984 26048 27819 28769 28818 29362 30525 
12 52
85 343 579 1658 2028 2054 2183 2889 3820 4774 5288 5586 5662 5916 6539 7203 8109 8238 8425 8614 8634 9117 9136 10238 10655 11683 11732 11905 13479 13655 14811 16030 17082 17782 18439 18694 18873 19015 19089 20190 20463 21069 21245 21931 22661 23129 24680 24991 26168 26481 27148 27331 
26 50
281 528 794 1778 2455 3374 3940 4136 5064 5496 6091 6246 7886 9911 10016 10231 10806 12538 13131 13316 13903 14186 15044 15055 16673 18567 18644 20256 21190 21442 22351 23332 24928 25195 25865 26013 28238 28923 29124 30119 30192 31529 31817 31869 32433 32536 32674 33943 34041 34648 
34 48
311 849 1010 1323 2077 2082 2092 2409 2933 4397 4852 5614 6619 6866 10034 11384 11422 11788 12377 12782 13188 13206 14226 14554 15951 16697 16822 17062 17553 17601 19139 19730 20209 20226 21041 21384 21839 22249 24595 24784 25170 25215 27501 28005 28714 30309 30675 30909 
47 46
498 2262 2760 5138 5305 5412 5691 8193 8467 8783 11332 11542 12273 12697 13235 13241 13328 13952 14537 15802 15899 16333 18152 18343 18796 21617 22131 22284 22460 23379 23855 25944 26659 27266 27415 27560 27898 28925 29811 30037 30323 30769 32967 33282 33321 33710 
52 44
2017 2099 3927 4095 4932 5964 5970 6407 6420 7805 8013 9434 9616 10711 11058 11154 12082 12243 12513 12774 15239 15295 16589 16616 16759 18628 18961 20088 20635 22157 22566 22742 25002 25079 26088 27374 27548 28208 29939 30055 30120 30387 31753 32052 
48 42
936 1684 2048 2651 6055 6442 7795 8096 9317 13033 13251 13755 14500 14851 15098 15338 17129 17205 17668 18207 18703 19255 19914 20316 21379 21540 22993 23050 24927 25220 25230 26253 26354 27211 28184 29475 29877 29957 31322 34285 34737 34945 
37 40
1398 3755 7091 8286 9496 12737 13420 13627 14277 14641 15085 16705 16834 18653 18914 19542 20299 20529 20915 21564 21871 22375 22691 23542 24925 25076 25234 25892 26563 26628 27735 28030 28524 29539 30112 30148 31164 31494 32687 34872 
66 38
1337 1668 1762 2601 3203 5795 5936 6159 7218 8678 9357 9641 10642 11425 13117 15217 15848 16144 19920 20505 21031 22536 22692 22833 23562 26590 27457 27904 28365 29286 30620 31117 32827 32885 34118 34430 35840 35959 
32 36
158 425 1954 3145 4668 6035 7261 8985 9661 11334 11562 12269 13873 17819 18089 18465 18687 20202 21901 23460 24867 25236 26331 26456 27977 28058 28331 28790 29609 30020 30224 32069 32115 33706 34398 34399 
50 34
658 3150 3178 3498 4277 4847 5913 6598 9688 10186 10378 11418 11671 11967 12958 13849 17579 18298 18400 19572 19710 21017 22526 23450 25960 25978 26729 26911 26999 27516 27890 28404 29814 30658 
6 32
257 598 622 690 2238 2815 3186 3784 3853 4002 6601 7448 8374 8687 8795 9304 9327 12270 13370 15868 16492 16954 18496 18553 18910 23242 26617 27869 29692 30986 31377 32308 
38 30
219 735 3753 6042 6359 8648 9045 9050 9323 10177 11610 13321 13429 18838 24631 25415 25674 27644 29552 30877 33410 34502 34641 35690 36313 36664 37438 37836 38416 38674 
59 28
2848 2890 3131 4441 7659 10092 10626 13636 13681 16067 16079 18534 22435 23655 26077 26190 27204 27476 27957 28463 28498 30133 33748 35226 36659 36796 40967 42823 
10 26
1219 1936 4320 5589 6751 7925 8965 9231 9454 10551 10668 12205 12611 13810 14910 17290 17739 18868 20338 20909 21420 22350 23731 25000 25047 25940 
67 24
250 1866 2486 3666 4734 9519 10226 10393 11233 12494 13162 15390 16944 18238 19407 21320 22752 24714 25285 26112 26562 26599 28759 30038 
1 22
4727 5003 5223 7308 8082 12025 13456 15395 16769 17951 18412 20422 21583 25048 29242 29407 32187 33672 35117 37716 38575 39503 
23 20
4199 4965 5946 10876 14859 17177 17750 18469 20117 22797 23555 25921 26907 28118 28418 30452 32064 32196 32764 32883 
4 18
514 1298 3108 3603 5179 6749 6941 7289 7728 8139 9662 12394 13491 15766 15864 18322 19007 19425 
5 16
5230 7662 9115 12421 13620 14021 14374 21144 23008 23885 24045 24474 27080 28316 28358 29684 
19 14
353 1300 5113 10745 11507 11679 14385 15473 17741 20178 20481 20795 22687 23455 
43 12
6228 7646 9596 12398 12799 16036 16164 18145 21022 21086 22966 23278 
9 10
7481 7863 10772 16161 16570 18515 19069 19374 22410 25592 
21 8
1218 1999 10225 11099 11350 12706 19174 23123 
65 6
4147 4788 5612 5753 6840 15794 
57 4
573 2139 2324 3001 
79 2
3394 3819 
