41
3 88
1 8 11 13 17 18 25 27 30 40 43 44 47 49 55 68 72 75 80 81 82 83 86 89 90 92 94 95 97 100 101 103 111 117 133 145 147 148 150 151 158 164 167 169 172 178 179 180 181 190 205 213 228 229 230 231 232 238 239 240 243 244 250 253 260 270 273 274 275 279 281 282 284 285 287 289 291 294 303 305 312 314 318 336 337 338 341 355 
37 86
4 16 19 39 51 58 63 64 67 70 77 79 84 93 104 107 110 116 120 124 128 143 146 152 155 182 185 189 196 197 200 204 212 223 225 226 234 251 255 257 258 259 263 265 272 280 290 295 308 325 330 344 351 354 356 371 388 396 400 403 411 412 415 419 422 426 431 432 433 436 443 451 457 465 468 470 474 479 485 487 488 489 491 498 505 511 
8 84
3 7 12 22 23 32 37 38 52 53 59 71 73 91 109 113 122 123 138 144 153 154 156 160 161 171 177 191 192 194 206 210 218 227 242 245 252 256 266 267 268 276 286 288 293 297 298 323 339 346 350 352 359 361 364 368 377 387 398 401 406 413 421 429 439 444 454 462 463 475 480 482 492 512 539 544 554 561 563 567 575 580 581 585 
26 82
26 31 35 36 41 42 78 96 106 121 125 139 162 166 168 176 195 199 207 211 216 222 224 247 262 300 301 306 307 309 315 320 321 324 326 329 342 343 348 362 367 369 370 374 382 391 397 440 450 459 472 478 509 516 518 525 526 537 541 548 550 558 559 569 590 608 613 614 616 658 663 667 669 670 675 681 683 692 702 707 708 719 
2 80
0 33 34 45 46 65 74 85 134 135 136 170 175 184 188 193 209 215 221 235 246 254 264 269 316 317 322 327 328 332 335 347 381 399 404 405 428 430 435 467 477 494 515 531 617 626 633 655 694 703 704 718 723 731 735 753 790 827 832 839 847 878 891 897 901 912 920 924 949 989 1012 1020 1024 1028 1041 1043 1050 1107 1116 1130 
38 78
21 24 29 57 61 66 88 102 115 119 126 129 132 163 165 183 186 208 219 233 248 310 311 373 375 417 424 442 455 500 508 517 543 555 557 568 574 586 612 639 651 662 672 685 698 709 733 752 791 835 842 873 882 898 918 930 931 934 954 988 1032 1047 1091 1099 1100 1106 1117 1141 1146 1159 1186 1190 1207 1214 1221 1237 1243 1245 
39 76
2 5 48 50 60 76 127 130 131 137 202 220 236 241 277 296 299 302 333 349 378 389 420 445 453 497 502 521 549 552 553 572 584 594 615 620 641 644 664 666 713 740 746 767 783 828 833 838 844 866 885 905 906 909 913 926 973 979 987 1009 1049 1060 1072 1082 1121 1172 1298 1322 1349 1407 1419 1456 1527 1528 1536 1559 
29 74
56 108 112 114 118 141 149 173 201 203 214 283 334 366 407 410 418 423 425 460 471 490 510 534 576 577 631 636 652 730 755 759 782 807 849 872 994 999 1018 1035 1040 1067 1071 1135 1196 1230 1289 1312 1344 1371 1379 1422 1455 1513 1522 1530 1540 1558 1577 1585 1620 1692 1699 1765 1830 1848 1878 1895 1928 1935 1937 1943 1962 1990 
23 72
9 28 54 62 140 174 187 249 345 395 434 545 591 597 629 654 661 717 726 819 856 864 917 921 995 1008 1042 1063 1138 1154 1173 1175 1188 1276 1316 1326 1353 1354 1372 1374 1409 1413 1421 1512 1613 1622 1625 1650 1696 1722 1774 1829 1894 2112 2119 2160 2200 2266 2276 2307 2319 2320 2332 2357 2384 2385 2451 2457 2521 2628 2644 2660 
43 70
6 14 20 157 217 271 358 402 532 547 648 665 868 975 1013 1112 1176 1204 1224 1233 1285 1314 1347 1508 1572 1597 1632 1667 1691 1705 1788 1827 1885 1891 1956 1961 2040 2283 2293 2454 2585 2655 2726 2777 2778 2805 2813 2821 2855 2879 2931 2984 3020 3104 3110 3313 3345 3354 3366 3534 3544 3588 3634 3652 3671 3675 3694 3717 3774 3792 
35 68
87 331 357 447 504 673 879 914 1011 1125 1137 1213 1287 1317 1433 1517 1600 1612 1679 1820 1892 1906 1909 1933 1950 2171 2215 2264 2321 2543 2633 2648 2709 2727 2826 2859 2873 2920 3019 3045 3065 3076 3196 3383 3435 3436 3470 3480 3492 3502 3667 3670 3687 3745 3815 3829 3897 3930 3999 4027 4105 4127 4138 4250 4266 4283 4319 4374 
32 66
98 237 414 501 565 593 603 607 632 680 808 810 829 938 962 1098 1144 1225 1273 1367 1383 1649 1758 1768 1769 1789 1822 1883 1934 2056 2068 2106 2111 2126 2172 2194 2229 2305 2344 2346 2395 2464 2701 2707 2761 2808 2889 2891 2948 3068 3127 3152 3375 3425 3468 3578 3629 3636 3669 3763 3872 3921 3946 3976 4131 4142 
41 64
15 142 198 292 385 727 809 1238 1239 1277 1366 1451 1490 1518 1551 1656 1683 1711 1770 2002 2139 2325 2541 2550 2698 2712 2831 2916 3212 3234 3397 3467 3623 3701 3703 3863 4047 4164 4260 4393 4404 4527 4528 4650 4679 4737 4843 4969 4970 5126 5155 5368 5493 5514 5600 5661 5711 5758 5947 5968 6195 6323 6334 6523 
7 62
10 159 261 313 674 749 903 1086 1187 1242 1492 1686 1715 1810 1811 1817 1865 2004 2732 2765 2766 2887 3096 3361 3673 3705 3707 3747 3939 3991 4188 4398 4421 4431 4530 4535 4651 4707 4785 4841 4987 5121 5269 5373 5407 5433 6047 6052 6125 6178 6339 6846 6862 6949 7452 7478 7599 7609 7698 7719 7878 8274 
14 60
319 353 408 773 855 983 1467 1555 2024 2036 2437 2625 2672 2794 2870 2872 3245 3621 3672 3803 3958 4308 4417 4452 4503 4694 4861 5040 5319 5323 5343 5621 5708 5776 5937 5946 5948 5990 6097 6668 6806 6815 7139 7163 7430 7973 8217 8324 8570 8589 8784 9250 9550 9693 9736 9867 9979 9985 10185 10313 
34 57
99 304 437 513 1458 1663 1737 1851 1957 2179 2278 2383 3171 3466 3666 3889 3925 3983 4282 4425 4427 4640 4978 5297 5495 5554 6016 6100 6452 6992 7000 7466 7517 7564 7625 8223 8333 8565 9004 9187 9190 9294 9405 9600 9654 9807 10095 10270 10689 10697 10740 11120 11196 11545 11578 11854 11899 
11 42
105 464 560 1030 1181 1977 2085 2240 2566 3227 3229 3255 3340 3596 3617 4064 4599 4778 4780 4844 4911 6151 6488 6564 6997 7330 7789 7959 8050 9127 9493 9507 9728 10315 10339 10397 10419 10631 11415 11474 11485 11576 
0 34
278 496 542 959 971 1660 1893 1915 2439 2617 2897 3140 3432 3553 3583 4207 4259 4387 4471 4788 5463 6233 7253 8238 9338 9557 9711 9861 10453 11054 11473 11855 11909 11921 
12 26
527 957 1261 2052 2191 2583 2675 3418 3510 3916 3978 4711 5618 5921 7029 7058 7586 7652 8041 8124 9085 10073 10450 10986 11192 11783 
31 23
923 1164 2113 2824 3622 5413 5939 6321 6528 7309 7694 7773 8030 8261 8340 8516 8720 9860 10391 10641 11044 11413 11862 
20 16
734 948 2082 2233 2950 3058 3635 5702 6858 7201 7328 8456 8493 9164 10413 11175 
19 17
446 481 483 1046 1283 1740 2610 2866 5034 6566 6578 7498 9552 10122 10479 11046 11173 
16 11
778 1255 2974 6174 7809 8557 9322 9373 10109 11568 11721 
21 10
2621 3053 3450 3869 5844 7359 8146 8321 10329 11841 
18 6
2966 5257 6571 6790 7131 9925 
44 6
744 1103 4184 4407 7341 8402 
33 5
360 1560 5069 6598 7391 
30 6
340 1166 6358 7780 7787 9610 
25 3
3938 6594 7920 
40 4
2242 2260 3572 9346 
17 3
1580 5908 9309 
6 2
5620 11838 
28 2
823 9230 
15 2
2216 4960 
42 1
4928 
36 1
11637 
24 1
486 
22 1
4672 
9 1
1621 
5 1
10362 
1 1
10472 
