84
78 168
3 12 22 31 39 84 104 125 131 143 152 171 183 189 200 212 224 232 239 247 264 289 315 318 325 337 351 376 378 396 423 444 501 508 520 562 569 575 587 605 639 690 697 703 725 734 757 759 778 819 853 856 876 905 918 922 945 953 978 993 1006 1030 1118 1139 1141 1227 1254 1265 1341 1342 1345 1366 1376 1429 1434 1449 1450 1452 1460 1496 1518 1522 1527 1529 1535 1539 1546 1558 1569 1572 1574 1588 1613 1618 1631 1647 1688 1713 1755 1781 1790 1796 1888 1904 1917 1938 1950 1957 1964 2011 2063 2100 2104 2112 2119 2123 2129 2130 2159 2164 2219 2223 2225 2244 2272 2290 2311 2315 2326 2334 2366 2369 2374 2403 2409 2419 2459 2509 2528 2564 2578 2582 2624 2625 2626 2649 2651 2698 2702 2704 2766 2776 2814 2820 2843 2864 2867 2875 2879 2883 2914 2942 2948 2984 3003 3013 3038 3051 
48 166
0 57 63 72 93 103 115 121 124 161 170 197 211 263 286 331 342 358 364 368 420 422 425 470 479 482 485 494 496 582 599 614 621 629 637 641 670 684 729 758 770 782 792 828 830 838 845 857 871 885 904 909 910 914 952 962 988 1005 1010 1011 1026 1028 1035 1037 1083 1091 1121 1151 1152 1184 1208 1228 1239 1259 1275 1308 1394 1442 1462 1463 1479 1503 1507 1515 1534 1549 1577 1612 1624 1635 1636 1674 1696 1708 1714 1729 1731 1758 1772 1775 1822 1829 1846 1864 1876 1922 1962 1980 1984 2022 2023 2044 2068 2086 2089 2092 2093 2099 2106 2125 2146 2199 2217 2218 2235 2245 2259 2262 2317 2325 2350 2364 2387 2394 2447 2477 2505 2508 2514 2521 2540 2554 2576 2585 2587 2593 2603 2614 2628 2633 2638 2663 2693 2738 2767 2770 2827 2846 2856 2863 2884 2929 2938 2946 2954 2973 
7 164
16 29 52 62 114 122 166 190 235 253 258 265 341 374 393 407 416 458 472 490 500 512 552 563 568 581 625 666 675 681 695 793 802 822 826 886 900 901 944 956 966 1024 1042 1072 1085 1133 1136 1165 1170 1174 1179 1180 1214 1240 1276 1287 1298 1323 1340 1359 1379 1404 1423 1440 1516 1531 1601 1623 1625 1633 1638 1671 1702 1737 1740 1789 1794 1837 1849 1954 1970 2037 2043 2048 2073 2094 2117 2150 2210 2246 2253 2268 2281 2330 2336 2354 2361 2375 2376 2440 2465 2543 2548 2620 2623 2631 2652 2657 2715 2752 2753 2763 2777 2802 2854 2868 2909 2920 2927 2941 2950 2955 2959 2981 2991 2997 2999 3017 3037 3049 3061 3104 3112 3147 3172 3196 3228 3230 3259 3277 3291 3329 3351 3357 3403 3414 3424 3469 3481 3560 3592 3596 3620 3641 3676 3681 3699 3706 3708 3710 3753 3783 3800 3811 
13 162
8 61 81 83 107 127 136 155 158 172 204 230 242 246 249 255 295 311 327 332 409 410 429 453 461 481 484 489 515 525 539 554 561 567 597 598 618 673 686 721 739 781 806 818 843 858 863 877 908 923 938 959 996 1013 1029 1040 1064 1112 1114 1127 1164 1171 1270 1291 1325 1362 1387 1401 1408 1425 1455 1474 1475 1547 1570 1596 1621 1650 1724 1766 1784 1819 1889 1891 1894 1903 1908 1951 1972 1983 2002 2005 2039 2060 2170 2187 2220 2224 2249 2273 2318 2324 2385 2417 2431 2438 2443 2451 2507 2520 2580 2583 2590 2595 2600 2643 2646 2690 2714 2792 2804 2805 2811 2834 2845 2861 2892 2895 2897 2901 2974 2975 2988 2998 3004 3016 3027 3039 3053 3054 3069 3117 3186 3207 3218 3239 3242 3249 3272 3283 3286 3298 3349 3385 3401 3417 3485 3529 3543 3546 3583 3593 
57 160
4 105 129 218 233 256 330 343 352 417 426 433 438 526 527 531 535 573 578 613 667 677 701 728 732 773 791 820 821 827 834 842 847 957 1038 1079 1081 1107 1132 1147 1149 1175 1183 1193 1224 1241 1261 1288 1295 1309 1311 1320 1334 1371 1385 1424 1576 1602 1610 1626 1630 1673 1698 1732 1747 1759 1767 1777 1780 1828 1884 1924 1927 1967 1971 2004 2014 2021 2045 2065 2072 2082 2124 2158 2178 2238 2312 2316 2321 2337 2338 2359 2393 2421 2474 2531 2553 2561 2566 2577 2640 2671 2675 2697 2703 2732 2736 2750 2780 2800 2817 2848 2885 2947 3010 3029 3067 3073 3097 3127 3148 3161 3162 3170 3187 3238 3310 3335 3360 3361 3402 3413 3426 3487 3505 3517 3548 3615 3626 3668 3709 3711 3726 3735 3741 3797 3823 3842 3849 3862 3866 3906 3930 3947 4028 4038 4097 4099 4105 4138 
69 158
1 7 34 50 67 70 228 252 257 266 268 303 346 356 385 387 437 452 513 557 611 685 743 745 765 769 788 794 801 869 981 1019 1020 1100 1130 1134 1159 1167 1225 1272 1301 1307 1344 1363 1435 1445 1457 1459 1552 1599 1603 1604 1620 1629 1637 1748 1750 1776 1788 1827 1831 1856 1866 1875 1902 1926 1948 1975 1981 1987 2030 2031 2077 2107 2137 2176 2194 2216 2255 2306 2340 2356 2360 2363 2378 2397 2414 2453 2489 2537 2588 2608 2617 2681 2686 2725 2733 2762 2775 2789 2799 2837 2839 2857 2916 2958 2995 3024 3042 3046 3057 3080 3182 3202 3213 3256 3293 3299 3325 3326 3429 3453 3489 3502 3511 3565 3576 3582 3590 3635 3663 3677 3686 3701 3703 3718 3750 3756 3782 3785 3886 3896 3925 3943 3954 3969 3984 4023 4041 4060 4077 4079 4108 4112 4175 4186 4193 4204 
41 156
28 33 68 71 112 135 153 165 198 206 214 231 261 427 459 462 465 486 497 514 517 537 549 593 623 736 741 756 771 775 785 906 928 1049 1053 1061 1078 1095 1106 1146 1169 1205 1242 1258 1280 1283 1343 1372 1437 1454 1489 1497 1505 1509 1511 1554 1585 1600 1663 1690 1715 1723 1820 1832 1847 1855 1863 1865 1882 1887 1919 1921 1939 1940 1982 1999 2027 2054 2064 2114 2143 2169 2188 2195 2196 2214 2221 2250 2389 2411 2427 2430 2433 2461 2499 2500 2549 2607 2667 2687 2689 2743 2754 2810 2829 2838 2881 2891 2952 2994 3019 3025 3084 3102 3248 3282 3327 3384 3400 3451 3478 3512 3669 3680 3687 3732 3737 3739 3760 3773 3790 3827 3853 3864 3893 3920 3924 3955 3974 3997 3999 4090 4113 4162 4171 4183 4187 4225 4255 4265 4274 4293 4295 4297 4322 4339 
55 154
65 66 123 132 156 167 169 191 194 208 237 260 276 284 306 353 367 372 381 398 412 445 468 493 506 518 538 551 585 600 603 606 626 671 733 750 810 854 929 939 941 949 951 961 992 995 1002 1036 1055 1173 1192 1194 1201 1250 1290 1293 1316 1349 1350 1355 1373 1422 1470 1484 1520 1563 1642 1692 1711 1712 1733 1836 1848 1896 1897 1937 1979 2009 2020 2046 2056 2088 2096 2110 2116 2122 2142 2174 2175 2248 2296 2370 2373 2424 2426 2493 2497 2569 2637 2639 2654 2678 2717 2739 2742 2774 2822 2840 2858 2877 2921 2967 3001 3012 3022 3045 3066 3089 3094 3134 3143 3155 3157 3173 3198 3270 3275 3320 3353 3366 3382 3391 3430 3484 3501 3550 3551 3559 3579 3613 3622 3624 3639 3640 3749 3759 3774 3794 3863 3882 3887 3917 3927 3993 
1 152
23 47 86 117 215 254 301 357 360 379 421 447 460 495 544 577 589 635 653 654 664 715 760 895 899 911 954 1071 1096 1143 1156 1190 1235 1252 1278 1281 1328 1352 1410 1476 1483 1485 1533 1545 1632 1644 1666 1716 1746 1795 1874 1899 1913 1989 2059 2079 2098 2197 2257 2282 2288 2291 2307 2313 2332 2406 2444 2470 2525 2532 2575 2656 2659 2744 2757 2798 2836 2876 2930 2966 2970 2982 2985 3062 3075 3108 3191 3274 3395 3440 3467 3507 3524 3577 3632 3637 3662 3689 3690 3696 3729 3776 3822 3865 3900 3918 4034 4119 4139 4207 4246 4317 4326 4330 4345 4351 4375 4417 4444 4445 4483 4501 4549 4555 4581 4606 4614 4634 4638 4639 4653 4681 4683 4685 4690 4727 4728 4790 4898 4917 4948 4956 4974 4991 5048 5089 5095 5120 5133 5168 5242 5258 
5 150
37 141 144 148 149 205 221 222 241 298 308 309 314 345 403 572 580 584 601 644 656 702 717 742 800 808 840 852 859 868 887 943 973 1018 1060 1111 1145 1187 1216 1217 1219 1257 1282 1315 1369 1378 1409 1413 1458 1566 1634 1657 1658 1722 1725 1768 1773 1886 1966 1995 1998 2053 2075 2127 2139 2212 2231 2304 2328 2343 2351 2353 2379 2401 2404 2504 2571 2604 2613 2621 2635 2726 2747 2803 2816 2931 2963 2987 3059 3076 3136 3188 3208 3227 3252 3285 3303 3322 3354 3368 3375 3408 3427 3436 3449 3455 3465 3471 3562 3646 3779 3831 3898 3956 4025 4042 4052 4059 4073 4082 4093 4111 4115 4116 4121 4131 4135 4149 4157 4161 4270 4273 4287 4291 4294 4390 4405 4427 4450 4488 4492 4561 4562 4563 4621 4649 4731 4735 4770 4816 
33 148
5 27 91 101 108 128 147 201 285 304 382 383 389 402 446 464 594 602 620 640 643 678 719 720 784 864 870 960 1063 1144 1162 1249 1264 1285 1294 1318 1338 1353 1357 1370 1417 1500 1519 1528 1614 1643 1669 1684 1689 1787 1808 1813 1838 1850 1853 1932 1969 2035 2050 2071 2080 2084 2108 2173 2198 2251 2266 2294 2310 2331 2346 2357 2362 2460 2475 2480 2486 2511 2558 2601 2606 2622 2669 2676 2682 2699 2705 2720 2724 2783 2791 2793 2796 2806 2819 2842 2882 2937 2944 3006 3020 3072 3092 3111 3118 3138 3142 3168 3179 3193 3205 3231 3263 3356 3381 3399 3407 3486 3572 3604 3631 3633 3661 3717 3764 3792 3798 3809 3879 3923 3977 3998 4166 4203 4209 4217 4222 4367 4389 4430 4441 4465 4560 4620 4665 4688 4726 4759 
50 146
9 38 80 95 97 113 133 163 181 270 294 324 334 355 370 401 432 450 456 475 477 487 491 555 619 646 748 823 833 875 950 985 1056 1080 1129 1135 1157 1292 1330 1381 1393 1403 1439 1456 1537 1548 1553 1587 1680 1685 1691 1699 1804 1818 1883 1920 1990 2018 2066 2081 2149 2182 2189 2239 2241 2368 2399 2455 2476 2503 2523 2524 2530 2559 2574 2619 2647 2665 2670 2713 2760 2784 2900 2908 2924 2968 2976 2979 3005 3011 3085 3100 3128 3184 3195 3211 3217 3251 3308 3316 3337 3362 3435 3490 3530 3549 3603 3617 3644 3688 3847 3959 3995 4039 4130 4155 4159 4315 4318 4324 4381 4434 4495 4529 4538 4552 4574 4582 4721 4814 4825 4826 4902 4906 4964 5003 5024 5101 5108 5145 5169 5179 5287 5292 5298 5321 
30 144
14 55 73 118 150 157 175 178 184 216 282 436 498 543 604 628 633 714 722 776 783 824 897 927 934 1003 1033 1039 1065 1102 1163 1199 1220 1253 1255 1312 1361 1414 1421 1426 1491 1652 1656 1682 1728 1753 1757 1783 1786 1801 1821 1867 1911 1933 2069 2078 2109 2113 2140 2160 2190 2222 2278 2302 2395 2398 2432 2473 2536 2555 2579 2605 2632 2642 2650 2684 2695 2721 2749 2821 2866 2907 2940 3048 3126 3261 3280 3345 3380 3432 3526 3670 3685 3780 3789 3838 3841 3850 3870 3911 3961 4003 4018 4055 4083 4118 4150 4151 4167 4182 4232 4236 4262 4271 4371 4426 4443 4509 4636 4666 4723 4768 4777 4853 4901 5008 5058 5074 5146 5178 5189 5228 5254 5315 5419 5426 5429 5526 5631 5633 5647 5649 5676 5684 
82 142
119 130 223 244 259 277 290 322 371 428 682 693 730 744 787 796 817 825 841 846 931 968 969 997 1103 1204 1284 1296 1305 1335 1382 1397 1405 1446 1550 1591 1605 1619 1744 1770 1810 1885 1901 1906 1934 1963 1996 2006 2040 2055 2115 2204 2237 2305 2388 2429 2478 2519 2599 2727 2781 2878 2899 2953 2983 2990 3023 3043 3047 3082 3090 3106 3158 3176 3246 3294 3302 3307 3321 3348 3389 3397 3411 3412 3518 3541 3554 3730 3772 3867 3975 4000 4026 4089 4107 4143 4165 4307 4353 4476 4630 4678 4760 4769 4783 4855 4880 4897 4942 4962 5107 5186 5190 5243 5301 5363 5494 5725 5729 5752 5800 5805 5842 5904 5919 5932 6022 6123 6169 6208 6226 6258 6267 6286 6320 6334 6377 6561 6585 6586 6641 6674 
10 140
51 111 151 202 217 302 414 466 478 523 533 570 648 650 674 698 710 902 975 979 991 1025 1062 1094 1117 1161 1186 1236 1237 1321 1332 1444 1498 1579 1589 1609 1645 1660 1675 1761 1774 1833 1851 1872 1914 1977 2029 2157 2181 2186 2256 2314 2341 2510 2552 2570 2596 2653 2683 2691 2700 2756 2887 2894 2926 2943 3144 3200 3203 3254 3287 3311 3328 3343 3504 3508 3545 3561 3573 3744 3770 3806 3857 3859 3933 3940 3951 4061 4063 4072 4080 4098 4163 4179 4234 4244 4310 4327 4358 4439 4577 4591 4605 4675 4684 4712 4895 4930 4981 5069 5208 5249 5513 5570 5592 5701 5709 5736 5897 5952 5963 6039 6081 6095 6174 6200 6263 6295 6383 6397 6399 6460 6482 6483 6495 6500 6555 6646 6658 6703 
84 138
15 18 26 82 317 380 394 431 480 532 663 691 713 735 752 831 1017 1021 1070 1140 1191 1213 1303 1322 1326 1374 1402 1430 1517 1590 1608 1639 1654 1668 1697 1824 1825 1900 1928 1931 1985 2032 2091 2111 2155 2192 2228 2254 2446 2529 2586 2597 2707 2722 2759 2851 2888 2906 3071 3130 3137 3178 3405 3446 3482 3542 3571 3602 3609 3720 3835 3938 3944 3953 3978 3990 4030 4102 4145 4228 4288 4304 4407 4433 4448 4470 4498 4520 4568 4589 4647 4650 4692 4888 4890 4919 4937 4970 5032 5037 5096 5142 5200 5392 5442 5460 5466 5582 5624 5657 5734 5916 5936 5988 6036 6073 6127 6129 6173 6188 6191 6333 6446 6506 6548 6589 6626 6636 6696 6762 6775 6811 6892 6911 6915 6920 6937 6955 
29 136
44 262 588 624 649 668 795 829 1113 1115 1209 1346 1395 1477 1495 1504 1525 1667 1677 1709 1735 1799 1805 1930 1941 2026 2038 2076 2153 2276 2298 2299 2301 2308 2309 2380 2382 2391 2422 2442 2458 2468 2494 2495 2527 2655 2787 2823 2833 2862 2873 2919 2965 3052 3063 3093 3124 3372 3404 3416 3480 3597 3616 3705 3814 3828 3829 3869 3895 3907 3922 4019 4056 4084 4101 4106 4194 4249 4257 4305 4403 4511 4517 4604 4632 4739 4807 4808 4842 4844 4860 4967 5012 5055 5078 5207 5231 5277 5313 5408 5497 5584 5591 5622 5628 5690 5708 5710 5719 5723 5750 5773 5824 5835 5854 5865 5889 5912 5918 5956 5966 6010 6135 6137 6205 6215 6287 6370 6465 6519 6563 6643 6668 6672 6758 6790 
68 134
2 64 192 196 305 310 471 474 516 550 558 566 591 636 655 706 709 883 891 925 948 1044 1089 1226 1234 1300 1365 1448 1478 1543 1551 1694 1705 1751 1754 1763 1778 1814 2028 2213 2227 2287 2496 2498 2636 2688 2719 2880 2951 3000 3028 3121 3224 3288 3317 3421 3587 3655 3679 3715 3803 3872 4007 4051 4178 4411 4446 4466 4531 4576 4641 4773 4774 4784 4839 4936 4958 5002 5046 5065 5087 5132 5247 5253 5274 5308 5388 5424 5504 5575 5602 5626 5660 5693 5730 5810 5873 5983 6012 6053 6109 6240 6623 6728 6789 6837 6871 6872 6893 6935 6941 6968 7037 7039 7125 7226 7260 7280 7376 7400 7405 7446 7448 7473 7619 7796 7811 7828 7958 7998 8013 8041 8081 8086 
51 132
48 219 236 272 335 344 366 377 424 505 507 579 689 865 919 930 974 983 1032 1105 1123 1153 1168 1202 1211 1245 1286 1289 1297 1299 1339 1433 1480 1557 1559 1568 1582 1655 1826 1854 1858 1873 1945 2010 2034 2049 2090 2136 2168 2215 2240 2260 2270 2292 2407 2462 2492 2522 2563 2598 2602 2658 2708 2797 3081 3087 3098 3115 3223 3225 3350 3441 3461 3552 3599 3691 3694 3721 3818 3905 3912 3960 4001 4017 4035 4046 4049 4095 4301 4359 4385 4416 4436 4566 4795 4834 4877 4911 4979 5147 5158 5222 5330 5354 5447 5477 5528 5559 5796 5814 5894 6031 6116 6125 6261 6293 6358 6505 6527 6580 6722 6723 6733 6740 7050 7062 7169 7241 7264 7309 7317 7342 
65 130
109 162 173 287 296 300 373 386 454 559 586 590 622 634 642 761 774 812 848 933 970 971 1009 1269 1313 1386 1561 1592 1593 1595 1649 1720 1812 1835 1868 1992 2033 2120 2166 2208 2242 2264 2322 2342 2377 2483 2547 2560 2584 2779 2815 2902 2957 3086 3116 3359 3493 3525 3656 3979 3983 4009 4011 4014 4153 4214 4218 4363 4428 4469 4513 4542 4593 4652 4713 4782 4879 4908 4961 5042 5135 5161 5267 5446 5583 5615 5680 5745 5841 5850 5927 5945 5946 6027 6030 6038 6080 6126 6130 6164 6198 6228 6232 6284 6379 6413 6414 6425 6466 6604 6648 6649 6651 6676 6685 6687 6748 6793 6802 6836 6890 6922 6992 7155 7222 7224 7249 7428 7537 7658 
12 128
53 116 267 399 419 595 687 694 699 718 762 811 832 873 924 932 946 1008 1012 1041 1075 1411 1490 1544 1575 1686 1760 1797 1817 1893 2145 2207 2211 2226 2284 2349 2428 2557 2629 2706 2785 2922 3240 3247 3531 3608 3627 3878 3992 4043 4066 4076 4087 4215 4263 4281 4292 4319 4546 4550 4580 4640 4749 4752 4756 4927 4932 4989 5176 5198 5344 5517 5623 5638 5655 5737 5828 5849 5859 5903 6005 6051 6055 6056 6079 6234 6246 6392 6472 6591 7085 7094 7100 7130 7146 7240 7246 7262 7393 7413 7492 7536 7552 7553 7556 7807 7812 7859 7886 7918 7934 7969 7996 8012 8129 8322 8349 8561 8565 8596 8614 8642 8643 8686 8732 8929 8948 9160 
40 126
17 21 159 195 320 413 442 571 749 1045 1048 1108 1125 1181 1196 1248 1461 1492 1499 1627 1687 1726 1816 1974 2067 2179 2202 2229 2234 2258 2274 2279 2320 2384 2420 2445 2482 2535 2545 2591 2634 2728 2746 2755 2772 2807 2977 3018 3060 3078 3083 3438 3503 3574 3588 3598 3743 3874 4029 4148 4184 4247 4256 4663 4725 4751 4764 4789 4791 4827 4975 5060 5088 5165 5195 5285 5289 5310 5311 5468 5476 5489 5512 5612 5740 5793 5809 5898 5940 5964 6107 6121 6159 6290 6453 6463 6590 6614 6675 6711 6777 6972 7064 7118 7123 7180 7409 7419 7449 7627 7637 7649 7848 7978 8005 8024 8035 8057 8085 8111 8167 8181 8195 8290 8381 8483 
44 124
20 30 106 321 333 404 449 457 607 608 679 772 1015 1047 1067 1126 1229 1310 1319 1347 1348 1418 1514 1584 1598 1665 1771 1800 1935 1944 1953 1965 1978 2001 2118 2177 2285 2339 2390 2517 2573 2672 2758 2835 2860 2945 3031 3177 3192 3194 3215 3241 3312 3323 3418 3476 3580 3629 3748 3765 3775 3781 3817 3989 4169 4272 4362 4372 4463 4471 4479 4518 4564 4695 4736 4810 4973 5084 5204 5300 5375 5394 5422 5431 5448 5491 5525 5653 5692 5744 5811 5817 5880 6025 6069 6117 6151 6181 6619 6683 6936 7030 7137 7183 7189 7258 7495 7548 7550 7773 7801 7864 7914 8007 8096 8131 8323 8401 8551 8668 8718 8833 8941 8998 
59 122
46 79 176 209 213 251 348 469 510 632 716 723 777 860 880 1000 1022 1058 1138 1260 1268 1271 1317 1358 1431 1523 1560 1842 1959 2025 2201 2233 2396 2415 2526 2562 2615 2661 2696 2735 2786 2917 2928 3021 3096 3151 3153 3159 3306 3376 3495 3527 3594 3666 3723 3890 3910 3931 3971 4040 4064 4146 4170 4412 4451 4477 4507 4588 4623 4635 4645 4741 4887 4946 4953 5182 5238 5304 5338 5357 5366 5435 5551 5554 5586 5770 5776 5820 5831 5840 6171 6202 6221 6231 6268 6437 6443 6501 6522 6535 6559 6596 6644 6727 6926 7057 7082 7274 7322 7350 7467 7506 7626 7680 7806 7846 7866 7922 8116 8208 8248 8299 
71 120
24 99 142 226 316 326 443 467 511 576 780 850 893 1051 1212 1221 1274 1304 1400 1482 1512 1513 1670 1762 1791 1802 1879 1929 2061 2095 2151 2209 2611 2612 2627 2912 2962 3197 3370 3468 3509 3621 3678 3722 3725 3897 3899 3902 3914 4142 4337 4392 4432 4530 4540 4541 4612 4745 4755 4763 4824 4847 4870 5005 5072 5115 5203 5282 5286 5407 5501 5529 5609 5696 5782 5923 5959 5985 6048 6060 6102 6415 6473 6547 6664 6719 6827 6854 6963 6995 7044 7103 7279 7330 7338 7474 7519 7529 7557 7606 7850 7962 8358 8423 8569 8730 8744 8916 9002 9046 9148 9272 9284 9563 9708 9749 9890 9903 9911 10087 
80 118
160 418 609 638 658 763 809 849 989 1093 1099 1150 1223 1415 1597 1661 1704 1739 1792 1839 1859 1991 2141 2180 2205 2243 2295 2365 2416 2481 2534 2544 2592 2648 2844 2871 2890 2905 2935 3026 3297 3459 3475 3516 3522 3536 3537 3671 3745 3820 3833 3919 3948 4065 4091 4117 4141 4172 4277 4348 4482 4596 4716 4771 4823 4848 4873 5025 5125 5177 5343 5541 5650 5654 5674 5715 5823 6006 6077 6199 6400 6438 6470 6545 6615 6633 6682 6747 6940 6958 6974 6985 7139 7188 7235 7273 7328 7396 7401 7406 7564 7727 7936 7959 7984 7985 8155 8334 8506 8524 8615 8667 8688 8821 8915 9054 9058 9064 
63 116
6 174 354 545 740 755 889 916 942 1054 1066 1086 1160 1198 1306 1384 1420 1466 1526 1565 1662 1949 1994 2070 2103 2367 2405 2567 2594 2644 2731 2740 2978 3009 3095 3119 3324 3341 3377 3804 4024 4045 4054 4174 4275 4343 4616 4618 4631 4662 4800 5018 5059 5138 5327 5418 5518 5706 6155 6331 6394 6445 6509 6576 6798 6808 6851 6879 6959 7599 7670 7700 7896 8003 8176 8182 8209 8417 8469 8586 8634 8671 8692 8741 8842 8862 8944 8976 9021 9082 9289 9295 9361 9451 9490 9583 9676 9778 9888 10268 10346 10365 10568 10663 10722 10853 10888 10949 11038 11074 11232 11245 11441 11479 11575 11715 
19 114
42 56 85 313 319 339 473 547 751 754 804 816 882 1090 1131 1367 1586 1892 1918 2047 2154 2206 2252 2610 2716 2795 2886 2915 2971 3101 3120 3245 3301 3313 3315 3334 3374 3466 3553 3791 3854 3860 4103 4109 4231 4302 4370 4661 4698 4874 5116 5139 5167 5170 5251 5376 5381 5546 5548 5641 5702 5885 6114 6206 6260 6274 6312 6347 6452 6520 6523 6599 6628 6673 6739 6844 6966 7028 7043 7045 7195 7238 7242 7686 7915 7917 7947 8019 8224 8251 8405 8418 8553 8610 8646 8694 8734 8745 8787 8789 8850 8892 8893 9041 9232 9372 9536 9752 9881 9988 9999 10024 10081 10125 
76 112
60 338 349 556 627 660 862 878 1046 1082 1166 1197 1251 1432 1468 1502 1506 1508 1538 1555 1615 1857 2148 2400 2618 2712 2826 2893 2898 3131 3244 3340 3428 3488 3643 3891 4033 4047 4125 4264 4269 4478 4523 4746 4803 4843 4900 4972 4980 4996 5067 5226 5510 5566 5630 5989 6283 6372 6374 6534 6706 6951 7265 7272 7310 7340 7385 7437 7442 7459 7511 7582 7804 7874 7942 8069 8276 8310 8359 8633 8635 8805 9050 9383 9398 9463 9465 9492 9751 9765 9808 9809 9885 9889 10136 10140 10219 10288 10451 10491 10497 10518 10604 10686 10693 10695 10830 10880 10960 11003 11235 11291 
6 110
92 250 476 522 564 592 610 803 807 955 977 1057 1427 1467 1653 1727 1764 1845 1942 1986 2163 2271 2348 2501 2630 2773 2849 2903 2964 3145 3234 3273 3444 3591 3683 3757 3795 3852 3980 4176 4395 4493 4802 4889 4983 5001 5066 5119 5171 5248 5531 5688 5762 5778 5896 5937 6018 6179 6194 6248 6315 6359 6464 6478 6487 6655 6688 6701 6725 6840 6977 7008 7296 7369 7493 7526 7605 7772 7872 8267 8275 8364 8375 8394 8429 8500 8673 8790 8975 9325 9343 9421 9424 9439 9707 9835 10123 10159 10345 10380 10538 10780 10864 10899 11029 11050 11146 11300 11316 11600 
79 108
243 329 530 657 704 746 836 881 917 935 1059 1137 1617 1730 1895 1988 2041 2042 2131 2247 2423 2852 2913 3007 3056 3132 3296 3332 3731 3747 3778 3812 3873 4206 4266 4338 4374 4460 4861 4910 4920 4966 5094 5323 5328 5348 5372 5527 5589 5656 5847 6003 6074 6111 6144 6298 6436 6456 6475 6698 6785 6830 6868 6932 7026 7194 7283 7347 7356 7651 7802 8088 8201 8303 8435 8579 8587 8591 8597 8760 8880 8884 8931 8936 9073 9099 9212 9409 9593 9613 10017 10076 10103 10315 10320 10331 10544 10555 10581 10655 10840 11032 11380 11431 11581 11774 12007 12236 
15 106
90 238 293 340 369 583 814 1016 1052 1364 1398 1583 1664 1741 1742 2083 2132 2144 2289 2355 2472 2502 2565 2813 2918 2936 3125 3409 3464 3496 3510 3684 3754 3815 3837 3858 4044 4240 4360 4419 4740 4867 4884 4923 4987 5076 5090 5175 5193 5263 5515 5545 5549 5683 6203 6271 6531 7367 7696 7883 7912 7963 7980 8025 8063 8074 8135 8217 8305 8594 8752 8753 8794 9044 9060 9126 9156 9260 9317 9407 9649 9821 9956 9966 9969 10014 10458 10535 10662 10708 11004 11195 11372 11528 11668 11677 11690 11699 11902 12074 12103 12110 12133 12170 12186 12198 
11 104
32 207 328 384 415 492 964 972 984 1077 1084 1375 1388 1438 1719 1910 1946 2381 2408 2568 2666 2812 2832 3110 3189 3292 3437 3605 4075 4133 4189 4205 4328 4347 4607 4775 4896 4940 5627 5681 5806 5821 5827 5990 6007 6087 6266 6301 6329 6365 6409 6490 6667 6694 6746 6765 6815 7048 7102 7182 7234 7284 7293 7370 7672 7736 7824 8034 8125 8216 8342 8505 8653 8792 9120 9129 9146 9311 9375 9433 9445 9453 9713 9800 9862 10030 10126 10142 10153 10190 10391 10421 10498 10499 10539 10738 10815 11040 11053 11067 11261 11469 11615 11654 
72 102
110 177 362 662 879 907 1189 1222 1243 1336 1573 1581 1811 2097 2286 2513 2556 2734 2748 2771 3002 3232 3470 3619 3651 4021 4104 4128 4144 4290 4554 4567 4624 4761 4905 4969 5061 5173 5920 6214 6309 6629 7253 7354 7707 7837 8054 8202 8407 8468 8677 9081 9144 9327 9533 9562 9679 9891 10069 10177 10272 10343 10422 10585 10649 11046 11086 11226 11611 11692 11714 11769 11857 12123 12210 12280 12393 12461 13104 13137 13162 13175 13443 13844 13920 14116 14239 14576 14666 14965 15071 15167 15189 15315 15353 15454 15466 15531 15603 15612 16042 16051 
17 100
76 395 519 892 913 1007 1172 1256 1266 1314 1567 1616 1703 1779 1823 1912 1947 2371 2410 2668 2685 2768 2993 3058 3123 3141 3163 3204 3557 3658 3799 4316 4357 4868 5092 5224 5264 5270 5682 5780 6019 6100 6120 6245 6281 6488 6566 6588 6862 7207 7426 7472 7508 7721 7820 7856 8044 8087 8093 8095 8356 8363 8370 8409 8520 8736 8890 8947 9124 9167 9510 9553 9585 10009 10066 10147 10247 10681 10700 10745 10926 10933 10993 11070 11227 11323 11325 11361 11586 11594 11598 11694 11754 12214 12333 12488 12599 12710 12780 12916 
35 98
187 738 1441 1718 1785 1880 1905 1976 2062 2327 2333 2694 2761 2765 2809 3166 3704 3733 3824 3855 3876 4565 4701 4733 4788 4986 5033 5122 5130 5387 5404 5420 5434 5533 5673 5844 5947 6197 7095 7104 7153 7206 7281 7622 7769 8009 8262 8293 8348 8501 8676 8815 8924 8940 9106 9192 9249 9392 9577 9959 10075 10204 10287 10456 10533 10557 10912 11001 11025 11219 11228 11238 11290 11363 11373 11533 11800 11865 11948 12352 12407 12491 12574 12667 12785 12948 13043 13209 13297 13306 13308 13323 13477 13578 13671 13910 13978 14179 
24 96
19 164 203 245 297 888 1273 1471 1524 1852 1952 2167 2191 2441 2855 3041 3064 3091 3183 3264 3410 3483 3801 4455 4585 4737 5014 5131 5416 5634 5677 6528 6529 7073 7074 7078 7287 7418 7491 7643 7788 7895 8298 8377 8452 8472 8621 8942 9134 9291 9511 9944 10034 10178 10203 10813 10898 11024 11119 11158 11272 11310 11506 11532 11885 11996 12028 12824 12827 12853 13107 13148 13647 14102 14545 14717 14737 14794 14831 15321 15486 15491 15548 15928 15942 15950 16023 16151 16198 16275 16781 16897 17049 17098 17290 17377 
53 94
35 291 411 430 435 499 612 994 1087 1104 1155 1279 1337 1360 1419 1469 1869 1909 2121 2831 3149 3214 3702 4096 4230 4456 4510 4573 4748 4912 5035 5079 5318 5440 5522 5689 6241 6679 7790 7817 7840 7853 8205 8516 8541 8693 8822 9140 9659 9936 10398 10440 10587 10596 10952 10985 11125 11143 11270 11343 11653 11799 11990 11992 12096 12140 12212 12279 12480 12526 12895 13305 13641 13739 13852 13868 14408 14651 14797 14845 14985 15029 15238 15487 15804 15999 16502 16782 16914 16922 17113 17215 17344 17366 
61 92
504 651 659 764 915 982 1659 1681 1700 1736 1862 1960 2297 2402 2425 2961 3216 3271 3494 3585 3634 3697 4570 4838 5031 5268 5598 6145 6160 6270 6355 6724 7259 7348 7384 7513 7531 7687 7714 8094 8146 8243 8330 9365 9518 9623 9980 10299 10386 10418 10526 10546 10690 11072 11303 11574 11597 11763 11892 11921 12376 12381 12589 12736 13039 13089 13182 13941 14215 14294 14579 14697 15000 15793 15943 17077 17180 17256 17317 17768 18172 18184 18262 18581 18593 18832 18946 19164 19338 19427 19460 19819 
67 90
43 137 574 799 839 866 1473 2000 2085 2183 2347 2435 2466 2471 3474 3623 3638 3693 3808 3813 4127 4140 4506 4747 4903 4944 5804 6189 6625 6796 7168 7248 7268 7336 7632 7701 7784 7905 8076 8186 8304 8567 8585 8626 8830 8904 8955 9036 9432 9440 10223 10803 10817 10831 11254 11538 11637 12394 12425 12551 12718 12821 13186 13219 13344 13349 13586 13620 13622 13835 14357 14360 14706 14734 15068 15075 15139 15306 15439 15504 15789 15838 15977 16144 16244 16620 16792 16908 17280 17299 
58 88
59 88 98 120 680 724 753 855 1101 1200 1233 1532 1641 1815 2265 2533 2538 2546 2710 2949 2980 3103 3556 3660 3758 4191 4296 4355 4548 4595 4697 4829 5100 5417 5558 5646 5772 6011 6767 6791 6797 6918 7010 7450 7554 7900 7972 8128 8206 8210 8428 8580 8699 8746 8754 9177 9651 9689 9894 10028 10226 10367 10376 11039 11199 11260 11282 11311 11377 11470 11511 11711 11776 12061 12194 12583 12783 13414 13442 13515 13619 14183 14319 14622 15221 15426 15530 15633 
39 86
616 1185 1230 1238 1607 1646 1840 2051 2539 2730 2737 3365 3856 3916 3972 4717 4830 4968 6530 6716 7013 7490 7635 7715 7819 7979 8120 8257 8414 8914 8920 9067 9074 9123 10307 10383 10476 10548 10562 10744 10782 11177 11192 11333 11486 12013 12385 12515 12600 12601 12685 13021 13066 13079 13154 13336 13404 13996 14285 14368 14475 14512 14728 14904 14920 14941 15079 15204 15262 15662 15722 16156 16228 16370 16475 16772 17484 17579 17731 17849 18659 19753 19935 20242 20491 20546 
3 84
193 1004 1098 1676 1958 2087 2101 2232 2794 3547 3894 4100 4181 4386 4799 4822 5044 5256 5648 5754 6259 6386 6738 6864 7005 7007 7059 7127 7261 8853 9145 9195 9300 9430 9574 9937 9973 10053 10416 10570 10710 11059 11121 11517 11628 11922 12281 12669 13050 13560 13722 13778 14128 14138 14222 14310 14393 14520 14702 15077 15127 16218 16262 16812 16881 17589 17747 17835 17939 18058 18061 18363 18532 18661 18775 18861 19223 19324 19394 19683 19725 19963 20309 20355 
47 82
180 645 766 1110 1203 1416 1540 1580 1640 1672 1707 1973 1997 2267 2487 2645 2910 3129 3154 3664 3752 3970 3988 4120 4344 4377 4514 4551 4931 4978 5150 5400 5503 6337 6759 6773 6807 6979 7056 7101 7122 7334 7489 7512 7787 7974 8002 8056 8070 8160 8283 8581 8922 9008 9024 9251 9993 10058 10541 10776 10863 10885 11308 11662 12171 12443 13256 13521 13955 14088 14292 14407 14454 14499 14874 15297 15596 15597 16089 16222 16243 16267 
23 80
74 89 292 502 676 958 1177 1247 2152 3035 3099 3219 3371 3513 3606 4522 4569 4708 4846 4878 5621 5869 6404 6468 6486 6498 6654 6684 7534 7966 8072 8810 8895 9189 9301 10119 10961 10987 11085 11716 12345 12636 12743 12833 13358 13885 13895 14113 14340 14441 14759 14789 14835 15025 15248 15395 15726 15822 15932 15985 16401 16671 16935 17086 17333 17336 17458 17495 17896 17919 17952 18197 18313 18350 19136 19216 19228 20006 20249 20326 
60 78
188 234 365 540 661 2303 2344 2372 3237 3558 3569 3777 3836 4229 4350 4393 4610 4886 4934 5443 5490 5593 6004 6912 6961 7462 7889 8253 8432 8536 9056 10202 10561 11000 11573 12181 12592 12649 12684 12768 13385 13636 13999 14173 14624 14875 15005 15290 15420 15604 15725 16905 17141 17160 17166 17611 17614 17881 17882 18043 18226 18417 18495 18634 18635 18779 18815 18973 19124 19226 19469 19723 19924 19969 20051 20152 20454 21061 
0 76
937 940 986 1034 1407 1803 1841 2105 2230 2616 2677 2711 2850 2969 3714 3981 4559 5080 5233 5470 5521 5815 6091 6096 6209 6480 6592 6899 7020 7361 7484 7558 7704 7919 7961 8006 8437 8554 9004 9875 10086 10353 10394 10433 10640 11136 11461 11888 12155 12399 13124 13527 13638 13857 14006 14638 14642 14718 15019 15102 15254 15480 15626 15877 15894 15951 16205 16861 16916 17014 17042 17660 17943 17994 18209 18461 
46 74
185 451 1428 2171 2516 2769 2956 3156 3363 3443 3462 3497 3751 3973 4547 4914 5093 5269 5499 5664 5931 6971 7067 7244 7399 7617 9221 9332 9913 10010 10118 10235 10378 10495 10592 10666 10676 11206 11425 11477 11510 11721 11757 12167 12637 12690 12691 12912 13222 13587 15376 15421 15917 16046 16509 16583 16948 17249 17384 17700 17749 18248 18301 18352 18687 18911 18968 19050 19100 19286 19364 19401 19603 19669 
73 72
36 541 1092 1207 2015 2448 2456 2709 2818 3269 3284 3336 3392 3946 3982 4050 4216 4261 4637 4648 4702 5877 6037 6083 6142 6235 6493 6665 6825 7178 7250 7298 8193 8798 9149 9268 9402 9464 9504 9844 9935 10344 10446 10522 10849 11488 11599 11652 11785 12781 13153 13304 13360 13518 14098 14122 14577 14695 14869 14888 15018 15700 15706 15735 16021 16336 16423 16478 16694 16876 17022 17302 
54 70
58 548 963 1701 1745 2293 2383 3257 4058 4190 4841 4869 5085 5127 5194 5197 5358 5403 5481 5867 5874 5911 6067 6642 7570 7765 8078 8549 8713 8816 8832 8913 9078 9258 9299 9387 9431 9611 9686 9687 9817 10410 11593 11709 11925 11936 13460 13678 13711 13934 13943 14068 14109 14149 14163 14328 14806 14832 15241 16153 16236 16377 16562 16641 16776 16981 16997 17479 17776 17848 
31 68
140 448 747 797 926 1752 1834 2128 2156 2437 2581 2925 2932 3033 3255 3458 3564 3881 4037 4952 5356 5373 6421 6737 8440 8473 8475 8600 8999 9253 9411 9564 9618 9662 10647 11156 11312 11406 12060 12158 12454 12528 13146 13234 13254 14392 15116 15879 15989 16034 16587 16596 16741 16845 17110 17219 17255 17593 17797 17897 17899 17978 18046 18567 18995 19224 19880 19950 
25 66
683 767 1001 1148 1215 1380 1390 1809 2193 2824 2972 2986 3164 3479 3584 3877 4440 4464 4820 5382 5430 5568 5712 6172 6216 7058 7538 8139 8260 8264 8410 9309 9473 9958 10319 10349 10480 10774 10896 10932 11621 11947 12337 12424 12564 12664 12907 12933 13211 13719 14900 15464 15797 15900 16405 16842 16854 17017 17073 17200 17431 17576 17880 17918 18020 19144 
81 64
1530 1898 2386 2506 3535 3810 3942 3966 4070 4259 4379 4894 5028 5539 5555 5597 5837 5917 6834 6846 7397 7480 7957 8289 9255 9388 9630 9639 9684 10357 10424 10809 10984 11223 11229 12049 12205 12911 13535 13582 14244 15072 15404 15492 15791 16397 16983 18085 18396 19665 20589 21229 21289 21375 21713 22127 22271 22394 22717 22822 23315 23801 24069 24397 
56 62
220 1182 1734 2007 2133 2679 2865 3276 3692 4027 4457 4603 4871 5670 6103 6161 6254 6549 6574 6653 6799 6964 7033 7297 7621 8441 8681 8803 9075 9083 9313 9741 9908 10622 10711 11567 11867 11967 12378 12492 12777 12982 13726 14202 14299 14384 14487 14663 15036 15153 15427 15666 15746 15816 16116 16536 17575 18190 18289 18312 18684 18703 
37 60
54 359 711 998 1088 1302 1389 1628 1861 1925 2457 2745 2751 3201 4081 5007 6212 6471 6731 6987 8053 8256 8355 9165 9242 9506 10089 11075 11369 11419 11544 11837 11897 12562 13802 13908 14112 14376 14424 14644 14678 14770 15027 15398 16004 16779 17379 18076 18238 18715 19016 19113 19505 19602 20407 20651 20833 20855 21227 21386 
4 58
225 240 391 534 1377 1710 1721 2550 2801 3456 3672 5098 5307 5839 6044 6634 6713 6913 7411 7477 9174 9175 10179 10194 10659 10727 11507 11639 11853 12291 12836 12915 13469 13770 14175 14935 14984 15754 15853 16525 16598 16732 18256 18419 18528 18619 18639 18722 18852 18993 19314 19484 19614 20047 20240 20245 20404 20464 
45 56
40 361 1014 1109 1536 2488 2541 2870 4408 4951 5073 5603 5756 5790 5921 7173 7332 7355 7766 8118 8164 8540 8711 8723 8751 9333 9449 9830 10334 10338 10355 10924 10927 11318 11485 11660 12401 12963 13214 13257 13572 14092 14672 14698 15403 16107 16134 16649 16955 17081 17105 17171 17359 17520 17558 18585 
21 54
227 440 1860 1993 2052 2515 2911 3330 3521 4738 4935 5255 5771 6158 7366 7681 8098 8300 8371 9116 9425 10835 11338 13088 13632 13945 13986 14054 15014 15016 15213 15326 15811 15812 15913 16085 16105 16455 17258 17372 17716 18222 18458 18652 19066 19208 19972 20173 20832 20925 21039 21431 21764 22135 
49 52
269 692 867 980 987 1116 1119 1327 1406 1464 1844 4016 4173 4279 4985 5062 5784 6093 8338 8577 8720 9252 9560 10129 10206 10851 11010 11141 11368 12408 12620 12815 14657 14837 15012 15682 16301 18050 18151 18530 18591 18618 20053 20455 21743 21913 22159 22667 22742 23157 23885 25628 
18 50
390 463 890 936 1399 2074 2352 2439 2859 3454 3519 3761 4086 4521 5303 6238 6419 8138 8656 8868 9996 10483 10641 10901 11015 11185 11289 11514 11647 13093 13410 14065 14881 15303 15749 17275 17743 18525 19893 20545 20918 21053 21527 21604 21911 21985 22352 23162 23347 24061 
43 48
696 1069 1128 1383 2016 2680 2847 2896 5351 5665 5807 7988 8663 8783 8836 9190 10128 10747 10902 11358 11671 12965 13195 13255 14011 14259 14345 15319 16312 16618 16652 17612 18134 18176 18878 19102 21691 23940 24165 24948 25902 26437 26602 27036 27683 27752 28054 28618 
77 46
154 844 1556 2138 2184 2450 3473 4280 4313 4682 5086 6750 6917 7728 8065 9023 9026 9262 9579 9870 10336 10524 10579 10763 12353 12538 13187 13639 14496 15111 15470 15538 16642 17038 17712 18243 18254 20443 21721 22284 22602 23172 23222 23840 24158 24220 
32 44
145 375 615 3843 4332 4592 4957 5039 6014 6631 7040 7126 8280 8285 9052 9775 9863 9905 9998 10405 13185 14034 14968 15280 15710 15730 16147 16597 16678 16904 17371 17525 17728 17810 18252 18454 18490 19330 19348 20145 20409 20947 22469 23446 
52 42
96 100 789 1262 1465 1695 1881 2172 2641 2934 4282 5149 5843 5895 6054 6313 6449 7624 7833 8136 8168 9606 9730 10045 10174 10982 11041 11106 11110 11555 11557 12765 14906 14942 15063 15136 15391 15413 15848 16162 16553 16969 
2 40
488 965 1679 1877 2392 2467 3032 3319 5043 6511 6980 7110 8525 8544 8860 9478 9531 9668 10297 11239 11284 11453 11520 11670 11777 12070 12640 12686 13439 13773 14230 14261 14274 14323 15048 15941 16763 17430 17669 18474 
74 38
94 705 2664 4642 4947 5163 5764 8075 9720 10158 10881 11642 12733 13519 13765 14250 14516 14623 15169 15869 16082 16136 16691 16847 17306 17512 18813 19761 19855 20103 20372 20389 21149 21809 21973 23533 23548 25790 
16 36
146 768 1472 1564 2335 3070 3243 4396 4532 4837 5181 5281 5523 5596 6140 7263 7475 9201 9638 10051 10811 11197 12327 12772 14358 14427 14983 15911 16707 18674 18889 19659 19685 19946 20403 20469 
28 34
13 665 2853 3457 4651 5040 7251 7945 8727 9151 9345 9382 10105 10786 11027 11559 11568 11680 11987 12587 12604 13272 14047 14337 15890 16024 16686 17428 17515 17517 17846 18341 19211 19219 
64 32
434 1447 1451 2923 4192 4976 5326 6819 7247 7738 9094 10389 11491 11849 12832 13387 15064 15120 15919 16663 17058 17873 18491 18811 19510 20296 20536 21501 21857 21908 22149 22208 
20 30
11 1936 2490 2660 3652 4158 4366 4387 6026 6303 6564 7559 10703 10929 12626 12675 12845 14346 15383 16036 16306 17414 17737 18129 19801 20568 20667 21615 23668 24322 
42 28
274 1594 1890 2701 2778 3420 3566 3985 4200 5383 6028 7158 7647 7652 7805 10116 10276 15825 16928 18130 18772 19315 19911 20590 20699 20838 21601 21690 
26 26
1232 1521 1683 2479 3367 4354 4587 5239 6356 6820 6863 7285 8838 9513 9818 9869 10463 12298 13151 15566 15901 16524 17085 17948 18371 19007 
36 24
652 1124 1351 2126 2452 2788 3180 4765 5070 5819 5825 7899 9057 9199 9355 9777 10752 11335 11881 12651 13419 13716 13720 13807 
8 22
521 542 1120 1142 2236 4032 6141 9180 9804 13481 14190 17418 17636 17913 17923 20154 22167 22350 23644 24576 25131 26012 
22 20
312 350 2518 2933 7286 10442 10574 12890 13847 13973 14546 15562 18164 19339 19805 19925 23249 23526 25038 27047 
9 18
483 2790 3174 4208 7080 8325 8393 9161 10043 10958 11183 14894 16380 16708 17308 17642 18480 19418 
14 16
3472 3515 4308 5379 6780 7107 8956 9181 9349 9688 10556 12326 12468 13596 15906 16128 
62 14
2162 3344 3589 4008 4258 5260 5749 6239 8655 9404 10273 11619 15599 18264 
75 12
1218 2263 6906 11969 12653 15535 15635 16169 16572 16809 17925 19305 
83 10
688 2484 4004 4071 4129 5962 6110 6939 12784 12894 
70 8
565 1023 2485 2825 3379 3740 7950 8046 
27 6
186 1231 2269 3830 5245 6709 
66 4
912 2147 2200 3260 
34 2
271 903 
