44
34 98
2 3 5 12 17 22 24 26 28 36 38 39 40 48 59 69 73 74 78 80 83 86 91 97 102 115 116 126 129 130 132 137 145 147 149 155 156 161 175 179 193 194 197 203 208 210 215 220 226 230 236 239 242 251 253 262 263 265 268 273 278 282 286 289 300 301 307 308 309 319 322 324 329 332 342 344 349 353 360 362 365 375 381 382 384 390 401 402 408 413 416 419 420 421 423 439 443 453 
3 96
13 16 18 21 23 27 29 32 33 41 44 46 58 61 65 77 88 101 105 111 112 135 139 146 165 168 176 188 199 200 202 212 216 222 223 227 232 235 237 245 256 266 269 274 285 294 295 314 327 331 333 336 339 350 352 355 358 367 369 370 373 391 398 415 417 418 424 429 433 436 442 445 446 461 463 474 486 495 515 522 525 537 556 560 561 568 573 574 576 580 584 625 631 632 633 637 
5 94
10 35 43 51 62 67 82 90 94 123 124 128 136 140 141 158 164 167 169 172 177 182 187 198 213 214 231 234 241 250 255 261 270 271 275 276 287 299 305 310 311 315 326 341 346 351 359 363 366 378 387 393 394 397 400 407 409 412 427 438 440 447 448 449 450 451 452 455 462 465 477 479 480 482 496 503 505 518 531 533 539 540 564 589 596 601 608 613 623 645 651 664 674 681 
25 92
31 37 50 52 55 66 68 70 71 72 87 100 127 131 134 142 154 171 180 205 211 217 218 221 229 233 240 246 259 260 277 280 284 298 304 330 356 380 385 395 437 441 457 490 491 494 504 519 523 529 534 557 562 563 570 579 587 591 595 597 599 600 617 644 658 663 673 685 686 691 695 698 708 711 717 718 726 727 740 744 747 771 776 781 804 805 808 816 833 836 845 862 
0 90
0 4 6 25 47 106 108 110 113 118 119 133 138 159 184 189 207 209 224 225 238 248 264 290 293 302 303 345 377 379 386 456 458 460 507 508 513 521 526 527 538 546 566 571 575 577 583 585 593 602 610 614 616 618 619 621 622 630 640 661 669 670 671 679 713 755 763 764 765 773 793 795 826 832 835 849 872 880 905 910 913 914 921 936 950 967 975 976 986 995 
44 88
19 45 64 76 81 89 99 103 107 125 228 244 272 281 292 306 317 318 320 335 357 414 430 434 464 476 481 493 516 520 532 626 652 660 690 692 704 706 733 748 774 775 790 798 803 810 819 839 850 852 860 907 911 926 933 948 953 955 956 961 963 965 1014 1027 1032 1059 1075 1091 1123 1176 1239 1253 1257 1259 1260 1280 1295 1298 1299 1322 1328 1329 1335 1372 1375 1378 1381 1384 
1 86
7 8 9 54 79 95 109 117 144 166 173 181 190 191 204 252 296 321 334 337 338 364 374 383 392 399 405 426 454 468 478 510 598 603 627 634 636 656 666 709 745 752 762 769 772 777 813 843 857 894 909 944 964 981 987 1004 1018 1036 1037 1041 1076 1079 1082 1099 1117 1148 1149 1153 1196 1198 1223 1232 1254 1265 1284 1292 1308 1315 1321 1344 1389 1415 1445 1495 1514 1543 
41 84
1 11 14 15 114 120 143 150 160 162 183 195 283 312 340 347 368 372 376 388 431 466 473 506 511 567 586 641 678 680 703 743 760 767 785 796 904 912 932 960 968 993 1052 1120 1122 1157 1169 1192 1199 1211 1219 1227 1229 1263 1291 1293 1300 1340 1382 1428 1457 1466 1505 1507 1511 1561 1563 1583 1594 1619 1632 1710 1825 1915 1925 1966 1969 1993 2030 2060 2080 2092 2101 2113 
2 82
57 63 93 104 178 192 279 291 354 389 396 428 475 483 512 514 553 588 638 676 677 737 822 886 891 896 989 1058 1060 1081 1088 1089 1267 1304 1309 1341 1353 1426 1461 1488 1520 1544 1557 1564 1586 1607 1729 1735 1791 1797 1803 1814 1835 1843 1879 1907 1924 2007 2037 2066 2088 2089 2095 2132 2162 2204 2247 2280 2291 2348 2421 2496 2506 2538 2561 2697 2715 2756 2758 2823 2860 2886 
22 80
49 53 75 84 170 219 254 267 406 410 425 432 435 444 524 535 605 684 699 840 954 1051 1084 1136 1143 1166 1282 1296 1339 1356 1393 1440 1517 1521 1552 1555 1587 1615 1621 1630 1646 1688 1703 1708 1737 1742 1788 1896 1898 1914 1951 2022 2056 2097 2100 2111 2233 2246 2278 2399 2460 2489 2491 2637 2663 2667 2681 2702 2875 2910 2961 2963 2966 2971 3007 3220 3245 3265 3356 3358 
23 78
30 60 98 121 148 185 288 316 343 422 565 739 786 929 1013 1071 1093 1134 1210 1325 1326 1403 1421 1497 1526 1533 1689 1854 1869 1957 2033 2055 2106 2150 2160 2176 2239 2305 2306 2307 2419 2472 2531 2542 2588 2608 2794 2845 2950 3053 3070 3185 3254 3338 3339 3350 3353 3370 3373 3423 3485 3588 3654 3659 3690 3760 3815 3832 3897 3977 3991 4024 4153 4170 4218 4260 4270 4339 
9 76
20 56 92 122 151 243 247 249 411 554 604 629 647 688 823 888 1100 1141 1163 1201 1252 1258 1319 1452 1551 1565 1636 1716 1748 1790 1799 1842 1865 1904 1928 1992 1995 2017 2049 2255 2273 2340 2389 2512 2521 2532 2643 2745 2750 2814 3351 3416 3442 3473 3546 3549 3582 3661 3674 3796 3821 3972 4047 4051 4060 4063 4081 4084 4135 4239 4306 4359 4445 4526 4680 4820 
6 74
42 85 157 196 328 361 371 541 648 707 1220 1233 1490 1494 1529 1576 1579 1875 1950 1958 2027 2082 2119 2234 2289 2336 2410 2490 2695 2757 2785 2806 2813 2867 2943 2981 3072 3104 3118 3329 3481 3502 3723 3733 3841 4000 4152 4175 4408 4429 4770 4771 4772 4775 4950 5093 5104 5133 5207 5211 5273 5318 5362 5556 5982 6141 6217 6280 6297 6381 6391 6511 6580 6607 
45 72
153 258 297 313 323 348 469 578 615 635 780 830 915 1028 1034 1247 1330 1352 1429 1647 1679 1693 1699 1916 2009 2257 2334 2359 2362 2394 2436 2497 2664 2726 2733 2748 2944 2986 3052 3107 3523 3614 3712 3860 3887 3903 3921 3998 4066 4105 4220 4222 4393 4432 4531 4563 4564 4587 4954 4973 4994 5307 5310 5323 5348 5574 5697 5724 5870 5883 5909 5955 
14 70
403 620 650 794 838 930 958 1049 1069 1085 1226 1376 1417 1537 1745 1862 1978 1982 2121 2136 2386 2405 2408 2414 2439 2494 2592 2632 2658 2883 3024 3203 3261 3536 3589 3652 3747 3953 4062 4083 4088 4307 4314 4317 4446 4703 4732 4848 5003 5148 5153 5172 5233 5342 5951 5991 6202 6399 6402 6483 6564 6608 6819 6949 7109 7169 7183 7309 7453 7621 
33 68
34 152 206 517 569 821 898 1572 1796 1857 1866 1872 2271 2295 2486 2540 2930 2942 3242 3291 3548 3687 3708 3750 3876 4211 4246 4453 4495 4533 4578 4607 4708 4832 5059 5160 5184 5433 5757 5819 5974 6122 6160 6260 6573 6677 6995 7040 7162 7860 8130 8193 8261 8581 8722 8725 8883 9318 9682 9690 10113 10275 10384 10687 10846 11107 11119 11279 
13 66
581 606 624 791 887 1023 1410 1424 1880 1887 2903 2970 3080 3363 3938 4018 4203 4440 4741 4777 5019 5099 5377 5509 5529 6002 6153 6293 6344 6398 6429 6950 6996 7086 7287 7290 7385 7594 7875 7879 8006 8053 8405 8564 8797 9065 9263 9496 9506 9675 10066 10552 10562 10642 10853 11434 11769 11818 12120 13029 13059 13172 13294 13403 13541 13819 
43 64
186 649 723 827 1235 1416 2231 2243 2545 2853 2987 3216 3281 3310 3340 3365 4106 4323 4756 4860 6128 6173 6374 6470 6790 6791 6800 7108 7127 7364 7544 8097 8166 8312 8316 8619 8847 9163 9554 9594 9681 9901 10610 10918 11407 11650 11811 11963 12839 12974 13094 13176 13228 13275 13468 13718 14788 14877 14922 14974 15382 15557 16207 16288 
7 56
572 799 807 1048 1360 1721 1830 2268 2315 3411 3701 3770 4145 4364 4426 4665 5217 5266 6028 6594 6644 6903 6921 6936 6969 6988 7886 8282 8409 8972 9214 9661 9666 9944 9986 10195 10568 10765 11274 11656 11901 11927 12122 12127 12166 12230 12261 12621 12925 13362 13491 14020 15701 16024 16082 17507 
35 46
163 471 489 782 1327 1362 1418 1891 2288 2940 3120 3359 3647 3744 4866 4870 5536 5812 5930 6056 6068 6158 6331 6633 7670 7806 8263 8777 9010 9840 9949 10632 11878 12085 13001 13903 14024 14064 14713 15007 15056 15171 15729 15893 16430 16790 
11 35
174 201 789 2058 2241 2413 2566 3480 3836 4455 5081 5413 6410 6459 6550 7234 8932 9184 9951 10477 11310 11469 12008 12743 13615 14172 14308 14482 14722 14753 15501 16098 16816 17575 17892 
8 33
325 404 498 2054 2534 3204 3393 3644 4204 4205 4230 4705 4918 5214 5458 5855 6071 6169 6225 8443 10004 10436 10524 11816 12461 14727 15021 16355 16369 16634 16870 16890 17697 
4 29
96 550 693 855 991 3043 3179 3400 3884 4195 4808 5289 6351 6426 6852 7739 8258 9105 9708 10033 10480 11112 11292 12587 13454 15363 15485 16480 16694 
32 21
1464 1743 2559 2621 3300 3699 3924 7297 8127 8579 8744 9056 9143 10767 10845 10884 12113 12235 13216 17541 17592 
47 17
484 1370 2046 3030 3611 4373 5903 6828 7120 7192 10804 12210 12390 13488 15226 15289 15320 
48 14
257 6428 7139 8081 8562 8567 9627 10371 12542 12588 15349 16351 17058 17661 
15 11
851 5856 7079 8025 8837 9980 13118 15276 15789 17013 17885 
28 9
906 5245 7917 10625 12133 12153 12666 15202 16805 
26 8
2729 3986 12865 14127 14467 14977 15669 17281 
38 6
675 2563 6519 6910 9450 16847 
39 3
6902 9000 10429 
36 4
10958 13265 14523 16969 
19 4
2442 5056 7436 10518 
31 3
3571 9955 15193 
16 2
15222 16148 
37 2
4901 11935 
20 2
10106 10998 
49 1
6980 
46 1
15225 
29 1
16651 
24 1
16813 
21 1
17545 
12 1
7871 
10 1
5247 
