23
6 48
6 14 15 17 19 21 23 25 26 32 33 38 44 49 56 66 72 74 86 88 90 99 103 104 105 106 109 111 113 115 122 124 128 129 130 134 136 137 141 149 153 157 158 171 172 174 175 176 
1 46
1 3 4 5 8 10 22 28 31 36 41 43 46 47 51 52 58 59 64 65 69 75 79 82 91 93 100 101 107 110 112 121 127 148 151 155 159 168 177 179 186 188 193 194 196 199 
5 44
7 24 27 29 30 40 42 45 53 57 62 67 73 77 81 83 87 94 97 98 114 116 118 125 126 132 138 143 150 166 170 184 191 200 204 208 210 213 218 219 232 233 237 243 
18 42
2 11 13 18 34 39 63 68 76 117 120 131 133 142 147 162 163 167 169 182 205 239 242 247 250 268 269 278 304 305 322 327 341 344 373 403 408 410 415 416 456 482 
23 40
16 35 54 55 60 70 78 80 84 119 146 160 164 165 173 190 220 227 230 249 262 265 287 291 307 314 317 318 343 368 377 379 386 389 404 411 436 437 455 492 
8 38
37 48 61 123 144 201 216 225 263 284 297 316 339 357 378 380 394 429 432 433 461 493 515 519 532 571 585 621 632 643 646 671 672 693 697 702 752 780 
3 36
0 12 50 85 154 211 214 273 298 328 346 350 400 449 465 466 468 483 496 527 536 546 565 601 613 618 624 638 651 664 711 732 741 848 943 953 
19 34
96 108 152 212 427 447 457 458 462 479 485 491 504 514 563 608 616 654 698 712 720 747 771 787 818 835 907 958 1015 1058 1114 1140 1164 1200 
24 32
89 102 139 140 178 224 281 340 358 407 442 562 674 798 859 926 971 995 1011 1027 1047 1128 1147 1148 1179 1218 1251 1344 1403 1413 1439 1447 
4 30
180 234 637 656 724 729 831 838 968 976 1071 1117 1210 1220 1221 1370 1429 1472 1489 1555 1660 1727 1734 1827 1879 1889 1905 1996 2035 2041 
15 23
71 95 161 361 413 524 537 611 773 900 916 1077 1160 1219 1360 1668 1707 1891 1961 2017 2034 2175 2272 
14 14
135 419 511 719 807 919 1379 1395 1503 1632 1894 1992 2231 2447 
7 12
20 156 489 551 897 1037 1349 1469 1928 2060 2171 2219 
9 13
545 645 659 890 1066 1323 1485 1535 1618 1651 1714 1723 2476 
11 9
256 288 446 505 970 1094 1661 2067 2385 
21 6
92 470 738 1045 1630 1683 
12 5
827 1460 2036 2333 2413 
13 4
9 475 2226 2376 
22 3
145 1554 1718 
0 3
1338 1497 1564 
16 2
1273 2336 
10 2
441 526 
2 2
438 1470 
