89
60 178
7 33 45 103 144 157 174 187 214 248 261 271 292 452 471 507 517 528 551 596 606 654 674 705 742 763 770 772 773 778 821 859 887 892 922 944 957 977 1035 1043 1060 1065 1089 1108 1118 1159 1173 1219 1227 1229 1309 1382 1386 1399 1511 1533 1542 1546 1567 1608 1639 1678 1703 1715 1728 1815 1823 1851 1855 1887 1894 1906 1949 1961 1970 1975 1983 2059 2085 2116 2123 2148 2161 2169 2239 2291 2294 2300 2302 2346 2376 2377 2385 2434 2437 2468 2527 2539 2551 2557 2563 2579 2585 2610 2617 2656 2657 2663 2679 2697 2707 2710 2729 2736 2750 2788 2838 2841 2855 2881 2915 2965 2977 2986 3023 3053 3066 3080 3123 3195 3229 3240 3241 3242 3244 3256 3274 3275 3286 3298 3301 3357 3429 3437 3449 3454 3473 3522 3526 3555 3566 3594 3639 3646 3655 3664 3685 3726 3730 3746 3807 3820 3843 3848 3852 3863 3876 3909 3963 4039 4072 4074 4086 4172 4173 4240 4293 4312 
25 176
40 44 97 101 115 167 172 202 220 229 240 280 319 364 378 395 402 404 410 412 447 450 483 490 499 512 521 525 534 559 572 587 624 657 664 703 721 894 943 1020 1036 1062 1076 1081 1084 1137 1191 1192 1194 1241 1257 1286 1299 1302 1361 1400 1445 1491 1548 1569 1585 1594 1615 1657 1664 1696 1719 1751 1773 1822 1836 1837 1857 1871 1880 1893 1898 1899 1977 2000 2012 2015 2065 2073 2074 2086 2104 2120 2126 2134 2170 2179 2245 2254 2306 2309 2331 2422 2500 2510 2535 2542 2555 2566 2569 2591 2592 2612 2613 2625 2637 2651 2692 2694 2737 2754 2755 2802 2846 2849 2880 2888 2895 2896 2928 2960 2961 2987 2996 2997 3008 3013 3021 3039 3045 3177 3178 3215 3217 3220 3223 3226 3267 3303 3355 3394 3395 3406 3435 3505 3544 3687 3697 3701 3724 3736 3744 3803 3810 3828 3831 3849 3859 3889 3922 3929 3966 3978 4026 4032 4077 4102 4105 4117 4147 4162 
59 174
0 13 82 113 129 135 150 196 208 232 245 257 259 276 306 325 327 330 352 360 369 401 406 415 434 579 590 604 608 623 683 719 724 739 747 757 766 836 837 868 890 920 938 939 949 969 987 1054 1061 1132 1143 1163 1184 1186 1215 1224 1226 1269 1301 1304 1311 1325 1354 1355 1362 1363 1424 1425 1479 1519 1539 1543 1598 1619 1621 1654 1680 1685 1705 1770 1775 1778 1797 1804 1846 1850 1873 1896 1910 1918 1919 1925 1935 1956 1967 2009 2075 2110 2167 2192 2219 2240 2252 2253 2303 2316 2425 2455 2461 2531 2605 2642 2653 2662 2702 2718 2746 2748 2753 2815 2824 2845 2925 2966 2985 3061 3093 3109 3208 3218 3250 3266 3319 3324 3335 3407 3438 3444 3471 3500 3536 3574 3589 3606 3615 3616 3694 3729 3788 3819 3861 3913 3923 3944 3961 3991 3995 4050 4092 4114 4127 4143 4210 4221 4226 4254 4268 4320 4354 4355 4357 4383 4405 4414 
39 172
53 98 105 132 133 146 153 211 258 281 320 328 357 359 366 382 440 457 482 494 518 543 566 610 621 627 629 672 695 734 760 793 812 814 817 850 941 946 991 1013 1066 1068 1098 1149 1169 1251 1275 1300 1353 1367 1388 1451 1460 1494 1506 1508 1523 1553 1554 1561 1595 1624 1649 1659 1725 1726 1727 1741 1764 1781 1814 1923 1924 1942 1958 1998 2001 2031 2042 2054 2056 2057 2071 2079 2083 2091 2105 2125 2136 2155 2158 2251 2261 2272 2304 2336 2358 2364 2402 2414 2417 2430 2463 2480 2483 2493 2511 2513 2521 2532 2549 2564 2643 2715 2721 2771 2798 2863 2868 2877 2941 2942 2951 2959 3009 3032 3033 3119 3124 3126 3128 3130 3233 3261 3283 3290 3353 3401 3442 3481 3518 3524 3535 3559 3597 3641 3652 3671 3676 3683 3705 3728 3767 3787 3830 3842 3844 3846 3878 3898 3911 3927 3936 3945 3946 3958 4078 4116 4126 4166 4170 4285 
17 170
18 23 112 147 260 263 291 379 384 392 400 407 443 461 523 533 550 552 555 571 609 625 699 759 761 781 785 809 844 893 904 906 931 982 1037 1038 1094 1123 1130 1138 1156 1166 1197 1268 1278 1332 1336 1348 1375 1383 1405 1521 1526 1592 1618 1642 1655 1712 1760 1841 1842 1844 1849 1861 1929 1978 1987 2034 2081 2106 2113 2128 2131 2187 2204 2210 2217 2238 2260 2268 2286 2290 2379 2396 2423 2428 2487 2494 2505 2506 2553 2614 2705 2735 2758 2794 2804 2817 2820 2822 2858 2926 2971 2995 3036 3097 3103 3136 3139 3200 3227 3237 3263 3309 3325 3329 3358 3371 3409 3440 3501 3503 3514 3538 3602 3610 3755 3759 3769 3776 3781 3850 3854 3866 3931 3943 3964 3986 4008 4088 4151 4213 4301 4303 4373 4388 4406 4436 4444 4530 4533 4562 4617 4625 4655 4698 4715 4752 4822 4856 4874 4884 4885 4942 4995 5025 5032 5104 5105 5174 
69 168
19 41 66 93 102 126 136 161 192 201 266 283 399 561 577 581 607 644 645 677 678 716 736 750 756 777 800 805 822 826 841 842 847 862 876 881 895 932 967 1005 1055 1155 1213 1237 1238 1292 1297 1321 1334 1381 1389 1417 1458 1461 1465 1481 1499 1520 1534 1552 1580 1601 1614 1661 1810 1828 1843 1845 1869 1888 1892 1901 1914 1955 1966 2052 2144 2151 2283 2287 2311 2355 2420 2421 2471 2488 2536 2538 2552 2575 2590 2639 2641 2671 2712 2732 2783 2799 2843 2850 2994 3010 3072 3158 3166 3231 3265 3273 3288 3321 3328 3386 3452 3460 3467 3477 3495 3532 3549 3551 3552 3565 3585 3617 3627 3628 3710 3712 3731 3743 3754 3773 3778 3802 3811 3816 3856 3860 3895 3930 3947 4048 4067 4101 4120 4165 4236 4255 4318 4341 4361 4394 4395 4438 4440 4441 4460 4492 4500 4604 4613 4662 4664 4683 4772 4820 4826 4877 
67 166
32 48 140 181 195 242 244 246 294 296 429 431 444 453 462 465 468 469 478 567 595 599 696 794 795 827 867 901 910 912 950 962 976 981 1039 1045 1058 1110 1185 1243 1253 1272 1303 1319 1366 1391 1393 1433 1497 1500 1556 1577 1599 1686 1736 1750 1752 1767 1785 1817 1824 1825 1826 1907 1928 1939 1991 2163 2182 2359 2406 2462 2682 2687 2816 2839 2844 2945 2946 3058 3140 3147 3165 3311 3318 3520 3564 3571 3584 3599 3648 3667 3673 3721 3794 3812 3815 3868 3874 3881 3893 3906 3938 4011 4025 4062 4065 4133 4139 4211 4223 4225 4272 4289 4290 4308 4315 4419 4528 4535 4551 4631 4645 4701 4731 4733 4751 4962 5040 5086 5111 5144 5162 5173 5310 5342 5375 5401 5422 5449 5460 5496 5533 5562 5579 5635 5683 5731 5761 5768 5809 5838 5874 5876 5881 5919 5922 5938 5944 5962 5975 5997 6138 6149 6168 6174 
84 164
2 11 28 216 228 284 300 355 377 397 428 441 448 480 501 524 576 634 673 737 746 768 784 791 819 824 840 854 866 925 948 965 1006 1064 1086 1093 1109 1111 1167 1168 1206 1223 1245 1264 1323 1326 1357 1406 1437 1467 1485 1492 1513 1582 1593 1676 1679 1697 1700 1706 1721 1780 1794 1798 1807 1881 1964 2058 2186 2218 2275 2292 2318 2356 2384 2386 2408 2419 2444 2578 2588 2595 2700 2743 2759 2767 2835 2908 2939 2947 2974 2978 3044 3048 3069 3089 3105 3169 3180 3199 3230 3320 3441 3464 3490 3506 3660 3740 3742 3800 3883 3921 3924 4123 4194 4247 4270 4292 4317 4370 4403 4480 4505 4532 4537 4555 4580 4583 4623 4634 4638 4719 4805 4819 4835 4861 4931 4996 5014 5028 5060 5062 5070 5085 5088 5200 5233 5251 5290 5317 5385 5430 5438 5461 5480 5486 5487 5501 5530 5554 5567 5592 5621 5633 
27 162
12 30 55 78 87 142 189 198 279 285 293 297 427 430 476 495 500 547 568 723 810 825 855 882 933 964 997 1002 1040 1070 1088 1124 1150 1262 1265 1330 1374 1387 1418 1421 1589 1603 1616 1629 1647 1695 1765 1819 1838 1854 1860 1866 1990 1999 2003 2014 2027 2176 2201 2211 2257 2262 2267 2271 2324 2363 2382 2491 2537 2548 2631 2668 2670 2690 2696 2731 2762 2818 2832 2879 2950 2983 2989 3042 3120 3132 3186 3187 3347 3383 3420 3421 3436 3450 3451 3455 3504 3507 3519 3598 3603 3645 3654 3659 3666 3765 3770 3780 3783 3790 3885 3890 3972 3979 4004 4043 4056 4073 4082 4107 4176 4177 4227 4262 4311 4323 4360 4386 4452 4473 4478 4510 4545 4570 4585 4602 4620 4644 4707 4735 4737 4760 4768 4821 4828 4872 4896 4958 4974 4985 5058 5123 5146 5168 5172 5194 5215 5324 5340 5399 5435 5452 
37 160
47 199 403 409 445 451 470 502 509 544 582 601 613 635 685 708 709 735 754 804 919 1085 1092 1142 1212 1281 1291 1317 1342 1408 1436 1456 1550 1555 1610 1646 1720 1732 1806 2010 2032 2090 2111 2137 2141 2165 2175 2198 2230 2289 2295 2314 2319 2325 2337 2351 2366 2370 2407 2413 2416 2448 2454 2469 2501 2519 2587 2600 2698 2725 2751 2775 2792 2803 2894 2903 2904 2910 2957 2968 3006 3025 3060 3095 3245 3296 3389 3390 3391 3569 3578 3656 3702 3752 3757 3813 3877 3916 3971 3989 4035 4068 4076 4108 4135 4145 4157 4183 4239 4288 4402 4411 4446 4490 4543 4558 4566 4621 4648 4668 4724 4767 4781 4851 4859 4909 4920 4921 4954 4998 5022 5023 5030 5087 5113 5140 5180 5184 5201 5222 5229 5239 5263 5278 5301 5326 5343 5417 5492 5515 5523 5531 5553 5584 5593 5620 5669 5674 5697 5711 
76 158
20 35 62 64 95 139 156 160 223 247 255 262 348 365 405 493 527 653 666 712 728 743 771 774 807 883 902 937 1011 1012 1021 1048 1052 1067 1126 1151 1216 1240 1280 1442 1449 1482 1631 1648 1684 1742 1944 1965 2004 2033 2035 2039 2043 2061 2082 2133 2177 2205 2225 2236 2296 2327 2341 2383 2438 2458 2547 2627 2628 2634 2672 2695 2717 2772 2795 2806 2861 2866 2911 2970 2984 3012 3029 3043 3049 3071 3108 3112 3151 3184 3194 3213 3268 3271 3345 3393 3410 3423 3427 3434 3447 3513 3577 3582 3643 3674 3681 3919 3925 3974 4037 4090 4148 4155 4163 4185 4205 4244 4274 4277 4331 4346 4366 4443 4467 4565 4610 4616 4642 4738 4780 4790 4803 4813 4933 4980 4991 4993 5012 5050 5226 5265 5292 5353 5362 5451 5529 5571 5622 5624 5661 5673 5783 5904 5908 5929 5947 5971 
64 156
221 243 347 380 385 455 472 541 573 619 671 702 722 909 972 1069 1202 1258 1261 1296 1340 1359 1360 1372 1385 1429 1434 1489 1514 1527 1540 1545 1579 1584 1638 1640 1641 1710 1729 1743 1753 1786 1792 1856 1915 1922 1948 2038 2098 2150 2293 2307 2312 2333 2343 2348 2371 2380 2431 2470 2481 2508 2530 2620 2708 2773 2797 2892 2955 2969 2982 3000 3065 3101 3107 3142 3238 3264 3295 3313 3378 3381 3405 3432 3487 3496 3629 3748 3875 3933 3940 4002 4098 4186 4202 4237 4258 4267 4291 4401 4496 4554 4593 4626 4903 4918 4965 4972 5000 5065 5092 5142 5143 5203 5254 5300 5333 5365 5502 5551 5576 5585 5608 5618 5631 5643 5652 5743 5799 5800 5860 5923 5945 5986 5989 6007 6039 6097 6098 6193 6207 6217 6220 6235 6338 6364 6406 6426 6527 6551 6563 6575 6602 6640 6750 6754 
54 154
22 123 313 334 367 386 419 422 442 466 467 491 531 647 663 731 752 796 903 908 921 923 959 984 986 996 1175 1270 1290 1358 1428 1486 1507 1544 1551 1566 1578 1632 1635 1637 1645 1670 1699 1793 1829 1831 1834 1868 1989 1995 2016 2066 2072 2135 2188 2189 2209 2259 2279 2308 2349 2498 2503 2540 2560 2630 2734 2763 2789 2918 3031 3090 3099 3153 3316 3364 3375 3404 3465 3583 3592 3600 3618 3698 3703 3708 3727 3809 3884 3917 3985 4016 4063 4095 4122 4181 4193 4199 4253 4279 4282 4329 4416 4503 4514 4542 4561 4571 4574 4575 4618 4630 4667 4672 4689 4691 4696 4711 4736 4852 4853 4881 4932 5037 5181 5211 5227 5241 5250 5268 5269 5270 5443 5478 5528 5678 5679 5695 5719 5734 5746 5759 5805 5928 6008 6058 6151 6307 6349 6424 6432 6448 6510 6570 
50 152
5 16 49 59 63 121 134 182 299 305 381 393 420 725 835 860 871 966 985 1077 1099 1127 1134 1172 1183 1295 1371 1380 1413 1462 1469 1470 1483 1531 1665 1668 1788 1936 1968 2088 2117 2173 2199 2213 2330 2334 2338 2339 2581 2607 2654 2674 2756 2780 2836 2919 2940 3019 3094 3144 3192 3212 3224 3251 3302 3342 3344 3453 3466 3510 3560 3668 3775 3793 3853 3858 3880 4041 4051 4129 4131 4149 4168 4218 4249 4328 4435 4489 4511 4531 4538 4544 4556 4598 4666 4687 4695 4791 4855 4864 4897 4900 4970 4978 5165 5191 5244 5370 5462 5472 5630 5692 5716 5895 5968 5979 6001 6019 6021 6030 6125 6194 6205 6264 6306 6309 6314 6322 6374 6382 6444 6497 6518 6561 6673 6707 6764 6776 6806 6830 6848 6852 6876 6974 6991 6993 7034 7047 7126 7161 7189 7203 
88 150
24 158 205 335 336 459 488 569 588 679 691 715 729 790 870 874 897 905 942 955 970 1072 1236 1276 1369 1409 1480 1516 1583 1754 1776 1853 2315 2317 2415 2517 2526 2533 2608 2622 2624 2633 2676 2681 2701 2706 2716 2857 2917 3034 3082 3115 3129 3131 3135 3197 3308 3361 3426 3516 3537 3607 3725 3751 3801 3824 3869 3873 3899 4034 4059 4261 4264 4271 4381 4404 4465 4475 4653 4657 4824 4879 5020 5102 5139 5192 5219 5266 5302 5357 5409 5509 5583 5588 5637 5650 5670 5676 5682 5765 5808 5978 5980 6015 6093 6132 6162 6237 6282 6394 6481 6493 6507 6542 6562 6571 6585 6655 6819 6892 6934 7010 7104 7112 7133 7253 7276 7301 7394 7409 7425 7440 7454 7487 7509 7572 7590 7598 7599 7664 7666 7688 7744 7789 7816 7821 7967 7987 8034 8068 
42 148
14 90 155 177 346 361 411 511 532 578 690 714 730 740 818 843 896 914 983 992 1018 1102 1106 1407 1416 1448 1575 1581 1613 1643 1688 1723 1747 1777 1802 1830 1870 1940 2069 2121 2244 2269 2270 2276 2329 2342 2378 2388 2427 2449 2453 2524 2546 2644 2752 2813 2814 2828 2883 2927 2935 3063 3171 3433 3470 3474 3581 3658 3714 3722 3764 3857 3864 3896 3904 3928 3982 4208 4248 4266 4284 4309 4429 4515 4665 4712 4810 4850 4992 5005 5155 5171 5225 5228 5276 5287 5295 5345 5395 5426 5484 5543 5544 5656 5687 5701 5820 5870 5896 5910 5932 5967 6000 6012 6017 6034 6063 6136 6143 6145 6188 6328 6369 6381 6398 6560 6577 6608 6639 6703 6800 6838 6907 6939 7013 7019 7132 7174 7179 7262 7310 7386 7478 7514 7632 7800 7891 7979 
49 146
69 71 118 234 241 254 312 329 362 416 474 514 583 585 637 669 786 853 873 916 975 993 1079 1246 1339 1345 1410 1432 1447 1493 1570 1597 1602 1702 1718 1744 1791 1816 1848 1875 1883 1932 1959 2002 2029 2153 2235 2241 2298 2299 2332 2485 2583 2649 2726 2830 2854 2870 2931 3007 3024 3027 3030 3064 3189 3299 3332 3408 3456 3479 3509 3642 3717 3723 3785 3804 3817 3825 3934 4153 4204 4238 4242 4340 4408 4716 4722 4750 4800 4801 4802 4817 4888 5031 5045 5083 5137 5154 5216 5231 5262 5369 5377 5388 5408 5454 5473 5517 5556 5574 5602 5629 5689 5705 5778 5803 5859 5921 5925 5996 6045 6065 6072 6113 6173 6273 6295 6305 6333 6555 6777 6862 6868 6878 7005 7091 7153 7220 7239 7250 7279 7314 7411 7413 7483 7518 
56 144
42 104 122 191 238 267 318 322 333 356 370 389 436 485 562 622 636 701 947 1016 1056 1090 1117 1263 1327 1328 1329 1414 1454 1628 1652 1666 1673 1801 1811 1859 1862 1864 1904 1957 2183 2202 2373 2459 2516 2562 2582 2615 2616 2632 2650 2689 2723 2739 2742 2778 2807 2886 2907 2962 2963 3022 3104 3247 3292 3331 3336 3356 3377 3480 3529 3534 3567 3568 3657 3709 3718 3791 3795 3851 4009 4012 4134 4144 4154 4179 4246 4278 4377 4392 4477 4516 4632 4693 4753 4799 4843 4930 5001 5010 5063 5099 5196 5240 5282 5537 5626 5640 5748 5798 5814 5894 5955 6002 6076 6164 6166 6204 6215 6259 6283 6286 6357 6427 6473 6552 6600 6649 6700 6774 6816 6821 6897 6922 6963 7015 7055 7076 7097 7173 7324 7364 7446 7452 
2 142
58 168 171 363 426 433 454 498 539 570 649 694 745 813 1107 1205 1234 1235 1248 1266 1271 1394 1471 1488 1503 1559 1644 1669 1708 1713 1722 1746 1783 1913 1974 2047 2064 2166 2215 2242 2281 2401 2475 2512 2529 2554 2571 2577 2601 2774 2867 2890 2954 2988 3014 3026 3041 3073 3145 3340 3372 3399 3539 3625 3677 3845 3867 3888 3948 4099 4158 4283 4333 4418 4763 4774 4914 4915 4946 5106 5110 5156 5297 5350 5360 5396 5466 5479 5536 5784 5821 5831 5916 5954 5990 5999 6009 6027 6052 6055 6140 6197 6255 6275 6279 6316 6384 6414 6519 6523 6539 6548 6596 6613 6685 6717 6872 6925 6947 6996 7058 7090 7168 7207 7256 7323 7371 7374 7445 7464 7533 7561 7615 7638 7833 8124 8127 8261 8267 8313 8357 8415 
41 140
27 57 270 317 575 597 642 700 713 751 1033 1075 1082 1178 1368 1415 1651 1903 1926 1982 2087 2089 2191 2223 2381 2840 2853 2876 2900 3003 3038 3046 3047 3051 3155 3175 3279 3294 3359 3367 3384 3457 3469 3550 3650 3691 3696 3719 3753 3772 3806 3818 3833 3839 3840 3879 3907 3981 4044 4070 4081 4252 4368 4415 4469 4536 4597 4730 4773 4829 4854 4901 4911 5041 5150 5207 5218 5332 5378 5474 5607 5668 5715 5723 5762 5772 5777 5940 5953 5992 6059 6082 6111 6119 6144 6155 6274 6345 6362 6386 6397 6418 6420 6433 6479 6508 6524 6711 6772 6783 6791 6857 6864 6865 6956 6999 7007 7050 7117 7144 7156 7158 7211 7243 7267 7305 7325 7432 7435 7439 7633 7778 7893 7932 7946 7953 7959 7961 8004 8108 
35 138
52 60 108 600 704 779 799 865 917 926 974 1029 1034 1044 1133 1165 1221 1487 1576 1633 1756 1820 1835 1877 1878 1951 1985 2055 2076 2399 2412 2518 2545 2589 2604 2704 2719 2825 2874 2944 3004 3134 3163 3255 3284 3461 3476 3486 3533 3679 3692 3870 3975 4010 4027 4085 4195 4217 4314 4502 4534 4572 4762 4765 4833 4953 4968 4987 5043 5044 5067 5069 5138 5236 5260 5307 5441 5619 5767 5843 5872 5972 6120 6137 6474 6580 6610 6722 6724 6751 6913 6917 6988 6992 7022 7030 7059 7116 7195 7255 7268 7269 7341 7381 7484 7490 7551 7636 7693 7885 7894 7903 8060 8106 8115 8373 8772 8891 8900 8929 9126 9198 9357 9466 9725 9969 10027 10078 10082 10163 10203 10215 10275 10279 10282 10306 10421 10425 
19 136
26 65 194 282 290 368 371 546 553 557 641 780 888 1010 1017 1145 1218 1274 1444 1475 1512 1537 1565 1852 2108 2139 2160 2200 2206 2229 2258 2403 2460 2514 2534 2570 2652 2658 2678 2769 2791 2809 2893 2924 3002 3028 3138 3214 3282 3322 3365 3428 3612 3663 3939 3973 4021 4212 4324 4397 4573 4690 4816 4830 4862 4895 4967 5015 5054 5074 5149 5223 5314 5316 5813 5961 6100 6153 6180 6243 6250 6261 6292 6312 6643 6679 6681 6705 6890 6932 7037 7105 7154 7187 7194 7281 7331 7346 7373 7438 7526 7582 7603 7723 7772 7882 7897 7900 7944 7954 8001 8019 8020 8123 8149 8152 8352 8353 8374 8456 8542 8615 8640 8673 8725 8808 8820 8933 8955 8964 8980 8984 9169 9173 9248 9302 
58 134
77 79 176 222 417 446 460 503 538 633 638 682 798 857 990 1232 1267 1365 1370 1392 1443 1478 1564 1607 1626 1701 1827 1934 2008 2062 2129 2185 2194 2398 2509 2520 2576 2661 2669 2779 2781 3116 3125 3222 3257 3280 3293 3396 3446 3523 3530 3553 3575 3613 3689 3715 3768 3782 3796 3862 4023 4197 4206 4316 4325 4339 4459 4486 4661 4675 4898 4925 4999 5122 5128 5212 5230 5238 5256 5271 5298 5329 5331 5371 5406 5538 5752 5775 5841 5842 5850 5949 5977 6121 6123 6185 6245 6248 6439 6505 6512 6514 6620 6723 6733 6736 6737 6762 6795 6916 7026 7080 7228 7436 7554 7613 7642 7679 7739 7762 7781 7908 7996 8000 8017 8054 8148 8326 8362 8450 8479 8579 8602 8665 
38 132
34 89 96 149 209 224 301 515 640 877 907 979 1087 1147 1220 1233 1277 1294 1310 1395 1510 1536 1600 1734 1787 2171 2221 2278 2410 2541 2691 2764 2859 2936 3092 3133 3259 3494 3586 3588 3647 3711 3821 3834 3887 3901 3954 3957 4007 4015 4049 4058 4207 4398 4437 4624 4718 4725 4755 4838 4959 5080 5161 5177 5433 5489 5525 5605 5645 5706 5733 5836 5852 6118 6189 6213 6229 6304 6410 6417 6447 6452 6465 6530 6536 6642 6697 6699 6706 6734 6803 6841 6882 6883 6903 6983 7021 7072 7231 7332 7336 7423 7715 7851 7915 7958 8122 8227 8277 8347 8370 8416 8434 8442 8449 8477 8510 8527 8656 8670 8678 8698 8851 8897 8940 9094 9171 9174 9215 9305 9390 9403 
77 130
50 131 197 249 321 342 413 414 421 486 632 741 803 999 1022 1222 1331 1346 1423 1441 1468 1472 1522 1535 1709 1847 2080 2147 2228 2250 2313 2347 2395 2418 2473 2476 2550 2556 2638 2733 2812 2862 2885 2913 2938 2967 2993 3052 3059 3114 3118 3181 3191 3366 3439 3580 3591 3605 3638 3763 3955 3994 4069 4257 4332 4409 4482 4600 4633 4710 4771 4912 4934 5093 5115 5503 5578 5654 5667 5718 5736 5737 5810 6071 6086 6129 6257 6272 6290 6343 6358 6472 6547 6887 6912 6969 7001 7006 7196 7200 7208 7291 7322 7348 7496 7505 7543 7614 7618 7657 7864 7878 7889 8038 8217 8222 8350 8397 8405 8595 8611 8672 8691 8740 8805 8862 9080 9205 9207 9256 
1 128
15 109 295 315 337 354 438 516 639 838 911 1141 1260 1403 1426 1532 1691 1937 2013 2030 2164 2203 2368 2452 2586 2666 2768 2811 2847 2889 2902 3016 3106 3164 3304 3475 3502 3572 3604 3636 3637 3684 3786 3952 4000 4053 4083 4302 4356 4358 4420 4464 4539 4557 4586 4635 4639 4674 4792 4847 4863 4984 5091 5114 5167 5169 5179 5186 5296 5303 5390 5548 5565 5594 5634 5693 5770 6031 6105 6114 6489 6611 6632 6687 6773 6782 6843 6955 7027 7221 7645 7813 7966 8015 8082 8109 8134 8200 8316 8392 8461 8469 8541 8652 8721 8753 8840 8859 8877 8884 8906 9065 9103 9159 9162 9185 9310 9349 9553 9597 9699 9789 9904 9922 9963 9991 10168 10245 
43 126
43 51 128 138 143 162 351 479 602 788 884 1063 1164 1259 1560 1687 1711 1735 1805 1839 1891 2099 2195 2394 2573 2699 2766 2856 2929 2981 3079 3150 3160 3172 3179 3209 3216 3276 3326 3339 3341 3734 3750 4047 4203 4263 4367 4453 4519 4766 4825 4844 4971 5016 5064 5066 5147 5335 5566 5744 5755 5845 5868 5888 5890 6003 6218 6321 6339 6365 6445 6671 6790 6942 6946 6973 6990 7014 7308 7353 7359 7414 7519 7611 7650 7809 7978 8084 8113 8179 8212 8251 8256 8281 8331 8443 8444 8603 8744 8855 8956 9055 9130 9287 9487 9493 9547 9947 10014 10210 10257 10274 10339 10374 10426 10574 10603 10679 10809 10839 10886 11020 11127 11159 11165 11250 
9 124
46 83 120 239 253 275 331 340 374 432 556 710 755 829 830 1188 1225 1347 1379 1404 1495 1525 1622 1663 1677 1731 1858 1973 2021 2024 2277 2321 2365 2441 2467 2482 2522 2593 2635 3035 3037 3084 3086 3122 3148 3159 3176 3392 3413 3415 3543 3738 3886 3926 3968 4286 4287 4517 4619 4627 4858 4910 5061 5131 5183 5187 5235 5330 5348 5376 5419 5440 5597 5610 6033 6079 6089 6106 6158 6214 6253 6488 6495 6509 6606 6677 6718 6797 6842 7066 7096 7175 7282 7458 7494 7540 7545 7630 7669 7794 7818 7846 7912 8012 8102 8359 8480 8540 8565 8649 8692 8716 8811 8959 9008 9406 9464 9481 9661 9752 9841 10010 10089 10207 
72 122
188 227 250 252 272 277 505 652 668 675 688 758 783 924 1398 1477 1501 1766 2100 2156 2162 2273 2323 2350 2433 2711 2714 3015 3088 3170 3270 3289 3305 3315 3512 3624 3760 3980 3998 4091 4130 4423 4427 4606 4700 4839 4939 4941 4956 5046 5072 5234 5272 5308 5380 5387 5739 5991 6239 6293 6341 6401 6478 6590 6713 6804 6815 6871 6970 6981 6985 7339 7356 7506 7530 7585 7594 7619 7646 7671 7840 7971 8081 8139 8223 8240 8399 8406 8438 8529 8592 8892 8974 9175 9232 9367 9431 9434 9540 9595 9605 9630 9887 9982 10046 10224 10313 10407 10423 10573 10769 10803 10815 10878 10941 10978 10982 11121 11125 11242 11308 11445 
6 120
1 184 207 264 265 519 591 848 1008 1116 1440 1757 1782 1909 1988 1994 2068 2103 2138 2214 2216 2352 2474 2709 2724 2790 2823 2834 2891 2912 2923 3100 3196 3269 3388 3633 3792 3882 3970 4006 4013 4030 4052 4110 4178 4187 4393 4609 4883 4943 5176 5202 5281 5286 5288 5320 5384 5413 5710 5822 5937 6067 6122 6142 6171 6291 6377 6467 6498 6531 6556 6565 6592 6624 6645 6742 7071 7143 7299 7433 7587 7822 8183 8221 8388 8390 8577 8578 8634 8741 8857 9057 9085 9340 9473 9536 9568 9641 9788 9892 9893 9949 10227 10409 10581 10602 10619 10634 10648 10691 10751 10853 10873 10980 10993 11012 11077 11094 11316 11512 
8 118
10 38 203 324 554 787 956 1001 1057 1182 1190 1201 1315 1322 1518 1529 1658 1716 1813 1933 1962 2025 2145 2197 2301 2305 2345 2623 2842 2953 3348 3387 3424 3431 4057 4075 4451 4588 4651 4678 4937 5096 5136 5163 5420 5994 6116 6310 6455 6559 6880 6948 7065 7139 7172 7264 7431 7476 7515 7522 7764 7820 8011 8070 8074 8095 8117 8171 8188 8206 8340 8418 8524 8559 8564 8647 8735 8886 8908 9054 9095 9098 9141 9251 9347 9348 9687 9718 10076 10095 10196 10338 10390 10465 10558 10590 10727 11152 11258 11291 11315 11635 11659 11795 11831 11927 11947 11971 12157 12300 12370 12462 12567 12601 12701 12890 13146 13149 
12 116
185 269 339 463 706 765 1014 1230 1239 1377 1422 1498 1541 1596 1745 2060 2132 2190 2297 2409 2486 2492 2567 2584 2648 2776 2787 2920 2943 2998 3056 3062 3193 3202 3204 3236 3252 3278 3306 3349 3402 3430 3855 3959 4348 4353 4779 4786 4811 4977 4982 5133 5160 5257 5289 5354 5467 5552 5563 5982 6029 6056 6115 6163 6192 6262 6318 6346 6429 6525 6694 6696 6730 6807 6863 7062 7567 7674 7712 7731 7801 7845 7883 8141 8249 8306 8383 8484 8535 8620 8639 8674 8896 8911 9007 9134 9181 9231 9293 9325 9360 9388 9420 9511 9913 10063 10250 10483 10949 11181 11365 11451 11480 11673 11787 11934 
55 114
3 350 589 1122 1152 1209 1466 1717 1808 1953 1963 1972 2130 2174 2193 2207 2285 2440 2472 2741 2992 3609 3614 3631 3632 3700 3735 3836 3960 3965 4064 4111 4298 4349 4501 4541 4787 4789 4840 4857 5057 5309 5432 5491 5577 5625 5828 5839 5951 6028 6331 6431 6456 6485 6593 7086 7460 7524 7584 7766 7963 8089 8118 8209 8269 8460 8512 8548 8625 8742 8924 9036 9051 9306 9366 9502 9693 10108 10198 10273 10352 10366 10402 10493 10535 10595 10945 10967 11176 11185 11314 11416 12025 12139 12164 12186 12197 12273 12478 12677 12702 12929 12934 12987 13056 13373 13425 13435 13506 13540 13756 13808 13856 13859 
65 112
180 200 206 212 373 408 458 726 839 872 1136 1378 1517 1572 1796 1897 1912 2053 2092 2152 2397 2496 2659 2786 2831 2851 2852 3174 3183 3312 3338 3373 3485 3488 3897 4342 4455 4504 4527 4836 4905 4973 5006 5323 5327 5328 5427 5431 5470 5500 5572 5709 5766 5834 5909 6297 6534 6612 6727 6844 7285 7330 7405 7465 7474 7579 7655 7754 7757 7769 8002 8063 8087 8133 8205 8243 8421 8643 8755 8790 8866 8901 9191 9266 9276 9295 9425 9837 10026 10121 10229 10284 10336 10373 10463 11187 11229 11326 11412 11488 11750 11769 11968 12192 12231 12267 12477 12594 12678 12725 12736 12738 
36 110
278 307 971 994 1025 1027 2143 2436 2559 2596 2640 2745 2747 3011 3081 3117 3121 3205 3210 3414 3484 3593 3635 3910 3983 4060 4192 4369 4389 4450 4485 4520 4529 4849 4866 4944 5120 5246 5294 5356 5407 5423 5636 5756 5907 6032 6069 6083 6126 6436 6520 6879 7084 7224 7235 7284 7335 7449 7461 7528 7577 7887 8367 8521 8695 8763 8927 8973 9227 9244 9363 9494 9524 9632 9636 9751 10001 10321 10353 10444 10551 10810 11108 11139 11167 11206 11251 11324 11491 11540 11873 12038 12115 12196 12198 12249 12516 12735 13054 13114 13404 13486 13528 13614 13752 14234 14251 14350 14357 14418 
44 108
148 217 522 549 592 681 879 1023 1114 1177 1204 1283 1420 1450 1528 1630 1707 1730 1821 1885 2022 3360 3370 3385 3412 3468 3493 3601 3967 4028 4119 4273 4276 4470 4488 4615 4720 4745 4969 5299 5520 5985 6128 6161 6210 6277 6298 6651 6674 6719 6994 7003 7120 7217 7499 7839 7955 7989 8120 8169 8202 8387 8573 8773 8775 9050 9151 9180 9275 9317 9698 9818 9882 9910 10138 10208 10328 10332 10529 10789 11234 11429 11438 11466 11592 11628 11851 12239 12332 12382 12573 12745 12839 13181 13188 13232 13374 13554 13651 13664 13785 13996 14027 14112 14150 14315 14331 14857 
61 106
166 302 326 390 1026 1046 1113 1337 1419 1557 1714 1803 1809 1921 2036 2094 2118 2122 2231 2504 2565 2597 2808 2864 2887 2899 2922 2948 3050 3111 3225 3254 3416 3680 3774 3953 4031 4036 4128 4352 4526 4608 4676 4723 4756 4891 5217 5247 5346 5397 5483 5504 5586 5591 5598 5649 5742 5793 5963 6020 6091 6141 6159 6249 6311 6408 6587 6589 6744 6827 6952 6977 7011 7063 7680 8101 8428 8623 8972 9268 9709 9797 9867 9895 9980 10036 10085 10287 10291 10305 10406 10527 10569 10612 10728 10729 11213 11226 11397 11580 11705 11766 11874 12078 12287 12306 
33 104
164 520 560 665 676 775 782 801 1171 1187 1452 1563 1650 1872 2028 2050 2362 2411 2439 3113 3362 3382 3515 3554 3562 3620 3908 4079 4121 4338 4345 4499 5036 5124 5439 5648 5832 5898 5906 6190 6200 6231 6428 6763 6867 6930 7012 7134 7328 7354 7407 7643 7702 7843 7964 8009 8062 8135 8308 8365 8403 8654 8792 9001 9271 9307 9442 9795 9930 10299 10724 10855 11000 11254 11307 11516 11613 11825 11828 11888 12063 12119 12411 12639 12986 13062 13104 13177 13183 13322 13378 13461 13587 13667 14509 14550 14706 14802 14852 14945 14986 15066 15434 15575 
31 102
8 31 107 145 183 226 698 1119 1120 1247 1320 1573 1812 1900 1941 1986 2212 2247 2646 2727 2793 2875 2898 2921 3351 3398 3557 4042 4045 4190 4673 4764 4795 4809 5068 5379 5505 5516 5665 5698 5721 6361 6470 6574 6901 6989 7152 7408 7625 7913 8022 8422 8635 8823 8999 9061 9158 9417 9489 9723 10135 10298 10300 10317 10322 10368 10812 11038 11200 11275 11637 11809 12091 12167 12265 12334 12395 12562 12633 12660 12972 12981 13234 13342 13628 13661 13713 13963 14262 14324 14546 14913 14954 15013 15260 15346 15366 15591 15891 16215 16305 16325 
29 100
39 151 535 593 598 603 802 1210 1254 1484 1692 1969 2609 2660 2760 2785 2973 3201 3248 3418 3492 3905 3977 3992 4112 4230 4245 4493 5079 5293 5447 5508 5599 5604 5833 5855 5933 6603 6810 6839 7073 7078 7273 7278 7641 7644 7823 7852 7943 8107 8440 9069 9166 9381 9669 9861 9903 9961 9993 10025 10432 10489 10600 10833 11093 11274 11298 11327 11345 11862 12046 12204 12341 12632 12665 13027 13122 13251 13384 13402 13421 13684 13787 14010 14083 14113 14138 14148 14171 14736 14769 15002 15027 15034 15058 15158 15311 15339 15435 15449 
79 98
163 289 341 376 863 998 1170 1627 1916 2023 2465 2686 2740 2757 2777 2999 3221 3693 3733 3771 3996 4003 4590 4747 4758 5107 5109 5283 5568 6167 6178 6186 6425 6490 6755 7114 7197 7246 7333 7697 8073 8156 8482 8539 8701 9058 9246 9280 9423 9649 9823 10140 10293 10651 10994 11183 11261 11606 11815 11845 12059 12158 12210 12641 12867 13749 13870 14020 14115 14134 14305 14376 14440 14470 14532 14579 15562 15816 16239 16470 16543 16608 16970 17101 17328 17403 17666 17699 17846 18508 18868 19125 19381 19413 19585 19643 19739 19766 
15 96
630 687 697 961 1051 1112 1198 1674 1768 2096 2372 2466 2580 2782 2865 2933 3262 3411 3563 3590 3847 4038 4096 4256 4347 4364 4563 4607 4650 5117 5193 5261 5382 5494 5518 5663 5791 6818 7060 7481 7854 7890 7976 7984 8899 9142 9156 9263 9573 9627 9899 10056 10071 10161 10181 10188 10741 11198 11241 11325 11468 11497 11649 11699 11794 11897 11909 11923 12276 12309 12505 12570 12655 12666 13013 13547 13777 14244 14333 14367 14412 14790 14813 14851 15300 15308 15491 15612 15632 16019 16270 16288 16350 16421 16750 17026 
53 94
286 396 437 456 558 935 1349 1364 1435 1574 1656 1689 2149 2157 2328 3152 3837 3915 3937 4100 4260 4431 4868 5151 5198 5336 5457 5522 5750 5781 6133 6545 6629 6927 7283 7752 7768 8706 8907 9147 9369 9412 9707 9838 9956 11538 11642 11964 12367 12661 12761 12913 13100 13231 13254 13266 13299 13484 13522 13665 13733 13759 13824 13913 14011 14018 14049 14356 14557 14680 14696 14843 14969 15291 15304 15369 15391 15620 15728 15730 15756 15866 16052 16096 16233 16235 16323 16404 16498 16527 16805 16816 16839 16859 
3 92
80 394 513 616 951 963 1101 1214 1293 1490 1625 1653 2045 2101 2208 2451 2489 2602 3070 3272 3458 3508 3640 3745 3762 4189 4628 4812 4832 4938 4950 4966 5471 5580 5653 5657 5738 6196 6458 6468 6638 6683 6858 6905 7311 7329 7448 8186 8467 8546 8976 8988 9339 9405 9462 9633 10074 10508 10681 10740 10989 11109 11283 11383 11398 11523 11527 12120 12324 12474 12771 12845 13466 13754 13764 13766 13900 14071 14282 14452 14463 14578 14712 14885 15083 15330 15448 15459 15530 15546 15643 15820 
52 90
154 178 1139 1476 1759 1763 1993 2020 2284 3498 3672 3838 3976 4430 4447 4893 4964 5071 5157 5694 5773 5815 5827 6041 6075 6127 6221 7092 7135 7151 7164 7658 8010 8093 8184 8244 8536 8655 8843 9265 9294 9395 10037 10795 11088 11106 11199 11408 11483 11530 11586 11865 12062 12485 12608 12733 13155 13383 13409 13835 14099 14438 14443 14451 14472 14741 15266 15286 15686 16047 16166 16303 17031 17102 17510 17604 17784 17975 18321 18455 18464 18556 18646 18660 18711 19047 19715 19736 20211 20440 
0 88
36 186 816 1174 1288 1333 1411 1509 2495 2515 3587 4093 4103 4132 4334 4757 4976 5038 5049 5116 5573 5717 5879 6135 6494 6605 6811 6949 7100 7257 7698 7842 7862 8158 8195 8204 8475 8614 8705 8947 9195 9336 9618 9700 9755 9831 9840 10359 10593 10847 10951 11031 11070 11126 11350 11362 11519 11994 12030 12069 12226 12974 13313 13492 13556 13595 13800 13814 13931 14169 14226 14858 15100 15156 16344 16472 16514 16560 17310 17388 17486 17523 17963 18386 18627 18629 18788 18826 
68 86
29 1007 1571 1739 1772 2264 2426 2619 3297 3425 3527 4150 4214 4304 4424 4474 4569 4714 4860 5285 5414 5587 5616 5819 5848 6025 7141 7245 7473 7722 8170 8208 8417 8687 8787 9019 9703 9722 9857 10408 10787 11017 11097 11160 11301 11464 11651 12015 12302 12498 12794 12969 13078 13261 13576 13779 13880 13982 14038 14136 14302 14657 14990 15104 15110 15521 15832 16292 16304 16737 17112 17369 17980 18022 18122 18408 18754 18941 19030 19099 19501 19716 19863 19926 20106 20231 
63 84
74 952 954 1604 1863 1879 2222 2387 2484 2728 3422 3546 3579 3690 3871 4055 4066 4281 4524 4794 5224 5935 6152 6226 6360 6366 6411 6743 7025 7385 7787 8036 8049 8245 9226 9730 9875 10012 10436 10451 10491 10849 10985 11023 11040 11243 12171 12658 12861 13084 13164 13331 13420 13940 13945 14100 14610 14629 14720 14761 14826 14968 15087 15125 15161 15420 15502 15593 15950 15951 16666 16754 16886 17176 17265 17318 17921 18084 18097 18264 18327 18476 18535 18653 
47 82
811 968 1028 1053 1128 1157 1547 1667 1740 1779 1946 2226 2685 2720 2909 3168 3448 3732 3900 4054 4350 4422 4704 4739 5047 5076 5127 5249 5534 5555 6511 6664 6768 7237 7241 7706 7973 8668 8885 9679 9737 10133 10160 10183 10701 10845 10916 12151 12292 12581 12698 12874 13283 13882 14223 14362 14389 14947 15337 15630 15835 15892 16036 16248 16417 16528 16906 17006 17099 17136 17684 17688 18043 18312 18638 19542 19727 19883 20114 20364 21376 21635 
5 80
92 237 530 612 1867 2044 2049 2326 2393 2528 2975 3249 3350 3547 3561 3675 4384 4552 4908 5745 5797 6242 6929 7093 7361 7555 8048 9091 9140 9228 9292 9726 9924 10345 10764 10867 11007 11457 11664 11856 11875 12579 12588 12742 12906 12973 13032 13160 13321 13535 13643 13670 13681 14002 14006 14292 14327 14534 14669 14767 15623 15640 16046 16211 16616 16820 17144 17254 17426 17516 17819 17948 17990 18371 18532 18593 18624 18705 18848 19006 
75 78
4 110 137 1249 1279 1298 2932 2979 3018 3626 4454 4498 4507 4867 4871 5712 6169 6251 6532 7094 7129 7249 7588 8379 9035 9200 9254 9257 9476 9654 10453 10635 10911 11098 11396 11517 12377 13083 13565 13735 14413 14764 15038 15458 16184 17169 17543 17800 17859 18248 18315 18547 18670 19060 19158 19322 19723 20091 20145 20204 20376 21351 22655 23698 23910 24030 24891 25027 25144 25996 26142 26181 26222 26386 26453 27306 27457 27642 
85 76
6 25 481 1153 1704 1769 1908 1981 2234 2375 2594 3739 4164 4399 4907 5007 5659 6073 6682 6870 6906 7653 7704 7761 7888 8128 8661 9136 9154 9272 9286 9685 10013 10164 10427 10582 10827 11051 11162 11223 12090 12100 12178 12556 12879 12965 13526 13765 14340 14404 14448 14710 14856 15733 15797 15867 15968 15969 16316 16389 16701 16751 16998 17772 18564 19207 20293 20659 20925 20974 21057 21451 21574 21713 21833 21917 
78 74
332 545 744 1228 2172 2357 2361 2450 3001 3323 3352 3397 3777 3894 4400 4785 4919 5164 5358 5595 5754 6047 6337 6387 6935 6972 7155 7434 7608 7834 7875 7896 7927 8375 8822 8916 8987 9384 9458 9513 9541 9844 9860 10002 10276 10372 10672 11504 11625 11860 12114 12258 12552 13531 13775 14283 14870 14930 14941 15499 15799 15851 15852 15921 15978 16030 16710 17278 17693 17954 18109 18127 18304 18632 
40 72
75 387 418 880 1307 1402 1840 2127 2340 2784 3110 3149 3232 3376 3699 3756 3797 4235 4559 5445 6227 6276 7673 7705 8385 8664 8982 9375 9460 9652 9900 10113 10341 11170 11420 11999 12125 12955 14677 15681 16190 16268 16271 16546 16767 16864 16885 17194 17436 17677 17708 17835 17897 18459 19793 19965 20087 20291 20570 20598 20828 22171 22553 22595 23219 24562 24887 25320 25634 25638 25890 25920 
81 70
423 563 611 1135 1341 1352 1455 1698 1971 2288 2424 2683 2848 3078 3380 3459 3808 4508 4584 4659 4784 5035 5386 6354 6392 6486 6628 7303 7342 7974 8059 8408 8544 8679 8944 8950 9273 9331 9531 9976 10251 10315 10501 10971 11141 11778 12103 12173 12257 12313 12369 12406 12502 12803 12882 13171 13257 13416 13612 13729 13790 13893 14173 15292 15371 15437 15479 15894 16529 16947 
14 68
540 594 732 978 1074 1193 1976 2263 2611 2833 3260 3363 4084 4981 5421 5569 5651 5861 7422 7617 7873 8143 8199 8230 8265 8554 8641 8745 8883 9096 9625 10146 10610 10623 10766 10904 11657 11932 11966 12079 12828 13236 13248 13725 14140 14189 14596 14613 14643 14765 14919 15331 16071 16799 17162 17233 18234 19039 19214 19487 19755 19764 20052 20208 20505 20845 20852 21111 
83 66
17 61 536 2599 3611 3634 3993 4222 4549 5245 5541 6258 6327 6391 6824 7574 8520 9179 9392 9692 10092 10308 10572 10943 11385 12490 12827 14833 15364 15731 16055 16217 16753 17083 17713 20136 20384 20562 21043 21084 21178 21263 21346 21767 21827 22121 22263 22463 22633 23021 23134 23247 23454 23729 24939 24994 25304 25641 25731 25790 26285 26699 27125 28336 28794 29031 
86 64
170 193 213 529 565 789 1774 3203 3354 3521 3556 4087 4125 4138 5199 5347 5804 6022 6463 6712 7064 7111 7861 8213 8464 8690 8832 9015 9938 10120 10749 11725 11852 11985 12218 12704 12732 12918 13300 13412 13623 13677 14225 15786 17157 17209 18171 18276 18697 18719 18998 19245 19738 19990 20113 20162 20197 20694 20898 21347 21560 22536 23160 23215 
4 62
823 899 927 1071 1121 1789 3608 3621 3891 4159 4577 5849 5856 6109 6225 6317 6582 6599 6656 6691 6740 6920 6937 7109 7806 8260 8566 8597 8791 9374 9676 9742 11473 11549 11946 12154 13132 13961 14040 14135 14186 14240 14288 14770 14787 14841 15231 15648 15861 15980 16784 17236 18092 18294 18566 18804 19102 19958 20270 20353 20556 21109 
71 60
169 1208 1250 1762 2181 3761 4020 4106 4280 4567 5003 5097 5726 5788 6516 6915 6966 7029 7123 7424 7881 7972 8662 9617 10326 10461 10550 10782 11004 11552 11629 12397 12484 12551 12791 13116 13277 13285 14513 14781 14810 15837 16555 17805 18069 18600 19172 19991 20176 21284 21369 21589 22129 22191 22605 22691 23278 23364 23474 23902 
48 58
114 388 1003 1019 1091 1795 2220 2675 3098 3499 3707 3789 4019 4022 4461 4746 4748 5429 5581 5729 6308 6725 6909 7661 8887 9216 9278 9418 9691 9743 9749 10219 10549 11010 11341 12054 12360 12500 12714 13024 13381 13831 13895 14119 14996 15000 15228 15278 15645 16198 16530 16547 17425 17689 18150 19044 19660 20085 
10 56
973 1284 1314 1558 1620 1671 1979 2119 3491 3704 3766 3829 3872 4140 4636 5545 5774 5941 6799 6874 7775 8720 9014 9220 9343 10077 10389 10530 10798 11284 11388 11434 12247 12578 12590 13571 13840 13867 13964 14199 14210 14252 15126 15236 15302 15706 15770 16644 17118 17524 19459 20803 21693 21793 21811 22304 
21 54
173 309 834 1047 1078 2400 2805 3167 3369 3531 4658 4929 5700 5714 6300 7184 7426 7534 7904 9100 9748 10149 10323 10597 10655 11494 12445 12982 13482 13591 14383 14420 14652 14907 17701 17808 17863 18465 18767 18993 19049 19428 20363 20857 20881 21121 21354 21764 22491 22519 22679 22712 22789 22799 
46 52
1024 1030 2502 2905 3823 3835 4371 4685 4703 5448 5702 8091 8341 8617 8799 9809 10283 11427 11566 11648 12233 12245 12710 13340 14553 14896 14910 15183 15436 16062 17620 19649 20007 20534 20906 22056 23976 24359 24364 26808 27233 27585 28082 28559 28812 29065 29302 29407 29800 29947 30680 30917 
26 50
439 720 738 1876 1943 2761 2826 2878 4275 4428 4484 5424 5983 7867 7930 8094 8238 8361 8768 9410 11731 12102 12185 12270 12880 13270 13578 13633 14595 14600 16896 17140 17513 17658 17722 18529 18867 19154 19346 19804 20143 20977 21140 21464 21513 21609 22570 23936 24256 24490 
16 48
1439 2479 4152 5252 5322 5915 6157 6367 6573 8035 9446 9521 10498 10947 10972 10988 11062 11460 11610 11647 12304 12531 13354 14058 14473 14564 15176 15246 15753 15945 16230 16334 16362 17443 19043 19397 19452 20969 21072 21406 22156 22394 22940 23299 23612 23672 24018 24902 
23 46
70 689 832 869 886 1080 1176 2097 2282 3096 3749 4783 6060 6501 6663 6875 7684 7795 8131 9137 9365 9422 10130 10216 10650 11156 11689 12134 12686 12899 13476 13688 14228 15457 17405 18159 18699 18822 19343 19654 20727 20731 20994 21583 22091 23648 
70 44
56 303 930 1771 2011 2360 2796 3528 4961 5209 5465 5966 5970 6353 6667 6720 7366 7798 8567 8922 9072 9143 9543 9816 10175 10536 11112 11463 12878 12919 12985 13447 14242 14341 14679 15461 15615 15836 15874 15922 16397 16575 16630 16919 
11 42
190 662 845 2744 2949 3619 4307 4643 4818 5685 5969 6544 6658 7110 9260 9448 9519 9966 11101 11319 11379 12396 12948 13475 14582 14719 16674 16825 17252 18079 18256 18546 20793 20876 21353 21592 23148 23606 23617 23630 23838 23888 
20 40
1015 1049 1733 2958 3525 5159 6373 6604 8207 8330 8372 9044 9296 10684 10939 11713 12281 12719 13051 13152 13935 14399 14487 16770 17431 18713 18961 19629 20049 20135 20776 21031 21190 21819 21907 22494 23164 23949 24331 24895 
57 38
1004 1305 1412 1612 1890 1947 1950 2626 3827 4196 6506 6607 6748 6784 6837 7351 8523 8727 8778 9796 9830 11575 12783 12784 12833 12893 13108 13706 13807 14977 15075 16355 16615 17227 17910 18318 18447 18615 
51 36
84 152 344 769 1524 1591 4104 4198 4229 4796 5930 7947 8302 9196 9616 10312 10460 11084 11195 11232 11436 12105 12113 12150 13682 14511 14517 15357 16297 17687 19161 19406 19676 20653 21142 21203 
80 34
658 852 1373 1737 3548 4141 5082 5101 6861 7160 8007 8174 8224 10166 11057 13203 13286 13448 13709 13838 14147 14217 14568 15360 16037 16245 16924 17434 19663 20313 20728 20751 20775 21370 
45 32
1313 2237 2934 3826 4629 4823 4948 6074 8724 9330 9535 9843 11739 11974 12144 12657 12774 16267 16811 16856 17691 17834 17909 18061 18461 18965 19618 19708 20568 20658 20770 21442 
24 30
618 1242 2636 4175 4865 5993 6403 6661 6980 8483 8518 9089 9139 9361 9677 10249 12061 13613 14153 15151 15307 15667 17114 17886 17953 18582 19407 19996 20649 20936 
18 28
510 667 1189 1211 3720 4594 6840 6945 7779 8942 9087 10178 11050 12365 14800 15164 17993 18047 20212 20635 22260 22747 23015 23311 24204 24339 24784 25136 
89 26
727 858 995 1504 2447 3017 3277 3417 4989 5964 7017 7077 7601 8366 8590 9409 9727 10045 10176 11437 11728 12392 12788 13099 16322 18243 
30 24
235 620 628 656 1335 1384 1997 2109 2168 5210 5458 6894 8077 8582 8939 9029 9168 9441 9757 9958 11182 11503 12376 14188 
82 22
353 1954 3127 3419 4142 4845 4878 5415 7922 8837 10260 11113 11495 12941 13537 14215 15145 17652 18828 21234 21892 24021 
62 20
1938 2266 4017 4209 4699 5305 5526 6057 6212 6902 7379 7774 9659 10099 10417 11304 13491 15182 15805 18108 
73 18
767 1446 3368 4525 6944 7939 7975 11850 12604 13184 13233 13883 13915 13934 14259 15069 16020 18879 
22 16
815 889 1660 1865 2046 2367 2821 3573 5073 5662 9059 11501 12426 15303 15668 19673 
74 14
762 915 2429 4677 5806 7586 7635 9566 11474 14025 16748 17052 17551 18134 
34 12
3182 3798 5853 7202 10061 10068 11984 12235 13075 19575 19955 20360 
13 10
2561 3300 5204 6834 9208 9981 10646 11458 12495 16847 
66 8
1606 1749 2017 2115 4449 5170 7302 7485 
28 6
287 1945 2369 4216 4990 10589 
7 4
2070 5914 9626 9769 
32 2
1146 3317 
