53
8 108
8 12 13 15 19 26 29 52 53 58 60 61 62 70 73 78 87 90 111 114 116 117 120 122 123 126 129 136 145 149 150 153 156 159 160 161 166 167 170 176 178 181 183 192 195 196 198 200 204 205 210 212 213 221 229 233 240 241 244 245 246 260 262 263 277 281 282 284 287 290 302 307 308 309 310 320 321 328 330 344 349 350 353 360 362 371 372 373 380 382 390 391 403 412 413 418 423 424 430 431 432 434 436 437 443 446 448 454 
43 106
0 18 24 25 28 35 46 54 64 68 69 80 82 85 92 102 106 108 110 137 143 146 148 151 152 185 188 197 199 201 206 211 235 253 255 259 268 271 275 286 303 318 322 325 329 335 339 343 346 351 354 355 358 359 361 387 389 394 396 400 420 426 444 445 447 451 466 475 476 478 482 491 500 506 508 524 531 536 539 542 550 554 555 556 558 567 574 580 581 585 592 594 605 610 613 615 617 618 623 624 625 630 645 648 666 668 
6 104
2 7 10 32 37 49 55 57 81 86 97 115 128 130 135 141 142 147 164 169 182 187 189 208 225 227 239 242 250 252 264 288 291 292 296 298 300 304 305 315 316 356 364 365 366 367 368 374 404 411 421 427 433 439 462 473 479 489 492 497 498 499 510 514 516 526 538 552 560 586 595 611 614 616 632 641 654 656 660 669 672 675 681 690 699 709 711 712 713 718 728 737 743 750 753 763 771 772 779 788 792 797 798 810 
44 102
1 5 14 33 83 84 104 109 133 144 155 163 175 177 180 215 226 230 243 276 295 326 334 377 386 393 409 414 415 417 425 435 453 467 477 494 496 513 520 533 568 571 588 622 639 650 653 657 658 680 697 720 734 735 766 780 781 789 800 803 811 840 841 864 895 907 916 952 962 965 971 981 990 1010 1018 1024 1052 1054 1055 1064 1086 1087 1097 1101 1104 1105 1121 1123 1124 1127 1147 1158 1163 1168 1183 1186 1203 1208 1224 1241 1265 1306 
30 100
6 17 20 23 41 44 47 50 77 89 91 95 103 112 134 139 165 173 219 220 228 249 256 274 294 312 313 319 324 336 402 406 419 456 480 481 483 493 518 535 546 549 579 582 590 598 619 638 651 659 674 686 692 731 747 752 762 769 793 802 805 809 816 838 854 868 887 897 904 911 923 928 930 938 957 967 973 987 999 1023 1051 1057 1081 1085 1090 1094 1100 1108 1109 1156 1169 1171 1175 1176 1185 1188 1205 1213 1262 1267 
46 98
3 4 9 36 38 65 67 71 88 100 107 127 168 179 193 203 231 267 270 278 297 314 317 333 369 375 376 410 428 440 465 507 509 511 529 534 541 564 565 570 576 609 621 633 640 643 647 655 676 677 695 701 702 745 755 770 782 787 812 813 820 825 869 913 1004 1005 1006 1030 1077 1091 1141 1150 1159 1165 1214 1217 1239 1243 1245 1246 1276 1346 1352 1358 1366 1369 1376 1409 1417 1424 1436 1445 1449 1460 1470 1472 1490 1497 
28 96
21 27 34 43 59 74 75 105 140 154 186 218 224 232 234 258 299 323 327 348 378 381 383 392 398 441 442 450 461 504 521 522 532 548 553 563 577 593 604 629 637 662 685 694 704 739 804 806 808 822 835 845 857 858 859 867 870 873 882 927 968 977 1002 1019 1032 1048 1050 1061 1065 1076 1079 1092 1120 1172 1207 1220 1225 1228 1232 1251 1258 1260 1281 1290 1316 1322 1332 1363 1368 1377 1406 1446 1461 1483 1560 1595 
41 94
16 63 76 121 174 184 190 194 217 254 265 266 280 285 345 347 385 401 458 459 470 502 517 527 544 663 740 749 776 795 890 909 931 939 941 983 992 1058 1059 1112 1130 1143 1179 1182 1206 1230 1238 1253 1299 1307 1308 1311 1382 1385 1410 1437 1444 1473 1479 1493 1499 1519 1588 1662 1666 1670 1681 1690 1692 1694 1699 1704 1768 1799 1801 1887 1923 1950 1991 2000 2014 2015 2019 2031 2061 2089 2093 2115 2121 2178 2230 2247 2266 2281 
22 92
31 39 42 48 94 119 158 162 238 293 311 337 341 342 395 397 405 452 460 487 495 603 606 612 696 732 756 768 839 985 1013 1041 1045 1072 1128 1134 1135 1184 1194 1218 1240 1255 1272 1283 1289 1297 1333 1396 1440 1458 1475 1554 1569 1608 1618 1632 1644 1697 1767 1814 1842 1843 1861 1936 2045 2066 2080 2092 2105 2139 2151 2156 2192 2207 2243 2260 2280 2292 2361 2411 2440 2456 2509 2539 2540 2561 2579 2581 2586 2593 2634 2688 
4 90
22 45 236 248 261 279 379 408 449 457 512 515 543 561 573 671 707 726 850 970 989 1113 1247 1259 1343 1344 1408 1481 1488 1515 1524 1538 1553 1593 1607 1635 1679 1682 1702 1751 1765 1837 1838 1898 1929 1958 2006 2028 2143 2310 2330 2429 2458 2479 2537 2570 2664 2686 2720 2726 2742 2756 2898 2945 2947 2959 3109 3270 3316 3327 3346 3412 3454 3474 3503 3594 3598 3602 3629 3678 3725 3765 3865 3872 4005 4091 4112 4131 4162 4168 
0 88
51 72 98 124 283 338 464 523 537 584 597 678 684 710 719 790 875 908 937 949 1036 1095 1102 1146 1198 1211 1248 1298 1380 1429 1431 1500 1502 1516 1641 1650 1706 1709 1712 1756 1761 1789 1870 1922 1926 1947 1964 2130 2147 2190 2218 2241 2270 2370 2408 2538 2546 2731 2827 2851 2879 2894 2896 2925 2941 3007 3070 3086 3130 3325 3415 3487 3634 3668 3772 3847 3907 3952 4013 4107 4160 4196 4212 4226 4240 4241 4242 4308 
20 86
66 191 223 237 247 269 363 471 589 683 700 724 888 1099 1161 1167 1219 1312 1386 1496 1505 1710 1831 1944 1972 1976 1998 2067 2288 2300 2308 2403 2423 2471 2498 2511 2558 2573 2644 2668 2739 2759 2799 2907 2935 3025 3085 3112 3113 3122 3158 3193 3223 3252 3322 3392 3393 3485 3498 3516 3539 3564 3617 3708 3756 3771 3825 3827 3853 3920 3922 3959 3964 3966 3980 4087 4156 4172 4200 4298 4310 4328 4409 4421 4427 4509 
12 84
99 171 214 272 301 331 357 407 429 455 540 627 665 721 727 786 815 889 905 978 1000 1017 1031 1142 1170 1212 1455 1463 1542 1643 1671 1866 1896 1948 2122 2172 2427 2601 2623 2638 2655 2725 2834 2883 2989 3038 3067 3140 3242 3468 3511 3526 3538 3555 3696 4025 4119 4144 4171 4206 4252 4396 4534 4581 4583 4600 4652 4672 4742 4809 4908 4927 5082 5158 5235 5353 5415 5459 5480 5816 5855 5930 5960 6225 
35 82
209 222 273 352 484 566 628 759 860 898 1027 1069 1375 1452 1462 1507 1675 1901 2057 2146 2164 2222 2369 2376 2377 2382 2554 2784 2901 2931 2932 3069 3265 3280 3391 3528 3780 3805 3860 3954 4024 4265 4294 4449 4579 4710 4712 4729 4898 4944 5005 5009 5094 5145 5161 5293 5296 5424 5486 5514 5543 5575 5579 5741 5756 5761 5778 5841 5846 5864 5895 6012 6057 6162 6180 6244 6351 6387 6509 6664 6723 6814 
10 80
138 157 172 388 399 591 871 1154 1279 1305 1423 1546 1625 1971 2053 2077 2199 2422 2452 2529 2752 2972 2988 3125 3155 3380 3398 3441 3534 3557 3665 3695 3788 3921 3981 4015 4236 4250 4339 4428 4466 4480 4611 4633 4839 4936 4966 5026 5033 5165 5596 5658 5765 6068 6080 6126 6149 6231 6325 6354 6390 6393 6554 6622 6935 7158 7200 7210 7311 7317 7366 7457 7484 7620 7882 8106 8304 8317 8353 8377 
26 78
30 40 96 289 332 505 569 572 626 634 729 891 1029 1160 1180 1428 1433 1477 1523 1807 1826 1850 1878 1885 1955 1978 2317 2342 2387 2390 2444 2665 2689 2908 2913 2930 2997 3146 3370 3465 3536 3750 3811 4149 4462 4562 4630 4731 4749 5185 5269 5322 5384 5441 5547 5688 5721 5980 6236 6330 6529 6851 6880 6969 7083 7108 7348 7485 7520 7560 8021 8282 8413 8622 8830 8832 9020 9046 
18 76
79 132 216 370 422 575 620 892 906 918 945 1414 1459 1615 1683 1711 1803 1891 1910 2023 2038 2235 2236 2251 2401 2525 2560 2596 3029 3161 3233 3477 3632 3987 4151 4454 4532 4614 4677 4687 4888 4897 5086 5088 5172 5211 5215 5467 5674 5853 5904 6083 6097 6320 6677 6718 6919 7112 7117 7131 7177 7265 7354 8938 9025 9063 9257 9412 9710 9862 10338 10432 10639 10786 11428 11530 
50 74
1138 1353 1627 1674 1705 1760 1851 1856 1917 1985 2048 2081 2371 2492 2562 2620 2670 2757 2965 3826 4012 4037 4201 4282 4287 4601 4645 4704 4806 4853 5049 5240 5259 5418 5446 5496 5525 5624 5675 5740 5872 5878 5920 5927 5946 5963 5966 6190 6194 6335 6593 6628 7114 7134 7365 8737 9339 9397 9515 9769 9811 9832 9844 10012 10474 10648 10738 10955 11144 11383 11615 11803 11875 12051 
1 72
131 384 583 876 1139 1148 1544 1630 1677 1724 1745 2035 2186 2285 2584 2657 2843 2859 3597 3709 3729 3737 4086 4567 4761 4886 5070 5338 5507 5755 6302 6450 6595 6806 7853 7861 7862 8155 8882 9151 9629 9791 9866 10188 10647 10694 10872 10873 10875 10910 10947 11170 11427 11447 11555 11851 12125 12206 12422 12519 12842 13114 13172 13255 13718 13745 14009 14243 14581 14621 14908 14938 
7 70
93 306 723 794 847 1249 1261 1529 2175 2298 2544 2624 2685 2748 2791 2849 3114 3149 3231 3698 4009 4698 4726 4870 4998 5061 5155 5312 5521 5577 5870 5925 6799 6823 7392 8090 8326 9000 10003 10484 11728 11935 11956 12341 12460 12549 13151 13289 13469 13667 13763 13941 14097 14273 14287 14302 14427 14468 14490 14874 15367 15547 16297 16348 16607 16902 17231 17366 17741 17748 
9 68
101 207 340 1526 2194 3787 4259 4291 4313 4537 4592 4624 4881 5481 5825 6768 6807 7044 7350 8015 8715 8807 8835 9182 9290 9511 9545 9842 10147 10193 10359 10371 10680 11121 11129 11699 11752 11905 11922 11974 13245 13316 13360 13626 13673 13707 13828 13955 14517 14802 15086 15181 15225 15435 15579 15601 15875 15918 16715 16791 17298 17653 17720 17791 17825 17870 18268 18849 
53 66
11 125 1129 1364 1517 1962 2279 2316 2751 2775 3208 3878 4231 4293 4925 4977 5047 5299 5416 6050 6549 7124 7633 8891 9178 9318 9424 9473 9534 9780 9781 9925 9926 9943 9982 10122 11196 11656 11894 11981 13308 13333 13809 14465 14494 14588 14966 14987 15143 16067 17104 17404 17501 17600 17671 17746 18546 18561 18675 18777 18784 19103 19447 19545 19766 20892 
27 60
2215 2368 3185 3595 3714 4120 4605 4762 5177 5865 6000 6111 6499 7397 7460 7817 8355 8833 8903 8966 9341 10533 11507 11912 11942 12093 12328 12404 12537 12571 12651 13004 13514 14300 16197 16505 17122 17427 17499 17760 17767 17971 18038 18587 18844 19177 20100 20144 21176 21390 22304 22659 23041 23208 23224 24208 24263 24451 24804 24816 
36 54
202 438 751 1587 2487 2783 2996 3035 3096 3131 3147 4271 4358 4548 5631 7004 7107 7646 8465 8649 9308 11392 11505 11665 11780 12185 12888 13083 13140 14143 14439 15051 15106 15163 15603 15775 15872 16967 18295 18705 19260 19283 19569 20152 20294 20956 21672 22188 22507 24290 24347 24368 24452 24654 
5 45
257 469 3957 5422 5618 6960 7580 7788 7907 8237 8528 8876 9222 9874 10273 10397 12652 13017 13031 13150 13794 14218 15249 15410 17004 17394 17751 18560 19695 19702 20203 21105 21197 21371 21787 22371 22599 22839 23156 23248 23702 23991 24074 24172 24993 
32 35
758 1292 1551 1590 1707 1810 2070 2887 3801 5490 6616 6832 9262 10502 10989 12118 12533 13072 14319 14491 15854 16609 16883 17687 19106 19491 20176 20428 20582 21125 21535 21852 22146 22343 22461 
54 35
1501 6609 9883 11059 11702 11884 12306 13421 13770 13771 13970 14149 16007 16603 16745 16766 16811 16912 17649 17719 17910 17922 19040 19441 19683 19754 20887 21898 22379 22631 23069 23610 24043 24408 24594 
51 29
113 2003 2212 3008 3167 3579 3942 5593 6210 7920 8546 9647 9671 12197 13048 13897 14383 15020 15497 15692 16407 16993 17560 17621 19170 19805 21864 23157 24935 
31 21
56 2159 3183 3317 6848 8525 9087 9410 9669 11305 11696 12631 14457 15063 16743 18043 19454 20556 21116 22432 24960 
16 18
649 2321 2885 3022 5466 5508 8164 10088 11525 12128 12505 13088 15847 17709 20738 21461 24156 24292 
14 17
559 679 1774 3290 5325 10561 10857 11677 13472 13762 13834 15052 16648 17469 17900 18296 23399 
45 15
9767 13613 14524 14567 15417 15850 16983 18242 20539 20701 20721 21630 22177 23135 24023 
47 14
251 3293 3776 6311 9519 10372 11860 13747 15325 17031 17611 23842 24672 24770 
21 14
416 3055 6777 6901 7489 9456 9598 10383 12464 17256 17718 19147 19999 23748 
29 10
3978 4599 4788 4880 8256 8656 8753 13062 16606 24919 
25 11
4576 7110 13964 14055 14389 15031 17285 17352 18077 18943 22103 
34 10
4109 7345 7727 7826 8555 9422 12951 23139 24004 24903 
11 9
738 2785 4208 11102 13307 20830 20996 23449 23597 
19 7
3234 9284 12711 15938 18770 19700 21298 
39 7
9116 9766 13584 15645 19503 21637 22881 
49 5
557 8035 13575 15255 23373 
3 4
3099 13831 21382 24753 
37 6
2666 3310 8596 9785 14286 21670 
52 5
6510 8692 10389 12980 13074 
24 4
5052 7159 15797 18613 
17 4
4134 11537 12594 14303 
15 5
7041 15909 17429 18733 19280 
2 4
1513 10297 13546 16241 
48 2
18806 21315 
23 3
4517 5286 14963 
42 1
8576 
38 1
3462 
13 1
19067 
