59
1 118
8 12 23 53 57 63 64 76 77 89 98 112 118 119 146 151 152 157 159 160 161 163 166 170 174 178 180 181 187 192 199 205 209 213 214 230 232 233 234 245 264 274 291 302 303 308 315 323 324 329 331 333 339 341 345 356 361 364 371 377 383 388 389 390 399 403 407 415 420 425 430 436 438 442 452 463 483 485 497 498 499 501 506 515 524 527 528 539 554 557 564 565 571 575 576 585 594 607 615 616 618 621 622 629 631 637 652 659 660 667 669 680 682 687 692 698 705 706 
42 116
5 10 13 19 34 38 44 50 59 81 92 101 105 107 128 132 135 147 172 176 182 194 216 228 235 239 246 250 254 256 258 281 282 284 289 310 312 322 325 335 351 353 359 373 376 378 422 424 441 457 459 460 464 469 472 473 490 493 531 537 542 545 546 549 556 558 566 572 574 579 583 593 600 609 611 614 640 643 648 658 666 673 678 696 711 712 720 721 723 734 742 748 757 760 762 764 769 774 782 787 789 805 812 827 838 845 850 859 865 874 875 880 887 904 908 909 
37 114
1 7 14 18 29 32 49 58 67 69 78 96 116 120 121 130 133 143 154 165 173 189 190 215 217 219 231 240 243 252 268 271 272 276 279 292 296 299 311 313 348 357 365 369 374 375 381 384 386 391 394 402 410 413 427 447 455 456 458 468 474 476 494 500 508 510 512 514 516 520 523 525 533 534 551 552 561 568 577 595 599 617 633 639 641 642 644 671 676 691 694 697 708 751 752 791 793 799 819 829 831 851 857 858 861 869 872 881 885 886 898 917 918 920 
47 112
2 27 28 35 86 97 117 123 124 139 141 196 198 260 269 317 327 349 360 392 393 406 408 412 432 435 437 466 477 511 522 529 543 562 584 586 591 597 625 634 645 647 656 668 679 688 709 715 724 740 754 758 766 784 802 821 852 860 866 868 873 891 906 913 916 925 927 929 948 952 953 966 984 996 1000 1018 1020 1024 1030 1034 1045 1051 1058 1062 1065 1075 1104 1109 1117 1128 1133 1137 1152 1172 1176 1195 1208 1211 1214 1223 1231 1241 1269 1287 1297 1314 1319 1320 1340 1362 1363 1371 
25 110
11 33 54 85 90 99 111 114 129 134 184 193 197 221 224 227 236 257 294 298 319 330 342 354 362 400 405 418 434 444 461 471 488 492 509 550 570 602 612 613 650 651 683 684 685 713 725 731 733 755 761 765 772 795 797 815 864 877 889 896 897 923 928 977 988 991 994 1017 1023 1035 1044 1067 1068 1079 1081 1082 1098 1099 1101 1112 1116 1119 1146 1161 1163 1165 1177 1188 1199 1240 1247 1251 1260 1265 1275 1276 1277 1298 1317 1323 1326 1343 1360 1364 1372 1376 1384 1390 1400 1408 
8 108
6 39 43 51 73 82 93 100 115 122 136 150 153 183 195 238 251 265 278 280 287 306 328 401 446 486 487 502 505 526 532 544 553 573 582 589 598 601 606 610 654 657 662 663 664 665 693 699 700 756 763 783 786 803 822 830 834 840 846 848 867 882 888 890 905 943 944 995 999 1007 1015 1033 1036 1056 1090 1120 1142 1143 1157 1202 1216 1238 1252 1254 1285 1296 1300 1333 1334 1369 1427 1443 1444 1483 1486 1508 1518 1521 1533 1559 1574 1598 1603 1611 1614 1617 1618 1676 
29 106
9 16 47 61 65 83 84 88 104 131 168 169 186 188 222 229 255 261 277 285 300 304 321 363 433 439 443 507 519 596 627 638 714 747 749 776 778 781 794 806 818 863 900 939 1027 1052 1053 1054 1071 1096 1124 1130 1134 1153 1156 1168 1175 1217 1227 1230 1232 1255 1288 1308 1312 1332 1347 1349 1361 1392 1413 1420 1432 1470 1471 1480 1500 1506 1509 1511 1532 1537 1555 1630 1642 1674 1699 1714 1784 1786 1805 1810 1845 1867 1925 1966 1971 2002 2010 2027 2046 2060 2121 2149 2156 2165 
18 104
20 24 102 109 138 144 162 171 179 208 211 237 241 247 253 290 320 332 347 350 397 448 453 465 475 495 538 695 702 722 737 743 753 833 893 911 926 946 949 958 964 970 992 1002 1006 1026 1203 1271 1281 1291 1306 1307 1310 1324 1367 1386 1453 1510 1560 1564 1566 1578 1588 1609 1639 1671 1673 1692 1741 1753 1761 1768 1771 1779 1800 1838 1852 1937 1959 1964 1975 1994 1999 2000 2024 2045 2053 2055 2083 2096 2117 2123 2157 2166 2168 2169 2192 2201 2213 2231 2234 2247 2249 2265 
56 102
22 60 91 95 110 126 155 177 202 226 266 367 372 385 440 454 462 470 479 496 513 605 624 661 677 710 716 732 770 820 835 855 902 922 940 1066 1123 1185 1200 1210 1212 1239 1267 1313 1336 1337 1345 1368 1382 1396 1399 1402 1514 1550 1580 1586 1597 1601 1615 1668 1679 1712 1718 1737 1758 1760 1794 1895 1896 1905 1956 1967 1985 2115 2134 2143 2144 2248 2290 2298 2312 2315 2370 2377 2399 2420 2455 2469 2491 2496 2501 2531 2546 2568 2569 2618 2619 2630 2634 2693 2698 2816 
55 100
3 31 191 210 223 286 288 295 305 316 395 467 480 482 484 489 504 530 541 603 636 653 670 674 689 729 807 825 856 892 919 937 968 1021 1031 1103 1159 1181 1204 1205 1229 1293 1329 1375 1380 1385 1475 1493 1495 1647 1665 1666 1806 1807 1814 1869 1880 1922 1990 2076 2090 2131 2237 2239 2259 2280 2303 2405 2472 2475 2484 2485 2487 2503 2645 2670 2680 2751 2758 2787 2788 2805 2840 2854 2857 2862 2891 2938 2939 2946 2969 2991 2994 3025 3047 3065 3071 3078 3121 3129 
0 98
4 15 45 52 75 137 158 185 244 293 334 346 419 451 521 536 540 548 563 578 626 635 707 717 767 768 771 814 879 972 1083 1110 1284 1289 1290 1330 1383 1391 1454 1455 1482 1612 1632 1645 1649 1672 1683 1691 1715 1733 1744 1745 1783 1817 1819 1832 1833 1837 1889 1904 1946 2001 2037 2063 2073 2139 2198 2260 2332 2340 2384 2458 2470 2519 2530 2567 2574 2581 2622 2642 2690 2708 2772 3026 3040 3082 3109 3124 3159 3208 3249 3263 3291 3385 3412 3414 3445 3451 
51 96
21 37 68 80 87 106 201 204 275 301 326 343 344 382 421 449 518 547 560 587 628 686 703 718 745 884 912 1072 1077 1106 1118 1125 1140 1178 1370 1394 1485 1491 1492 1526 1622 1709 1727 1728 1751 1824 1847 1955 2031 2036 2122 2215 2217 2254 2277 2307 2347 2367 2396 2432 2450 2637 2682 2870 2898 2966 2992 3106 3144 3243 3264 3270 3273 3309 3365 3425 3592 3615 3620 3750 3844 3899 3925 3932 3988 4012 4053 4078 4095 4161 4247 4259 4261 4307 4352 4490 
57 94
17 62 200 203 212 267 318 337 398 503 555 569 592 623 632 646 901 930 950 1139 1183 1187 1261 1282 1489 1501 1548 1659 1872 1877 1929 1934 1989 2034 2042 2333 2359 2378 2402 2408 2444 2486 2500 2539 2573 2733 2768 2820 2850 2889 2997 3070 3102 3147 3169 3295 3411 3442 3483 3520 3570 3707 3770 3824 3873 3891 3916 3937 3948 3998 4019 4074 4081 4141 4217 4253 4325 4618 4642 4646 4671 4679 4718 4782 4799 4867 4918 4983 5041 5082 5189 5199 5201 5235 
28 92
25 48 56 167 218 242 283 380 580 630 675 681 704 811 824 836 933 1001 1050 1074 1180 1301 1318 1327 1338 1366 1437 1505 1539 1561 1572 1576 1596 1670 1798 1864 1902 1958 2054 2179 2190 2246 2274 2326 2362 2418 2454 2578 2604 2660 2673 2831 3015 3020 3028 3156 3257 3325 3362 3371 3374 3449 3524 3537 3603 3812 3823 3838 3991 4080 4221 4232 4339 4488 4580 4599 4610 4648 4690 4692 4739 4827 4836 4843 4934 4961 5102 5117 5283 5325 5475 5484 
32 90
36 142 270 273 355 409 429 535 567 588 649 701 728 816 1150 1198 1209 1222 1257 1262 1405 1546 1722 1729 1774 1885 1961 1995 2021 2022 2124 2238 2288 2300 2488 2620 2629 2737 2909 2928 2955 2968 3045 3150 3269 3276 3293 3381 3413 3521 3571 3623 3669 4059 4083 4084 4127 4133 4396 4438 4449 4476 4561 4653 4672 4699 4797 4812 4950 5058 5232 5281 5315 5322 5344 5363 5403 5461 5513 5520 5539 5546 5566 5692 5699 5810 5916 5926 5965 6154 
14 88
149 206 336 352 396 414 655 744 817 954 979 1093 1192 1242 1245 1286 1358 1473 1523 1534 1563 1623 1822 1984 2003 2032 2068 2352 2461 2635 2700 2869 2872 3085 3340 3394 3473 3526 3561 3579 3710 3801 3851 3895 3904 3995 4099 4204 4287 4304 4369 4434 4458 4725 4868 4879 4888 4938 5062 5076 5324 5365 5411 5581 5604 5667 5725 5762 5765 5835 5872 5911 5958 6029 6048 6078 6169 6261 6275 6294 6320 6367 6481 6509 6532 6565 6597 6674 
48 86
26 41 66 148 156 263 428 559 842 862 955 1076 1148 1234 1280 1401 1481 1498 1735 1792 1839 2039 2093 2133 2225 2412 2564 2586 2607 2657 2829 2996 3194 3235 3453 3656 3723 3734 3773 3807 3901 3945 3994 4021 4077 4180 4250 4265 4280 4474 4578 4597 4611 4637 4697 4894 5043 5133 5162 5213 5223 5261 5294 5316 5359 5440 5480 5527 5650 5676 5866 5867 5956 5981 6063 6066 6238 6243 6361 6751 6810 6976 7066 7080 7102 7120 
43 84
207 262 423 608 620 853 924 981 982 1011 1097 1114 1173 1404 1655 1888 2263 2398 2429 2506 2527 2746 2821 2959 2981 3145 3252 3255 3404 3427 3481 3549 3748 3850 4009 4225 4320 4445 4541 4549 4586 4596 4744 4777 4801 4911 5031 5061 5146 5225 5248 5601 5744 5978 5983 6112 6152 6200 6236 6256 6477 6486 6619 6733 7094 7123 7161 7208 7266 7357 7424 7434 7460 7644 7794 7958 7992 8157 8171 8295 8424 8542 8570 8805 
38 82
72 74 103 145 175 249 297 340 426 1003 1359 1460 1529 1541 1795 1900 1965 2566 2947 3222 3244 3299 3316 3527 4184 4760 4869 4967 5030 5067 5088 5187 5552 5660 5790 5865 5892 6130 6259 6326 6400 6435 6473 6643 6932 7100 7145 7225 7392 7510 7579 7613 7677 7788 8031 8474 8504 8505 8559 9035 9040 9199 9371 9419 9474 9530 9556 9722 9767 9822 9965 10082 10291 10558 10722 10949 11016 11187 11272 11273 11536 11664 
58 80
55 309 358 416 417 431 581 672 998 1141 1191 1268 1756 1815 2009 2071 2140 2760 2797 2842 2886 2918 3382 3476 3672 3696 3755 3902 3967 4165 4301 4381 4708 4856 4864 4972 5025 5310 5723 5801 6186 6271 6354 6373 6452 6463 6636 6795 6835 6939 6952 7138 7226 7396 7461 7746 8002 8070 8192 8392 8445 8689 8697 9168 9359 9632 9640 9663 9717 9749 9898 10156 10417 10622 10684 10749 10781 10986 11073 11197 
36 78
94 140 314 690 907 1032 1477 1502 1562 1648 1708 1719 1813 1830 1840 1842 2310 2348 2385 2687 2710 2879 3132 3378 3379 3392 3791 4006 4328 4429 4536 5099 5321 5860 5913 6252 6338 6534 6913 7202 7244 7404 7452 7512 7517 7605 8105 8143 8215 8666 9011 9069 9204 9795 9895 9906 10101 10239 10328 10331 10336 10613 11312 11718 11822 11851 12155 12303 12365 12780 12789 13291 13457 13513 13576 13862 13888 13968 
11 76
839 1121 1220 1424 1608 1754 1887 1926 2112 2331 2375 2600 2628 2715 2800 2907 3114 3260 3350 3605 3880 3959 4100 4313 4552 4688 4996 5185 5195 5441 5442 5609 5804 5887 5888 5953 5960 6148 7142 7215 7652 7948 8196 8442 8475 8657 8826 9037 9096 9196 9455 10181 10199 10263 10468 10539 10772 10774 10837 11078 11199 11213 11500 11535 11958 12175 12229 12525 12762 13375 13567 14179 14415 14545 14655 14916 
30 74
40 125 127 225 368 450 773 1094 1445 1875 2350 2381 2423 2764 3044 3397 3635 3803 4027 4364 4747 5640 5715 5735 5925 5970 6437 6949 7205 7362 7535 7651 7685 7811 7856 7932 8014 8044 8138 8613 8773 9212 9468 9642 10096 10890 11102 11109 11523 11606 11972 12073 12306 12364 12433 12478 12522 12758 13011 13120 13199 13204 13225 13514 13953 14084 14111 14656 14738 14992 15228 15742 15746 15782 
9 72
0 1095 1253 1650 1893 2330 2495 2704 3011 3099 3433 3612 3912 4206 4413 4514 4877 5481 5569 5608 6413 7464 7469 7622 8079 8568 8575 8617 8620 9611 10042 10450 10729 10994 11719 11855 11897 12624 12905 13154 13386 13877 15266 15275 15338 16684 16966 17488 17615 17714 18154 18174 18233 18449 18563 18635 18641 18908 19088 19330 19420 19467 19605 19620 19789 20410 20642 20776 20814 20822 21193 21318 
20 70
79 366 619 997 1766 2120 2199 2689 3288 4086 4254 4993 5265 5304 5731 6091 6195 6249 6629 6745 7001 7867 7944 7984 8195 8541 8757 9074 9223 9872 10081 10368 10817 11032 11313 11353 12646 13146 13337 13462 14075 14400 14412 15016 15138 15525 15621 15710 16175 16599 16874 17108 17191 17333 17738 18122 18145 18284 18496 18619 18890 19613 19658 20874 21145 22128 22502 22559 23056 23319 
21 68
248 478 739 1599 1976 2080 2153 2302 2467 2535 2650 3008 3176 3215 3298 3337 3395 4139 4162 4559 5275 5512 6392 7187 7473 7602 7695 8232 8589 9953 10732 11066 11257 11634 11984 12102 12209 13363 13579 13837 14927 14975 15160 15269 15923 16089 16112 16306 16508 16997 17926 18019 18403 18448 18520 18569 19507 19607 19923 20048 20076 20134 20568 20760 21273 21319 22398 22968 
15 66
70 517 1395 2086 2104 2232 2584 2902 2965 3917 4029 4236 4507 4947 5382 5391 6702 6787 6825 6896 7722 8278 9589 9598 9852 9877 10297 10472 10650 10654 12505 12649 12681 13051 13975 13984 14158 15219 16479 17053 17218 17867 18617 18731 19463 19563 20159 20597 20634 21372 21842 21978 22140 22493 22660 22670 23538 24006 24118 24169 24284 25367 25484 25947 26080 26348 
3 64
30 71 604 1652 1812 2101 2480 2599 2750 2973 3154 3242 3911 4460 5388 7912 8896 9114 9677 9793 9863 9896 9988 11194 12097 13070 13184 13283 14397 14405 15286 16399 16478 16781 16848 17115 17252 18053 19231 19393 19416 20348 20395 21160 21211 21704 22207 22567 23223 24370 24506 24551 24902 25406 25969 26102 27570 28068 28729 28853 29074 30475 30640 31107 
10 62
108 220 259 481 980 1381 1942 2589 3142 3361 3594 3726 5370 5478 6087 6100 7229 7513 10273 10283 10296 10454 10680 10755 12348 12978 13809 14690 15060 15268 15628 16093 16729 17356 17421 17973 20129 21120 21203 21367 21460 21683 22020 23301 23307 23621 23721 23991 24073 26138 26682 26715 26778 27071 28087 28779 28865 28917 28965 29194 31155 31231 
5 60
1304 1747 1870 2961 3277 3512 4509 5939 6144 6412 6839 7459 8051 8875 10518 11360 11848 12344 12468 12538 13550 13776 14102 14256 16583 18246 18341 19567 20003 20100 20301 20585 22183 22317 22348 22392 22498 22863 22880 23568 24025 24812 25481 25713 26817 27034 27800 27847 29019 29049 30270 30290 30444 30583 30976 31919 32399 32424 32603 33205 
31 49
987 1723 6832 6878 7254 8695 10419 12919 13354 14037 15486 17326 17495 18724 19532 19732 20353 21859 21867 22107 22193 22210 23883 24184 24356 24462 25067 26338 26685 26833 27141 27149 28034 28824 29014 29327 30253 30669 30909 31067 31105 31709 31788 31893 32122 32690 33383 33655 34171 
27 46
404 445 1085 1638 3795 4617 5457 5754 5796 6501 7023 7574 7816 8398 9426 11149 11735 13240 13843 14839 15124 15601 15831 16097 17030 17234 17337 17734 18362 18792 19068 21642 22000 22862 23189 23405 24434 25363 27333 27861 30106 30255 30682 32128 33040 33703 
50 39
164 370 387 2026 4443 4478 4870 5222 6731 7219 7530 8113 9810 9841 10709 12048 13248 13433 13797 13950 14740 15301 17303 19854 19900 20157 20425 20860 21401 22381 24616 27054 27121 27864 30354 31026 31619 32111 34791 
19 37
1164 2337 2388 3869 4612 4860 5396 8074 8864 10763 10782 11041 11829 11896 12218 13687 13959 14137 14566 16159 16639 16721 18243 21057 21212 24524 24567 25300 25598 26948 27891 28537 29434 30337 30686 32598 34085 
4 31
113 1820 3716 3883 4813 4984 8561 10842 11595 12157 12274 14288 14374 14689 17744 19052 19054 19702 20277 20302 23171 23249 24274 25382 25791 26398 27840 28527 29866 32536 34059 
7 29
2137 2178 3200 4487 7339 8121 8235 10513 10625 11430 13309 14432 14709 15501 16646 21821 22097 22771 25884 25930 26040 26453 26543 27134 29512 29997 32691 32864 32910 
17 27
1398 3339 5930 6546 7172 9054 11182 11811 12060 12977 14304 19523 20239 20866 21905 23913 24243 24994 25461 25469 25937 27647 30342 31320 31996 32508 34723 
53 22
411 1690 2786 2835 4266 4404 5541 5574 7977 8645 13655 15582 16766 17510 17953 19264 20915 21594 24505 26693 31183 33269 
54 23
810 2913 3336 3601 4452 5103 5299 6537 8038 8992 9004 16674 16713 17834 17874 18326 20147 21055 24605 27458 32515 32707 32751 
35 20
379 590 1339 3660 6432 7834 9324 10383 13876 14904 15086 19336 21452 22295 23875 26232 28807 29904 31098 34233 
44 18
3846 4794 5720 6891 9320 11173 11207 13245 16934 18947 19487 20363 20878 24103 26005 27073 30385 31659 
40 16
1821 2329 4424 9297 15699 19080 20231 21868 23507 24575 25340 25511 26427 26604 31837 33086 
52 14
2452 3762 5095 8013 8556 8943 17168 18900 20891 22883 24068 27808 30924 31102 
46 12
3029 12458 15641 21581 22319 22625 23002 24853 26243 26322 27567 32705 
13 10
3470 6855 14050 15536 19276 20036 21909 23469 27078 27826 
16 11
1587 2077 5500 6346 9775 12389 14899 15258 16495 29671 30993 
34 7
3648 5701 20631 23981 27652 28700 32899 
49 9
1448 2159 9492 12964 13821 21585 22515 30545 31955 
33 7
828 1201 8358 8752 18497 33053 33275 
59 6
3715 8135 14533 17656 17685 34475 
24 5
46 14191 15592 17637 18610 
6 4
4168 7850 11824 29247 
39 4
3105 13258 25631 31827 
12 3
1935 2576 15149 
41 2
6081 33157 
45 1
24325 
26 1
14731 
22 1
24596 
2 1
491 
