64
24 128
2 39 59 77 79 86 94 104 113 116 118 134 137 142 167 180 190 193 197 199 201 209 211 213 219 234 235 249 251 252 254 263 275 279 303 307 337 338 342 344 346 350 360 383 384 386 393 396 398 399 405 407 410 417 427 432 433 456 459 471 485 489 500 506 517 519 520 533 534 536 543 545 548 552 556 569 573 580 584 585 587 592 600 608 614 618 621 628 631 638 643 648 649 651 652 664 668 673 674 697 708 710 724 736 746 755 758 760 763 771 775 795 799 811 813 817 819 822 831 843 847 877 883 887 892 895 896 897 
63 126
0 17 19 30 38 75 84 92 95 96 106 108 122 125 126 131 146 149 150 159 169 181 185 188 216 241 245 247 272 284 293 295 305 308 312 314 315 316 317 320 339 351 367 379 400 404 419 420 423 425 435 445 447 450 458 470 479 486 487 490 492 493 495 496 498 508 516 522 547 554 559 564 583 586 593 595 597 601 607 625 635 644 646 650 653 670 685 687 691 693 698 715 716 718 741 744 754 756 764 802 810 815 818 834 869 872 903 908 913 914 928 932 945 946 951 962 968 974 981 982 983 987 994 996 1014 1031 
53 124
5 7 8 10 12 13 14 32 40 81 100 109 117 124 139 143 160 170 184 192 195 198 205 208 218 223 229 264 273 274 290 294 299 321 323 354 370 375 381 406 414 416 418 428 429 436 451 452 455 466 475 484 491 494 501 513 523 528 530 551 553 560 563 571 579 609 615 627 630 634 639 656 660 663 676 677 681 682 689 696 699 705 728 751 757 765 767 780 790 793 816 846 851 852 862 866 873 885 901 921 923 934 943 960 972 976 989 1012 1013 1020 1035 1047 1048 1075 1085 1094 1102 1110 1117 1124 1130 1138 1177 1182 
11 122
1 3 4 11 31 46 47 69 74 78 89 93 97 120 121 129 141 145 147 156 168 203 217 220 225 231 260 262 268 276 282 289 296 302 319 352 355 368 385 388 390 395 409 424 440 442 446 476 481 483 503 504 525 526 531 568 582 590 624 626 636 658 667 686 694 695 721 723 734 747 753 783 788 794 797 807 820 821 829 830 850 855 857 867 907 915 917 922 927 940 947 950 958 959 964 1004 1022 1029 1036 1041 1056 1078 1083 1104 1128 1160 1167 1181 1183 1213 1220 1233 1243 1247 1260 1268 1274 1277 1291 1300 1318 1340 
58 120
20 29 35 44 53 54 58 61 64 68 87 112 127 128 138 157 164 165 206 224 228 243 270 277 281 286 287 297 301 311 322 333 373 380 397 434 449 473 474 509 527 532 544 557 566 567 572 575 599 640 647 680 683 692 704 713 750 768 772 777 782 784 803 809 827 841 844 856 865 871 899 990 991 1017 1040 1045 1050 1052 1067 1068 1099 1145 1156 1158 1161 1165 1169 1178 1227 1248 1253 1255 1258 1271 1286 1337 1348 1383 1394 1416 1439 1502 1528 1535 1559 1595 1598 1600 1628 1644 1650 1661 1685 1688 1691 1712 1730 1731 1740 1746 
10 118
9 26 36 41 48 67 73 114 119 133 158 163 172 186 189 221 258 266 280 331 341 366 369 374 376 389 391 402 412 421 430 448 464 512 514 515 540 578 629 641 675 688 690 701 717 730 732 733 737 752 762 779 781 798 826 860 868 875 876 878 882 905 911 920 938 953 961 975 993 999 1007 1030 1049 1082 1096 1097 1112 1127 1131 1132 1134 1153 1163 1176 1201 1223 1242 1262 1305 1341 1343 1350 1397 1406 1411 1423 1431 1436 1442 1460 1464 1481 1507 1519 1522 1565 1617 1627 1642 1646 1656 1663 1682 1696 1714 1735 1775 1840 
25 116
33 37 57 62 99 105 107 110 144 152 153 171 176 200 215 230 232 244 256 257 261 298 327 328 349 356 401 454 461 463 539 549 555 574 602 661 684 727 739 761 769 814 916 944 985 1093 1105 1141 1172 1180 1194 1207 1218 1229 1230 1239 1245 1252 1269 1326 1366 1382 1399 1415 1427 1434 1454 1466 1496 1498 1515 1557 1566 1577 1596 1602 1610 1638 1652 1684 1690 1693 1733 1741 1754 1763 1785 1799 1814 1816 1825 1833 1918 1936 1959 1961 1964 1983 1986 2011 2014 2037 2057 2062 2115 2131 2132 2134 2195 2215 2252 2292 2319 2322 2381 2386 
12 114
63 65 72 82 83 161 182 207 226 233 246 253 329 336 348 362 387 394 413 426 478 482 488 502 524 546 666 678 679 735 738 745 786 812 836 838 893 900 909 942 979 1000 1003 1009 1033 1089 1116 1139 1143 1150 1179 1200 1254 1303 1331 1360 1363 1364 1388 1404 1410 1508 1509 1514 1543 1552 1585 1615 1648 1658 1664 1669 1689 1698 1715 1721 1747 1762 1780 1808 1834 1853 1859 1910 1924 1935 1996 2033 2047 2048 2055 2086 2087 2159 2161 2203 2223 2226 2228 2285 2297 2316 2327 2364 2442 2445 2479 2498 2529 2532 2565 2569 2585 2590 
57 112
27 28 43 55 60 123 183 210 222 237 238 283 372 444 453 472 510 529 537 598 613 619 622 642 703 719 743 825 828 924 957 966 1039 1121 1234 1266 1273 1276 1279 1301 1315 1334 1430 1474 1494 1506 1523 1529 1584 1588 1603 1613 1623 1668 1720 1769 1817 1871 1929 1938 1994 2007 2012 2015 2038 2092 2144 2221 2248 2264 2281 2317 2335 2360 2363 2397 2433 2472 2490 2507 2520 2539 2571 2594 2597 2612 2637 2680 2681 2692 2720 2721 2725 2729 2737 2790 2858 2886 2922 2944 2951 2961 2993 3001 3021 3035 3063 3065 3098 3120 3125 3143 
30 110
45 50 88 102 154 155 173 187 240 271 326 332 343 347 378 408 422 437 462 477 561 562 589 596 603 610 611 616 633 645 671 712 714 722 748 766 778 785 806 833 874 880 965 998 1028 1043 1051 1063 1073 1090 1148 1188 1190 1197 1231 1307 1321 1354 1370 1392 1400 1412 1418 1448 1463 1484 1497 1568 1604 1634 1672 1687 1692 1710 1773 1776 1828 1844 1848 1947 2050 2097 2102 2129 2153 2162 2163 2254 2311 2358 2408 2410 2422 2446 2537 2645 2696 2718 2789 2796 2803 2813 2815 2832 2852 2859 2871 2882 2883 2910 
20 108
16 18 22 49 80 91 135 177 214 255 334 382 403 431 443 467 538 541 550 591 606 612 623 632 669 672 702 711 731 740 742 759 787 824 853 886 894 1027 1044 1064 1066 1080 1107 1119 1293 1362 1377 1381 1451 1465 1541 1645 1722 1744 1768 1810 1829 1863 1915 1926 2001 2056 2074 2093 2094 2106 2108 2150 2280 2300 2309 2371 2403 2582 2587 2602 2629 2641 2654 2699 2722 2793 2810 2841 2865 2915 3119 3245 3263 3273 3359 3415 3437 3451 3474 3509 3569 3608 3664 3682 3709 3736 3742 3786 3896 3955 3961 3983 
6 106
111 132 179 191 194 202 288 460 465 497 507 511 535 558 770 776 796 832 840 842 870 948 969 977 1023 1025 1084 1120 1186 1228 1299 1476 1483 1493 1537 1540 1562 1567 1574 1620 1625 1695 1709 1724 1795 1952 2004 2152 2173 2242 2283 2284 2378 2447 2481 2517 2635 2754 2764 2819 2999 3228 3236 3289 3357 3368 3432 3475 3513 3517 3561 3573 3583 3609 3616 3677 3723 3759 3824 3935 3954 3991 3993 3999 4008 4009 4013 4071 4081 4084 4126 4136 4256 4272 4279 4383 4422 4432 4466 4494 4539 4545 4743 4775 4803 4814 
33 104
101 103 140 151 324 392 438 439 480 499 588 657 662 805 839 864 935 1015 1018 1125 1202 1221 1263 1265 1338 1386 1407 1517 1703 1723 1823 1861 1869 1882 1887 1997 2026 2083 2121 2145 2186 2219 2257 2303 2347 2372 2483 2570 2659 2838 2881 2932 2940 2972 2979 3050 3058 3107 3139 3148 3157 3185 3186 3199 3220 3417 3445 3456 3503 3604 3680 3779 3884 3886 3888 3902 3906 4021 4027 4065 4082 4142 4182 4252 4257 4329 4346 4357 4416 4487 4502 4571 4572 4578 4611 4617 4648 4664 4700 4728 4817 4950 4959 5051 
21 102
174 212 267 285 335 377 577 637 804 808 823 837 858 888 939 992 1065 1101 1111 1113 1171 1187 1308 1320 1376 1417 1462 1490 1578 1629 1699 1877 1965 2101 2140 2155 2301 2370 2383 2621 2686 2761 2794 2901 2919 2947 2957 2986 3019 3041 3217 3253 3290 3327 3351 3376 3457 3489 3496 3698 3700 3869 3870 3973 4029 4034 4047 4075 4140 4240 4248 4313 4394 4517 4533 4654 4669 4675 4684 4695 4831 4965 4974 5002 5022 5075 5090 5171 5201 5292 5305 5327 5428 5429 5642 5660 5712 5739 5742 5849 5914 5981 
14 100
15 66 71 269 313 363 364 594 604 659 774 898 955 956 1010 1024 1038 1133 1196 1310 1531 1538 1586 1605 1618 1640 1657 1679 1766 1770 1781 1837 1962 2060 2073 2218 2225 2231 2346 2374 2376 2550 2555 2609 2742 2751 2842 2876 3008 3247 3547 3565 3676 3921 3923 4038 4045 4062 4091 4222 4524 4649 4677 4686 4808 4810 4819 4834 4878 4886 4909 4955 5082 5193 5230 5256 5291 5399 5401 5454 5470 5623 5626 5790 5870 5913 5922 5974 6009 6026 6206 6258 6298 6416 6436 6456 6478 6481 6651 6672 
15 98
56 90 130 136 148 265 300 304 411 570 655 706 725 912 937 952 1092 1118 1146 1192 1345 1352 1369 1553 1554 1572 1594 1619 1738 1790 2043 2070 2085 2126 2262 2265 2332 2359 2362 2452 2552 2592 2653 2655 2666 2693 2874 3007 3080 3085 3153 3177 3277 3339 3371 3372 3399 3453 3481 3520 3545 3629 3632 3762 3764 3799 3821 4042 4072 4181 4227 4264 4298 4303 4319 4338 4368 4458 4548 4549 4791 4862 4938 4939 4990 5295 5513 5529 5737 5776 5785 5915 6064 6068 6426 6629 6888 6998 
2 96
24 34 42 85 204 239 310 340 468 518 707 854 906 919 1034 1256 1292 1302 1347 1501 1697 1971 2068 2071 2078 2130 2250 2328 2368 2416 2559 2586 2678 2759 2894 2918 3054 3127 3183 3208 3249 3441 3508 3546 3568 3587 3637 3720 3878 4025 4168 4320 4378 4402 4481 4561 4642 4674 4691 4737 4750 4796 4971 4985 5344 5420 5421 5484 5589 5663 5670 5759 5771 5825 5959 5975 6031 6052 6160 6184 6276 6285 6353 6390 6519 6525 6548 6694 6726 6843 6891 6892 6985 7036 7112 7194 
3 94
345 415 469 581 617 709 800 879 1005 1032 1057 1081 1129 1137 1155 1168 1475 1532 1592 1872 2017 2127 2183 2270 2276 2323 2339 2464 2495 2561 2599 2691 2851 2966 3091 3250 3278 3305 3330 3394 3421 3422 3600 3643 4160 4194 4204 4265 4290 4344 4377 4396 4716 4742 4829 5489 5495 5516 5681 5724 5822 5864 5926 6132 6295 6409 6420 6511 6751 7099 7169 7326 7513 7694 7754 7775 7940 7984 8047 8094 8416 8718 8876 8891 8892 9028 9093 9176 9231 9260 9404 9496 9610 9611 
42 92
175 318 330 365 441 505 849 926 1055 1142 1154 1211 1332 1333 1344 1390 1435 2045 2100 2111 2184 2413 2658 2674 2889 3029 3083 3231 3383 3618 3649 3856 3945 4276 4411 4697 4835 4934 4994 5021 5142 5432 5525 5631 5651 5722 5750 5808 5968 6133 6176 6246 6249 6286 6293 6359 6362 6364 6391 6916 6956 7102 7104 7139 7153 7185 7305 7476 7500 7532 7698 7891 7946 8117 8158 8208 8322 8369 8432 8660 8698 8827 8889 9241 9445 9506 9618 9623 9804 9842 9879 9937 
22 90
162 250 292 325 353 889 1019 1250 1304 1309 1368 1456 1680 1681 1719 1760 1927 1991 2058 2118 2120 2387 2492 2792 2825 3405 3413 3420 3576 3619 3839 3858 3996 4066 4196 4249 4353 4456 4500 4550 4685 4751 4863 4937 5370 5418 5449 5608 5810 5845 5943 6022 6139 6607 7014 7138 7197 7249 7345 7631 7644 7827 7859 7941 7944 8109 8393 8536 8676 8782 8961 9014 9057 9103 9292 9578 9600 9679 9814 9825 10027 10613 10701 10785 10832 11070 11168 11196 11264 11446 
48 88
248 309 359 521 835 890 925 1106 1358 1726 1806 1884 2267 2541 2595 2719 3159 3298 3309 3326 3412 3671 3941 4155 4189 4300 4379 4418 4448 5089 5195 5226 5251 5269 5586 5614 5653 5777 5803 6043 6054 6138 6252 6446 6457 6486 6589 6770 6805 6855 7053 7319 7371 7543 7616 7695 7710 7737 7808 7955 8289 8766 8774 8787 8878 8950 9580 9617 9891 9996 10308 10501 10670 10857 10886 11233 11291 11451 11538 12046 12131 12191 12265 12294 12551 12624 12805 13232 
31 86
76 227 665 700 930 1313 1480 1854 2151 2753 2868 2998 3018 3074 3106 3150 3403 3603 4316 4485 4495 4842 5175 5464 5467 5490 5553 5799 5973 6397 6434 6669 6706 6725 6850 7333 7519 7614 7635 7689 7768 7841 7848 7945 8043 8172 8212 8290 8299 8378 8426 8428 8539 8750 8762 8887 8973 9005 9112 9162 9168 9186 9338 9614 9691 9813 9840 9848 9927 10162 10352 10523 10565 10585 10631 10756 10874 11261 11262 11331 11353 11463 11535 12016 12156 12315 
46 84
6 70 542 565 720 863 1164 1608 1624 1972 1981 2535 2783 3283 3665 3848 3879 3927 4124 4359 4369 4462 4493 4556 4873 5120 5221 5406 5451 5590 5727 5920 6008 6117 6400 6758 6970 7383 7455 7602 7739 8054 8152 8494 8563 8744 8829 8833 8866 8935 9305 9638 9683 9736 9818 9915 9945 10230 10297 10327 10343 10391 10454 10522 10605 10672 11015 11187 11506 11662 11696 11722 11810 11998 12122 12203 12620 12867 12945 12990 13005 13301 13317 13330 
61 82
605 773 848 861 1217 1380 1471 1865 2299 2467 2521 2622 2782 2798 2949 3215 3473 3529 3589 3625 3697 3719 4003 4109 4467 4601 4986 4999 5048 5194 5331 5380 5518 5684 6178 6319 6660 7620 7773 8923 10139 10155 10170 10296 10339 10684 10831 10876 11160 11385 11653 11669 11794 12541 12576 12649 12701 13017 13365 13399 13593 13826 14081 14149 14295 14495 14629 14701 15118 15421 15486 15642 15872 16481 16532 16618 16727 17029 17366 18058 18062 18139 
13 80
115 749 789 929 1069 1361 1374 1774 1870 2054 2063 2169 2287 2601 2864 2978 3230 4107 5006 5067 5412 5462 5688 6105 6193 6472 6842 7205 7421 8031 8373 8423 8656 8815 9281 9497 9561 9639 9789 10125 10285 10887 12461 12658 12676 12853 12944 13123 13126 13181 13265 13316 13576 13578 13804 14120 14359 14729 14932 15035 15061 15101 15124 15193 15576 15890 15911 16341 16830 16832 16864 16934 16956 17167 17183 17328 17461 18408 18480 18910 
40 78
25 306 457 726 845 859 967 973 1135 1206 1251 1306 1614 2059 2166 2290 2519 3722 3857 3976 4197 4325 4477 4658 5851 5895 5956 6297 6499 6920 7114 7573 8084 8345 8602 8749 8898 9250 9438 10130 10174 10248 10283 10755 10848 11159 11658 12043 12202 12316 12577 12852 13473 13720 13729 13876 13941 14065 14308 14747 14933 15400 15407 15583 15768 15814 15979 16329 16835 17011 17389 17509 17613 17847 17900 18231 18305 18565 
39 76
98 1123 1249 1787 1942 2633 2893 2935 3291 3640 3784 4056 4144 4150 4460 4683 4902 4964 5341 5698 5756 5794 6134 6402 6710 7276 7423 7771 8093 8645 8943 9288 9418 9520 10104 10143 10193 10664 10751 11119 11134 11173 12340 12543 12753 13002 13063 13404 13459 13818 14172 14328 14472 14893 15287 16133 16158 16299 16587 17022 17565 17914 18003 18165 18166 18174 18319 18454 18627 18826 19296 19677 19972 20068 20281 20284 
29 74
52 259 358 792 884 970 1008 1518 1525 2312 2385 2443 2631 2863 3129 3387 3470 3743 3814 4087 4638 4668 6212 6462 7177 7238 7670 8002 8348 8613 8615 9550 9668 10413 10634 11290 11303 11511 11615 11839 12213 12248 13712 14857 14883 14993 15518 16009 17128 17631 17661 17857 18071 18409 18465 18660 18887 18916 19173 19954 20231 20510 20591 21002 21165 21403 21538 21892 21969 23338 23703 24261 24279 25850 
50 72
21 801 1087 1373 2167 2196 2546 2581 2656 2715 3761 3967 5319 5348 7275 7875 7918 8026 8509 9110 9230 9345 9591 9845 9920 10599 10637 10888 11125 11444 11573 11643 11992 12382 13462 13594 13781 13926 14116 14417 15185 15818 15962 16429 16488 16769 17130 17146 17665 17756 17932 18833 18848 19194 19577 19888 19916 20069 20182 20537 20581 20760 20857 20945 21407 22523 22657 23285 23502 23992 25102 25537 
0 70
166 291 1322 1705 1706 2192 2229 2491 3340 3487 3599 3863 3940 3978 4335 4496 4703 5007 5152 5617 5814 5832 5885 6109 6280 7601 8025 8121 8246 8877 9377 9869 10272 10394 10859 11074 11816 11913 12977 13311 13655 13898 15279 15660 16109 16885 17068 17180 17925 17990 18236 18290 19836 20190 20294 20306 20516 20727 20854 21211 21338 21490 21639 21763 22076 23375 23962 24070 25270 25449 
47 68
196 620 1091 1702 1846 2243 2488 3142 3353 3548 3606 3850 4837 5662 7095 7111 7150 7219 8421 8704 9678 10249 10433 10925 11234 11298 11406 11971 12123 12310 12558 12716 12743 12949 13003 14452 16428 17588 17777 17839 18368 19097 19185 19566 19626 20467 20761 21325 22158 22165 22525 23540 23569 23880 24072 24101 24565 25296 25675 26417 26896 26920 27726 29692 29822 29900 30035 30159 
64 66
178 371 881 1275 1314 1920 2268 3004 5280 5949 8145 8411 8482 9283 9422 10295 10555 10629 10824 11906 12079 12909 13140 13658 13680 14412 14639 16310 16378 18041 18744 19277 19726 19948 20057 20282 20475 20764 21934 22159 22377 22602 22834 23442 23914 24325 24555 24616 24680 25563 25847 26509 28050 28689 29297 29721 29794 30186 30765 32469 32678 34414 34866 35402 36086 36143 
7 64
51 236 576 1866 1894 2211 3207 4103 4307 4581 5304 5542 6067 7688 7871 8128 8232 10871 12259 12756 12916 13175 13192 13224 14113 15471 15600 15805 18472 19042 19841 19866 19869 20815 20990 23530 23667 23921 24792 25401 26456 26655 26764 28899 29204 30369 30451 32350 32804 33253 34039 34241 34258 34794 36024 36787 36986 37305 37445 37701 38041 38673 38880 38934 
17 62
278 729 791 891 1444 2500 2527 2665 2923 3911 5233 7018 7441 9860 10131 10303 11754 12158 13107 13344 14025 15250 15571 15774 16018 16265 16863 19178 19393 20050 20741 20796 20893 21094 21254 23487 23875 24827 26096 26353 26821 26931 27246 27255 27420 27454 28797 29685 30739 31016 31111 31259 31527 31950 32489 32534 33001 33553 35224 35472 36568 37661 
27 60
1725 1745 2677 5129 5200 5539 5648 5977 6707 8401 8918 10591 11067 11421 11668 13015 13677 13925 15252 15831 17808 18182 18478 18817 19649 19785 19858 19958 21521 21919 22077 22909 23367 24518 24578 25266 25729 26479 26569 27197 27704 28116 29286 30339 30969 31656 33815 33979 34672 35183 35607 36208 36518 37181 37194 38073 38235 40651 40760 41427 
32 58
2286 2321 3425 6224 6440 6818 7157 8499 9767 9983 12477 12875 12933 14074 14310 14430 15733 16229 18040 18425 19181 19345 19474 19883 20124 21385 21535 21900 22149 22182 22335 22454 22795 25248 25731 26389 26885 31203 31939 32523 32589 32644 33535 36548 36918 37539 38410 38554 40287 40526 41419 42383 44122 44783 44985 45198 45507 46621 
9 53
4833 5231 5373 5580 5860 6585 7228 7778 10681 14236 14623 15783 16764 17051 17425 17666 17812 17842 18047 19672 20322 22476 23362 24589 24748 24883 28057 29314 29767 30247 32508 33053 33362 34150 35033 37020 37269 37312 37504 38914 38960 39494 41849 43036 43291 43492 43865 43893 44977 45406 46408 46663 47746 
37 50
1375 1589 2168 2576 2801 3169 3296 4083 6015 6590 7120 7174 7186 7594 8270 9301 10465 11606 12048 13908 14032 14725 14731 18913 20983 21249 21978 22895 25760 26122 26807 28283 29918 32905 33277 34870 36066 36673 37000 39650 40813 41261 41996 42251 43828 44665 46208 47075 47393 47646 
60 44
2396 3540 3907 4156 4417 4610 5041 5873 7234 8890 11517 11637 12287 13489 13505 13537 15167 15232 16062 16150 16419 17421 19415 20078 26136 26959 27344 27895 29149 31607 31913 32306 32363 38431 39972 40573 41563 46576 46821 47010 47147 47373 47399 47456 
59 42
1355 1990 2709 3336 3491 4692 7062 7330 7433 7462 7857 8662 10539 13759 16330 17307 19807 22521 23677 23780 24307 24519 26131 28215 30532 33587 33918 34005 35006 36082 36521 37589 38783 38785 38905 39347 39524 40503 41113 41605 45265 46824 
16 32
2450 3164 3264 7199 10071 12471 13679 14940 15064 15192 16195 17119 19356 20868 20873 21006 21633 26234 27064 28568 28655 30624 34786 35173 35701 35862 36974 37598 38200 38996 39512 39754 
36 31
2320 2820 5056 8914 9665 9768 10706 12884 15083 15802 15918 16665 18309 18327 18831 21624 22153 22412 22791 28645 29433 29544 30107 32132 33943 35024 35648 43433 43540 43620 47341 
55 28
1503 2028 4724 11814 12179 12198 13244 13660 14198 16473 20070 20128 20175 21277 21721 23365 23468 26465 27631 28792 34146 35696 39840 41175 43549 44988 45077 45516 
26 28
357 4507 4600 5991 7950 9948 10076 10228 12769 15973 18304 19546 20511 25120 26632 27429 29368 29809 30792 31218 33044 33728 36626 37885 38720 40593 40744 42960 
45 21
2849 6579 6787 12004 12005 16199 17704 17989 23406 26846 30720 35548 37428 39578 41001 41007 41370 43743 43793 44140 47270 
18 20
2809 4162 4701 12855 15039 15786 16677 17125 21298 23303 23817 27195 30843 31337 35433 41274 41829 42478 44763 44852 
52 15
1414 3737 6733 8166 8748 10904 12729 13846 14600 16377 20555 22124 28182 31878 38561 
34 14
5077 5940 9371 11302 11659 14605 20003 25009 32946 33910 34084 35580 44236 47374 
4 13
23 6643 10008 11832 12784 13427 26971 27791 31580 36832 38942 44239 44721 
49 14
361 8741 15233 15595 18191 18292 20412 28384 33837 37225 37804 42529 42733 45056 
23 11
7781 13170 15643 19073 25433 27036 27840 41903 44356 45767 47245 
5 11
3122 3539 3668 4208 5524 7388 19826 30495 33855 42480 42586 
62 9
7206 12544 15418 15647 25543 27907 33363 36510 37097 
28 10
4586 8904 14929 20046 27488 32496 38572 41764 42810 43327 
41 8
4193 16327 18502 20002 28063 38550 41308 46250 
44 5
21127 22697 29165 31798 33369 
38 6
4398 19695 32976 34723 37125 45405 
8 5
16886 22563 23283 26803 43476 
35 5
30083 36960 37917 38248 40576 
1 5
3543 12625 20762 25512 35257 
54 4
18259 24052 33260 45030 
51 4
9064 13069 32275 45878 
19 2
13580 28729 
43 1
28307 
