28
6 58
2 3 6 8 15 16 17 20 26 29 40 42 43 45 46 48 50 59 63 65 68 69 71 73 75 80 82 84 91 93 94 97 98 101 104 109 112 113 116 130 136 137 138 146 148 150 151 154 159 168 178 187 194 195 198 199 200 204 
18 56
1 4 12 23 24 30 35 38 41 44 51 54 55 56 57 58 61 81 86 88 89 92 99 110 111 125 135 139 140 145 147 152 158 162 165 169 171 173 174 177 182 185 190 193 201 202 203 206 211 212 217 222 223 225 229 233 
3 54
0 31 33 60 79 96 102 114 115 117 118 119 121 124 128 132 153 163 172 175 181 184 189 191 196 207 215 228 231 242 256 257 260 267 271 285 306 319 320 322 323 338 340 341 355 372 376 382 387 394 410 417 423 426 
28 52
7 13 18 22 25 27 37 47 53 64 66 108 123 126 129 141 143 149 161 186 220 221 236 243 253 264 278 281 286 289 315 316 328 367 386 393 400 402 404 409 413 420 427 428 435 442 454 461 464 476 487 489 
9 50
10 11 14 67 72 85 105 107 131 164 166 176 180 183 192 208 232 234 250 272 294 296 312 318 343 353 361 362 371 384 385 421 430 462 469 490 491 522 545 561 573 583 607 627 652 658 663 681 702 737 
7 48
19 36 52 76 77 78 90 95 103 133 144 156 160 167 170 205 254 261 263 276 280 299 337 363 374 375 395 438 470 493 504 542 560 563 628 629 672 679 688 705 713 735 789 815 831 835 868 885 
4 46
5 70 122 179 230 251 283 304 329 331 366 379 455 518 543 544 553 582 585 587 595 599 639 714 752 844 864 894 926 968 983 1060 1173 1195 1197 1199 1231 1333 1339 1485 1540 1586 1623 1675 1699 1736 
5 44
100 120 259 282 317 324 325 354 389 390 403 416 440 458 459 488 500 739 751 769 791 807 841 862 906 913 1026 1036 1137 1143 1170 1175 1230 1257 1311 1320 1391 1455 1475 1567 1575 1587 1603 1688 
0 42
32 268 295 568 588 618 625 643 710 716 760 785 812 814 827 876 963 987 1123 1165 1227 1238 1271 1276 1295 1324 1344 1365 1417 1454 1498 1536 1561 1594 1780 1840 1859 1893 1937 1980 2012 2019 
13 40
34 62 134 197 311 350 383 515 577 707 727 780 817 873 998 1032 1178 1349 1410 1491 1619 1752 1914 1974 1990 2024 2149 2301 2491 2500 2620 2752 2866 3076 3160 3165 3246 3466 3555 3573 
2 38
9 49 305 497 566 572 645 927 960 1274 1405 1429 1464 1511 1513 1541 1609 1709 1803 1961 2036 2081 2258 2273 2475 2493 2555 2626 2667 2694 2721 2807 2836 2898 3019 3163 3167 3201 
16 36
28 74 87 188 247 309 335 505 666 959 1102 1128 1181 1264 1404 1437 1469 1728 1816 1856 1923 2005 2082 2112 2236 2242 2329 2550 2686 2808 2949 3084 3089 3122 3270 3656 
14 29
83 127 142 381 748 768 1738 1800 1809 1828 1830 2027 2089 2126 2198 2352 2454 2744 2874 2876 3050 3094 3168 3282 3467 3511 3653 3665 3702 
21 24
106 613 647 1040 1046 1056 1154 1235 1383 1571 1702 1761 1790 1916 2065 2110 2262 2385 2452 2605 2698 3280 3506 3685 
15 18
21 157 290 405 720 859 1144 1367 1651 1938 2101 2268 2364 2433 2655 3676 3824 3956 
11 13
39 730 1891 2403 2506 2564 2572 3026 3178 3236 3413 3553 3849 
29 10
346 757 1386 1867 2039 2283 2639 3177 3576 3919 
23 7
468 941 1068 2096 2653 3519 3696 
8 6
451 962 1031 2529 2948 3153 
26 5
155 576 972 2518 3537 
10 4
2003 2287 2982 3504 
24 3
411 671 3860 
20 3
369 1043 1080 
17 4
1941 2648 3597 3898 
12 2
938 1808 
1 2
1400 3538 
25 1
1494 
19 1
2246 
