13
253 26
1588 17725 34670 23530 13603 13244 13779 13861 13088 13518 15188 14568 13038 14611 14796 13020 14725 12967 12984 14695 14726 14032 12961 14621 13997 14789 
74 24
13186 39938 4117 11375 3660 7614 7223 3425 6477 3234 1313 7504 6371 8853 2474 3437 3175 2858 8922 8843 3353 7461 8309 6366 
331 22
3393 15178 13478 12621 12911 14050 13329 13335 18445 14017 12817 13978 12691 17398 17794 15705 12581 17652 18064 12722 13531 13963 
76 20
37679 19459 20778 7142 5279 19066 21862 20928 6224 20945 6101 21056 21039 19189 20896 19555 6139 21589 19045 21009 
6 18
6969 40437 20727 5663 12747 475 9297 13447 6231 15782 14989 15376 5848 7618 15490 15191 15239 15372 
217 16
18667 29427 4805 6735 24306 6910 23908 7602 10765 23794 23790 2925 11151 11756 24562 2491 
398 14
15710 10223 7953 9387 8939 8658 8061 27001 8010 9020 8676 8415 8150 8636 
107 12
48001 21019 932 2953 20739 17901 7009 17066 20644 313 272 20666 
82 10
13748 9027 5956 10338 751 34330 9244 2960 3948 9588 
3 8
7747 20878 7210 7134 7130 26694 7087 10484 
246 6
14858 34893 8156 3898 2748 2488 
386 4
42289 2815 12628 13163 
339 2
10391 28691 
