69
5 138
3 6 9 15 21 24 37 38 49 53 61 64 65 70 71 73 76 93 94 100 112 115 124 145 166 169 177 191 199 214 221 229 235 249 260 263 298 303 304 305 315 321 341 344 347 355 361 363 381 387 393 395 401 406 415 425 437 441 448 453 478 484 487 505 507 515 521 532 536 543 550 555 567 568 574 577 591 596 601 608 613 618 621 627 639 643 647 648 649 651 654 655 659 660 662 669 675 702 711 715 730 737 745 750 751 756 769 774 785 793 798 803 806 808 817 819 834 839 841 847 852 858 870 890 894 897 901 902 914 935 937 943 962 972 978 984 986 992 
61 136
1 22 30 40 41 46 47 54 55 59 63 69 74 75 89 91 99 121 125 126 127 156 163 170 176 189 190 222 230 240 258 259 280 291 299 306 309 329 340 343 354 357 359 369 380 397 413 417 421 428 431 449 450 459 473 479 509 526 541 573 579 586 598 602 606 617 635 637 672 682 706 712 713 726 729 755 762 764 770 771 781 795 814 816 826 836 844 845 866 871 895 896 899 923 934 959 996 1000 1009 1013 1045 1046 1051 1069 1070 1076 1080 1086 1098 1119 1130 1138 1147 1153 1155 1156 1163 1176 1188 1194 1208 1221 1249 1250 1256 1268 1273 1274 1276 1277 1295 1305 1311 1318 1325 1326 
17 134
10 23 39 67 77 88 95 106 118 123 136 139 153 207 253 254 261 265 272 281 300 302 330 333 338 339 342 367 370 371 376 378 412 420 424 429 446 468 481 500 523 525 534 535 539 547 554 557 589 607 614 626 641 645 661 670 685 700 717 720 742 749 759 772 789 802 805 811 812 825 833 835 838 850 861 867 888 905 921 922 924 950 987 989 1010 1019 1025 1053 1068 1071 1072 1082 1109 1125 1135 1142 1146 1193 1202 1220 1229 1240 1243 1247 1265 1266 1297 1314 1315 1319 1322 1324 1341 1349 1370 1373 1386 1394 1419 1425 1431 1435 1446 1491 1532 1555 1563 1568 1591 1604 1625 1627 1635 1656 
50 132
8 11 17 18 42 52 78 107 181 183 194 202 239 244 245 251 255 275 285 287 311 317 334 349 362 377 392 394 399 411 427 458 470 477 490 493 501 506 511 544 584 585 597 600 604 605 609 616 623 624 657 666 695 703 709 714 718 731 736 763 776 786 790 796 800 801 804 853 869 875 878 884 886 917 933 936 938 942 945 954 960 961 974 975 1005 1011 1014 1016 1028 1033 1042 1047 1059 1067 1075 1078 1084 1113 1120 1121 1127 1134 1140 1144 1145 1161 1178 1199 1214 1227 1258 1259 1264 1279 1294 1313 1320 1332 1343 1345 1356 1357 1383 1395 1401 1402 1413 1428 1434 1448 1449 1453 
46 130
29 57 81 97 108 116 119 129 132 138 187 196 200 201 208 212 217 225 269 278 312 318 319 323 325 350 356 365 372 389 400 422 444 447 457 462 480 485 497 508 549 583 620 629 634 640 642 644 663 671 680 681 690 697 722 761 767 779 783 815 824 827 829 846 865 877 881 900 927 932 964 967 969 983 1002 1039 1048 1055 1056 1062 1122 1128 1149 1168 1169 1170 1181 1218 1223 1257 1271 1281 1285 1296 1299 1312 1334 1336 1342 1365 1371 1392 1423 1430 1457 1481 1488 1494 1512 1516 1539 1540 1542 1564 1573 1589 1619 1628 1632 1642 1644 1652 1685 1704 1724 1760 1797 1802 1816 1823 
52 128
33 34 72 104 110 111 135 148 152 180 193 218 237 262 276 277 282 293 294 320 322 374 375 418 434 475 491 516 520 531 548 556 561 562 581 590 611 633 668 674 677 708 719 721 732 752 775 831 842 883 887 904 909 919 940 949 973 997 999 1001 1043 1087 1129 1152 1165 1174 1175 1196 1203 1205 1211 1217 1246 1252 1267 1288 1331 1350 1353 1355 1387 1391 1396 1397 1407 1436 1469 1478 1485 1505 1530 1534 1566 1579 1609 1648 1660 1664 1666 1688 1702 1713 1729 1749 1762 1763 1815 1824 1844 1845 1876 1884 1887 1923 1927 1962 2015 2016 2026 2030 2041 2045 2054 2116 2154 2164 2174 2178 
51 126
19 36 43 44 50 66 80 98 117 146 184 228 232 250 283 295 310 337 345 348 364 438 439 442 467 472 494 512 559 580 625 638 665 667 687 694 738 740 758 810 840 856 868 882 889 892 903 920 947 998 1024 1031 1036 1037 1064 1066 1074 1111 1115 1160 1179 1206 1286 1344 1363 1408 1439 1454 1463 1496 1503 1506 1533 1578 1623 1665 1683 1690 1696 1701 1715 1767 1793 1813 1830 1871 1878 1882 1883 1901 1903 1911 1935 1936 1941 1942 1961 1980 1996 2023 2032 2064 2066 2070 2078 2096 2099 2120 2129 2148 2149 2156 2158 2173 2175 2197 2211 2213 2218 2232 2247 2248 2289 2300 2323 2335 
40 124
58 68 79 101 120 158 161 162 167 173 178 188 195 205 216 241 248 257 271 358 385 386 388 404 410 414 433 436 443 461 465 498 522 551 566 588 603 739 753 754 765 794 807 813 848 859 873 893 913 925 982 991 994 1029 1050 1052 1081 1083 1143 1154 1159 1162 1177 1185 1198 1204 1212 1230 1254 1261 1262 1269 1282 1289 1290 1292 1301 1303 1348 1352 1372 1381 1385 1399 1418 1440 1444 1445 1460 1461 1501 1522 1523 1546 1580 1590 1612 1692 1711 1721 1770 1775 1800 1820 1861 1891 1893 1915 1945 1951 1956 1975 1978 1992 2088 2089 2110 2117 2143 2147 2165 2166 2198 2199 
13 122
16 31 48 51 82 147 149 151 155 206 219 231 236 246 252 266 307 313 423 455 469 471 510 527 564 575 587 691 743 744 828 832 851 860 872 885 910 915 958 976 979 1003 1021 1041 1100 1110 1117 1124 1133 1190 1191 1207 1219 1275 1316 1452 1456 1475 1482 1486 1489 1504 1556 1570 1618 1633 1634 1669 1680 1734 1743 1748 1790 1819 1843 1865 1889 1914 1930 1932 1968 2105 2109 2132 2152 2155 2161 2177 2183 2241 2242 2245 2262 2299 2340 2351 2371 2376 2405 2443 2463 2552 2686 2703 2709 2731 2736 2738 2739 2767 2771 2780 2821 2888 2921 2972 2991 3024 3038 3064 3096 3125 
1 120
25 90 102 128 131 134 185 186 197 204 220 226 286 308 396 409 440 452 495 499 533 552 688 705 747 757 855 880 970 980 1049 1108 1123 1131 1171 1172 1192 1226 1251 1310 1359 1375 1393 1414 1429 1442 1477 1511 1520 1599 1629 1637 1638 1639 1679 1686 1730 1733 1745 1783 1821 1879 1909 1924 1960 1969 1971 1973 2028 2050 2062 2074 2107 2133 2135 2157 2160 2163 2195 2253 2337 2418 2426 2444 2493 2546 2572 2584 2652 2715 2752 2789 2825 2881 2898 2900 2902 2920 2946 3006 3041 3084 3091 3155 3186 3418 3495 3502 3517 3564 3572 3580 3596 3643 3645 3682 3715 3768 3798 3873 
68 118
26 32 35 105 133 164 172 203 224 279 326 332 407 456 466 476 488 571 578 582 599 631 646 650 686 698 699 704 716 724 951 952 977 985 1012 1017 1092 1116 1209 1213 1222 1255 1284 1306 1380 1410 1416 1468 1526 1544 1585 1689 1693 1720 1725 1772 1827 1886 1900 1931 1950 2005 2108 2124 2145 2181 2196 2267 2271 2334 2410 2415 2508 2545 2601 2603 2661 2760 2791 2807 2819 2829 2831 2871 2877 2879 2911 2981 2993 3099 3193 3199 3229 3261 3265 3296 3312 3345 3353 3416 3439 3513 3538 3548 3552 3655 3681 3739 3776 3777 3785 3818 3900 3980 4010 4152 4166 4273 
22 116
0 140 141 142 144 168 223 284 289 327 419 496 546 768 791 809 830 843 916 957 965 1032 1060 1073 1096 1102 1244 1245 1263 1304 1340 1366 1390 1433 1483 1507 1572 1582 1677 1875 1938 1979 2003 2086 2189 2201 2210 2222 2280 2347 2352 2367 2401 2486 2538 2589 2641 2646 2678 2733 2773 2794 2830 2884 2958 2988 3027 3035 3223 3282 3358 3411 3417 3482 3487 3614 3721 3733 3769 3875 3894 3945 4007 4034 4056 4074 4080 4082 4195 4238 4271 4302 4305 4311 4339 4374 4448 4461 4490 4565 4574 4579 4616 4627 4672 4740 4768 4910 4941 4991 5004 5011 5029 5042 5077 5104 
44 114
5 87 143 182 192 198 213 215 234 256 270 328 373 383 426 445 492 563 565 632 676 678 684 728 733 734 748 784 788 849 857 879 906 926 941 1034 1184 1248 1278 1480 1487 1554 1626 1631 1671 1674 1718 1732 1746 1812 1856 1881 1965 1984 1986 2012 2048 2106 2162 2215 2217 2219 2224 2288 2423 2491 2573 2583 2626 2656 2681 2702 2728 2799 2824 2840 2846 2849 2909 2930 2965 3065 3075 3102 3168 3178 3203 3210 3241 3290 3311 3344 3357 3392 3419 3436 3448 3457 3479 3530 3544 3702 3781 3802 3879 3887 3931 3968 4090 4107 4133 4170 4422 4494 
19 112
13 85 273 297 324 360 379 405 408 612 723 787 821 908 930 1077 1118 1164 1347 1409 1587 1592 1667 1694 1714 1756 1799 1837 1841 1852 1921 1940 1994 2073 2079 2123 2185 2227 2272 2369 2409 2424 2458 2613 2659 2734 2834 2869 2956 2985 3013 3161 3248 3285 3302 3304 3308 3314 3340 3441 3506 3522 3571 3630 3914 3939 4011 4029 4087 4088 4182 4253 4258 4308 4376 4383 4390 4470 4489 4575 4635 4670 4699 4746 4748 4955 5078 5100 5228 5400 5529 5568 5617 5666 5769 5819 5936 5968 6012 6037 6167 6168 6209 6249 6370 6397 6484 6498 6532 6535 6626 6685 
25 110
56 62 84 109 137 154 157 165 233 242 292 336 346 353 382 482 519 529 537 545 569 636 693 778 797 799 818 854 929 981 988 995 1015 1104 1150 1232 1389 1404 1406 1441 1529 1560 1562 1621 1877 1899 2024 2027 2084 2138 2307 2336 2343 2462 2577 2665 2711 2716 2774 2792 2856 2893 2903 2912 2918 3048 3062 3072 3213 3230 3279 3368 3383 3391 3400 3409 3491 3516 3622 3687 3729 3740 3745 3796 3849 3883 3885 3898 3975 3996 4045 4046 4101 4201 4268 4276 4329 4595 4633 4743 4799 5132 5167 5236 5282 5398 5458 5472 5521 5554 
11 108
7 92 122 210 296 331 366 435 451 460 503 538 619 628 652 658 692 727 990 1007 1027 1339 1351 1547 1565 1678 1836 1863 1904 1981 2019 2065 2111 2193 2249 2270 2420 2459 2563 2645 2697 2725 2748 2765 2806 2899 2999 3050 3360 3527 3555 3659 3732 3750 3797 4123 4129 4146 4151 4172 4262 4320 4354 4360 4468 4488 4491 4638 4707 4796 4819 4860 4868 4915 4922 5123 5126 5135 5160 5241 5354 5392 5497 5540 5573 5578 5589 5680 5684 5727 5749 5863 5989 6246 6306 6311 6340 6388 6478 6555 6592 6607 6643 6645 6668 6701 6794 6982 
24 106
83 247 368 530 653 656 683 918 971 1020 1063 1183 1186 1317 1335 1403 1538 1614 1675 1946 2083 2092 2297 2314 2339 2382 2398 2399 2627 2729 2790 2809 2937 2967 2976 3021 3058 3207 3242 3253 3298 3468 3489 3553 3666 3688 3695 3707 3725 3758 3800 3822 3872 3895 3925 3955 4066 4070 4098 4175 4187 4230 4344 4549 4632 4776 4808 4841 4958 4985 5094 5164 5189 5201 5298 5402 5427 5569 5638 5669 5682 5694 5790 5860 5897 5932 5967 5969 6207 6215 6350 6353 6376 6441 6477 6558 6561 6769 6795 6823 6826 6888 6891 6900 6994 7258 
41 104
28 159 160 209 274 483 514 558 610 777 792 837 862 898 939 966 1004 1057 1180 1195 1197 1293 1382 1519 1524 1575 1586 1640 1798 1809 1919 1952 2194 2216 2282 2313 2741 2749 3097 3177 3214 3342 3351 3404 3434 3498 3839 3853 3918 3958 4089 4313 4321 4430 4547 4550 4590 4763 4798 4879 4924 5063 5152 5156 5281 5355 5380 5393 5399 5574 5691 5865 5895 5991 6190 6417 6570 6718 6729 6777 6802 7032 7043 7069 7149 7202 7222 7225 7251 7346 7529 7681 7709 8027 8309 8584 8664 8665 8722 8949 8978 9066 9177 9194 
23 102
86 175 211 268 398 513 524 570 592 594 874 876 963 1200 1421 1422 1432 1479 1668 1792 1803 1860 2010 2058 2230 2236 2432 2500 2507 2549 2868 3167 3272 3287 3374 3403 3424 3461 3497 3594 3786 3834 3874 3916 3985 3988 4052 4111 4199 4233 4279 4391 4417 4451 4569 4610 4684 4728 4787 4826 4872 5225 5364 5480 5518 5572 5686 5745 5813 5927 6006 6454 6776 7007 7092 7289 7298 7395 7601 7663 7759 7774 7806 7813 7829 7866 7917 8054 8299 8423 8467 8497 8702 8931 9126 9242 9353 9499 9530 9586 9667 9792 
32 100
12 60 114 290 301 689 710 746 780 820 823 864 907 1023 1107 1215 1510 1672 1848 1862 1970 2137 2212 2239 2256 2431 2454 2762 2763 2810 2894 2901 2910 2916 3066 3104 3114 3146 3587 3716 3757 3787 3789 3848 4069 4176 4274 4384 4399 4425 4593 4660 4795 4831 4867 4938 5043 5053 5146 5231 5289 5304 5395 5469 5471 5858 6005 6282 6504 6549 6653 7016 7039 7158 7335 7397 7450 7480 7662 7846 8017 8061 8212 8300 8316 8429 8652 8864 8958 9037 9085 9544 9618 9646 9855 9919 9955 10040 10109 10129 
43 98
454 540 593 741 948 956 1085 1224 1308 1338 1417 1705 1796 1849 1853 2021 2076 2094 2206 2667 2747 2772 2865 2977 3007 3079 3083 3129 3427 3476 3589 3631 3668 3772 3930 4406 4619 4837 4982 5044 5075 5303 5528 5657 5758 5856 5999 6071 6134 6385 6467 6737 6974 7102 7157 7240 7250 7287 7304 7568 7594 7659 7700 7764 7891 8430 8489 8663 8774 8787 8878 9132 9179 9240 9271 9599 9704 9730 9887 9906 10021 10224 10319 10406 10413 10435 10538 10689 10802 10952 11315 11392 11593 11652 11784 11932 11944 11974 
62 96
27 335 517 615 1093 1173 1241 1298 1307 1361 1438 1513 1611 1615 1651 1754 1855 2268 2359 2435 2479 2622 2979 3070 3139 3299 3346 3602 3724 3801 3877 4030 4141 4243 4266 4754 4822 4834 4894 5154 5332 5917 6124 6147 6198 6226 6287 6444 6480 6502 6585 6686 6885 7003 7198 7239 7332 7493 7612 7696 7815 7830 7882 8295 8305 8320 8517 8738 8855 8866 9292 9337 9694 9857 10245 10487 10521 10646 10764 11122 11213 11395 11871 12007 12174 12199 12361 12506 12616 12647 12652 12795 12948 12955 13141 13353 
12 94
2 4 20 171 402 489 766 1287 1963 1964 2044 2187 2220 2403 2445 2483 2600 2602 2610 2628 2650 2730 3105 3192 3406 4002 4353 4438 4853 4904 5030 5411 5537 5566 5738 5814 5949 6218 6295 6332 6398 6618 6631 6836 6936 7059 7274 7279 7651 7699 7835 7871 7903 7904 7911 8370 8410 8595 8817 8976 9024 9041 9111 9171 9254 9601 10014 10184 10344 10485 10632 10922 11648 11663 11778 11854 12134 12317 12381 12870 13017 13224 13548 13783 13932 14066 14125 14168 14302 14670 14737 14802 14874 14884 
47 92
103 174 288 474 518 1061 1097 1374 1398 1712 2040 2186 2482 2683 2701 2936 2953 3078 3341 3359 3528 3823 3833 4269 4382 4693 4709 4727 5079 5102 5127 5172 5334 5349 5631 5901 5913 6050 6161 6347 6839 6978 7091 7208 7269 7340 7408 7614 7704 8049 8050 8428 8509 8514 8673 8974 9061 9304 9338 9558 9577 9641 9856 9901 10087 10390 10617 10788 10832 11119 11227 11410 11551 11665 11938 12303 12618 12669 12928 13059 13123 13161 13273 13346 13382 13408 13636 13724 13773 14438 14481 14597 
30 90
432 464 701 725 822 928 955 1158 1443 1466 1553 1574 1593 1719 1907 2301 2412 2492 2591 2639 2740 2873 2987 3067 3111 3432 3504 3727 4126 4626 4710 4987 5208 5217 5384 5387 5548 6513 7027 7040 7090 7758 8000 8147 8367 8391 8597 8616 9331 9456 9570 9798 9987 10182 10246 10312 10423 10432 10792 10926 10987 11482 11509 11750 12107 12179 12608 12644 12671 12678 13005 13072 13118 13458 13520 13607 14097 14435 14483 15154 15261 15500 15562 15706 15734 15861 15907 16128 16346 16526 
35 88
316 403 486 528 572 760 1103 1233 1272 1330 1415 1451 1768 1810 2080 2416 2704 2832 2852 3609 3832 4229 4712 4749 4792 4840 4919 5163 5174 5735 6410 6453 6705 6711 6788 6979 7115 7306 7358 7525 7607 7609 7784 8378 8396 8707 8724 9017 9422 9574 9668 9781 9905 9929 9973 10402 10408 10419 10575 10995 10999 11123 11280 11426 11578 11598 11690 11874 11925 12377 12457 12735 12811 12987 13083 13213 13257 13352 13671 13723 13741 13764 13771 14180 14621 14743 14857 15417 
29 86
416 863 946 953 1300 1726 2707 2839 3101 3320 3455 4021 4023 4366 4802 4942 5055 5105 5371 5492 5505 5563 5854 5939 6765 7071 7256 7336 7458 7697 7730 7834 7879 8270 8327 8363 8829 9056 9797 9824 10097 10420 10438 10603 11988 12067 12235 12290 12500 12560 13010 13027 13286 13305 13921 13929 14334 14500 14686 14808 14825 14873 14904 15400 15788 15939 15960 15986 16113 16229 16249 16399 16441 16928 16981 17325 17340 17347 17359 17496 17659 18282 18390 18417 18640 18768 
59 84
227 267 696 912 1890 2188 2377 2564 2604 2660 2754 2801 3209 3219 3672 3744 4018 4097 4214 4257 4369 4407 4881 4902 4947 5648 5724 5755 6143 6236 6317 6825 6843 6886 7070 7081 7548 7642 7657 8633 8694 8923 9412 9537 9695 10856 11046 11675 11915 12183 12250 12275 12715 13159 13769 14086 14350 14390 14641 14660 15085 15182 15185 15218 15616 15772 16307 16334 16634 16746 17716 17965 18272 18701 18907 19139 19443 19622 19643 20307 20638 20871 20911 20913 
31 82
179 504 542 595 773 891 1018 1038 1411 1982 2238 2469 2510 2566 2674 2714 2939 3337 3826 4371 4890 5315 6275 6809 6933 7365 8080 8644 9209 9512 9847 10003 10115 10207 10327 10347 10360 11161 11461 11887 11920 12389 12444 13113 13449 13514 14110 14171 14447 14515 15584 15631 16382 16658 16685 16943 17032 17254 17348 17508 17802 18073 18149 18376 18460 18483 18935 19434 19670 20259 20269 20596 20704 20754 20813 20837 22009 22428 22447 22643 23041 23328 
3 80
14 1166 2002 2837 2942 2948 3010 3204 3604 4484 4703 5230 5267 5576 6433 6540 6611 7407 7910 8011 8051 8412 8969 9332 9452 10077 10201 10255 10334 10616 10931 10991 12254 12341 12771 13711 13980 14042 14070 14233 14569 14652 14752 14875 14990 15004 15137 15493 16230 16739 16836 16937 17102 17260 17468 17579 18127 18528 18715 19652 19657 19797 20422 21169 21289 21573 21929 22094 22411 22602 23472 23589 23763 23815 23920 24183 24237 25312 25316 25494 
8 78
384 576 673 931 993 2037 2291 2303 3234 3376 4062 4298 4737 4870 5048 5245 5389 5620 6074 6150 6152 6290 6595 7271 7726 7971 8960 9208 9390 9776 9815 10458 11483 11572 11679 11996 12022 12031 12407 13994 14264 15522 16017 16138 16670 16710 16911 16983 17299 17872 18116 18856 20003 20489 21825 22073 22090 23803 24225 24779 24810 24843 24876 24895 25304 25372 25554 25864 26292 26417 26574 26599 26646 27749 27814 28060 28220 28631 
2 76
2009 2582 3030 3534 3684 3783 4270 4643 4782 4833 4887 4911 5356 5369 5416 5624 6725 7965 8234 8331 9092 9232 9633 10063 10147 10615 10796 10842 11533 12599 14392 15524 15640 16162 16444 17635 18061 18224 18424 18975 19314 19564 19776 19818 20628 20737 20914 20993 21029 21410 21439 21659 21842 21923 22908 23408 23454 23566 24921 24968 25608 26630 26931 27286 27338 27731 27849 28485 28524 28748 29504 29626 30111 31383 31711 31739 
28 74
560 1079 1270 1517 1925 3185 4581 6021 6499 6767 6870 8008 8246 8645 8792 8946 10732 11207 11501 11549 11774 12170 12542 12621 13140 13301 13613 13695 14510 14636 14755 15550 15594 16824 17152 17332 17442 17871 17933 18070 18844 19064 20184 20188 20312 20335 21482 21766 22570 24033 24497 24982 25622 25927 27183 27301 27752 27903 27958 28031 28377 28770 28962 29050 29117 29591 29812 29817 30039 30469 30985 31175 31382 33345 
58 72
1106 1825 2828 3176 3438 3863 4378 6191 6519 6702 8780 8793 11399 11840 12462 12539 13345 13374 13559 13818 13856 15416 15668 15732 16401 17312 17956 18145 18361 18434 18773 19251 19544 20392 20849 21373 21725 22788 23214 23504 23578 23836 24110 24245 24324 24836 25054 25122 25721 26203 27076 27845 28730 29215 29308 29326 29778 30288 30296 31104 31228 31896 33111 33170 34082 34686 34951 35337 35437 35889 36333 36571 
15 70
944 1091 1645 2304 2524 2783 4328 4980 5331 8136 8369 8483 9033 9073 10186 10664 10734 10970 12215 12743 14144 14583 14682 14828 15295 15510 15676 15751 15771 15780 16208 17407 19294 19929 20279 20653 20700 20841 20965 22323 23461 23682 23908 24079 24789 24872 25267 25745 25866 26772 27356 27589 27798 27901 28769 30523 30630 32089 32188 32485 32564 32842 33000 33066 34278 34434 34538 35385 36562 37131 
42 68
707 1709 2243 2254 2333 2690 3262 4506 4865 5279 6824 7619 7674 9470 9525 9536 10139 10554 10879 11287 12064 12194 12369 12764 13258 13344 13371 13659 13804 14237 14587 14630 14797 15527 17242 17365 17618 17959 19145 19596 21109 21426 21679 21683 23082 23620 23822 24102 24800 26049 26978 27144 27982 28246 28400 28578 29732 29808 30034 30230 30902 31461 32362 32840 33953 34455 35098 35366 
0 66
1670 2719 2735 3122 3597 4946 6288 6669 6890 7424 7683 10296 11358 11586 11689 12889 13166 13295 13756 14867 16081 16619 16724 18027 18227 20032 20236 20254 21161 21532 23177 23861 24840 25137 26080 26759 27549 28033 28260 28930 29300 29415 29834 31355 31503 32080 32390 32599 32690 33290 34193 34282 34409 34568 35350 35649 35838 36864 37180 38253 38536 39231 39397 39836 41462 41582 
18 64
1377 1989 2068 2751 2897 3667 4285 5140 5388 8034 8137 8715 9399 9508 9930 10128 10321 10949 11882 12788 13409 13584 14187 15055 16109 16184 16323 16498 16559 17063 17196 18232 20474 21845 21892 22080 22759 23261 25226 25954 27213 27493 27817 28064 29156 30657 32371 32736 33786 33938 34695 34726 34759 35501 37139 37765 39339 40077 41436 41479 41551 41930 42480 43837 
6 62
1132 1465 1549 2447 3018 3119 4116 4409 5257 5909 6020 8151 8180 12270 14791 14886 15374 15441 16793 17164 18296 18857 18863 19817 20001 20694 21083 22017 22539 22753 27055 27542 29206 31186 31223 31404 33806 34211 35427 37208 38744 39230 39254 39575 39590 39703 40719 41643 42370 43197 43619 45968 46401 46441 46968 47111 47202 47446 47522 47924 48353 49726 
27 60
502 1035 3194 4439 4804 5006 6579 7912 9234 9424 10011 10923 13497 13703 13990 14537 15502 15829 16596 17908 18397 19927 20598 21137 21815 23780 24286 24648 24877 26061 26119 28072 29795 32172 34038 34039 34250 35863 36310 36762 37172 40622 40999 42658 43240 43685 45334 46220 46247 46249 46661 47382 47421 48278 49808 50597 51175 52665 54158 54379 
39 58
1922 2642 2815 2980 3181 3647 4103 5711 6511 7109 7978 8233 8782 9920 11949 13089 13154 14220 14323 14784 15595 15918 15946 16522 17935 19486 21101 21138 21451 21661 25703 25775 26695 26698 28249 28564 30479 31656 32374 32496 32519 33119 33537 35721 38238 38274 39998 41465 42263 43005 43514 44183 45381 47796 48155 48857 49672 50762 
45 56
1473 1943 2466 2534 3472 6129 6500 6710 7439 8849 8965 9076 10548 10961 11355 14342 17381 18842 19030 19531 19892 20256 20327 21182 22123 24446 24514 25060 26747 27620 28550 30037 30845 31020 32207 32563 33422 34527 35195 36209 36978 37633 38309 38787 39223 41955 42124 42852 45620 47795 47896 48092 48831 49057 49171 49663 
4 54
351 630 1242 1424 1525 1537 2067 3179 3365 4472 6151 7380 8718 8961 9214 9485 9489 10080 10644 10969 11451 13361 16489 21465 23051 24109 24346 26191 26287 26359 26522 27700 27974 29198 30300 30411 31473 32321 35213 36605 36774 37947 38773 39765 41088 43332 44321 45584 49568 50952 53603 54180 56399 56403 
16 51
243 1095 1741 2004 2052 2784 3297 3394 3398 6594 8105 9152 15989 16291 23416 23452 24973 25781 27193 29385 30302 30762 33624 34800 35271 35760 36166 36457 39072 39461 40122 42136 43895 45250 45845 46716 47200 48618 49161 49932 50872 51262 52649 53951 53975 54995 55925 56815 57911 57927 59562 
34 50
238 4356 4711 5254 7905 7943 8646 11285 12429 13848 13902 14735 16038 16669 16786 17895 18184 18817 19046 20051 27948 28044 30620 32516 32645 32913 36616 37477 38178 38605 42458 43451 43523 43584 43718 44372 45077 45457 45552 48061 49846 51156 53655 54007 55368 56286 57220 59192 59204 59875 
49 45
664 1260 2229 3237 5900 6289 6637 8254 9642 9986 12051 12334 13060 15388 15467 16317 17735 19951 21909 22297 23281 23396 24143 25808 29004 29236 29386 29571 29842 30274 32324 32475 32903 36235 36757 39441 40720 46534 47943 48978 55064 55809 56228 57534 58702 
65 46
130 3226 4306 4492 5113 5373 7227 9149 12800 13025 14805 15127 15962 17515 18625 18688 20196 21351 22321 22403 22696 22992 23602 26908 31057 31173 31399 31850 31874 33405 34083 34233 36510 36870 38021 38931 39519 40228 42950 49753 50641 50648 52104 53008 53714 54148 
10 39
911 2172 3338 5484 5957 7847 8518 14328 15447 15611 23069 24720 26835 29100 32947 33732 33981 34905 35796 37122 37640 38887 40163 41042 41794 44374 44972 46311 46609 47171 50202 50504 51690 52362 53327 54465 54622 55357 55452 
66 42
553 622 1528 7113 8739 9835 9912 11708 12005 13292 13605 14303 17277 17519 22903 22983 25592 26342 26932 28131 28562 30105 31678 32620 32696 40481 40779 41266 42061 42702 43020 43733 43957 44771 46999 48766 51101 54741 54862 55702 56072 57604 
26 39
1514 2121 4234 4531 4978 5509 7643 7999 9476 9687 11120 11587 12813 13672 15885 16270 17307 18038 19727 24017 26142 30512 32955 36174 36627 39585 43633 45458 45955 46240 49162 53996 54479 55430 55662 57822 58199 59678 59681 
69 32
150 463 2011 3019 3501 7796 9640 9710 15379 16705 17180 17646 19772 20223 21251 23078 24401 27323 29530 29650 30569 34142 34883 41924 42488 45137 46828 49746 49917 52262 53141 56869 
37 34
2205 6552 7309 7553 7954 8900 12986 14613 14783 17401 17574 18933 24305 24970 25765 31026 31167 33584 34251 36292 36629 38409 38433 38695 40135 48893 49564 50893 51504 51663 57554 58338 58861 59107 
60 30
45 2708 4286 4504 6374 8789 9591 10281 17530 18588 18748 19737 20926 21687 23233 23621 24778 26078 28708 28986 37415 37865 39428 43875 44733 49955 53294 53361 56297 57586 
57 31
391 4445 5390 6060 6763 6957 10795 16534 18767 20117 22028 24600 24988 25081 31788 32853 33057 34625 35825 43762 44780 45148 48185 48525 49690 52457 52921 53459 57340 57659 58283 
64 27
968 1676 5251 8059 10779 12319 13451 15017 20419 22092 22178 23044 25865 29200 34779 37850 39558 43312 51108 51315 51888 54144 54680 56881 57857 58699 58876 
54 27
1323 3352 5882 6296 7734 15859 20005 25711 28574 29890 31667 32391 33683 33711 36429 38441 44533 46900 48139 48183 48640 49021 49060 52037 53056 56853 59387 
53 26
6780 7012 7902 9474 14927 15932 20878 21930 24144 24527 27351 28858 29975 30019 32416 33495 35395 37245 37392 38217 44121 44566 45097 47500 50725 50987 
48 24
2947 5452 8202 16112 19023 21718 25505 25574 26138 30662 31133 34088 35519 37949 38239 38276 41758 43894 44269 52615 53337 54122 56929 58770 
20 21
1157 2689 6676 6681 11539 17133 18264 22743 25934 28964 34755 37270 38055 38888 39561 41314 45217 46676 47985 51551 53761 
21 20
2562 4755 5977 10130 11522 11639 12431 13886 16310 17351 17897 18468 23356 38168 40159 44476 47467 50123 52170 59587 
63 17
96 4092 8672 10528 10953 16131 22714 23282 26987 31414 34573 36270 42774 44383 49477 53913 58965 
67 15
6399 12554 12938 20351 22713 23860 29816 35376 38752 43826 44210 44740 45811 51818 55947 
38 12
2284 4895 4926 8262 13241 15953 18191 19562 25806 28024 36499 37423 
55 12
20238 23900 27335 33308 34593 35502 39296 39432 47159 52989 53871 59954 
36 10
264 2934 12185 12614 18157 18446 22451 29059 37132 38957 
33 8
782 5192 10546 12458 14869 18505 20180 51268 
14 6
2350 2526 5403 27794 43498 46835 
9 4
13470 17372 22185 26201 
7 2
5183 11671 
