29
18 68
0 1 10 12 14 15 16 17 22 25 28 29 35 39 44 55 58 62 65 68 69 71 84 86 88 93 95 97 99 101 106 108 117 123 124 125 129 131 134 135 139 141 143 145 156 158 164 165 166 169 171 178 181 184 191 194 196 199 202 207 213 214 217 219 226 229 231 234 
16 66
2 3 4 13 23 27 33 36 41 46 49 53 59 64 75 77 83 91 94 98 103 110 111 113 114 126 136 138 140 146 147 148 154 155 168 170 174 180 188 190 192 195 198 203 215 216 221 227 228 238 241 242 252 253 257 264 267 281 283 289 292 295 296 300 307 309 
1 64
5 6 7 70 76 80 81 87 89 90 105 109 112 116 121 130 133 137 144 149 150 151 153 157 162 167 172 187 189 197 211 212 222 233 235 239 251 256 284 299 316 319 352 354 382 396 400 401 407 412 420 423 441 456 469 476 486 497 510 512 514 526 528 542 
32 62
19 20 21 24 26 31 37 38 40 45 54 56 60 72 73 92 120 152 182 186 204 206 218 223 224 225 232 237 262 269 270 274 304 305 317 320 343 347 359 365 371 376 393 395 398 419 429 435 444 448 478 500 501 502 504 522 538 556 562 568 573 577 
29 60
9 11 18 47 48 51 57 66 96 104 118 142 163 176 183 185 205 244 250 260 285 288 290 293 302 314 333 385 388 403 405 418 454 458 481 490 498 511 513 518 535 550 557 558 559 584 585 623 625 633 636 637 647 654 657 660 682 686 704 716 
24 58
30 34 43 61 74 78 82 102 115 122 159 201 236 273 280 282 308 318 321 329 361 402 433 438 442 450 472 509 520 545 594 609 614 615 616 619 646 673 674 677 710 738 781 785 796 797 811 830 842 888 894 908 945 951 957 958 978 1009 
5 56
8 52 63 175 177 230 277 399 443 449 477 506 534 539 599 601 631 663 695 712 726 731 743 777 791 848 851 865 870 884 913 928 934 982 995 1040 1077 1129 1179 1260 1276 1288 1297 1302 1319 1354 1365 1366 1368 1447 1497 1504 1514 1525 1582 1622 
7 54
50 79 107 128 297 322 330 358 379 411 643 645 681 730 782 820 837 840 907 949 974 977 1038 1059 1115 1197 1213 1329 1341 1377 1409 1414 1473 1557 1560 1620 1713 1735 1738 1741 1761 1793 1828 1831 1891 1916 1920 1946 1968 1989 1999 2045 2099 2106 
34 52
67 127 132 220 240 315 325 373 381 409 523 560 711 856 879 923 941 986 1282 1324 1387 1420 1476 1480 1490 1500 1526 1545 1575 1614 1658 1717 1760 1875 1917 1932 1979 2020 2098 2104 2216 2342 2343 2410 2502 2556 2569 2602 2673 2689 2716 2737 
27 50
100 173 193 200 291 331 355 600 639 698 804 1006 1007 1109 1250 1291 1435 1464 1495 1583 1633 1750 1752 1822 1909 2101 2294 2340 2433 2588 2745 2804 2824 2907 2919 2957 3044 3090 3113 3200 3240 3288 3376 3528 3603 3625 3658 3690 3710 3733 
30 48
119 161 554 607 658 699 1191 1395 1419 1425 1432 1437 1443 1494 1502 1506 1527 1634 1756 1851 1947 1964 1978 2259 2283 2430 2434 2435 2468 2500 2525 2629 2792 2862 2925 2937 2943 3060 3061 3226 3333 3367 3604 3844 4060 4088 4187 4237 
23 46
258 263 572 1023 1085 1214 1220 1230 1376 1418 1448 1705 1782 1926 2016 2055 2096 2165 2203 2232 2255 2272 2426 2632 2927 3117 3231 3250 3422 3470 3550 3665 3774 3777 3896 4246 4613 4727 4881 5199 5316 5326 5357 5608 5610 5621 
8 39
85 160 208 210 404 406 536 807 998 1024 1086 1240 1263 1538 1764 2014 2051 2190 2660 2735 2759 2883 3096 3334 3539 3901 4035 4098 4580 4697 4716 4883 4985 5254 5555 5830 5934 5952 5955 
17 30
179 255 294 769 905 937 950 1072 1292 1380 1641 1686 2026 2211 2413 2766 3352 3385 3618 3750 3759 3910 4077 4177 4198 4830 5267 5375 5399 5919 
12 25
42 384 461 578 1100 1192 1337 1475 1511 1540 1865 1882 2081 2637 2812 3056 3093 3160 3258 3351 3608 4053 4381 4673 5340 
26 20
515 529 1001 1166 1233 1236 1680 1839 2093 2369 2528 2742 2751 2850 3770 5231 5274 5627 5765 5780 
10 16
366 507 648 689 1039 1612 1846 2008 2226 3019 3086 3831 3938 4592 4636 5650 
28 13
416 2230 2448 2817 2831 3040 3607 3738 4108 4286 4805 4878 5968 
13 11
705 809 1290 2171 2611 3141 3326 3387 4253 4876 5257 
25 5
492 541 1628 3028 5113 
2 4
1262 4428 4439 4918 
9 3
960 4073 4905 
19 3
455 1043 5779 
22 2
209 5846 
21 2
1278 2661 
14 2
1652 2607 
20 1
2541 
6 1
1704 
4 1
1663 
