74
34 148
11 16 24 27 34 37 44 46 51 53 56 65 76 80 85 86 93 109 133 142 151 154 162 165 174 177 182 183 186 194 205 232 244 248 274 279 284 289 290 293 294 299 315 332 377 383 397 399 401 425 426 432 442 444 448 453 501 518 526 529 535 547 565 575 587 591 594 607 616 625 627 656 682 688 706 715 717 720 721 724 733 740 768 779 784 785 800 811 822 825 839 844 847 865 871 902 909 916 922 923 929 940 941 945 949 954 963 968 970 979 991 996 997 1013 1026 1041 1046 1047 1112 1113 1133 1138 1140 1173 1184 1185 1186 1194 1204 1233 1244 1249 1256 1258 1276 1281 1293 1300 1303 1304 1309 1324 1325 1334 1337 1343 1345 1347 
8 146
10 25 50 64 66 73 83 100 101 102 103 108 111 112 124 141 148 152 159 173 184 189 198 201 203 210 228 231 265 267 285 303 329 331 333 344 345 346 364 369 396 417 423 428 431 434 435 456 492 513 523 539 553 555 559 582 597 630 631 641 645 660 663 665 669 670 674 685 687 732 738 749 751 753 758 770 778 794 796 799 803 808 830 836 851 859 860 869 875 876 879 880 883 897 939 948 951 959 966 969 982 986 994 1006 1018 1039 1042 1045 1050 1051 1061 1101 1115 1123 1134 1142 1160 1175 1180 1188 1191 1192 1200 1201 1209 1224 1237 1240 1252 1257 1260 1270 1277 1280 1282 1283 1286 1291 1305 1317 1357 1360 1361 1367 1379 1391 
20 144
6 7 12 13 14 18 23 42 75 113 128 155 156 160 202 206 215 227 243 249 252 253 256 263 269 305 311 320 328 343 353 367 370 385 392 403 424 455 472 478 488 489 494 507 542 545 548 564 585 592 596 612 636 652 668 684 725 730 735 748 763 767 771 791 795 805 818 828 840 849 850 873 878 884 895 896 906 918 930 953 956 964 989 1024 1037 1043 1053 1054 1059 1063 1066 1077 1088 1099 1102 1116 1136 1152 1154 1156 1181 1197 1205 1211 1264 1267 1279 1299 1308 1313 1332 1333 1382 1423 1430 1434 1448 1449 1459 1485 1497 1510 1522 1531 1552 1563 1568 1577 1586 1591 1596 1599 1652 1660 1672 1679 1713 1717 1751 1752 1754 1755 1757 1759 
74 142
1 29 49 60 62 69 77 104 107 136 171 180 185 221 222 242 261 262 282 296 335 372 375 393 400 412 422 433 452 463 467 470 496 503 516 524 541 544 562 584 600 628 637 638 648 650 651 662 675 680 690 696 699 739 765 773 788 797 801 804 809 821 823 831 889 921 924 932 934 988 993 998 1014 1016 1023 1029 1030 1073 1080 1166 1174 1177 1190 1198 1206 1232 1246 1275 1292 1322 1323 1330 1336 1340 1341 1394 1397 1404 1420 1431 1444 1453 1462 1474 1476 1489 1494 1501 1504 1508 1513 1521 1548 1567 1593 1608 1633 1659 1683 1686 1689 1694 1698 1708 1709 1732 1734 1738 1765 1772 1776 1782 1791 1797 1806 1816 1834 1856 1861 1879 1897 1908 
57 140
9 32 48 58 59 63 74 82 89 114 145 146 172 211 213 220 246 251 257 259 271 278 302 309 317 324 330 378 402 418 421 449 508 512 549 566 570 571 573 586 614 617 621 632 654 658 698 701 703 707 714 734 737 741 766 786 807 812 815 829 837 885 887 973 984 1000 1017 1019 1031 1034 1067 1085 1095 1100 1103 1106 1137 1161 1172 1182 1226 1229 1248 1263 1321 1328 1342 1349 1375 1377 1389 1393 1403 1416 1419 1443 1452 1499 1589 1598 1620 1710 1718 1719 1744 1747 1767 1771 1800 1802 1805 1854 1858 1875 1880 1920 1923 1927 1930 1944 1967 1982 1989 1997 2013 2027 2062 2069 2092 2109 2115 2118 2151 2170 2174 2193 2200 2233 2238 2284 
64 138
26 39 52 70 92 110 117 123 126 209 233 281 292 301 336 349 405 416 461 469 474 527 557 561 601 604 606 610 620 626 634 640 642 653 661 676 694 726 752 756 793 838 841 862 881 892 917 933 955 958 962 980 985 1007 1020 1032 1038 1060 1071 1087 1149 1157 1158 1178 1207 1213 1255 1278 1307 1315 1339 1353 1363 1407 1411 1477 1526 1544 1551 1562 1576 1581 1595 1641 1684 1712 1764 1774 1792 1811 1815 1821 1877 1883 1885 1888 1901 1926 1942 1962 1965 1972 1974 1978 1996 1999 2017 2024 2035 2066 2068 2129 2139 2140 2141 2161 2167 2172 2210 2231 2252 2314 2318 2338 2361 2363 2365 2377 2379 2382 2392 2396 2417 2431 2450 2517 2534 2573 
43 136
4 38 68 72 84 143 168 181 217 234 235 273 322 337 361 411 445 446 459 498 574 576 578 595 599 602 649 672 708 710 780 813 824 872 898 900 907 931 936 972 975 978 999 1011 1015 1021 1028 1033 1049 1055 1070 1091 1118 1119 1129 1146 1155 1210 1218 1234 1239 1306 1318 1352 1358 1383 1405 1414 1481 1506 1512 1519 1542 1547 1554 1573 1587 1594 1621 1639 1644 1645 1655 1656 1665 1668 1681 1696 1702 1728 1737 1742 1812 1826 1844 1849 1865 1884 1903 1904 1929 1990 1993 2012 2025 2042 2056 2086 2095 2134 2153 2169 2220 2227 2232 2237 2240 2263 2264 2269 2280 2319 2342 2360 2458 2472 2518 2530 2540 2547 2553 2565 2592 2598 2625 2645 
69 134
36 43 106 158 176 192 193 219 230 239 247 255 270 277 291 304 354 373 381 409 419 509 511 543 546 622 633 644 671 692 711 843 856 882 894 908 912 914 919 928 937 977 1057 1107 1109 1145 1168 1212 1250 1268 1272 1273 1296 1335 1362 1399 1401 1417 1442 1466 1471 1479 1498 1518 1529 1534 1543 1553 1572 1635 1640 1650 1680 1720 1762 1777 1780 1798 1817 1847 1855 1869 1891 1943 1956 1957 1969 2005 2007 2016 2045 2055 2080 2136 2196 2205 2211 2222 2235 2249 2256 2261 2301 2321 2329 2340 2348 2357 2374 2390 2405 2442 2464 2528 2538 2567 2632 2709 2745 2747 2756 2801 2804 2831 2847 2876 2877 2902 2904 2914 2916 2932 2937 2958 
0 132
90 119 127 135 190 191 204 207 226 245 258 266 308 323 352 362 371 379 380 382 388 389 398 430 458 460 473 481 528 531 533 551 567 577 579 618 635 639 704 746 754 806 820 845 863 899 903 947 1035 1048 1058 1062 1086 1094 1121 1124 1141 1151 1163 1216 1220 1221 1241 1298 1319 1376 1425 1429 1490 1503 1533 1536 1560 1654 1664 1687 1688 1723 1731 1735 1743 1787 1837 1839 1842 1933 1941 1946 1959 2030 2073 2081 2108 2127 2132 2150 2154 2176 2179 2182 2229 2300 2306 2336 2341 2416 2508 2510 2546 2552 2562 2591 2610 2635 2678 2686 2754 2793 2817 2820 2833 2845 2864 2865 2935 2940 2941 2950 2967 3012 3043 3060 
41 130
2 61 78 79 98 132 175 195 200 224 276 306 339 464 486 505 530 536 583 615 643 646 659 664 709 744 762 772 827 867 890 926 943 981 1010 1025 1027 1052 1056 1078 1089 1092 1096 1117 1126 1139 1187 1195 1225 1329 1356 1364 1384 1435 1464 1493 1625 1627 1658 1695 1726 1746 1753 1824 1831 1907 1917 1964 1995 2001 2082 2223 2266 2289 2292 2322 2359 2400 2432 2446 2452 2459 2468 2480 2498 2542 2554 2558 2559 2653 2689 2715 2731 2736 2809 2910 2926 2976 3020 3021 3052 3076 3082 3133 3147 3167 3177 3189 3195 3204 3238 3279 3283 3296 3302 3352 3362 3382 3405 3417 3464 3478 3479 3486 3505 3522 3572 3696 3867 3890 
60 128
17 28 96 97 99 115 122 125 139 166 214 238 260 357 406 414 443 497 499 572 755 757 777 798 846 853 950 1036 1040 1068 1074 1093 1097 1114 1164 1170 1222 1236 1289 1302 1310 1344 1373 1454 1463 1537 1545 1571 1600 1648 1700 1807 1870 1896 2033 2036 2083 2107 2111 2112 2119 2181 2191 2248 2276 2330 2343 2371 2422 2430 2448 2488 2535 2642 2723 2725 2795 2849 2866 2873 2949 2979 2998 3004 3010 3083 3098 3117 3121 3144 3208 3278 3321 3358 3373 3398 3471 3520 3559 3581 3666 3703 3720 3753 3807 3900 3917 3941 4018 4025 4037 4057 4269 4284 4324 4328 4365 4376 4399 4410 4417 4452 4487 4516 4520 4584 4600 4665 
32 126
47 71 116 130 140 164 169 197 218 254 300 321 342 356 487 514 550 552 558 609 611 681 686 689 691 783 868 870 874 888 904 960 1069 1162 1214 1284 1385 1390 1470 1515 1538 1550 1609 1610 1646 1697 1701 1707 1770 1803 1819 1835 1890 1910 1913 1940 1991 2021 2078 2114 2145 2215 2254 2265 2274 2281 2288 2296 2327 2369 2395 2436 2475 2493 2536 2566 2582 2585 2629 2649 2675 2692 2742 2826 2827 2871 2883 2918 3095 3175 3178 3209 3217 3234 3265 3288 3304 3330 3346 3370 3499 3510 3513 3523 3526 3537 3603 3683 3693 3864 3871 3906 3911 3952 3961 4021 4033 4058 4067 4111 4186 4190 4281 4299 4357 4381 
27 124
95 105 120 134 287 314 340 350 368 429 437 440 454 468 500 502 504 510 517 532 588 667 987 1090 1135 1179 1235 1254 1346 1371 1396 1398 1400 1451 1480 1488 1516 1557 1590 1626 1634 1704 1813 1833 1836 1848 1878 1886 1911 1951 1954 2000 2010 2029 2061 2099 2105 2110 2184 2198 2242 2277 2328 2331 2370 2387 2404 2411 2489 2512 2543 2572 2587 2620 2623 2669 2788 2825 2907 2946 2953 2957 3011 3018 3078 3087 3179 3223 3282 3291 3353 3386 3515 3609 3662 3802 3816 3857 3861 3925 3957 3983 3990 4022 4023 4108 4129 4134 4141 4221 4228 4279 4298 4346 4352 4364 4391 4430 4501 4543 4551 4565 4570 4586 
49 122
22 55 179 286 288 310 391 415 466 479 608 619 693 700 769 810 834 1044 1148 1228 1243 1269 1294 1388 1440 1484 1597 1643 1666 1722 1784 1808 1840 1894 1915 2018 2088 2163 2168 2185 2194 2513 2531 2551 2580 2673 2677 2734 2764 2781 2796 3039 3067 3092 3156 3158 3159 3272 3277 3292 3307 3377 3448 3495 3511 3598 3671 3677 3700 3729 3742 3769 3794 3880 3936 3949 3979 4000 4046 4096 4126 4165 4198 4239 4244 4247 4290 4325 4340 4356 4367 4372 4377 4412 4449 4453 4461 4578 4663 4668 4669 4672 4718 4733 4739 4970 4991 5064 5110 5128 5218 5259 5271 5298 5503 5512 5556 5594 5733 5757 5769 5771 
58 120
138 157 250 268 366 471 482 483 560 647 774 775 842 877 915 927 942 1002 1005 1331 1447 1491 1492 1507 1532 1555 1585 1740 1825 1838 2071 2087 2199 2208 2293 2315 2364 2473 2603 2612 2624 2722 2749 2783 2787 2863 2884 2898 2985 3063 3093 3115 3131 3145 3206 3220 3350 3412 3415 3420 3431 3490 3554 3562 3622 3659 3679 3730 3754 3758 3779 3818 3995 4064 4161 4164 4170 4180 4253 4447 4486 4523 4557 4569 4756 4759 4786 4819 4853 4919 4954 5021 5077 5093 5132 5300 5374 5482 5499 5593 5677 5810 5878 5924 5926 5945 6077 6090 6101 6144 6179 6186 6194 6343 6365 6371 6548 6571 6589 6622 
16 118
8 19 41 187 196 283 297 316 319 363 420 441 476 477 485 525 568 590 679 713 731 789 814 857 1242 1355 1368 1370 1395 1706 1724 1783 2044 2096 2137 2164 2255 2385 2412 2426 2440 2443 2527 2594 2711 2721 2726 2743 2797 2984 3047 3155 3213 3324 3497 3675 3692 3739 3767 3777 3891 3894 3914 3920 3958 4003 4011 4045 4053 4080 4181 4184 4562 4681 4895 4977 5000 5067 5147 5165 5190 5225 5266 5310 5385 5559 5632 5729 5738 5748 5809 5845 5859 5870 5922 5997 6019 6035 6064 6070 6079 6108 6151 6200 6316 6355 6537 6541 6689 6703 6707 6739 6781 6791 6836 6873 6927 6961 
15 116
20 121 223 312 360 365 394 395 427 436 439 569 705 719 722 743 861 886 910 935 1008 1012 1022 1079 1082 1130 1132 1176 1193 1230 1517 1559 1578 1615 1618 1636 1669 1715 1768 1832 2077 2148 2165 2226 2444 2470 2622 2626 2641 2657 2668 2703 3081 3103 3169 3249 3308 3347 3351 3374 3469 3506 3560 3641 3686 3782 3788 3860 3939 3959 4043 4076 4125 4168 4178 4231 4232 4373 4400 4413 4515 4594 4595 4686 4705 4728 4743 5092 5189 5279 5315 5373 5375 5386 5417 5528 5610 5695 5788 5796 5814 5816 5963 5977 5985 6014 6133 6182 6210 6247 6346 6447 6585 6597 6627 6705 
39 114
45 57 131 161 241 408 522 629 695 747 764 965 967 1065 1125 1262 1265 1311 1327 1406 1779 1828 1947 2054 2120 2122 2135 2234 2253 2309 2407 2481 2505 2515 2560 2670 2707 2816 2819 2844 2848 2853 2870 3089 3192 3202 3393 3438 3514 3633 3652 3691 3762 3785 3790 3948 4133 4275 4344 4451 4456 4483 4531 4591 4654 4660 4911 4922 5059 5062 5144 5176 5219 5305 5346 5494 5589 5645 5721 5782 5829 6026 6072 6123 6156 6325 6404 6709 6716 6717 6761 7028 7090 7137 7149 7306 7308 7331 7335 7387 7419 7446 7579 7716 7886 7960 7962 7965 7981 8112 8170 8189 8256 8360 
40 112
31 87 149 150 216 313 387 404 702 781 848 976 990 1064 1076 1159 1171 1217 1271 1274 1427 1439 1502 1511 1535 1583 1741 1804 2004 2162 2173 2180 2258 2381 2402 2408 2651 2728 2900 2971 3048 3097 3123 3176 3335 3339 3488 3658 3748 3855 3879 3938 4010 4017 4124 4176 4251 4327 4394 4473 4513 4517 4555 4576 4697 4833 4859 5017 5018 5052 5130 5178 5296 5301 5314 5339 5366 5389 5395 5428 5676 5767 5812 5820 5821 5825 5958 6058 6074 6209 6217 6282 6336 6339 6462 6576 6619 6661 6681 6701 6704 6732 6735 6752 6848 6892 6934 6998 7089 7153 7219 7391 
33 110
163 188 237 318 374 384 515 759 782 787 835 864 893 1143 1208 1261 1285 1288 1320 1326 1415 1528 1677 1758 1785 1921 2028 2116 2239 2334 2388 2486 2524 2576 2578 2608 2858 2859 2885 2942 3005 3026 3129 3140 3214 3231 3268 3379 3442 3527 3668 3962 3963 3977 3982 4044 4145 4419 4439 4440 4567 4601 4623 4639 4799 4829 4831 4937 5039 5626 5713 5789 5799 5950 6002 6008 6264 6268 6452 6553 6632 6710 6909 7044 7103 7233 7251 7430 7480 7503 7580 7656 7869 8221 8222 8233 8244 8335 8582 8602 8724 8792 8822 8828 8957 8968 9059 9116 9145 9218 
23 108
264 540 603 866 1084 1108 1122 1128 1153 1167 1169 1564 1795 2006 2009 2123 2353 2376 2433 2485 2583 2630 2679 2719 2748 2810 3073 3086 3172 3253 3262 3369 3378 3588 3628 3678 3715 3725 3945 4104 4115 4167 4336 4477 4593 4604 4647 4738 4962 5019 5022 5118 5166 5327 5349 5442 5456 5466 5574 5661 5705 5707 5758 5802 5836 6255 6376 6410 6874 6888 7023 7047 7135 7195 7255 7302 7434 7469 7494 7617 7655 7723 7783 7810 7913 7950 8070 8143 8284 8316 8736 8740 8853 8946 9399 9435 9502 9774 9848 9853 10155 10319 10367 10551 10552 10801 11005 11262 
19 106
0 178 199 272 359 462 534 718 776 854 944 995 1110 1238 1259 1297 1338 1428 1558 1601 1733 1820 1851 1934 1935 2270 2457 3132 3256 3280 3301 3325 3355 3542 3642 3651 3763 3912 4149 4151 4200 4211 4277 4312 4369 4605 5106 5379 5424 5468 5597 5603 5726 5957 5983 6154 6285 6306 6353 6370 6443 6463 6485 6733 6750 7091 7252 7354 7543 7618 7625 7647 7751 7984 8014 8231 8356 8405 8406 8486 8541 8621 8651 8845 8903 8908 9022 9049 9104 9132 9247 9253 9312 9645 9752 10063 10084 10111 10144 10163 10210 10593 10851 11046 11111 11167 
61 104
137 351 519 580 678 790 1083 1131 1227 1295 1374 1520 1945 1985 2075 2126 2130 2290 2325 2471 2733 2753 2821 2906 2954 3007 3153 3496 3547 3607 3626 3673 3800 4048 4078 4203 4227 4411 4547 4811 4870 4924 4990 5399 5460 5536 5608 5828 5886 6011 6046 6098 6136 6206 6221 6313 6414 6578 6610 6640 6760 6866 6880 7005 7442 7551 7609 7668 7848 7973 8123 8280 8312 8325 8401 8501 8702 8760 8891 8935 9259 9295 9398 9416 9573 9608 9667 9684 9796 9932 10026 10221 10417 10418 10497 10723 10938 11094 11136 11375 11477 11499 11591 11761 
24 102
91 212 295 556 589 598 683 723 760 1001 1424 1763 2043 2104 2271 2297 2548 2681 2869 2969 3062 3232 3281 3290 3313 3337 3387 3401 3531 3688 3846 3854 3954 4182 4213 4326 4354 4358 4499 4542 4958 4968 4997 5208 5348 5370 5372 5714 5975 6075 6116 6230 6524 6637 6665 6672 6737 6822 6867 6921 7009 7010 7020 7223 7230 7259 7502 7642 7690 7753 8011 8130 8492 8649 8709 8783 8944 8993 9070 9167 9230 9459 9675 9682 9735 9763 9893 9903 10229 10352 10527 10693 10894 10918 10930 11496 11668 11702 11743 11754 11795 12028 
13 100
347 563 593 605 613 736 832 833 901 925 938 1120 1251 1445 1674 1703 1796 1983 1988 2059 2063 2142 2207 2275 2307 2346 2352 2581 3032 3033 3254 3303 3364 3372 3474 3845 4235 4333 4504 4597 4630 4723 4815 4864 4892 4917 5007 5377 5450 5604 5795 5943 6164 6214 6244 6419 6519 6523 6618 6833 6840 7146 7314 7534 7633 7636 7904 7967 8234 8404 8634 8768 8991 9065 9125 9273 9290 9376 9574 9634 9657 9859 9923 10255 10405 10882 10885 10994 11222 11288 11473 11558 11604 11654 11819 11829 11889 11989 11993 12003 
2 98
94 338 386 624 826 946 1223 1386 1446 1455 1605 1616 1790 1924 2060 2316 2633 2693 2695 2773 3009 3105 3193 3424 3441 3449 3773 3847 3960 3998 4230 4234 4260 4309 4371 4444 4475 4561 4706 4830 4932 5038 5183 5272 5345 5406 5464 5980 6033 6176 6246 6416 6617 6691 6886 6897 7076 7162 7980 8094 8659 8787 8943 9001 9321 9336 9504 9609 9642 9789 9806 10004 10007 10176 10196 10214 10294 10395 10532 10657 10799 11083 11208 11294 11385 11480 11603 11745 11826 11863 12058 12066 12147 12398 12410 12468 12539 12725 
11 96
480 484 493 581 817 1127 1196 1215 1392 1524 1525 1622 2014 2394 2699 2822 2951 3334 3383 3439 3706 3833 3881 3928 3966 4055 4169 4407 4659 4771 5127 5158 5388 5635 5717 6051 6055 6465 6824 6829 7125 7128 7472 7530 7747 7989 8122 8169 8262 8420 8614 8929 9090 9174 9355 9441 9798 9945 9972 10019 10044 10081 10256 10267 10323 10594 10620 10732 11231 11295 11308 11398 11439 11478 11595 12020 12184 12684 12739 12772 13018 13200 13378 13429 13763 13860 14204 14340 14608 14969 15134 15156 15390 15561 15630 15849 
73 94
673 729 992 1104 1111 1253 1266 1290 1312 1860 2102 2260 2555 2656 2701 2768 3017 3108 3116 3333 3689 3705 3787 3838 3921 4166 4844 4974 4986 5149 5309 5391 5454 5747 5881 5949 6152 6193 6237 6317 6386 6568 6598 6825 6844 6931 7120 7355 8084 8446 8479 8504 8690 8850 8906 8953 8962 9033 9155 9179 9433 9460 9584 9897 9979 10008 10034 10050 10357 10404 10664 10951 11091 11306 11736 12189 12495 12855 13182 13624 13798 13843 13861 13919 14126 14180 14270 14847 14967 15196 15208 15294 15599 15823 
71 92
81 225 450 554 728 952 1003 1199 1316 2190 2206 2345 2499 2667 2928 3022 3165 3354 3422 3543 3724 3805 3967 4428 4465 4470 4552 4816 4935 5135 5248 5619 6089 6385 6636 6755 6997 7026 7286 7461 7802 7883 7890 8127 8837 8988 9632 9744 9943 10242 10339 10648 10717 11144 11176 11211 11289 11413 11696 11742 11803 11922 11930 12409 12949 13104 13189 13372 13494 13620 13635 13881 13941 13950 14032 15215 16125 16613 16898 17069 17079 17342 17544 17927 18297 18477 18608 18644 19432 19512 19621 20043 
46 90
15 447 677 761 1287 1570 1592 1773 1852 1916 2221 3317 3557 3886 4334 4403 4537 5025 5223 5565 5628 5686 5800 6100 6437 6512 6677 6995 7249 7654 8210 8350 8457 8512 8570 8608 8643 8959 9064 9112 9267 9830 9844 9868 9978 10114 10135 10169 10207 10219 10254 10343 10350 10980 11021 12178 12219 12442 13234 13511 13633 13714 13818 13909 14013 14030 14576 14778 14996 15654 15673 15818 16024 16676 16850 16875 16996 17080 17115 17117 17355 17438 17545 17814 18408 18591 18599 19241 19569 19590 
38 88
5 358 407 438 451 858 913 920 983 1009 1203 1314 1614 1750 2462 2690 3299 3466 3567 3972 4082 4293 5002 5049 5182 5293 5560 5700 5840 6903 7683 7698 7740 7912 7966 8003 8275 8285 8696 9241 9614 9709 10315 10383 10394 10416 10557 11024 11189 11192 11387 11578 11998 12120 12170 13064 13195 13783 13942 14251 14291 14315 14397 14445 14480 14630 15277 15461 15544 15550 15644 16397 16669 16976 17110 17111 17122 17161 17393 17423 17572 17574 17834 17850 17925 18204 19046 19111 
67 86
410 495 655 852 1072 1301 1387 1575 1691 1727 2047 2230 2236 2410 2463 2516 2705 3738 3812 4790 5125 5523 5681 6198 6518 7220 7243 7267 7583 7793 8058 8373 8871 9113 10025 10173 10212 10554 10822 10962 11052 12019 12089 12590 12843 12972 13098 13185 13433 13603 13819 13978 14545 14602 14620 15049 15167 15685 15712 15980 16061 17235 17616 18108 19082 19191 19718 20067 20084 21022 21027 21069 22270 22478 22784 23277 23817 24278 24280 24490 24686 24838 25307 25871 26812 27165 
59 84
390 1081 1105 1530 1871 1975 2310 3019 3104 3270 3430 3535 3611 3750 4101 4338 4448 4693 4899 5050 5164 5193 5398 5709 5994 6201 6407 6879 6924 7216 7256 7555 7644 7986 8344 8415 8870 8909 9037 9166 9505 10174 10910 11006 11266 11664 12317 12406 12774 12806 12906 13012 13479 13516 13632 13719 13801 13821 13875 13989 14219 14261 14649 15085 15103 15255 15446 15564 16107 16134 16541 16846 16863 16981 17114 17702 17906 18296 18313 18687 19018 19402 20411 20587 
47 82
506 974 1421 1675 1872 2124 2456 2672 3174 3595 4083 4389 4862 5070 5129 5365 5629 6259 6450 6606 6768 6827 6986 7177 7479 7506 7594 8073 8212 8236 8583 8668 8749 8873 8881 9098 9567 9712 9729 9811 9928 10426 10684 10973 11342 11846 12045 12110 12133 12518 12646 13146 13252 13489 13588 13590 13678 14932 15130 15307 15397 15532 15620 15877 15902 16464 16967 17647 17919 17966 18051 18326 18387 18420 18643 18761 19589 19659 19692 19737 20264 20519 
26 80
307 623 905 1004 1150 1487 1673 1925 2144 2156 2195 2421 2751 3135 3273 3508 3969 5250 5712 5716 5884 6242 6905 7148 7246 7399 8413 8713 8800 9036 9281 11073 11190 12531 12742 13332 13476 13548 14551 14667 14963 15643 15912 15922 15990 16927 17368 17802 18013 18256 18502 18766 18800 19093 19339 19555 19556 19707 19892 19905 20022 20149 20159 20913 21178 21432 21942 22559 22648 22952 23096 23329 23684 23730 24293 24810 25216 25511 25921 26026 
7 78
21 153 229 1231 1690 1766 2037 2818 3462 3831 4026 4982 5029 5778 5974 6080 6623 6807 6823 8838 9008 9126 9144 9914 10075 10153 10298 10347 10541 10578 10607 10874 10977 11020 11730 11820 12285 12349 12610 12783 13131 13842 14338 14392 14495 14522 15296 15728 16095 16474 16777 16796 16867 17090 17670 17674 17688 17753 17818 18587 18793 19877 19983 20151 20268 20366 20457 20682 21013 21217 21330 22772 23188 23195 23403 23509 23657 23664 
68 76
326 327 745 1165 1539 2652 3146 3239 3411 3470 3850 4949 5156 6023 6479 7727 8185 9257 9480 9952 10282 10338 10520 10591 10638 10749 11023 11041 11101 11115 11326 12004 12299 13368 13904 14071 14152 15351 15386 15408 15740 15852 15998 16870 18544 18723 20106 20123 21323 22498 22605 22758 23360 23878 23969 24036 24146 24456 24943 25285 26131 26532 28055 29145 29450 30103 30127 30605 31226 31641 32761 32939 33229 33640 33664 34455 
66 74
457 716 1814 1822 2384 2663 3663 3849 3956 4458 4757 4785 5173 5833 6449 6547 7343 7348 8534 9217 9801 10013 10794 10833 11461 11923 12144 12515 12713 13604 13778 14376 14843 14917 15276 15819 16724 17095 17164 17656 17872 18578 19765 19943 20392 20408 20910 21204 22164 22662 23440 23690 24102 24204 24815 25550 25829 25989 26023 26976 27082 27444 27676 27963 28340 29026 30001 30038 30271 31289 31515 32989 33045 33132 
54 72
147 490 1075 1667 1789 1866 2351 2854 2974 3348 3363 3590 3905 4873 6293 7339 7374 7385 7441 7650 8841 9445 9466 9494 9877 10280 10299 10480 10809 10916 12015 12239 12846 13615 13673 13791 13836 14831 15210 15288 16116 17447 17619 18389 19580 19624 20188 20743 20930 22200 22561 22827 23934 23983 24086 24131 24531 25893 26297 26597 27140 27770 29442 30231 30454 30703 30801 31456 31657 32257 32380 32769 
5 70
33 341 348 538 1098 1147 1202 4120 4143 5032 5308 6679 6947 8144 8416 8706 8878 9118 9878 10798 10887 11169 11632 11762 11955 12244 12985 13982 14366 14408 14464 14719 14783 14913 15003 15097 15132 16451 16615 16725 16731 17264 17502 18102 18265 18450 19704 20368 20700 20815 20846 21199 22119 22491 23106 23497 23674 23727 23963 25733 25995 26252 27180 27982 28318 28865 29540 29981 30404 30433 
30 68
465 816 2020 2201 2399 2537 2617 3876 4148 4849 5269 6207 6544 7809 8016 8475 8950 10127 10251 10786 10869 10909 11455 12081 12580 15500 15516 15847 16155 16483 16810 18913 19914 20065 21320 21729 22647 22970 23218 24322 25986 27348 27627 28386 28420 28451 28876 28913 29607 30452 31876 32262 32749 33490 33677 33820 34204 34276 34481 35628 36038 39108 40193 40376 40621 41365 41998 42219 
72 66
491 1582 2128 2175 2188 2251 2403 2570 2924 3211 3397 3749 4488 5568 5921 6015 6216 7926 8558 8961 9486 9850 10189 10579 10724 10877 11409 11935 12510 12622 12655 14571 15477 15880 15907 17627 18118 18188 18192 19623 20677 20722 21927 22062 23168 23977 24078 24188 26750 27048 27611 28366 28401 29101 29142 30405 30413 30870 30927 31179 31417 31512 31626 32189 33437 33505 
70 64
2187 2636 4074 5102 5463 5763 5850 6482 6812 6967 8290 8490 9168 9367 9377 10326 10628 10726 11657 11845 14473 15857 15941 17857 19969 20195 20412 20415 20595 20618 20770 21497 21886 21966 22509 25838 26233 26372 27035 27606 29045 29994 31258 32069 32443 32524 33153 33625 33799 34630 34642 36513 37362 37433 37634 37762 38802 40650 41538 42746 42772 43177 43403 43850 
48 62
144 170 537 742 1467 2697 4512 4549 5312 5663 5891 6944 7390 7763 8008 8884 9219 9598 9930 12029 13602 15605 16034 16322 16330 17173 17440 18214 18253 18278 19101 19215 19808 19904 21206 23120 23397 24396 25237 25729 26471 26903 28135 28447 28577 29534 29648 29682 30848 31147 31388 31503 31769 32006 32214 32442 33435 35269 35411 35782 35864 36984 
18 60
208 325 750 802 961 1569 1952 2368 2761 4105 4571 4685 5097 6225 6278 7070 7838 8994 9440 9767 10501 11549 12603 13347 13425 14881 15730 16593 17900 18822 20111 20606 20837 22677 23275 23326 23629 24967 24982 25110 25195 26761 27836 28173 29589 29705 30072 33932 34561 35479 36110 36429 36517 36937 37296 38019 38942 39586 40251 40945 
12 58
40 67 413 475 2445 2922 4013 4879 5261 6188 6922 7073 7800 7994 8717 10907 12157 12159 12540 13398 14266 14902 15142 15932 16351 16531 17813 20429 20905 22082 22878 24935 25025 26786 28824 29480 30338 30636 30708 31582 31873 31926 33019 33809 34103 34703 34830 34874 35032 35414 35426 36149 36280 36626 36685 36763 38293 39979 
25 56
240 520 792 1247 1505 1830 2349 2366 2375 4888 6828 7739 8842 9580 9803 10303 10643 11040 11356 12548 12706 13934 14055 14298 14492 15275 16239 16739 16744 17203 17726 18061 21455 22969 23581 23723 25974 26260 27521 28377 29388 29678 29768 30366 32691 33444 33562 33575 34251 34904 35646 36059 36473 36475 36746 38509 
62 54
355 1219 1604 3187 4314 4409 4987 6302 8715 9698 11466 11991 12440 13047 13576 13817 13993 14965 16842 17638 17819 19130 19949 22139 22284 23102 23520 24418 24506 24644 26329 26365 26557 26863 27149 29042 29804 30015 30728 31410 33009 34021 34051 35539 35614 35627 36116 36425 37166 39103 39603 40384 40987 43227 
21 52
118 376 1465 1932 2961 4027 4566 4747 4794 5335 6972 8298 8417 9254 9515 9793 12798 13096 13482 15617 16637 17156 17897 18131 19865 22201 23047 23176 24585 24775 25363 26275 26388 26780 27399 27990 28174 28497 28772 29904 35369 37304 37847 37967 38198 39968 44783 47156 47433 47521 48247 49063 
55 50
521 666 1381 3552 3842 4696 4940 5170 5351 5875 7639 8132 8672 10052 10231 11012 11095 11582 12236 12474 14749 15061 15449 18086 18452 19884 20480 21091 21999 22667 23151 24363 24376 26152 26300 28414 28781 29898 31774 32027 33207 33536 34809 35108 36248 36507 36793 37307 38560 39005 
17 48
1189 1931 2049 6036 6656 6935 8900 9873 12315 12529 13899 15110 15341 15557 16007 16332 16522 17644 17929 17975 19568 20844 21878 22371 23813 24630 25766 28518 28807 30677 34711 34847 35694 37527 38904 40719 41379 42683 42859 45203 45301 45556 45720 45860 46262 47123 48592 48616 
52 46
298 697 2925 6168 6202 6295 6442 8120 11003 11965 13152 15614 16971 17809 17878 18075 22267 22374 22500 22845 22858 23424 23705 25064 25169 27837 28327 28435 30593 34894 35634 36478 40671 41304 43722 43991 45614 46321 46876 47459 47820 48069 52315 52321 52622 54882 
65 44
855 891 5083 5262 7769 7999 8039 8772 8775 9136 10428 10582 10697 12396 12522 12575 12780 14909 15747 16272 16612 17316 17682 18096 18749 20090 20798 21475 22518 22621 26324 27901 29223 29291 30469 32717 34106 35463 36920 36940 39667 40187 41171 41224 
44 42
167 657 1350 1637 2461 3408 3456 3644 3875 4020 4337 4712 7281 9221 9513 10138 10676 11690 11798 12425 12641 13214 14494 19992 23229 24915 25271 26647 28149 29929 30041 31202 31766 33168 36813 37615 40456 41608 42526 43174 43254 44568 
4 40
88 3772 4396 4426 5264 6724 8347 9393 13089 13262 13339 16733 17420 20100 20303 21230 21282 22276 24195 24726 25433 26896 27773 28328 31292 31889 34206 34212 34588 34835 37575 43434 43808 45790 48103 48724 49593 53420 55440 57065 
53 38
275 1144 1366 3793 4592 8670 8940 11061 15378 19291 19823 19841 21184 21327 21955 22437 24016 27547 27613 30568 30925 31091 32331 32417 32447 33232 34387 34931 38291 39797 41687 41996 44618 48892 52162 53138 55645 56770 
10 36
3984 4305 6489 6929 8978 10838 11363 11378 11534 11952 14171 14650 19576 20821 22692 25472 26477 28499 28837 29228 33078 35030 35808 37156 37765 38765 40889 42302 42410 47656 51064 54384 54547 54577 55322 56077 
35 34
1607 2609 5112 6348 8718 12338 15347 15576 16112 18073 20417 22879 25082 27186 28394 30329 30745 31039 32309 33954 35315 38083 38264 42095 42657 44527 45390 46114 47603 47667 51314 61395 62490 62617 
37 32
280 2710 4950 5051 5823 6751 7786 10312 13910 16018 23602 23653 25675 26154 27720 31660 33406 33844 37946 40741 45330 46257 46508 46776 47329 49698 51110 53034 57116 59140 60524 62283 
14 30
2611 2757 3722 5637 13731 14269 18263 18618 19489 20916 21406 25128 28107 28353 30387 30780 31502 34269 43060 43123 45154 45519 46214 51760 60588 62266 63100 64428 66391 69023 
22 28
35 7857 15735 16313 19464 20649 20747 20984 24492 26900 28756 28970 29712 30980 34745 41639 43102 44474 46266 57385 58609 59604 60027 60600 63848 65191 65455 67642 
56 26
1867 3331 4317 5074 9960 13180 16209 17396 19978 20038 25508 26977 32003 43404 47410 47694 51263 53219 53355 54412 55359 58627 59349 59561 62804 63374 
63 24
3173 5827 7102 10378 10858 12001 20897 22766 24631 25476 26971 28352 33895 35198 39082 42304 47207 48367 59257 62024 63841 65523 65787 65859 
51 22
727 2268 5251 6697 9578 10534 15785 21046 21063 21767 23593 23845 24571 27835 34104 37889 42647 44096 50510 50660 53952 55688 
9 20
3576 4416 5020 5896 10401 11550 13349 14326 15639 22513 23037 35477 36070 41408 46310 47032 48955 50082 50655 51654 
28 18
1441 5951 10088 16609 17128 20253 22669 27579 31356 46850 48549 48927 61639 64611 71356 72618 77657 79288 
6 16
5839 7007 11573 18335 23136 27378 36194 46174 47342 48012 49602 52480 54120 54483 58442 62109 
45 14
1676 2192 18137 20011 20806 21333 21639 24500 29206 36108 44335 53059 53504 57046 
50 12
4581 5430 16090 19854 29323 35421 41157 50048 62170 62768 63359 67373 
36 10
11712 12987 26011 30749 35242 35993 37534 42627 43145 46183 
1 8
5254 8034 17913 38041 44007 45511 55210 58530 
42 6
1509 11650 15889 17487 20213 26218 
29 4
11934 26186 26948 28889 
31 2
12727 23924 
