10
745 19
10508 82544 34469 2129 5091 1412 1179 690 3176 2990 3264 1446 3626 8362 21616 1447 1443 8388 7534 
15 17
18903 25639 6436 81238 10 30738 5337 20862 27640 3698 2992 3791 3745 23147 24452 21051 39469 
804 15
23384 70136 20066 16185 13448 12604 11630 11421 11335 11798 15857 16650 13260 16088 11276 
445 13
85149 42845 44928 44009 44116 37704 34822 36168 34746 34703 37755 34223 34092 
348 11
49780 10575 26627 25338 33154 32738 22542 31338 24036 33147 25257 
244 9
71506 21160 44890 24278 27619 37930 34799 34217 24585 
728 7
50770 28651 43891 33190 9972 40495 12731 
560 5
61505 8520 42987 5161 34320 
205 3
35500 78988 55461 
140 1
69212 
