13
1469 26
57731 37389 37834 33373 35419 34987 34317 47991 44866 37714 35679 44639 39343 33633 35075 44569 44450 39963 34041 39209 33185 35936 35855 35453 44640 37636 
412 24
44994 87860 4962 32708 30176 33164 35918 34584 20362 34266 33134 17601 9184 33321 31270 34070 31239 4902 12827 33293 34402 4136 33012 33845 
944 22
39360 59097 1910 2123 30832 34493 18053 1689 22243 30518 18103 11902 22560 6296 26118 23573 18094 18078 28557 1692 30276 20834 
1849 20
15255 26186 46250 34250 31463 919 31823 42183 67266 44937 31748 8641 7 30784 24402 446 10218 11518 8066 30795 
385 18
88567 39072 37346 38327 39339 44253 44161 44002 44076 36287 44017 44023 44000 44109 36696 38190 44127 36577 
1315 16
22755 86194 33377 27055 28305 9002 27941 27924 42710 16474 5060 17299 46618 2632 1986 44822 
1175 14
60776 13301 33675 21500 16790 13131 20723 13069 20223 13087 12243 19935 13384 20027 
1685 12
8087 94882 11708 10073 8399 30978 42830 8527 8334 25923 41222 8954 
1121 10
31020 25506 25924 36460 25758 28614 34249 29880 34101 25484 
666 8
65312 35137 8472 1475 23432 16872 17735 15168 
1451 6
14097 2925 5547 1749 513 2257 
1877 4
93774 23124 31471 44092 
1874 2
92705 29230 
