31
20 78
2 3 4 6 8 17 18 28 30 33 36 41 42 43 44 45 47 48 50 56 60 61 65 67 68 70 73 74 75 78 79 85 87 98 99 101 103 106 120 122 129 130 133 136 142 146 147 150 159 162 169 171 174 175 176 177 180 184 186 189 192 199 200 203 211 216 218 220 222 228 229 230 235 236 238 240 244 245 
2 76
0 1 7 9 12 14 15 21 22 34 46 52 58 62 77 81 82 91 92 95 105 107 110 111 112 114 115 116 121 124 126 127 137 145 160 164 168 170 181 182 183 185 187 194 195 196 197 201 208 209 225 231 233 237 248 249 250 251 253 254 260 270 274 275 279 282 283 290 292 309 316 318 333 334 340 343 
38 74
5 19 27 35 51 54 69 71 80 83 86 97 100 102 117 118 123 128 132 134 143 144 149 152 155 157 158 167 188 190 198 206 212 213 214 215 242 252 256 257 259 265 267 272 273 287 289 295 307 308 322 331 336 338 339 346 348 361 374 375 376 377 378 385 392 397 400 412 413 414 415 428 429 435 
8 72
23 31 37 40 72 90 96 104 109 113 151 153 163 204 227 234 241 243 255 258 269 300 311 312 321 357 358 363 365 367 393 406 410 423 424 441 445 448 459 464 476 477 486 488 497 502 503 515 522 532 538 572 577 598 600 613 618 641 649 653 659 673 677 679 688 694 710 717 727 730 740 763 
5 70
38 76 93 94 108 135 166 191 193 217 221 326 327 329 335 345 368 372 395 401 403 405 419 427 433 442 457 487 493 507 524 536 537 558 567 599 621 626 654 661 702 731 738 756 770 778 780 795 799 825 830 833 835 842 868 873 879 885 907 912 919 950 973 980 983 986 1002 1040 1045 1049 
37 68
13 16 32 49 59 63 89 138 139 141 172 178 179 202 205 239 264 314 383 404 426 439 470 474 482 496 517 518 528 551 563 611 628 635 651 676 690 693 704 709 721 729 743 760 771 777 783 804 849 866 869 917 979 1000 1035 1044 1072 1082 1093 1109 1222 1255 1272 1319 1331 1346 1376 1383 
29 66
25 39 84 296 323 328 351 381 432 492 514 531 539 593 610 614 652 669 680 689 724 784 787 806 817 852 872 900 906 909 938 941 959 978 1014 1019 1051 1175 1180 1209 1239 1246 1270 1355 1397 1420 1426 1446 1460 1465 1491 1524 1539 1544 1549 1562 1563 1577 1606 1647 1654 1667 1678 1680 1697 1708 
3 64
10 20 24 26 29 88 210 226 232 303 310 325 330 388 417 422 494 525 527 530 570 584 608 612 632 633 666 726 757 762 877 883 892 916 935 942 965 971 1053 1073 1116 1145 1283 1291 1312 1389 1405 1454 1504 1512 1540 1594 1746 1845 1881 1907 1916 1927 1933 1971 2028 2039 2071 2180 
0 62
64 125 140 165 219 299 458 463 468 506 553 629 640 674 713 748 750 782 867 960 975 984 1029 1039 1041 1047 1127 1179 1205 1363 1364 1396 1475 1482 1485 1673 1683 1704 1723 1804 1808 1830 1858 1875 2040 2073 2080 2146 2158 2178 2191 2208 2212 2305 2361 2384 2432 2449 2468 2474 2484 2495 
13 60
57 131 207 280 460 499 521 601 631 645 723 745 816 853 995 1007 1055 1167 1185 1203 1293 1428 1489 1565 1611 1618 1710 1762 1812 1876 1928 1969 1993 2087 2092 2105 2124 2162 2262 2359 2366 2427 2570 2622 2654 2722 2768 2789 2892 2932 3020 3032 3067 3219 3224 3282 3318 3429 3584 3641 
9 58
148 154 354 483 505 742 773 820 1028 1088 1117 1399 1452 1499 1523 1556 1882 1902 1936 1947 1990 2051 2086 2120 2250 2521 2604 2633 2660 2682 2733 2791 2801 2908 3021 3041 3088 3122 3353 3609 3786 3796 3845 4041 4263 4365 4398 4434 4468 4523 4543 4622 4663 4693 4768 4807 4822 4903 
21 56
53 223 560 624 765 954 1113 1497 1799 1823 1828 1833 1847 2041 2112 2266 2289 2364 2516 2517 2685 2781 2943 2953 2984 3031 3265 3319 3341 3433 3533 3567 3647 3741 3801 4216 4226 4325 4448 4483 4532 4607 4664 4803 4814 4828 4892 5085 5125 5176 5202 5240 5319 5330 5419 5458 
30 54
55 156 173 224 317 421 720 722 1425 1517 1529 1591 1608 1719 1827 1873 1991 2211 2354 2419 2561 2713 2741 2769 3120 4247 4341 4382 4432 4681 4792 4793 5178 5286 5310 5332 5351 5437 5637 5650 5691 5727 5735 5769 5774 5879 6249 6655 6822 7112 7148 7175 7362 7391 
32 52
284 297 298 304 399 495 766 926 964 1151 1306 1359 1478 1493 1781 2029 2358 2401 2939 2948 3043 3146 3497 3523 3541 3688 4502 4505 4536 4789 4901 5441 5655 6060 6110 6148 6443 6793 6936 7164 7185 7323 7395 7469 7660 7836 7925 8037 8515 8664 8673 8713 
22 40
409 480 890 1442 1542 1561 1664 2114 2257 2765 2924 3037 3195 3444 3579 3733 3906 4169 4217 4873 5875 5928 6244 6304 6464 6529 6689 6784 6967 7038 7127 7131 7426 7511 7596 7597 7661 8216 8420 8653 
16 29
11 319 342 548 671 923 1586 1805 1852 2220 2977 3449 3948 4353 4569 4829 4837 5612 5783 6009 6704 6917 7101 7283 7303 7640 8026 8031 8621 
25 21
119 411 1569 2159 2620 2621 3388 3589 3832 4334 4424 5020 5278 5837 6681 6759 7168 8081 8117 8709 8959 
7 16
161 332 703 1321 1825 2509 3522 4190 4224 4231 5225 5786 6132 6588 6845 8693 
39 14
534 810 2423 2944 3456 4687 4816 4846 4971 5402 5472 5609 6923 7099 
24 11
996 1796 3284 4717 5074 5111 5595 6776 6871 7779 7805 
19 6
1527 1974 2856 5919 7695 7970 
35 6
246 1342 3434 3496 3851 6698 
15 6
2014 3131 3666 3949 6224 7924 
36 5
737 4690 5884 6171 6627 
34 5
66 523 6301 6411 7964 
26 2
1800 4517 
18 3
1864 3620 5165 
14 2
7858 8344 
23 1
4645 
17 1
8324 
1 1
6867 
